08-26 10:55:09.061   577   598 W system_server: ApkAssets: Deleting an ApkAssets object '<empty> and /data/app/~~mSC8mEa8x1IXKRfJ84zreA==/com.google.android.apps.docs-i-V493zMLWctA29D556Qpw==/base.apk' with 1 weak references
08-26 10:55:09.068   577   598 W system_server: ApkAssets: Deleting an ApkAssets object '<empty> and /data/app/~~mSC8mEa8x1IXKRfJ84zreA==/com.google.android.apps.docs-i-V493zMLWctA29D556Qpw==/split_config.en.apk' with 1 weak references
08-26 10:55:09.068   577   598 W system_server: ApkAssets: Deleting an ApkAssets object '<empty> and /data/app/~~mSC8mEa8x1IXKRfJ84zreA==/com.google.android.apps.docs-i-V493zMLWctA29D556Qpw==/split_config.x86_64.apk' with 1 weak references
08-26 10:55:09.068   577   598 W system_server: ApkAssets: Deleting an ApkAssets object '<empty> and /data/app/~~mSC8mEa8x1IXKRfJ84zreA==/com.google.android.apps.docs-i-V493zMLWctA29D556Qpw==/split_config.xxhdpi.apk' with 1 weak references
08-26 10:55:09.068   577   598 W system_server: ApkAssets: Deleting an ApkAssets object '<empty> and /data/app/~~gIlSqoJmZzmNeMFcOlJ_bA==/com.google.android.calendar-7MS3_UUho3WLBQzC7dwIGw==/base.apk' with 1 weak references
08-26 10:55:09.080   577   598 W system_server: ApkAssets: Deleting an ApkAssets object '<empty> and /data/app/~~gIlSqoJmZzmNeMFcOlJ_bA==/com.google.android.calendar-7MS3_UUho3WLBQzC7dwIGw==/split_config.en.apk' with 1 weak references
08-26 10:55:09.092   577   598 W system_server: ApkAssets: Deleting an ApkAssets object '<empty> and /data/app/~~gIlSqoJmZzmNeMFcOlJ_bA==/com.google.android.calendar-7MS3_UUho3WLBQzC7dwIGw==/split_config.x86_64.apk' with 1 weak references
08-26 10:55:09.094   577   598 W system_server: ApkAssets: Deleting an ApkAssets object '<empty> and /data/app/~~gIlSqoJmZzmNeMFcOlJ_bA==/com.google.android.calendar-7MS3_UUho3WLBQzC7dwIGw==/split_config.xxhdpi.apk' with 1 weak references
08-26 10:55:09.100   577   598 W system_server: ApkAssets: Deleting an ApkAssets object '<empty> and /data/app/~~E5jofKLMbJqrFgkQ3ImRLQ==/com.google.android.googlequicksearchbox-oF3USt585jD961Kn4Si9OA==/base.apk' with 1 weak references
08-26 10:55:09.105   577   598 W system_server: ApkAssets: Deleting an ApkAssets object '<empty> and /data/app/~~E5jofKLMbJqrFgkQ3ImRLQ==/com.google.android.googlequicksearchbox-oF3USt585jD961Kn4Si9OA==/split_config.xxhdpi.apk' with 1 weak references
08-26 10:55:09.105   577   598 W system_server: ApkAssets: Deleting an ApkAssets object '<empty> and /data/app/~~E5jofKLMbJqrFgkQ3ImRLQ==/com.google.android.googlequicksearchbox-oF3USt585jD961Kn4Si9OA==/split_lens_ondevice_engine_play_ml_module.apk' with 1 weak references
08-26 10:55:09.223   577   600 D ActivityManager: sync unfroze 11683 com.google.android.gms for 4
08-26 10:55:09.255 11683 11683 D BoundBrokerSvc: onBind: Intent { act=com.google.android.gms.inappreach.service.START dat=chimera-action:/... cmp=com.google.android.gms/.chimera.GmsApiService }
08-26 10:55:09.256 11683 11683 D BoundBrokerSvc: Loading bound service for intent: Intent { act=com.google.android.gms.inappreach.service.START dat=chimera-action:/... cmp=com.google.android.gms/.chimera.GmsApiService }
08-26 10:55:09.263 15488 15550 W AndroidLoggerBackend: AndroidLoggerBackend configured with enableAndroidLogger:false; no logs will be emitted.
08-26 10:55:09.306 11683 11683 D BoundBrokerSvc: onUnbind: Intent { act=com.google.android.gms.common.BIND_SHARED_PREFS pkg=com.google.android.gms }
08-26 10:55:09.315 11683 11683 D BoundBrokerSvc: onBind: Intent { act=com.google.android.gms.auth.blockstore.service.START dat=chimera-action:/... cmp=com.google.android.gms/.chimera.GmsApiService }
08-26 10:55:09.320 11683 11683 D BoundBrokerSvc: Loading bound service for intent: Intent { act=com.google.android.gms.auth.blockstore.service.START dat=chimera-action:/... cmp=com.google.android.gms/.chimera.GmsApiService }
08-26 10:55:09.335 15488 15562 I c.aopb  : Obtained writable database SQLiteDatabase/126251319 instance with path /data/user/0/com.google.android.calendar/databases/cal_v2a
08-26 10:55:09.369 15488 15560 I c.aonh  : The schema version is 23, the database version is 23, and there are 0 migrations
08-26 10:55:09.436  1061  1071 W WearableService: onGetService: Wear is not available on this device.
08-26 10:55:09.446   577   577 W JobScheduler: Job didn't exist in JobStore: 86d95e6 {androidx.work.systemjobscheduler} #u0a150/97 @androidx.work.systemjobscheduler@com.google.android.calendar/androidx.work.impl.background.systemjob.SystemJobService
08-26 10:55:09.534 11683 12232 I Backup  : [GmsBackupAccountManager] Backup account not found in gmscore.
08-26 10:55:09.552   577  1394 W AppSearchIcing: icing-search-engine.cc:321: Error: 5, Message: Failed to delete Document. namespace: VS#Pkg$VS#AndroidVDb/androidVOverlay, uri: com.google.android.calendar$Task_com.google.android.calendar/builtin:Account;Failed to find DocumentId by key: VS#Pkg$VS#AndroidVDb/androidVOverlay, com.google.android.calendar$Task_com.google.android.calendar/builtin:Account;Key not found VS#Pkg$VS#AndroidVDb/androidVOverlay in DynamicTrieKeyMapper /data/system_ce/0/appsearch/icing/document_dir/namespace_mapper/key_mapper_dir/key_mapper.
08-26 10:55:09.552   577  1394 W AppSearchIcing: icing-search-engine.cc:321: Error: 5, Message: Failed to delete Document. namespace: VS#Pkg$VS#AndroidVDb/androidVOverlay, uri: com.google.android.calendar$Task_com.google.android.calendar/Task;Failed to find DocumentId by key: VS#Pkg$VS#AndroidVDb/androidVOverlay, com.google.android.calendar$Task_com.google.android.calendar/Task;Key not found VS#Pkg$VS#AndroidVDb/androidVOverlay in DynamicTrieKeyMapper /data/system_ce/0/appsearch/icing/document_dir/namespace_mapper/key_mapper_dir/key_mapper.
08-26 10:55:09.563   577  1669 D ConnectivityService: Returning UNBLOCKED NetworkInfo to uid=10150
08-26 10:55:09.574   577  1669 D ConnectivityService: requestNetwork for uid/pid:10150/15488 activeRequest: null callbackRequest: 392 [NetworkRequest [ REQUEST id=393, [ Capabilities: INTERNET&NOT_RESTRICTED&TRUSTED&NOT_VCN_MANAGED&NOT_BANDWIDTH_CONSTRAINED Uid: 10150 RequestorUid: 10150 RequestorPkg: com.google.android.calendar UnderlyingNetworks: Null] ]] callback flags: 0 order: 2147483647 isUidTracked: false
08-26 10:55:09.602   577   749 D ConnectivityService: NetReassign [393 : null → 100] [c 0] [a 4] [i 2]
08-26 10:55:09.615  1061 15584 W ChimeraUtils: Module com.google.android.gms.backup_base missing resource null(0)
08-26 10:55:09.632   577   742 D WifiNetworkFactory: got request NetworkRequest [ REQUEST id=393, [ Capabilities: INTERNET&NOT_RESTRICTED&TRUSTED&NOT_VCN_MANAGED&NOT_BANDWIDTH_CONSTRAINED Uid: 10150 RequestorUid: 10150 RequestorPkg: com.google.android.calendar UnderlyingNetworks: Null] ]
08-26 10:55:09.636   577   742 D UntrustedWifiNetworkFactory: got request NetworkRequest [ REQUEST id=393, [ Capabilities: INTERNET&NOT_RESTRICTED&TRUSTED&NOT_VCN_MANAGED&NOT_BANDWIDTH_CONSTRAINED Uid: 10150 RequestorUid: 10150 RequestorPkg: com.google.android.calendar UnderlyingNetworks: Null] ]
08-26 10:55:09.636   577   742 D OemPaidWifiNetworkFactory: got request NetworkRequest [ REQUEST id=393, [ Capabilities: INTERNET&NOT_RESTRICTED&TRUSTED&NOT_VCN_MANAGED&NOT_BANDWIDTH_CONSTRAINED Uid: 10150 RequestorUid: 10150 RequestorPkg: com.google.android.calendar UnderlyingNetworks: Null] ]
08-26 10:55:09.636   577   742 D MultiInternetWifiNetworkFactory: got request NetworkRequest [ REQUEST id=393, [ Capabilities: INTERNET&NOT_RESTRICTED&TRUSTED&NOT_VCN_MANAGED&NOT_BANDWIDTH_CONSTRAINED Uid: 10150 RequestorUid: 10150 RequestorPkg: com.google.android.calendar UnderlyingNetworks: Null] ]
08-26 10:55:09.668 15488 15544 W DynamiteModule: Local module descriptor class for com.google.android.gms.providerinstaller.dynamite not found.
08-26 10:55:09.694  1061  1411 W ProviderHelper: Unknown dynamite feature providerinstaller.dynamite
08-26 10:55:09.704 15488 15544 W ProviderInstaller: Failed to load providerinstaller module: No acceptable module com.google.android.gms.providerinstaller.dynamite found. Local version is 0 and remote version is 0.
08-26 10:55:09.717 15488 15544 D ApplicationLoaders: Returning zygote-cached class loader: /system/framework/org.apache.http.legacy.jar
08-26 10:55:09.736 15488 15544 D nativeloader: Configuring clns-8 for other apk /system/framework/com.android.media.remotedisplay.jar. target_sdk_version=36, uses_libraries=ALL, library_path=/data/app/~~JLLeSoxFH9gn-ejMFmU1hQ==/com.google.android.gms-6a32bMNWqYYlAuqwqAAiQw==/lib/x86_64:/data/app/~~JLLeSoxFH9gn-ejMFmU1hQ==/com.google.android.gms-6a32bMNWqYYlAuqwqAAiQw==/base.apk!/lib/x86_64, permitted_path=/data:/mnt/expand:/data/user/0/com.google.android.gms
08-26 10:55:09.744 15488 15544 D nativeloader: Configuring clns-9 for other apk /system/framework/com.android.location.provider.jar. target_sdk_version=36, uses_libraries=ALL, library_path=/data/app/~~JLLeSoxFH9gn-ejMFmU1hQ==/com.google.android.gms-6a32bMNWqYYlAuqwqAAiQw==/lib/x86_64:/data/app/~~JLLeSoxFH9gn-ejMFmU1hQ==/com.google.android.gms-6a32bMNWqYYlAuqwqAAiQw==/base.apk!/lib/x86_64, permitted_path=/data:/mnt/expand:/data/user/0/com.google.android.gms
08-26 10:55:09.744 15488 15544 D ApplicationLoaders: Returning zygote-cached class loader: /system_ext/framework/androidx.window.extensions.jar
08-26 10:55:09.746 15488 15544 D ApplicationLoaders: Returning zygote-cached class loader: /system_ext/framework/androidx.window.sidecar.jar
08-26 10:55:09.763 11683 14269 I Blockstore: (REDACTED) [BlockstoreImpl] Snapshot enabled. updateAccessPerSnapshotIfEligible for package: %s
08-26 10:55:09.807 15488 15544 D nativeloader: Configuring clns-10 for other apk /data/app/~~JLLeSoxFH9gn-ejMFmU1hQ==/com.google.android.gms-6a32bMNWqYYlAuqwqAAiQw==/base.apk. target_sdk_version=36, uses_libraries=, library_path=/data/app/~~JLLeSoxFH9gn-ejMFmU1hQ==/com.google.android.gms-6a32bMNWqYYlAuqwqAAiQw==/lib/x86_64:/data/app/~~JLLeSoxFH9gn-ejMFmU1hQ==/com.google.android.gms-6a32bMNWqYYlAuqwqAAiQw==/base.apk!/lib/x86_64, permitted_path=/data:/mnt/expand:/data/user/0/com.google.android.gms
08-26 10:55:09.821 15488 15590 I fmkl    : Unable to retrieve flag snapshot for com.google.android.gms.providerinstaller#com.google.android.calendar, using defaults.
08-26 10:55:09.830 15488 15589 E GoogleApiManager: Failed to get service from broker. 
08-26 10:55:09.830 15488 15589 E GoogleApiManager: java.lang.SecurityException: Unknown calling package name 'com.google.android.gms'.
08-26 10:55:09.830 15488 15589 E GoogleApiManager: 	at android.os.Parcel.createExceptionOrNull(Parcel.java:3242)
08-26 10:55:09.830 15488 15589 E GoogleApiManager: 	at android.os.Parcel.createException(Parcel.java:3226)
08-26 10:55:09.830 15488 15589 E GoogleApiManager: 	at android.os.Parcel.readException(Parcel.java:3209)
08-26 10:55:09.830 15488 15589 E GoogleApiManager: 	at android.os.Parcel.readException(Parcel.java:3151)
08-26 10:55:09.830 15488 15589 E GoogleApiManager: 	at azkq.a(:com.google.android.gms@253031038@25.30.31 (260800-786424874):36)
08-26 10:55:09.830 15488 15589 E GoogleApiManager: 	at azix.z(:com.google.android.gms@253031038@25.30.31 (260800-786424874):143)
08-26 10:55:09.830 15488 15589 E GoogleApiManager: 	at aypv.run(:com.google.android.gms@253031038@25.30.31 (260800-786424874):42)
08-26 10:55:09.830 15488 15589 E GoogleApiManager: 	at android.os.Handler.handleCallback(Handler.java:959)
08-26 10:55:09.830 15488 15589 E GoogleApiManager: 	at android.os.Handler.dispatchMessage(Handler.java:100)
08-26 10:55:09.830 15488 15589 E GoogleApiManager: 	at cjsp.mH(:com.google.android.gms@253031038@25.30.31 (260800-786424874):1)
08-26 10:55:09.830 15488 15589 E GoogleApiManager: 	at cjsp.dispatchMessage(:com.google.android.gms@253031038@25.30.31 (260800-786424874):5)
08-26 10:55:09.830 15488 15589 E GoogleApiManager: 	at android.os.Looper.loopOnce(Looper.java:232)
08-26 10:55:09.830 15488 15589 E GoogleApiManager: 	at android.os.Looper.loop(Looper.java:317)
08-26 10:55:09.830 15488 15589 E GoogleApiManager: 	at android.os.HandlerThread.run(HandlerThread.java:85)
08-26 10:55:09.831 15488 15588 W FlagRegistrar: Failed to register com.google.android.gms.providerinstaller#com.google.android.calendar
08-26 10:55:09.831 15488 15588 W FlagRegistrar: fmkx: 17: 17: API: Phenotype.API is not available on this device. Connection failed with: ConnectionResult{statusCode=DEVELOPER_ERROR, resolution=null, message=null}
08-26 10:55:09.831 15488 15588 W FlagRegistrar: 	at fmkz.a(:com.google.android.gms@253031038@25.30.31 (260800-786424874):13)
08-26 10:55:09.831 15488 15588 W FlagRegistrar: 	at gioa.d(:com.google.android.gms@253031038@25.30.31 (260800-786424874):3)
08-26 10:55:09.831 15488 15588 W FlagRegistrar: 	at gioc.run(:com.google.android.gms@253031038@25.30.31 (260800-786424874):130)
08-26 10:55:09.831 15488 15588 W FlagRegistrar: 	at giqj.execute(:com.google.android.gms@253031038@25.30.31 (260800-786424874):1)
08-26 10:55:09.831 15488 15588 W FlagRegistrar: 	at giok.f(:com.google.android.gms@253031038@25.30.31 (260800-786424874):1)
08-26 10:55:09.831 15488 15588 W FlagRegistrar: 	at giok.m(:com.google.android.gms@253031038@25.30.31 (260800-786424874):99)
08-26 10:55:09.831 15488 15588 W FlagRegistrar: 	at giok.r(:com.google.android.gms@253031038@25.30.31 (260800-786424874):17)
08-26 10:55:09.831 15488 15588 W FlagRegistrar: 	at fetl.hM(:com.google.android.gms@253031038@25.30.31 (260800-786424874):35)
08-26 10:55:09.831 15488 15588 W FlagRegistrar: 	at esxu.run(:com.google.android.gms@253031038@25.30.31 (260800-786424874):12)
08-26 10:55:09.831 15488 15588 W FlagRegistrar: 	at giqj.execute(:com.google.android.gms@253031038@25.30.31 (260800-786424874):1)
08-26 10:55:09.831 15488 15588 W FlagRegistrar: 	at esxv.b(:com.google.android.gms@253031038@25.30.31 (260800-786424874):18)
08-26 10:55:09.831 15488 15588 W FlagRegistrar: 	at esyk.b(:com.google.android.gms@253031038@25.30.31 (260800-786424874):36)
08-26 10:55:09.831 15488 15588 W FlagRegistrar: 	at esym.d(:com.google.android.gms@253031038@25.30.31 (260800-786424874):25)
08-26 10:55:09.831 15488 15588 W FlagRegistrar: 	at ayne.c(:com.google.android.gms@253031038@25.30.31 (260800-786424874):9)
08-26 10:55:09.831 15488 15588 W FlagRegistrar: 	at aypt.q(:com.google.android.gms@253031038@25.30.31 (260800-786424874):48)
08-26 10:55:09.831 15488 15588 W FlagRegistrar: 	at aypt.d(:com.google.android.gms@253031038@25.30.31 (260800-786424874):10)
08-26 10:55:09.831 15488 15588 W FlagRegistrar: 	at aypt.g(:com.google.android.gms@253031038@25.30.31 (260800-786424874):185)
08-26 10:55:09.831 15488 15588 W FlagRegistrar: 	at aypt.onConnectionFailed(:com.google.android.gms@253031038@25.30.31 (260800-786424874):2)
08-26 10:55:09.831 15488 15588 W FlagRegistrar: 	at aypv.run(:com.google.android.gms@253031038@25.30.31 (260800-786424874):70)
08-26 10:55:09.831 15488 15588 W FlagRegistrar: 	at android.os.Handler.handleCallback(Handler.java:959)
08-26 10:55:09.831 15488 15588 W FlagRegistrar: 	at android.os.Handler.dispatchMessage(Handler.java:100)
08-26 10:55:09.831 15488 15588 W FlagRegistrar: 	at cjsp.mH(:com.google.android.gms@253031038@25.30.31 (260800-786424874):1)
08-26 10:55:09.831 15488 15588 W FlagRegistrar: 	at cjsp.dispatchMessage(:com.google.android.gms@253031038@25.30.31 (260800-786424874):5)
08-26 10:55:09.831 15488 15588 W FlagRegistrar: 	at android.os.Looper.loopOnce(Looper.java:232)
08-26 10:55:09.831 15488 15588 W FlagRegistrar: 	at android.os.Looper.loop(Looper.java:317)
08-26 10:55:09.831 15488 15588 W FlagRegistrar: 	at android.os.HandlerThread.run(HandlerThread.java:85)
08-26 10:55:09.831 15488 15588 W FlagRegistrar: Caused by: ayls: 17: API: Phenotype.API is not available on this device. Connection failed with: ConnectionResult{statusCode=DEVELOPER_ERROR, resolution=null, message=null}
08-26 10:55:09.831 15488 15588 W FlagRegistrar: 	at azij.a(:com.google.android.gms@253031038@25.30.31 (260800-786424874):15)
08-26 10:55:09.831 15488 15588 W FlagRegistrar: 	at aynh.a(:com.google.android.gms@253031038@25.30.31 (260800-786424874):1)
08-26 10:55:09.831 15488 15588 W FlagRegistrar: 	at ayne.c(:com.google.android.gms@253031038@25.30.31 (260800-786424874):5)
08-26 10:55:09.831 15488 15588 W FlagRegistrar: 	... 12 more
08-26 10:55:09.831 15488 15544 D nativeloader: Load /data/app/~~JLLeSoxFH9gn-ejMFmU1hQ==/com.google.android.gms-6a32bMNWqYYlAuqwqAAiQw==/base.apk!/lib/x86_64/libconscrypt_gmscore_jni.so using ns clns-10 from class loader (caller=/data/app/~~JLLeSoxFH9gn-ejMFmU1hQ==/com.google.android.gms-6a32bMNWqYYlAuqwqAAiQw==/base.apk): ok
08-26 10:55:09.831 15488 15544 V NativeCrypto: Registering com/google/android/gms/org/conscrypt/NativeCrypto's 316 native methods...
08-26 10:55:09.885 15488 15544 I ProviderInstaller: Installed default security provider GmsCore_OpenSSL
08-26 10:55:10.031 15488 15544 D TrafficStats: tagSocket(130) with statsTag=0xffffffff, statsUid=-1
08-26 10:55:10.129   918  1087 I bluetooth: system/gd/hci/le_address_manager.cc:659 OnCommandComplete: Received command complete with op_code LE_SET_RANDOM_ADDRESS(0x2005)
08-26 10:55:10.130   918  1087 I bluetooth: system/gd/hci/le_address_manager.cc:680 OnCommandComplete: update random address : xx:xx:xx:xx:43:34
08-26 10:55:10.130   918  1087 I bluetooth: system/gd/hci/le_address_manager.cc:347 resume_registered_clients: Resuming registered clients
08-26 10:55:10.306   577  1635 I ActivityManager: Killing 14834:com.google.android.webview:webview_service/u0a162 (adj 955): empty #17
08-26 10:55:10.329   371   371 I Zygote  : Process 14834 exited due to signal 9 (Killed)
08-26 10:55:10.331   577   612 D DisplayManagerService: Drop pending events for gone uid 10162
08-26 10:55:10.343   577   625 I libprocessgroup: Removed cgroup /sys/fs/cgroup/uid_10162/pid_14834
08-26 10:55:10.651  1061  1061 D BoundBrokerSvc: onRebind: Intent { act=com.google.android.gms.libs.gmscorelogger.service.START dat=chimera-action:/... cmp=com.google.android.gms/.chimera.PersistentDirectBootAwareApiService }
08-26 10:55:11.242  2196  2417 D WM-NetworkStateTracker: Network capabilities changed: [ Transports: WIFI Capabilities: NOT_METERED&INTERNET&NOT_RESTRICTED&TRUSTED&NOT_VPN&VALIDATED&NOT_ROAMING&FOREGROUND&NOT_CONGESTED&NOT_SUSPENDED&NOT_VCN_MANAGED&NOT_BANDWIDTH_CONSTRAINED LinkUpBandwidth>=12000Kbps LinkDnBandwidth>=30000Kbps TransportInfo: <SSID: <unknown ssid>, BSSID: 02:00:00:00:00:00, MAC: 02:00:00:00:00:00, IP: /10.0.2.16, Security type: 0, Supplicant state: COMPLETED, Wi-Fi standard: legacy, RSSI: -50, Link speed: 1Mbps, Tx Link speed: 1Mbps, Max Supported Tx Link speed: 11Mbps, Rx Link speed: 2Mbps, Max Supported Rx Link speed: 11Mbps, Frequency: 2447MHz, Net ID: -1, Metered hint: false, score: 60, isUsable: true, CarrierMerged: false, SubscriptionId: -1, IsPrimary: -1, Trusted: true, Restricted: false, Ephemeral: false, OEM paid: false, OEM private: false, OSU AP: false, FQDN: <none>, Provider friendly name: <none>, Requesting package name: <none><none>MLO Information: , Is TID-To-Link negotiation supported by the AP: false, AP MLD Address: <none>, AP MLO Link Id: <none>, AP MLO Affiliated links: <none>, Vendor Data: <none>> SignalStrength: -50 UnderlyingNetworks: Null]
08-26 10:55:11.242  1393  2177 I BugleRcsEngine: handleMessage processing message:[NOTIFY_UPTIME_IGNORE_STATE_CHANGED] with [non-null]:RcsEngineImpl reference [CONTEXT log_prefix="RcsEngineImpl[DUAL_REG]:[bba92579-0eec]>Handler" thread_id=64 ]
08-26 10:55:11.242  1393  1970 I BugleRcsEngine: Connected state: [1], networkType: [WIFI] [CONTEXT thread_id=58 ]
08-26 10:55:11.243   577   749 W IPCThreadState: Sending oneway calls to frozen process.
08-26 10:55:11.243   577   749 W IPCThreadState: Sending oneway calls to frozen process.
08-26 10:55:11.243   577   749 W IPCThreadState: Sending oneway calls to frozen process.
08-26 10:55:11.243   577   749 W IPCThreadState: Sending oneway calls to frozen process.
08-26 10:55:11.244   577   749 W IPCThreadState: Sending oneway calls to frozen process.
08-26 10:55:11.244   577   749 W IPCThreadState: Sending oneway calls to frozen process.
08-26 10:55:11.244   577   749 W IPCThreadState: Sending oneway calls to frozen process.
08-26 10:55:11.244   577   749 W IPCThreadState: Sending oneway calls to frozen process.
08-26 10:55:11.244   577   749 W IPCThreadState: Sending oneway calls to frozen process.
08-26 10:55:11.244   577   749 W IPCThreadState: Sending oneway calls to frozen process.
08-26 10:55:11.245   577   749 W IPCThreadState: Sending oneway calls to frozen process.
08-26 10:55:11.266  1393  2177 I BugleRcsEngine: No RCS Configuration was found in Bugle for simID: redacted-pii:sim_id[chars:20,last3:897] [CONTEXT log_prefix="ProvisioningEngineDataRetriever" thread_id=64 ]
08-26 10:55:11.287  1061  1411 I NullBinder: NullBinder for android.net.action.RECOMMEND_NETWORKS triggering remote TransactionTooLargeException due to Service without Chimera impl, calling uid: 1000, calling pid: 0
08-26 10:55:11.287  1061  1411 W .gms.persistent: Large reply transaction of 1056768 bytes, interface descriptor , code 1
08-26 10:55:13.545 15348 15360 I AidlLazyServiceRegistrar: Process has 0 (of 2 available) client(s) in use after notification android.system.virtualizationmaintenance has clients: 0
08-26 10:55:13.545 15348 15360 I AidlLazyServiceRegistrar: Trying to shut down the service. No clients in use for any service in process.
08-26 10:55:13.547 15235 15235 I AidlLazyServiceRegistrar: Process has 0 (of 1 available) client(s) in use after notification artd has clients: 0
08-26 10:55:13.547 15235 15235 I AidlLazyServiceRegistrar: Trying to shut down the service. No clients in use for any service in process.
08-26 10:55:13.574 15235 15235 I AidlLazyServiceRegistrar: Unregistered all clients and exiting
08-26 10:55:13.602 15348 15360 I AidlLazyServiceRegistrar: Unregistered all clients and exiting
08-26 10:55:15.331   577   749 D InetDiagMessage: Destroyed 0 sockets, proto=IPPROTO_TCP, family=AF_INET, states=14
08-26 10:55:15.334   577   749 D InetDiagMessage: Destroyed 1 sockets, proto=IPPROTO_TCP, family=AF_INET6, states=14
08-26 10:55:15.334 15488 15595 V NativeCrypto: Read error: ssl=0x7e315bc32598: I/O error during system call, Software caused connection abort
08-26 10:55:15.335 15488 15595 V NativeCrypto: Write error: ssl=0x7e315bc32598: I/O error during system call, Broken pipe
08-26 10:55:15.335 15488 15595 V NativeCrypto: Write error: ssl=0x7e315bc32598: I/O error during system call, Broken pipe
08-26 10:55:15.335 15488 15595 V NativeCrypto: SSL shutdown failed: ssl=0x7e315bc32598: I/O error during system call, Success
08-26 10:55:15.341   577   749 D InetDiagMessage: Destroyed live tcp sockets for uids={10150} in 11ms
08-26 10:55:15.345   577   749 D InetDiagMessage: Destroyed 0 sockets, proto=IPPROTO_TCP, family=AF_INET, states=14
08-26 10:55:15.346   577   749 D InetDiagMessage: Destroyed 0 sockets, proto=IPPROTO_TCP, family=AF_INET6, states=14
08-26 10:55:15.346   577   749 D InetDiagMessage: Destroyed live tcp sockets for uids={20150} in 3ms
08-26 10:55:18.515   577   686 D ActivityManager: freezing 15489 com.google.android.apps.safetyhub
08-26 10:55:18.541   577   749 D InetDiagMessage: Destroyed 0 sockets, proto=IPPROTO_TCP, family=AF_INET, states=14
08-26 10:55:18.543   577   749 D InetDiagMessage: Destroyed 0 sockets, proto=IPPROTO_TCP, family=AF_INET6, states=14
08-26 10:55:18.543   577   749 D InetDiagMessage: Destroyed live tcp sockets for uids={10139} in 8ms
08-26 10:55:19.829 15488 15589 E GoogleApiManager: Failed to get service from broker. 
08-26 10:55:19.829 15488 15589 E GoogleApiManager: java.lang.SecurityException: Unknown calling package name 'com.google.android.gms'.
08-26 10:55:19.829 15488 15589 E GoogleApiManager: 	at android.os.Parcel.createExceptionOrNull(Parcel.java:3242)
08-26 10:55:19.829 15488 15589 E GoogleApiManager: 	at android.os.Parcel.createException(Parcel.java:3226)
08-26 10:55:19.829 15488 15589 E GoogleApiManager: 	at android.os.Parcel.readException(Parcel.java:3209)
08-26 10:55:19.829 15488 15589 E GoogleApiManager: 	at android.os.Parcel.readException(Parcel.java:3151)
08-26 10:55:19.829 15488 15589 E GoogleApiManager: 	at azkq.a(:com.google.android.gms@253031038@25.30.31 (260800-786424874):36)
08-26 10:55:19.829 15488 15589 E GoogleApiManager: 	at azix.z(:com.google.android.gms@253031038@25.30.31 (260800-786424874):143)
08-26 10:55:19.829 15488 15589 E GoogleApiManager: 	at aypv.run(:com.google.android.gms@253031038@25.30.31 (260800-786424874):42)
08-26 10:55:19.829 15488 15589 E GoogleApiManager: 	at android.os.Handler.handleCallback(Handler.java:959)
08-26 10:55:19.829 15488 15589 E GoogleApiManager: 	at android.os.Handler.dispatchMessage(Handler.java:100)
08-26 10:55:19.829 15488 15589 E GoogleApiManager: 	at cjsp.mH(:com.google.android.gms@253031038@25.30.31 (260800-786424874):1)
08-26 10:55:19.829 15488 15589 E GoogleApiManager: 	at cjsp.dispatchMessage(:com.google.android.gms@253031038@25.30.31 (260800-786424874):5)
08-26 10:55:19.829 15488 15589 E GoogleApiManager: 	at android.os.Looper.loopOnce(Looper.java:232)
08-26 10:55:19.829 15488 15589 E GoogleApiManager: 	at android.os.Looper.loop(Looper.java:317)
08-26 10:55:19.829 15488 15589 E GoogleApiManager: 	at android.os.HandlerThread.run(HandlerThread.java:85)
08-26 10:55:20.311   577   686 D ActivityManager: freezing 15488 com.google.android.calendar
08-26 10:55:20.323   577   686 D ActivityManager: freezing 11683 com.google.android.gms
08-26 10:55:20.330   577   686 D ActivityManager: freezing 15133 com.android.providers.calendar
08-26 10:55:20.345   577   749 D InetDiagMessage: Destroyed 0 sockets, proto=IPPROTO_TCP, family=AF_INET, states=14
08-26 10:55:20.346   577   749 D InetDiagMessage: Destroyed 0 sockets, proto=IPPROTO_TCP, family=AF_INET6, states=14
08-26 10:55:20.351   577   749 D InetDiagMessage: Destroyed live tcp sockets for uids={10150} in 4ms
08-26 10:55:20.892 13925 13963 D EGL_emulation: app_time_stats: avg=10383.53ms min=764.10ms max=20002.97ms count=2
08-26 10:55:21.367   577   749 D InetDiagMessage: Destroyed 0 sockets, proto=IPPROTO_TCP, family=AF_INET, states=14
08-26 10:55:21.372   577   749 D InetDiagMessage: Destroyed 0 sockets, proto=IPPROTO_TCP, family=AF_INET6, states=14
08-26 10:55:21.372   577   749 D InetDiagMessage: Destroyed live tcp sockets for uids={10094} in 7ms
08-26 10:55:25.675  1061  1061 D BoundBrokerSvc: onUnbind: Intent { act=com.google.android.gms.libs.gmscorelogger.service.START dat=chimera-action:/... cmp=com.google.android.gms/.chimera.PersistentDirectBootAwareApiService }
08-26 10:55:26.307   577   749 W IPCThreadState: Sending oneway calls to frozen process.
08-26 10:55:26.307   577   749 W IPCThreadState: Sending oneway calls to frozen process.
08-26 10:55:26.307   577   749 W IPCThreadState: Sending oneway calls to frozen process.
08-26 10:55:26.307   577   749 W IPCThreadState: Sending oneway calls to frozen process.
08-26 10:55:26.308  2196  2417 D WM-NetworkStateTracker: Network capabilities changed: [ Transports: WIFI Capabilities: NOT_METERED&INTERNET&NOT_RESTRICTED&TRUSTED&NOT_VPN&VALIDATED&NOT_ROAMING&FOREGROUND&NOT_CONGESTED&NOT_SUSPENDED&NOT_VCN_MANAGED&NOT_BANDWIDTH_CONSTRAINED LinkUpBandwidth>=12000Kbps LinkDnBandwidth>=30000Kbps TransportInfo: <SSID: <unknown ssid>, BSSID: 02:00:00:00:00:00, MAC: 02:00:00:00:00:00, IP: /10.0.2.16, Security type: 0, Supplicant state: COMPLETED, Wi-Fi standard: legacy, RSSI: -50, Link speed: 2Mbps, Tx Link speed: 2Mbps, Max Supported Tx Link speed: 11Mbps, Rx Link speed: 2Mbps, Max Supported Rx Link speed: 11Mbps, Frequency: 2447MHz, Net ID: -1, Metered hint: false, score: 60, isUsable: true, CarrierMerged: false, SubscriptionId: -1, IsPrimary: -1, Trusted: true, Restricted: false, Ephemeral: false, OEM paid: false, OEM private: false, OSU AP: false, FQDN: <none>, Provider friendly name: <none>, Requesting package name: <none><none>MLO Information: , Is TID-To-Link negotiation supported by the AP: false, AP MLD Address: <none>, AP MLO Link Id: <none>, AP MLO Affiliated links: <none>, Vendor Data: <none>> SignalStrength: -50 UnderlyingNetworks: Null]
08-26 10:55:26.308  1393  2177 I BugleRcsEngine: handleMessage processing message:[NOTIFY_UPTIME_IGNORE_STATE_CHANGED] with [non-null]:RcsEngineImpl reference [CONTEXT log_prefix="RcsEngineImpl[DUAL_REG]:[bba92579-0eec]>Handler" thread_id=64 ]
08-26 10:55:26.310  1393  1970 I BugleRcsEngine: Connected state: [1], networkType: [WIFI] [CONTEXT thread_id=58 ]
08-26 10:55:26.315   577   749 W IPCThreadState: Sending oneway calls to frozen process.
08-26 10:55:26.316   577   749 W IPCThreadState: Sending oneway calls to frozen process.
08-26 10:55:26.316   577   749 W IPCThreadState: Sending oneway calls to frozen process.
08-26 10:55:26.316   577   749 W IPCThreadState: Sending oneway calls to frozen process.
08-26 10:55:26.316   577   749 W IPCThreadState: Sending oneway calls to frozen process.
08-26 10:55:26.316   577   749 W IPCThreadState: Sending oneway calls to frozen process.
08-26 10:55:26.316   577   749 W IPCThreadState: Sending oneway calls to frozen process.
08-26 10:55:26.316   577   749 W IPCThreadState: Sending oneway calls to frozen process.
08-26 10:55:26.318  1061  1410 I NullBinder: NullBinder for android.net.action.RECOMMEND_NETWORKS triggering remote TransactionTooLargeException due to Service without Chimera impl, calling uid: 1000, calling pid: 0
08-26 10:55:26.319  1061  1410 W .gms.persistent: Large reply transaction of 1056768 bytes, interface descriptor , code 1
08-26 10:55:26.350  1393  2177 I BugleRcsEngine: No RCS Configuration was found in Bugle for simID: redacted-pii:sim_id[chars:20,last3:897] [CONTEXT log_prefix="ProvisioningEngineDataRetriever" thread_id=64 ]
08-26 10:55:32.337  2196  2417 D WM-NetworkStateTracker: Network capabilities changed: [ Transports: WIFI Capabilities: NOT_METERED&INTERNET&NOT_RESTRICTED&TRUSTED&NOT_VPN&VALIDATED&NOT_ROAMING&FOREGROUND&NOT_CONGESTED&NOT_SUSPENDED&NOT_VCN_MANAGED&NOT_BANDWIDTH_CONSTRAINED LinkUpBandwidth>=12000Kbps LinkDnBandwidth>=30000Kbps TransportInfo: <SSID: <unknown ssid>, BSSID: 02:00:00:00:00:00, MAC: 02:00:00:00:00:00, IP: /10.0.2.16, Security type: 0, Supplicant state: COMPLETED, Wi-Fi standard: legacy, RSSI: -50, Link speed: 1Mbps, Tx Link speed: 1Mbps, Max Supported Tx Link speed: 11Mbps, Rx Link speed: 2Mbps, Max Supported Rx Link speed: 11Mbps, Frequency: 2447MHz, Net ID: -1, Metered hint: false, score: 60, isUsable: true, CarrierMerged: false, SubscriptionId: -1, IsPrimary: -1, Trusted: true, Restricted: false, Ephemeral: false, OEM paid: false, OEM private: false, OSU AP: false, FQDN: <none>, Provider friendly name: <none>, Requesting package name: <none><none>MLO Information: , Is TID-To-Link negotiation supported by the AP: false, AP MLD Address: <none>, AP MLO Link Id: <none>, AP MLO Affiliated links: <none>, Vendor Data: <none>> SignalStrength: -50 UnderlyingNetworks: Null]
08-26 10:55:32.339   577   749 W IPCThreadState: Sending oneway calls to frozen process.
08-26 10:55:32.339   577   749 W IPCThreadState: Sending oneway calls to frozen process.
08-26 10:55:32.339   577   749 W IPCThreadState: Sending oneway calls to frozen process.
08-26 10:55:32.339   577   749 W IPCThreadState: Sending oneway calls to frozen process.
08-26 10:55:32.344   577   749 W IPCThreadState: Sending oneway calls to frozen process.
08-26 10:55:32.345   577   749 W IPCThreadState: Sending oneway calls to frozen process.
08-26 10:55:32.345   577   749 W IPCThreadState: Sending oneway calls to frozen process.
08-26 10:55:32.345   577   749 W IPCThreadState: Sending oneway calls to frozen process.
08-26 10:55:32.345   577   749 W IPCThreadState: Sending oneway calls to frozen process.
08-26 10:55:32.345   577   749 W IPCThreadState: Sending oneway calls to frozen process.
08-26 10:55:32.345   577   749 W IPCThreadState: Sending oneway calls to frozen process.
08-26 10:55:32.346   577   749 W IPCThreadState: Sending oneway calls to frozen process.
08-26 10:55:32.346  1393  1970 I BugleRcsEngine: Connected state: [1], networkType: [WIFI] [CONTEXT thread_id=58 ]
08-26 10:55:32.351  1393  2177 I BugleRcsEngine: handleMessage processing message:[NOTIFY_UPTIME_IGNORE_STATE_CHANGED] with [non-null]:RcsEngineImpl reference [CONTEXT log_prefix="RcsEngineImpl[DUAL_REG]:[bba92579-0eec]>Handler" thread_id=64 ]
08-26 10:55:32.392  1061  1071 I NullBinder: NullBinder for android.net.action.RECOMMEND_NETWORKS triggering remote TransactionTooLargeException due to Service without Chimera impl, calling uid: 1000, calling pid: 0
08-26 10:55:32.392  1061  1071 W .gms.persistent: Large reply transaction of 1056768 bytes, interface descriptor , code 1
08-26 10:55:32.415  1393  2177 I BugleRcsEngine: No RCS Configuration was found in Bugle for simID: redacted-pii:sim_id[chars:20,last3:897] [CONTEXT log_prefix="ProvisioningEngineDataRetriever" thread_id=64 ]
08-26 10:55:40.858 13925 13963 D EGL_emulation: app_time_stats: avg=19965.67ms min=19965.67ms max=19965.67ms count=1
08-26 10:55:57.953 15610 15610 E Parcel  : Reading a NULL string not supported here.
08-26 10:55:58.023 15610 15610 W service : type=1400 audit(0.0:1321): avc:  denied  { call } for  scontext=u:r:shell:s0 tcontext=u:r:hal_authsecret_default:s0 tclass=binder permissive=0
08-26 10:55:58.031 15610 15610 E IPCThreadState: Binder transaction failure. id: 6030964, BR_*: 29201, error: -1 (Operation not permitted)
08-26 10:55:58.058 15610 15610 E IPCThreadState: Binder transaction failure. id: 6030969, BR_*: 29201, error: -1 (Operation not permitted)
08-26 10:55:58.035 15610 15610 W service : type=1400 audit(0.0:1322): avc:  denied  { call } for  scontext=u:r:shell:s0 tcontext=u:r:hal_face_default:s0 tclass=binder permissive=0
08-26 10:55:58.055 15610 15610 W service : type=1400 audit(0.0:1323): avc:  denied  { call } for  scontext=u:r:shell:s0 tcontext=u:r:hal_fingerprint_default:s0 tclass=binder permissive=0
08-26 10:55:58.095 15610 15610 E IPCThreadState: Binder transaction failure. id: 6030974, BR_*: 29201, error: -1 (Operation not permitted)
08-26 10:55:58.091 15610 15610 W service : type=1400 audit(0.0:1324): avc:  denied  { call } for  scontext=u:r:shell:s0 tcontext=u:r:hal_bluetooth_default:s0 tclass=binder permissive=0
08-26 10:55:58.123 15610 15610 E IPCThreadState: Binder transaction failure. id: 6030980, BR_*: 29201, error: -1 (Operation not permitted)
08-26 10:55:58.119 15610 15610 W service : type=1400 audit(0.0:1325): avc:  denied  { call } for  scontext=u:r:shell:s0 tcontext=u:r:hal_audio_default:s0 tclass=binder permissive=0
08-26 10:55:58.159 15610 15610 E IPCThreadState: Binder transaction failure. id: 6030986, BR_*: 29201, error: -1 (Operation not permitted)
08-26 10:55:58.160 15610 15610 E IPCThreadState: Binder transaction failure. id: 6030991, BR_*: 29201, error: -1 (Operation not permitted)
08-26 10:55:58.161 15610 15610 E IPCThreadState: Binder transaction failure. id: 6030995, BR_*: 29201, error: -1 (Operation not permitted)
08-26 10:55:58.162 15610 15610 E IPCThreadState: Binder transaction failure. id: 6031004, BR_*: 29201, error: -1 (Operation not permitted)
08-26 10:55:58.167 15610 15610 E IPCThreadState: Binder transaction failure. id: 6031013, BR_*: 29201, error: -1 (Operation not permitted)
08-26 10:55:58.159 15610 15610 W service : type=1400 audit(0.0:1326): avc:  denied  { call } for  scontext=u:r:shell:s0 tcontext=u:r:hal_camera_default:s0 tclass=binder permissive=0
08-26 10:55:58.174 15610 15610 E IPCThreadState: Binder transaction failure. id: 6031018, BR_*: 29201, error: -1 (Operation not permitted)
08-26 10:55:58.176 15610 15610 E IPCThreadState: Binder transaction failure. id: 6031022, BR_*: 29201, error: -1 (Operation not permitted)
08-26 10:55:58.176 15610 15610 E IPCThreadState: Binder transaction failure. id: 6031026, BR_*: 29201, error: -1 (Operation not permitted)
08-26 10:55:58.177 15610 15610 E IPCThreadState: Binder transaction failure. id: 6031030, BR_*: 29201, error: -1 (Operation not permitted)
08-26 10:55:58.159 15610 15610 W service : type=1400 audit(0.0:1327): avc:  denied  { call } for  scontext=u:r:shell:s0 tcontext=u:r:hal_camera_default:s0 tclass=binder permissive=0
08-26 10:55:58.159 15610 15610 W service : type=1400 audit(0.0:1328): avc:  denied  { call } for  scontext=u:r:shell:s0 tcontext=u:r:hal_contexthub_default:s0 tclass=binder permissive=0
08-26 10:55:58.194 15610 15610 E IPCThreadState: Binder transaction failure. id: 6031059, BR_*: 29201, error: -1 (Operation not permitted)
08-26 10:55:58.195 15610 15610 E IPCThreadState: Binder transaction failure. id: 6031063, BR_*: 29201, error: -1 (Operation not permitted)
08-26 10:55:58.199 15610 15610 E IPCThreadState: Binder transaction failure. id: 6031067, BR_*: 29201, error: -1 (Operation not permitted)
08-26 10:55:58.199 15610 15610 E IPCThreadState: Binder transaction failure. id: 6031071, BR_*: 29201, error: -1 (Operation not permitted)
08-26 10:55:58.202 15610 15610 E IPCThreadState: Binder transaction failure. id: 6031075, BR_*: 29201, error: -1 (Operation not permitted)
08-26 10:55:58.204 15610 15610 E IPCThreadState: Binder transaction failure. id: 6031079, BR_*: 29201, error: -1 (Operation not permitted)
08-26 10:55:58.204 15610 15610 E IPCThreadState: Binder transaction failure. id: 6031083, BR_*: 29201, error: -1 (Operation not permitted)
08-26 10:55:58.205 15610 15610 E IPCThreadState: Binder transaction failure. id: 6031087, BR_*: 29201, error: -1 (Operation not permitted)
08-26 10:55:58.208 15610 15610 E IPCThreadState: Binder transaction failure. id: 6031092, BR_*: 29201, error: -1 (Operation not permitted)
08-26 10:55:58.213 15610 15610 E IPCThreadState: Binder transaction failure. id: 6031096, BR_*: 29201, error: -1 (Operation not permitted)
08-26 10:55:58.218 15610 15610 E IPCThreadState: Binder transaction failure. id: 6031100, BR_*: 29201, error: -1 (Operation not permitted)
08-26 10:55:58.163 15610 15610 W service : type=1400 audit(0.0:1329): avc:  denied  { call } for  scontext=u:r:shell:s0 tcontext=u:r:hal_gnss_default:s0 tclass=binder permissive=0
08-26 10:55:58.259 15610 15610 E IPCThreadState: Binder transaction failure. id: 6031118, BR_*: 29201, error: -1 (Operation not permitted)
08-26 10:55:58.268 15610 15610 E IPCThreadState: Binder transaction failure. id: 6031123, BR_*: 29201, error: -1 (Operation not permitted)
08-26 10:55:58.271 15610 15610 E IPCThreadState: Binder transaction failure. id: 6031127, BR_*: 29201, error: -1 (Operation not permitted)
08-26 10:55:58.275 15610 15610 E IPCThreadState: Binder transaction failure. id: 6031131, BR_*: 29201, error: -1 (Operation not permitted)
08-26 10:55:58.279 15610 15610 E IPCThreadState: Binder transaction failure. id: 6031135, BR_*: 29201, error: -1 (Operation not permitted)
08-26 10:55:58.301 15610 15610 E IPCThreadState: Binder transaction failure. id: 6031140, BR_*: 29201, error: -1 (Operation not permitted)
08-26 10:55:58.346 15610 15610 E IPCThreadState: Binder transaction failure. id: 6031189, BR_*: 29201, error: -1 (Operation not permitted)
08-26 10:55:58.350 15610 15610 E IPCThreadState: Binder transaction failure. id: 6031193, BR_*: 29201, error: -1 (Operation not permitted)
08-26 10:55:58.350 15610 15610 E Parcel  : Reading a NULL string not supported here.
08-26 10:55:58.450 15610 15610 E Parcel  : Reading a NULL string not supported here.
08-26 10:55:58.467 15610 15610 E Parcel  : Reading a NULL string not supported here.
08-26 10:55:58.510 15610 15610 E Parcel  : Reading a NULL string not supported here.
08-26 10:55:58.581 15610 15610 E Parcel  : Reading a NULL string not supported here.
08-26 10:55:58.608 15610 15610 E Parcel  : Reading a NULL string not supported here.
08-26 10:55:58.611 15610 15610 E Parcel  : Reading a NULL string not supported here.
08-26 10:55:58.650 15610 15610 E Parcel  : Reading a NULL string not supported here.
08-26 10:55:58.650 15610 15610 E Parcel  : Reading a NULL string not supported here.
08-26 10:55:58.710 15610 15610 E Parcel  : Reading a NULL string not supported here.
08-26 10:55:58.773 15610 15610 E Parcel  : Reading a NULL string not supported here.
08-26 10:55:58.912 15610 15610 E Parcel  : Reading a NULL string not supported here.
08-26 10:55:58.935 15610 15610 E Parcel  : Reading a NULL string not supported here.
08-26 10:55:59.030 15610 15610 E Parcel  : Reading a NULL string not supported here.
08-26 10:55:59.117 15610 15610 E Parcel  : Reading a NULL string not supported here.
08-26 10:55:59.271 15610 15610 E Parcel  : Reading a NULL string not supported here.
08-26 10:55:59.337 15610 15610 E Parcel  : Reading a NULL string not supported here.
08-26 10:55:59.434 15610 15610 E Parcel  : Reading a NULL string not supported here.
08-26 10:55:59.453 15610 15610 E Parcel  : Reading a NULL string not supported here.
08-26 10:55:59.614 15610 15610 E IPCThreadState: Binder transaction failure. id: 6032371, BR_*: 29201, error: -1 (Operation not permitted)
08-26 10:55:59.611 15610 15610 W service : type=1400 audit(0.0:1354): avc:  denied  { call } for  scontext=u:r:shell:s0 tcontext=u:r:wificond:s0 tclass=binder permissive=0
08-26 10:55:59.684 15612 15612 E Parcel  : Reading a NULL string not supported here.
08-26 10:55:59.758 15612 15612 E IPCThreadState: Binder transaction failure. id: 6032484, BR_*: 29201, error: -1 (Operation not permitted)
08-26 10:55:59.759 15612 15612 E IPCThreadState: Binder transaction failure. id: 6032488, BR_*: 29201, error: -1 (Operation not permitted)
08-26 10:55:59.760 15612 15612 E IPCThreadState: Binder transaction failure. id: 6032492, BR_*: 29201, error: -1 (Operation not permitted)
08-26 10:55:59.760 15612 15612 E IPCThreadState: Binder transaction failure. id: 6032496, BR_*: 29201, error: -1 (Operation not permitted)
08-26 10:55:59.755 15612 15612 W service : type=1400 audit(0.0:1355): avc:  denied  { call } for  scontext=u:r:shell:s0 tcontext=u:r:hal_authsecret_default:s0 tclass=binder permissive=0
08-26 10:55:59.789 15612 15612 E IPCThreadState: Binder transaction failure. id: 6032500, BR_*: 29201, error: -1 (Operation not permitted)
08-26 10:55:59.792 15612 15612 E IPCThreadState: Binder transaction failure. id: 6032506, BR_*: 29201, error: -1 (Operation not permitted)
08-26 10:55:59.800 15612 15612 E IPCThreadState: Binder transaction failure. id: 6032510, BR_*: 29201, error: -1 (Operation not permitted)
08-26 10:55:59.755 15612 15612 W service : type=1400 audit(0.0:1356): avc:  denied  { call } for  scontext=u:r:shell:s0 tcontext=u:r:hal_face_default:s0 tclass=binder permissive=0
08-26 10:55:59.814 15612 15612 E IPCThreadState: Binder transaction failure. id: 6032520, BR_*: 29201, error: -1 (Operation not permitted)
08-26 10:55:59.814 15612 15612 E IPCThreadState: Binder transaction failure. id: 6032529, BR_*: 29201, error: -1 (Operation not permitted)
08-26 10:55:59.815 15612 15612 E IPCThreadState: Binder transaction failure. id: 6032533, BR_*: 29201, error: -1 (Operation not permitted)
08-26 10:55:59.755 15612 15612 W service : type=1400 audit(0.0:1357): avc:  denied  { call } for  scontext=u:r:shell:s0 tcontext=u:r:hal_fingerprint_default:s0 tclass=binder permissive=0
08-26 10:55:59.815 15612 15612 E IPCThreadState: Binder transaction failure. id: 6032537, BR_*: 29201, error: -1 (Operation not permitted)
08-26 10:55:59.816 15612 15612 E IPCThreadState: Binder transaction failure. id: 6032541, BR_*: 29201, error: -1 (Operation not permitted)
08-26 10:55:59.817 15612 15612 E IPCThreadState: Binder transaction failure. id: 6032545, BR_*: 29201, error: -1 (Operation not permitted)
08-26 10:55:59.821 15612 15612 E IPCThreadState: Binder transaction failure. id: 6032570, BR_*: 29201, error: -1 (Operation not permitted)
08-26 10:55:59.829 15612 15612 E IPCThreadState: Binder transaction failure. id: 6032574, BR_*: 29201, error: -1 (Operation not permitted)
08-26 10:55:59.829 15612 15612 E IPCThreadState: Binder transaction failure. id: 6032578, BR_*: 29201, error: -1 (Operation not permitted)
08-26 10:55:59.829 15612 15612 E IPCThreadState: Binder transaction failure. id: 6032582, BR_*: 29201, error: -1 (Operation not permitted)
08-26 10:55:59.830 15612 15612 E IPCThreadState: Binder transaction failure. id: 6032586, BR_*: 29201, error: -1 (Operation not permitted)
08-26 10:55:59.830 15612 15612 E IPCThreadState: Binder transaction failure. id: 6032590, BR_*: 29201, error: -1 (Operation not permitted)
08-26 10:55:59.830 15612 15612 E IPCThreadState: Binder transaction failure. id: 6032594, BR_*: 29201, error: -1 (Operation not permitted)
08-26 10:55:59.834 15612 15612 E IPCThreadState: Binder transaction failure. id: 6032598, BR_*: 29201, error: -1 (Operation not permitted)
08-26 10:55:59.836 15612 15612 E IPCThreadState: Binder transaction failure. id: 6032602, BR_*: 29201, error: -1 (Operation not permitted)
08-26 10:55:59.839 15612 15612 E IPCThreadState: Binder transaction failure. id: 6032607, BR_*: 29201, error: -1 (Operation not permitted)
08-26 10:55:59.840 15612 15612 E IPCThreadState: Binder transaction failure. id: 6032611, BR_*: 29201, error: -1 (Operation not permitted)
08-26 10:55:59.840 15612 15612 E IPCThreadState: Binder transaction failure. id: 6032615, BR_*: 29201, error: -1 (Operation not permitted)
08-26 10:55:59.755 15612 15612 W service : type=1400 audit(0.0:1358): avc:  denied  { call } for  scontext=u:r:shell:s0 tcontext=u:r:hal_bluetooth_default:s0 tclass=binder permissive=0
08-26 10:55:59.893 15612 15612 E IPCThreadState: Binder transaction failure. id: 6032633, BR_*: 29201, error: -1 (Operation not permitted)
08-26 10:55:59.893 15612 15612 E IPCThreadState: Binder transaction failure. id: 6032637, BR_*: 29201, error: -1 (Operation not permitted)
08-26 10:55:59.895 15612 15612 E IPCThreadState: Binder transaction failure. id: 6032641, BR_*: 29201, error: -1 (Operation not permitted)
08-26 10:55:59.895 15612 15612 E IPCThreadState: Binder transaction failure. id: 6032645, BR_*: 29201, error: -1 (Operation not permitted)
08-26 10:55:59.900 15612 15612 E IPCThreadState: Binder transaction failure. id: 6032649, BR_*: 29201, error: -1 (Operation not permitted)
08-26 10:55:59.903 15612 15612 E IPCThreadState: Binder transaction failure. id: 6032653, BR_*: 29201, error: -1 (Operation not permitted)
08-26 10:55:59.940 15612 15612 E IPCThreadState: Binder transaction failure. id: 6032702, BR_*: 29201, error: -1 (Operation not permitted)
08-26 10:55:59.941 15612 15612 E IPCThreadState: Binder transaction failure. id: 6032706, BR_*: 29201, error: -1 (Operation not permitted)
08-26 10:55:59.941 15612 15612 E Parcel  : Reading a NULL string not supported here.
08-26 10:56:00.013  1346  1504 I AiAiEcho: Predicting[0]:  [CONTEXT sampling_count=5 ]
08-26 10:56:00.014 15612 15612 E Parcel  : Reading a NULL string not supported here.
08-26 10:56:00.032  1346  1504 I AiAiEcho: EchoTargets: 
08-26 10:56:00.032  1346  1504 I AiAiEcho: Filtered by AiAi flag check: 
08-26 10:56:00.032  1346  1504 I AiAiEcho: [CONTEXT ratelimit_period="10 SECONDS" ]
08-26 10:56:00.035 15612 15612 E Parcel  : Reading a NULL string not supported here.
08-26 10:56:00.046  1346  1504 I AiAiEcho: Ranked targets strategy: SORT, count: 0, ranking metadata:  [CONTEXT ratelimit_period="10 SECONDS" ]
08-26 10:56:00.046  1346  1504 I AiAiEcho: #remoteViewsTwiddler: feature disabled.
08-26 10:56:00.046  1346  1504 I AiAiEcho: Predicting[0]:  [CONTEXT sampling_count=5 ]
08-26 10:56:00.046  1346  1504 I AiAiEcho: EchoTargets: 
08-26 10:56:00.046  1346  1504 I AiAiEcho: Filtered by AiAi flag check: 
08-26 10:56:00.046  1346  1504 I AiAiEcho: [CONTEXT ratelimit_period="10 SECONDS" ]
08-26 10:56:00.047  1346  1504 I AiAiEcho: Ranked targets strategy: SORT, count: 0, ranking metadata:  [CONTEXT ratelimit_period="10 SECONDS" ]
08-26 10:56:00.047  1346  1504 I AiAiEcho: #remoteViewsTwiddler: feature disabled.
08-26 10:56:00.047  1346  1504 I AiAiEcho: #postPredictionTargets: Sending updates to UISurface lockscreen with targets# 0 (types=[])
08-26 10:56:00.047  1346  1504 I AiAiEcho: #postPredictionTargets: Sending updates to UISurface home with targets# 0 (types=[])
08-26 10:56:00.050  1107  1107 D SsBaseTemplateCard: No text view can be set up
08-26 10:56:00.051  1107  1107 D SsBaseTemplateCard: Passed-in item info is null
08-26 10:56:00.051  1107  1107 D SsBaseTemplateCard: Passed-in item info is null
08-26 10:56:00.051  1107  1107 D SsBaseTemplateCard: Passed-in item info is null
08-26 10:56:00.051  1107  1107 I SsBaseTemplateCard: Secondary card pane is null
08-26 10:56:00.075 13925 13925 W PageIndicator: Total number of pages invalid: 0. Assuming 1 page.
08-26 10:56:00.087  1107  1443 D EGL_emulation: app_time_stats: avg=59894.89ms min=59894.89ms max=59894.89ms count=1
08-26 10:56:00.097 15612 15612 E Parcel  : Reading a NULL string not supported here.
08-26 10:56:00.100 13925 13963 D EGL_emulation: app_time_stats: avg=19241.08ms min=19241.08ms max=19241.08ms count=1
08-26 10:56:00.172 15612 15612 E Parcel  : Reading a NULL string not supported here.
08-26 10:56:00.197 15612 15612 E Parcel  : Reading a NULL string not supported here.
08-26 10:56:00.198 15612 15612 E Parcel  : Reading a NULL string not supported here.
08-26 10:56:00.223 15612 15612 E Parcel  : Reading a NULL string not supported here.
08-26 10:56:00.227 15612 15612 E Parcel  : Reading a NULL string not supported here.
08-26 10:56:00.288 15612 15612 E Parcel  : Reading a NULL string not supported here.
08-26 10:56:00.336 15612 15612 E Parcel  : Reading a NULL string not supported here.
08-26 10:56:00.471 15612 15612 E Parcel  : Reading a NULL string not supported here.
08-26 10:56:00.502 15612 15612 E Parcel  : Reading a NULL string not supported here.
08-26 10:56:00.619 15612 15612 E Parcel  : Reading a NULL string not supported here.
08-26 10:56:00.696 15612 15612 E Parcel  : Reading a NULL string not supported here.
