08-26 01:21:55.528   577   655 D FileSystemUtils: Size before punching holes st_blocks: 335392, st_blksize: 4096, st_size: 171712026
08-26 01:21:55.528   577   655 D FileSystemUtils: Size after punching holes st_blocks: 335392, st_blksize: 4096, st_size: 171712026
08-26 01:21:55.528   577   655 D FileSystemUtils: Extra field length: 2796,  Size before punching holes st_blocks: 335392, st_blksize: 4096, st_size: 171712026
08-26 01:21:55.528   577   655 D FileSystemUtils: Skipping punching apk as extra field length is less than block size
08-26 01:21:55.528   577   655 W NativeLibraryHelper: Failed to punch apk : /data/app/vmdl1386217092.tmp/base.apk at extra field
08-26 01:21:55.528   577   655 D FileSystemUtils: Punching holes in file: /data/app/vmdl1386217092.tmp/base.apk programHeaderOffset: 64 programHeaderNum: 10
08-26 01:21:55.528   577   655 D FileSystemUtils: Total number of LOAD segments 3
08-26 01:21:55.528   577   655 D FileSystemUtils: Size before punching holes st_blocks: 335392, st_blksize: 4096, st_size: 171712026
08-26 01:21:55.528   577   655 D FileSystemUtils: Size after punching holes st_blocks: 335392, st_blksize: 4096, st_size: 171712026
08-26 01:21:55.528   577   655 D FileSystemUtils: Extra field length: 3602,  Size before punching holes st_blocks: 335392, st_blksize: 4096, st_size: 171712026
08-26 01:21:55.528   577   655 D FileSystemUtils: Skipping punching apk as extra field length is less than block size
08-26 01:21:55.528   577   655 W NativeLibraryHelper: Failed to punch apk : /data/app/vmdl1386217092.tmp/base.apk at extra field
08-26 01:21:55.528   577   655 D FileSystemUtils: Punching holes in file: /data/app/vmdl1386217092.tmp/base.apk programHeaderOffset: 64 programHeaderNum: 10
08-26 01:21:55.528   577   655 D FileSystemUtils: Total number of LOAD segments 3
08-26 01:21:55.528   577   655 D FileSystemUtils: Size before punching holes st_blocks: 335392, st_blksize: 4096, st_size: 171712026
08-26 01:21:55.528   577   655 D FileSystemUtils: Size after punching holes st_blocks: 335392, st_blksize: 4096, st_size: 171712026
08-26 01:21:55.528   577   655 D FileSystemUtils: Extra field length: 1652,  Size before punching holes st_blocks: 335392, st_blksize: 4096, st_size: 171712026
08-26 01:21:55.528   577   655 D FileSystemUtils: Skipping punching apk as extra field length is less than block size
08-26 01:21:55.528   577   655 W NativeLibraryHelper: Failed to punch apk : /data/app/vmdl1386217092.tmp/base.apk at extra field
08-26 01:21:55.528   577   655 D FileSystemUtils: Punching holes in file: /data/app/vmdl1386217092.tmp/base.apk programHeaderOffset: 64 programHeaderNum: 10
08-26 01:21:55.528   577   655 D FileSystemUtils: Total number of LOAD segments 3
08-26 01:21:55.530   577   655 D FileSystemUtils: Size before punching holes st_blocks: 335392, st_blksize: 4096, st_size: 171712026
08-26 01:21:55.530   577   655 D FileSystemUtils: Size after punching holes st_blocks: 335392, st_blksize: 4096, st_size: 171712026
08-26 01:21:55.530   577   655 D FileSystemUtils: Extra field length: 108,  Size before punching holes st_blocks: 335392, st_blksize: 4096, st_size: 171712026
08-26 01:21:55.530   577   655 D FileSystemUtils: Skipping punching apk as extra field length is less than block size
08-26 01:21:55.530   577   655 W NativeLibraryHelper: Failed to punch apk : /data/app/vmdl1386217092.tmp/base.apk at extra field
08-26 01:21:55.530   577   655 D FileSystemUtils: Punching holes in file: /data/app/vmdl1386217092.tmp/base.apk programHeaderOffset: 64 programHeaderNum: 10
08-26 01:21:55.530   577   655 D FileSystemUtils: Total number of LOAD segments 3
08-26 01:21:55.530   577   655 D FileSystemUtils: Size before punching holes st_blocks: 335392, st_blksize: 4096, st_size: 171712026
08-26 01:21:55.530   577   655 D FileSystemUtils: Size after punching holes st_blocks: 335392, st_blksize: 4096, st_size: 171712026
08-26 01:21:55.530   577   655 D FileSystemUtils: Extra field length: 443,  Size before punching holes st_blocks: 335392, st_blksize: 4096, st_size: 171712026
08-26 01:21:55.530   577   655 D FileSystemUtils: Skipping punching apk as extra field length is less than block size
08-26 01:21:55.530   577   655 W NativeLibraryHelper: Failed to punch apk : /data/app/vmdl1386217092.tmp/base.apk at extra field
08-26 01:21:55.530   577   655 D FileSystemUtils: Punching holes in file: /data/app/vmdl1386217092.tmp/base.apk programHeaderOffset: 64 programHeaderNum: 9
08-26 01:21:55.530   577   655 D FileSystemUtils: Total number of LOAD segments 2
08-26 01:21:55.530   577   655 D FileSystemUtils: Size before punching holes st_blocks: 335392, st_blksize: 4096, st_size: 171712026
08-26 01:21:55.530   577   655 D FileSystemUtils: Size after punching holes st_blocks: 335392, st_blksize: 4096, st_size: 171712026
08-26 01:21:55.530   577   655 D FileSystemUtils: Extra field length: 1390,  Size before punching holes st_blocks: 335392, st_blksize: 4096, st_size: 171712026
08-26 01:21:55.530   577   655 D FileSystemUtils: Skipping punching apk as extra field length is less than block size
08-26 01:21:55.530   577   655 W NativeLibraryHelper: Failed to punch apk : /data/app/vmdl1386217092.tmp/base.apk at extra field
08-26 01:21:55.530   577   655 D FileSystemUtils: Punching holes in file: /data/app/vmdl1386217092.tmp/base.apk programHeaderOffset: 64 programHeaderNum: 10
08-26 01:21:55.530   577   655 D FileSystemUtils: Total number of LOAD segments 3
08-26 01:21:55.530   577   655 D FileSystemUtils: Size before punching holes st_blocks: 335392, st_blksize: 4096, st_size: 171712026
08-26 01:21:55.530   577   655 D FileSystemUtils: Size after punching holes st_blocks: 335392, st_blksize: 4096, st_size: 171712026
08-26 01:21:55.530   577   655 D FileSystemUtils: Extra field length: 3790,  Size before punching holes st_blocks: 335392, st_blksize: 4096, st_size: 171712026
08-26 01:21:55.530   577   655 D FileSystemUtils: Skipping punching apk as extra field length is less than block size
08-26 01:21:55.530   577   655 W NativeLibraryHelper: Failed to punch apk : /data/app/vmdl1386217092.tmp/base.apk at extra field
08-26 01:21:55.530   577   655 D FileSystemUtils: Punching holes in file: /data/app/vmdl1386217092.tmp/base.apk programHeaderOffset: 64 programHeaderNum: 10
08-26 01:21:55.531   577   655 D FileSystemUtils: Total number of LOAD segments 3
08-26 01:21:55.531   577   655 D FileSystemUtils: Size before punching holes st_blocks: 335392, st_blksize: 4096, st_size: 171712026
08-26 01:21:55.531   577   655 D FileSystemUtils: Size after punching holes st_blocks: 335392, st_blksize: 4096, st_size: 171712026
08-26 01:21:55.531   577   655 D FileSystemUtils: Extra field length: 1743,  Size before punching holes st_blocks: 335392, st_blksize: 4096, st_size: 171712026
08-26 01:21:55.531   577   655 D FileSystemUtils: Skipping punching apk as extra field length is less than block size
08-26 01:21:55.532   577   655 W NativeLibraryHelper: Failed to punch apk : /data/app/vmdl1386217092.tmp/base.apk at extra field
08-26 01:21:55.532   577   655 D FileSystemUtils: Punching holes in file: /data/app/vmdl1386217092.tmp/base.apk programHeaderOffset: 64 programHeaderNum: 10
08-26 01:21:55.532   577   655 D FileSystemUtils: Total number of LOAD segments 3
08-26 01:21:55.532   577   655 D FileSystemUtils: Size before punching holes st_blocks: 335392, st_blksize: 4096, st_size: 171712026
08-26 01:21:55.532   577   655 D FileSystemUtils: Size after punching holes st_blocks: 335392, st_blksize: 4096, st_size: 171712026
08-26 01:21:55.532   577   655 D FileSystemUtils: Extra field length: 658,  Size before punching holes st_blocks: 335392, st_blksize: 4096, st_size: 171712026
08-26 01:21:55.532   577   655 D FileSystemUtils: Skipping punching apk as extra field length is less than block size
08-26 01:21:55.532   577   655 W NativeLibraryHelper: Failed to punch apk : /data/app/vmdl1386217092.tmp/base.apk at extra field
08-26 01:21:55.532   577   655 D FileSystemUtils: Punching holes in file: /data/app/vmdl1386217092.tmp/base.apk programHeaderOffset: 64 programHeaderNum: 10
08-26 01:21:55.532   577   655 D FileSystemUtils: Total number of LOAD segments 3
08-26 01:21:55.532   577   655 D FileSystemUtils: Size before punching holes st_blocks: 335392, st_blksize: 4096, st_size: 171712026
08-26 01:21:55.532   577   655 D FileSystemUtils: Size after punching holes st_blocks: 335392, st_blksize: 4096, st_size: 171712026
08-26 01:21:55.532   577   655 D FileSystemUtils: Extra field length: 2258,  Size before punching holes st_blocks: 335392, st_blksize: 4096, st_size: 171712026
08-26 01:21:55.532   577   655 D FileSystemUtils: Skipping punching apk as extra field length is less than block size
08-26 01:21:55.532   577   655 W NativeLibraryHelper: Failed to punch apk : /data/app/vmdl1386217092.tmp/base.apk at extra field
08-26 01:21:55.532   577   655 D FileSystemUtils: Punching holes in file: /data/app/vmdl1386217092.tmp/base.apk programHeaderOffset: 64 programHeaderNum: 10
08-26 01:21:55.532   577   655 D FileSystemUtils: Total number of LOAD segments 3
08-26 01:21:55.532   577   655 D FileSystemUtils: Size before punching holes st_blocks: 335392, st_blksize: 4096, st_size: 171712026
08-26 01:21:55.532   577   655 D FileSystemUtils: Size after punching holes st_blocks: 335392, st_blksize: 4096, st_size: 171712026
08-26 01:21:55.532   577   655 D FileSystemUtils: Extra field length: 1892,  Size before punching holes st_blocks: 335392, st_blksize: 4096, st_size: 171712026
08-26 01:21:55.532   577   655 D FileSystemUtils: Skipping punching apk as extra field length is less than block size
08-26 01:21:55.532   577   655 W NativeLibraryHelper: Failed to punch apk : /data/app/vmdl1386217092.tmp/base.apk at extra field
08-26 01:21:55.532   577   655 D FileSystemUtils: Punching holes in file: /data/app/vmdl1386217092.tmp/base.apk programHeaderOffset: 64 programHeaderNum: 10
08-26 01:21:55.532   577   655 D FileSystemUtils: Total number of LOAD segments 3
08-26 01:21:55.532   577   655 D FileSystemUtils: Size before punching holes st_blocks: 335392, st_blksize: 4096, st_size: 171712026
08-26 01:21:55.532   577   655 D FileSystemUtils: Size after punching holes st_blocks: 335392, st_blksize: 4096, st_size: 171712026
08-26 01:21:55.533   577   655 D FileSystemUtils: Extra field length: 1391,  Size before punching holes st_blocks: 335392, st_blksize: 4096, st_size: 171712026
08-26 01:21:55.533   577   655 D FileSystemUtils: Skipping punching apk as extra field length is less than block size
08-26 01:21:55.533   577   655 W NativeLibraryHelper: Failed to punch apk : /data/app/vmdl1386217092.tmp/base.apk at extra field
08-26 01:21:55.533   577   655 D FileSystemUtils: Punching holes in file: /data/app/vmdl1386217092.tmp/base.apk programHeaderOffset: 64 programHeaderNum: 10
08-26 01:21:55.533   577   655 D FileSystemUtils: Total number of LOAD segments 3
08-26 01:21:55.533   577   655 D FileSystemUtils: Size before punching holes st_blocks: 335392, st_blksize: 4096, st_size: 171712026
08-26 01:21:55.533   577   655 D FileSystemUtils: Size after punching holes st_blocks: 335392, st_blksize: 4096, st_size: 171712026
08-26 01:21:55.533   577   655 D FileSystemUtils: Extra field length: 2379,  Size before punching holes st_blocks: 335392, st_blksize: 4096, st_size: 171712026
08-26 01:21:55.533   577   655 D FileSystemUtils: Skipping punching apk as extra field length is less than block size
08-26 01:21:55.533   577   655 W NativeLibraryHelper: Failed to punch apk : /data/app/vmdl1386217092.tmp/base.apk at extra field
08-26 01:21:55.533   577   655 D FileSystemUtils: Punching holes in file: /data/app/vmdl1386217092.tmp/base.apk programHeaderOffset: 64 programHeaderNum: 10
08-26 01:21:55.533   577   655 D FileSystemUtils: Total number of LOAD segments 3
08-26 01:21:55.533   577   655 D FileSystemUtils: Size before punching holes st_blocks: 335392, st_blksize: 4096, st_size: 171712026
08-26 01:21:55.533   577   655 D FileSystemUtils: Size after punching holes st_blocks: 335392, st_blksize: 4096, st_size: 171712026
08-26 01:21:55.533   577   655 D FileSystemUtils: Extra field length: 3708,  Size before punching holes st_blocks: 335392, st_blksize: 4096, st_size: 171712026
08-26 01:21:55.533   577   655 D FileSystemUtils: Skipping punching apk as extra field length is less than block size
08-26 01:21:55.533   577   655 W NativeLibraryHelper: Failed to punch apk : /data/app/vmdl1386217092.tmp/base.apk at extra field
08-26 01:21:55.533   577   655 D FileSystemUtils: Punching holes in file: /data/app/vmdl1386217092.tmp/base.apk programHeaderOffset: 64 programHeaderNum: 10
08-26 01:21:55.533   577   655 D FileSystemUtils: Total number of LOAD segments 3
08-26 01:21:55.533   577   655 D FileSystemUtils: Size before punching holes st_blocks: 335392, st_blksize: 4096, st_size: 171712026
08-26 01:21:55.533   577   655 D FileSystemUtils: Size after punching holes st_blocks: 335392, st_blksize: 4096, st_size: 171712026
08-26 01:21:55.533   577   655 D FileSystemUtils: Extra field length: 3635,  Size before punching holes st_blocks: 335392, st_blksize: 4096, st_size: 171712026
08-26 01:21:55.533   577   655 D FileSystemUtils: Skipping punching apk as extra field length is less than block size
08-26 01:21:55.533   577   655 W NativeLibraryHelper: Failed to punch apk : /data/app/vmdl1386217092.tmp/base.apk at extra field
08-26 01:21:55.533   577   655 D FileSystemUtils: Punching holes in file: /data/app/vmdl1386217092.tmp/base.apk programHeaderOffset: 64 programHeaderNum: 10
08-26 01:21:55.533   577   655 D FileSystemUtils: Total number of LOAD segments 3
08-26 01:21:55.533   577   655 D FileSystemUtils: Size before punching holes st_blocks: 335392, st_blksize: 4096, st_size: 171712026
08-26 01:21:55.533   577   655 D FileSystemUtils: Size after punching holes st_blocks: 335392, st_blksize: 4096, st_size: 171712026
08-26 01:21:55.533   577   655 D FileSystemUtils: Extra field length: 3742,  Size before punching holes st_blocks: 335392, st_blksize: 4096, st_size: 171712026
08-26 01:21:55.533   577   655 D FileSystemUtils: Skipping punching apk as extra field length is less than block size
08-26 01:21:55.533   577   655 W NativeLibraryHelper: Failed to punch apk : /data/app/vmdl1386217092.tmp/base.apk at extra field
08-26 01:21:55.533   577   655 D FileSystemUtils: Punching holes in file: /data/app/vmdl1386217092.tmp/base.apk programHeaderOffset: 64 programHeaderNum: 10
08-26 01:21:55.533   577   655 D FileSystemUtils: Total number of LOAD segments 3
08-26 01:21:55.533   577   655 D FileSystemUtils: Size before punching holes st_blocks: 335392, st_blksize: 4096, st_size: 171712026
08-26 01:21:55.533   577   655 D FileSystemUtils: Size after punching holes st_blocks: 335392, st_blksize: 4096, st_size: 171712026
08-26 01:21:55.533   577   655 D FileSystemUtils: Extra field length: 689,  Size before punching holes st_blocks: 335392, st_blksize: 4096, st_size: 171712026
08-26 01:21:55.533   577   655 D FileSystemUtils: Skipping punching apk as extra field length is less than block size
08-26 01:21:55.533   577   655 W NativeLibraryHelper: Failed to punch apk : /data/app/vmdl1386217092.tmp/base.apk at extra field
08-26 01:21:55.533   577   655 D FileSystemUtils: Punching holes in file: /data/app/vmdl1386217092.tmp/base.apk programHeaderOffset: 64 programHeaderNum: 10
08-26 01:21:55.533   577   655 D FileSystemUtils: Total number of LOAD segments 3
08-26 01:21:55.533   577   655 D FileSystemUtils: Size before punching holes st_blocks: 335392, st_blksize: 4096, st_size: 171712026
08-26 01:21:55.533   577   655 D FileSystemUtils: Size after punching holes st_blocks: 335392, st_blksize: 4096, st_size: 171712026
08-26 01:21:55.533   577   655 D FileSystemUtils: Extra field length: 1608,  Size before punching holes st_blocks: 335392, st_blksize: 4096, st_size: 171712026
08-26 01:21:55.533   577   655 D FileSystemUtils: Skipping punching apk as extra field length is less than block size
08-26 01:21:55.533   577   655 W NativeLibraryHelper: Failed to punch apk : /data/app/vmdl1386217092.tmp/base.apk at extra field
08-26 01:21:55.533   577   655 D FileSystemUtils: Punching holes in file: /data/app/vmdl1386217092.tmp/base.apk programHeaderOffset: 64 programHeaderNum: 10
08-26 01:21:55.533   577   655 D FileSystemUtils: Total number of LOAD segments 3
08-26 01:21:55.533   577   655 D FileSystemUtils: Size before punching holes st_blocks: 335392, st_blksize: 4096, st_size: 171712026
08-26 01:21:55.533   577   655 D FileSystemUtils: Size after punching holes st_blocks: 335392, st_blksize: 4096, st_size: 171712026
08-26 01:21:55.533   577   655 D FileSystemUtils: Extra field length: 1604,  Size before punching holes st_blocks: 335392, st_blksize: 4096, st_size: 171712026
08-26 01:21:55.533   577   655 D FileSystemUtils: Skipping punching apk as extra field length is less than block size
08-26 01:21:55.533   577   655 W NativeLibraryHelper: Failed to punch apk : /data/app/vmdl1386217092.tmp/base.apk at extra field
08-26 01:21:55.533   577   655 D FileSystemUtils: Punching holes in file: /data/app/vmdl1386217092.tmp/base.apk programHeaderOffset: 64 programHeaderNum: 10
08-26 01:21:55.533   577   655 D FileSystemUtils: Total number of LOAD segments 3
08-26 01:21:55.533   577   655 D FileSystemUtils: Size before punching holes st_blocks: 335392, st_blksize: 4096, st_size: 171712026
08-26 01:21:55.533   577   655 D FileSystemUtils: Size after punching holes st_blocks: 335392, st_blksize: 4096, st_size: 171712026
08-26 01:21:55.533   577   655 D FileSystemUtils: Extra field length: 1398,  Size before punching holes st_blocks: 335392, st_blksize: 4096, st_size: 171712026
08-26 01:21:55.533   577   655 D FileSystemUtils: Skipping punching apk as extra field length is less than block size
08-26 01:21:55.533   577   655 W NativeLibraryHelper: Failed to punch apk : /data/app/vmdl1386217092.tmp/base.apk at extra field
08-26 01:21:55.534   577   655 D FileSystemUtils: Punching holes in file: /data/app/vmdl1386217092.tmp/base.apk programHeaderOffset: 64 programHeaderNum: 9
08-26 01:21:55.534   577   655 D FileSystemUtils: Total number of LOAD segments 2
08-26 01:21:55.534   577   655 D FileSystemUtils: Size before punching holes st_blocks: 335392, st_blksize: 4096, st_size: 171712026
08-26 01:21:55.534   577   655 D FileSystemUtils: Size after punching holes st_blocks: 335392, st_blksize: 4096, st_size: 171712026
08-26 01:21:55.534   577   655 D FileSystemUtils: Extra field length: 474,  Size before punching holes st_blocks: 335392, st_blksize: 4096, st_size: 171712026
08-26 01:21:55.534   577   655 D FileSystemUtils: Skipping punching apk as extra field length is less than block size
08-26 01:21:55.534   577   655 W NativeLibraryHelper: Failed to punch apk : /data/app/vmdl1386217092.tmp/base.apk at extra field
08-26 01:21:55.534   577   655 D FileSystemUtils: Punching holes in file: /data/app/vmdl1386217092.tmp/base.apk programHeaderOffset: 64 programHeaderNum: 10
08-26 01:21:55.534   577   655 D FileSystemUtils: Total number of LOAD segments 3
08-26 01:21:55.534   577   655 D FileSystemUtils: Size before punching holes st_blocks: 335392, st_blksize: 4096, st_size: 171712026
08-26 01:21:55.534   577   655 D FileSystemUtils: Size after punching holes st_blocks: 335392, st_blksize: 4096, st_size: 171712026
08-26 01:21:55.534   577   655 D FileSystemUtils: Extra field length: 213,  Size before punching holes st_blocks: 335392, st_blksize: 4096, st_size: 171712026
08-26 01:21:55.534   577   655 D FileSystemUtils: Skipping punching apk as extra field length is less than block size
08-26 01:21:55.534   577   655 W NativeLibraryHelper: Failed to punch apk : /data/app/vmdl1386217092.tmp/base.apk at extra field
08-26 01:21:55.534   577   655 D FileSystemUtils: Punching holes in file: /data/app/vmdl1386217092.tmp/base.apk programHeaderOffset: 64 programHeaderNum: 10
08-26 01:21:55.534   577   655 D FileSystemUtils: Total number of LOAD segments 3
08-26 01:21:55.534   577   655 D FileSystemUtils: Size before punching holes st_blocks: 335392, st_blksize: 4096, st_size: 171712026
08-26 01:21:55.534   577   655 D FileSystemUtils: Size after punching holes st_blocks: 335392, st_blksize: 4096, st_size: 171712026
08-26 01:21:55.534   577   655 D FileSystemUtils: Extra field length: 2913,  Size before punching holes st_blocks: 335392, st_blksize: 4096, st_size: 171712026
08-26 01:21:55.535   577   655 D FileSystemUtils: Skipping punching apk as extra field length is less than block size
08-26 01:21:55.535   577   655 W NativeLibraryHelper: Failed to punch apk : /data/app/vmdl1386217092.tmp/base.apk at extra field
08-26 01:21:55.535   577   655 D FileSystemUtils: Punching holes in file: /data/app/vmdl1386217092.tmp/base.apk programHeaderOffset: 64 programHeaderNum: 10
08-26 01:21:55.535   577   655 D FileSystemUtils: Total number of LOAD segments 3
08-26 01:21:55.535   577   655 D FileSystemUtils: Size before punching holes st_blocks: 335392, st_blksize: 4096, st_size: 171712026
08-26 01:21:55.535   577   655 D FileSystemUtils: Size after punching holes st_blocks: 335392, st_blksize: 4096, st_size: 171712026
08-26 01:21:55.535   577   655 D FileSystemUtils: Extra field length: 1062,  Size before punching holes st_blocks: 335392, st_blksize: 4096, st_size: 171712026
08-26 01:21:55.535   577   655 D FileSystemUtils: Skipping punching apk as extra field length is less than block size
08-26 01:21:55.535   577   655 W NativeLibraryHelper: Failed to punch apk : /data/app/vmdl1386217092.tmp/base.apk at extra field
08-26 01:21:55.535   577   655 D FileSystemUtils: Punching holes in file: /data/app/vmdl1386217092.tmp/base.apk programHeaderOffset: 64 programHeaderNum: 10
08-26 01:21:55.535   577   655 D FileSystemUtils: Total number of LOAD segments 3
08-26 01:21:55.535   577   655 D FileSystemUtils: Size before punching holes st_blocks: 335392, st_blksize: 4096, st_size: 171712026
08-26 01:21:55.535   577   655 D FileSystemUtils: Size after punching holes st_blocks: 335392, st_blksize: 4096, st_size: 171712026
08-26 01:21:55.535   577   655 D FileSystemUtils: Extra field length: 3469,  Size before punching holes st_blocks: 335392, st_blksize: 4096, st_size: 171712026
08-26 01:21:55.535   577   655 D FileSystemUtils: Skipping punching apk as extra field length is less than block size
08-26 01:21:55.535   577   655 W NativeLibraryHelper: Failed to punch apk : /data/app/vmdl1386217092.tmp/base.apk at extra field
08-26 01:21:55.536   577   655 D FileSystemUtils: Punching holes in file: /data/app/vmdl1386217092.tmp/base.apk programHeaderOffset: 64 programHeaderNum: 8
08-26 01:21:55.536   577   655 D FileSystemUtils: Total number of LOAD segments 2
08-26 01:21:55.536   577   655 D FileSystemUtils: Size before punching holes st_blocks: 335392, st_blksize: 4096, st_size: 171712026
08-26 01:21:55.536   577   655 D FileSystemUtils: Size after punching holes st_blocks: 335392, st_blksize: 4096, st_size: 171712026
08-26 01:21:55.536   577   655 D FileSystemUtils: Extra field length: 2132,  Size before punching holes st_blocks: 335392, st_blksize: 4096, st_size: 171712026
08-26 01:21:55.536   577   655 D FileSystemUtils: Skipping punching apk as extra field length is less than block size
08-26 01:21:55.537   577   655 W NativeLibraryHelper: Failed to punch apk : /data/app/vmdl1386217092.tmp/base.apk at extra field
08-26 01:21:55.537   577   655 D FileSystemUtils: Punching holes in file: /data/app/vmdl1386217092.tmp/base.apk programHeaderOffset: 64 programHeaderNum: 10
08-26 01:21:55.537   577   655 D FileSystemUtils: Total number of LOAD segments 3
08-26 01:21:55.537   577   655 D FileSystemUtils: Size before punching holes st_blocks: 335392, st_blksize: 4096, st_size: 171712026
08-26 01:21:55.537   577   655 D FileSystemUtils: Size after punching holes st_blocks: 335392, st_blksize: 4096, st_size: 171712026
08-26 01:21:55.538   577   655 D FileSystemUtils: Extra field length: 184,  Size before punching holes st_blocks: 335392, st_blksize: 4096, st_size: 171712026
08-26 01:21:55.538   577   655 D FileSystemUtils: Skipping punching apk as extra field length is less than block size
08-26 01:21:55.538   577   655 W NativeLibraryHelper: Failed to punch apk : /data/app/vmdl1386217092.tmp/base.apk at extra field
08-26 01:21:55.539   577   655 D FileSystemUtils: Punching holes in file: /data/app/vmdl1386217092.tmp/base.apk programHeaderOffset: 64 programHeaderNum: 10
08-26 01:21:55.540   577   655 D FileSystemUtils: Total number of LOAD segments 3
08-26 01:21:55.540   577   655 D FileSystemUtils: Size before punching holes st_blocks: 335392, st_blksize: 4096, st_size: 171712026
08-26 01:21:55.540   577   655 D FileSystemUtils: Size after punching holes st_blocks: 335392, st_blksize: 4096, st_size: 171712026
08-26 01:21:55.540   577   655 D FileSystemUtils: Extra field length: 1968,  Size before punching holes st_blocks: 335392, st_blksize: 4096, st_size: 171712026
08-26 01:21:55.540   577   655 D FileSystemUtils: Skipping punching apk as extra field length is less than block size
08-26 01:21:55.540   577   655 W NativeLibraryHelper: Failed to punch apk : /data/app/vmdl1386217092.tmp/base.apk at extra field
08-26 01:21:55.540   577   655 D FileSystemUtils: Punching holes in file: /data/app/vmdl1386217092.tmp/base.apk programHeaderOffset: 64 programHeaderNum: 10
08-26 01:21:55.540   577   655 D FileSystemUtils: Total number of LOAD segments 3
08-26 01:21:55.540   577   655 D FileSystemUtils: Size before punching holes st_blocks: 335392, st_blksize: 4096, st_size: 171712026
08-26 01:21:55.540   577   655 D FileSystemUtils: Size after punching holes st_blocks: 335392, st_blksize: 4096, st_size: 171712026
08-26 01:21:55.541   577   655 D FileSystemUtils: Extra field length: 3853,  Size before punching holes st_blocks: 335392, st_blksize: 4096, st_size: 171712026
08-26 01:21:55.542   577   655 D FileSystemUtils: Skipping punching apk as extra field length is less than block size
08-26 01:21:55.542   577   655 W NativeLibraryHelper: Failed to punch apk : /data/app/vmdl1386217092.tmp/base.apk at extra field
08-26 01:21:55.542   577   655 D FileSystemUtils: Punching holes in file: /data/app/vmdl1386217092.tmp/base.apk programHeaderOffset: 64 programHeaderNum: 10
08-26 01:21:55.542   577   655 D FileSystemUtils: Total number of LOAD segments 3
08-26 01:21:55.542   577   655 D FileSystemUtils: Size before punching holes st_blocks: 335392, st_blksize: 4096, st_size: 171712026
08-26 01:21:55.542   577   655 D FileSystemUtils: Size after punching holes st_blocks: 335392, st_blksize: 4096, st_size: 171712026
08-26 01:21:55.542   577   655 D FileSystemUtils: Extra field length: 3635,  Size before punching holes st_blocks: 335392, st_blksize: 4096, st_size: 171712026
08-26 01:21:55.542   577   655 D FileSystemUtils: Skipping punching apk as extra field length is less than block size
08-26 01:21:55.543   577   655 W NativeLibraryHelper: Failed to punch apk : /data/app/vmdl1386217092.tmp/base.apk at extra field
08-26 01:21:55.543   577   655 D FileSystemUtils: Punching holes in file: /data/app/vmdl1386217092.tmp/base.apk programHeaderOffset: 64 programHeaderNum: 10
08-26 01:21:55.543   577   655 D FileSystemUtils: Total number of LOAD segments 3
08-26 01:21:55.543   577   655 D FileSystemUtils: Size before punching holes st_blocks: 335392, st_blksize: 4096, st_size: 171712026
08-26 01:21:55.543   577   655 D FileSystemUtils: Size after punching holes st_blocks: 335392, st_blksize: 4096, st_size: 171712026
08-26 01:21:55.543   577   655 D FileSystemUtils: Extra field length: 3422,  Size before punching holes st_blocks: 335392, st_blksize: 4096, st_size: 171712026
08-26 01:21:55.543   577   655 D FileSystemUtils: Skipping punching apk as extra field length is less than block size
08-26 01:21:55.544   577   655 W NativeLibraryHelper: Failed to punch apk : /data/app/vmdl1386217092.tmp/base.apk at extra field
08-26 01:21:55.545   577   655 D FileSystemUtils: Punching holes in file: /data/app/vmdl1386217092.tmp/base.apk programHeaderOffset: 64 programHeaderNum: 10
08-26 01:21:55.545   577   655 D FileSystemUtils: Total number of LOAD segments 3
08-26 01:21:55.545   577   655 D FileSystemUtils: Size before punching holes st_blocks: 335392, st_blksize: 4096, st_size: 171712026
08-26 01:21:55.546   577   655 D FileSystemUtils: Size after punching holes st_blocks: 335392, st_blksize: 4096, st_size: 171712026
08-26 01:21:55.546   577   655 D FileSystemUtils: Extra field length: 836,  Size before punching holes st_blocks: 335392, st_blksize: 4096, st_size: 171712026
08-26 01:21:55.546   577   655 D FileSystemUtils: Skipping punching apk as extra field length is less than block size
08-26 01:21:55.546   577   655 W NativeLibraryHelper: Failed to punch apk : /data/app/vmdl1386217092.tmp/base.apk at extra field
08-26 01:21:55.547   577   655 D FileSystemUtils: Punching holes in file: /data/app/vmdl1386217092.tmp/base.apk programHeaderOffset: 64 programHeaderNum: 10
08-26 01:21:55.547   577   655 D FileSystemUtils: Total number of LOAD segments 3
08-26 01:21:55.547   577   655 D FileSystemUtils: Size before punching holes st_blocks: 335392, st_blksize: 4096, st_size: 171712026
08-26 01:21:55.547   577   655 D FileSystemUtils: Size after punching holes st_blocks: 335392, st_blksize: 4096, st_size: 171712026
08-26 01:21:55.548   577   655 D FileSystemUtils: Extra field length: 1360,  Size before punching holes st_blocks: 335392, st_blksize: 4096, st_size: 171712026
08-26 01:21:55.548   577   655 D FileSystemUtils: Skipping punching apk as extra field length is less than block size
08-26 01:21:55.548   577   655 W NativeLibraryHelper: Failed to punch apk : /data/app/vmdl1386217092.tmp/base.apk at extra field
08-26 01:21:55.548   577   655 D FileSystemUtils: Punching holes in file: /data/app/vmdl1386217092.tmp/base.apk programHeaderOffset: 64 programHeaderNum: 10
08-26 01:21:55.548   577   655 D FileSystemUtils: Total number of LOAD segments 3
08-26 01:21:55.548   577   655 D FileSystemUtils: Size before punching holes st_blocks: 335392, st_blksize: 4096, st_size: 171712026
08-26 01:21:55.548   577   655 D FileSystemUtils: Size after punching holes st_blocks: 335392, st_blksize: 4096, st_size: 171712026
08-26 01:21:55.548   577   655 D FileSystemUtils: Extra field length: 3829,  Size before punching holes st_blocks: 335392, st_blksize: 4096, st_size: 171712026
08-26 01:21:55.548   577   655 D FileSystemUtils: Skipping punching apk as extra field length is less than block size
08-26 01:21:55.548   577   655 W NativeLibraryHelper: Failed to punch apk : /data/app/vmdl1386217092.tmp/base.apk at extra field
08-26 01:21:55.549   577   655 W IPCThreadState: Sending oneway calls to frozen process.
08-26 01:21:55.561   577   646 I PackageManager: Integrity check passed for file:///data/app/vmdl1386217092.tmp
08-26 01:21:55.574   577   646 W PackageManager: Skipping provider name com.skyfire.solarapp.provider (in package com.skyfire.solarapp): name already used by com.skyfire.solarapp
08-26 01:21:55.583   577   611 E AppOps  : Trying to set mode for unknown uid 10213.
08-26 01:21:55.584   577   611 E AppOpService: Blocked setUidMode call for runtime permission app op: uid = 10213, code = CAMERA, mode = ignore, callingUid = 1000, oldMode = allow
08-26 01:21:55.584   577   611 E AppOpService: java.lang.RuntimeException
08-26 01:21:55.584   577   611 E AppOpService: 	at com.android.server.permission.access.appop.AppOpService.setUidMode(AppOpService.kt:268)
08-26 01:21:55.584   577   611 E AppOpService: 	at com.android.server.appop.AppOpsCheckingServiceTracingDecorator.setUidMode(AppOpsCheckingServiceTracingDecorator.java:120)
08-26 01:21:55.584   577   611 E AppOpService: 	at com.android.server.appop.AppOpsService.setUidMode(AppOpsService.java:2076)
08-26 01:21:55.584   577   611 E AppOpService: 	at com.android.server.appop.AppOpsService.-$$Nest$msetUidMode(AppOpsService.java:0)
08-26 01:21:55.584   577   611 E AppOpService: 	at com.android.server.appop.AppOpsService$AppOpsManagerInternalImpl.setUidModeFromPermissionPolicy(AppOpsService.java:7125)
08-26 01:21:55.584   577   611 E AppOpService: 	at com.android.server.policy.PermissionPolicyService$PermissionToOpSynchroniser.setUidMode(PermissionPolicyService.java:1112)
08-26 01:21:55.584   577   611 E AppOpService: 	at com.android.server.policy.PermissionPolicyService$PermissionToOpSynchroniser.setUidModeIgnored(PermissionPolicyService.java:1090)
08-26 01:21:55.584   577   611 E AppOpService: 	at com.android.server.policy.PermissionPolicyService$PermissionToOpSynchroniser.syncPackages(PermissionPolicyService.java:898)
08-26 01:21:55.584   577   611 E AppOpService: 	at com.android.server.policy.PermissionPolicyService$PermissionToOpSynchroniser.-$$Nest$msyncPackages(PermissionPolicyService.java:0)
08-26 01:21:55.584   577   611 E AppOpService: 	at com.android.server.policy.PermissionPolicyService.synchronizeUidPermissionsAndAppOps(PermissionPolicyService.java:690)
08-26 01:21:55.584   577   611 E AppOpService: 	at com.android.server.policy.PermissionPolicyService.$r8$lambda$g9YhLNd1OZQfuSCyT_yO-G8mZv0(PermissionPolicyService.java:0)
08-26 01:21:55.584   577   611 E AppOpService: 	at com.android.server.policy.PermissionPolicyService$$ExternalSyntheticLambda4.accept(R8$$SyntheticClass:0)
08-26 01:21:55.584   577   611 E AppOpService: 	at com.android.internal.util.function.pooled.PooledLambdaImpl.doInvoke(PooledLambdaImpl.java:281)
08-26 01:21:55.584   577   611 E AppOpService: 	at com.android.internal.util.function.pooled.PooledLambdaImpl.invoke(PooledLambdaImpl.java:204)
08-26 01:21:55.584   577   611 E AppOpService: 	at com.android.internal.util.function.pooled.OmniFunction.run(OmniFunction.java:87)
08-26 01:21:55.584   577   611 E AppOpService: 	at android.os.Handler.handleCallback(Handler.java:959)
08-26 01:21:55.584   577   611 E AppOpService: 	at android.os.Handler.dispatchMessage(Handler.java:100)
08-26 01:21:55.584   577   611 E AppOpService: 	at android.os.Looper.loopOnce(Looper.java:232)
08-26 01:21:55.584   577   611 E AppOpService: 	at android.os.Looper.loop(Looper.java:317)
08-26 01:21:55.584   577   611 E AppOpService: 	at android.os.HandlerThread.run(HandlerThread.java:85)
08-26 01:21:55.584   577   611 E AppOpService: 	at com.android.server.ServiceThread.run(ServiceThread.java:46)
08-26 01:21:55.584   577   611 V StorageManagerService: Package null does not have legacy storage
08-26 01:21:55.618  1327  1344 D MediaGrants: Removed 0 media_grants for 0 user for [com.skyfire.solarapp]. Reason: Mode changed: android:read_external_storage
08-26 01:21:55.656  7028  7028 I artd    : Starting artd
08-26 01:21:55.656  7028  7028 I AidlLazyServiceRegistrar: Registering service artd
08-26 01:21:55.661  7028  7028 I AidlLazyServiceRegistrar: Process has 1 (of 1 available) client(s) in use after notification artd has clients: 1
08-26 01:21:55.664   577   646 V BackupManagerService: [UserID:0] restoreAtInstall pkg=com.skyfire.solarapp token=5 restoreSet=0
08-26 01:21:55.674   577   646 D ActivityManager: sync unfroze 1491 com.google.android.gms for 6
08-26 01:21:55.696   577   577 I TransportConnection: BackupTransportService#7: Notifying [BMS.restoreAtInstall] transport = BackupTransportClient
08-26 01:21:55.697   577  1619 W ProcessStats: Tracking association SourceState{10f7046 system/1000 ImpFg #4718} whose proc state 5 is better than process ProcessState{957d1ee com.google.android.gms/10144 pkg=com.google.android.gms} proc state 14 (64 skipped)
08-26 01:21:55.700  1491  1491 D BoundBrokerSvc: onUnbind: Intent { act=com.google.android.gms.common.BIND_SHARED_PREFS pkg=com.google.android.gms }
08-26 01:21:55.706  1491  1491 I Backup  : [GmsBackupAccountManager] Backup account not found in gmscore.
08-26 01:21:55.708   577   646 V BackupManagerService: [UserID:0] Finishing install immediately
08-26 01:21:55.710   577   646 I AppsFilter: interaction: PackageSetting{bf8c6e3 com.android.microdroid.empty_payload/10200} -> PackageSetting{7158485 com.skyfire.solarapp/10213} BLOCKED
08-26 01:21:55.712   577   646 D PackageInstallerSession: Marking session 1386217092 as applied
08-26 01:21:55.720  1491  2312 W AndroidBackupEventsLogg: Flag disabled, logging without sampling [CONTEXT service_id=229 ]
08-26 01:21:55.720  1491  2312 I AndroidBackupEventsLogg: (REDACTED) Logging without sampling %s
08-26 01:21:55.727  1491  2312 W AndroidBackupEventsLogg: Flag disabled, logging without sampling [CONTEXT service_id=229 ]
08-26 01:21:55.727  1491  2312 I AndroidBackupEventsLogg: (REDACTED) Logging without sampling %s
08-26 01:21:55.729   577   895 D BackupTransportManager: [UserID:0] Transport com.google.android.gms/.backup.BackupTransportService updated its attributes
08-26 01:21:55.735  1107  1169 D SessionCommitReceiver: Removing PromiseIcon for package: com.skyfire.solarapp, install reason: 0, alreadyAddedPromiseIcon: false
08-26 01:21:55.744   577   655 E AtomicFile: Failed to rename /data/system/install_sessions.xml.new to /data/system/install_sessions.xml
08-26 01:21:55.748  1061  7035 W ChimeraUtils: Module com.google.android.gms.backup_base missing resource null(0)
08-26 01:21:55.761   577   802 I SdkSandboxManager: No SDKs used. Skipping SDK data reconcilation for CallingInfo{mUid=10213, mPackageName='com.skyfire.solarapp, mAppProcessToken='null'}
08-26 01:21:55.762   988   988 D CarrierSvcBindHelper: onPackageAdded: com.skyfire.solarapp
08-26 01:21:55.767   577   755 E AppOps  : attributionTag VCN not declared in manifest of android
08-26 01:21:55.769   988   988 D CarrierSvcBindHelper: No carrier app for: 0
08-26 01:21:55.775   577   623 D ActivityManager: sync unfroze 1240 com.google.android.permissioncontroller for 3
08-26 01:21:55.776   577   740 D CompatChangeReporter: Compat change id reported: 262645982; UID 10213; state: ENABLED
08-26 01:21:55.783   577   689 I RoleService: Granting default roles...
08-26 01:21:55.793   577   577 D TransparencyService: Not an update. Skipping...
08-26 01:21:55.804   577  3555 W Role    : Default holder doesn't have required signing certificate: com.google.android.retaildemo:6547c73dee150c103980bfdffe55cc9a011d785dd694a5f99afd8205bcaf1f80
08-26 01:21:55.804   577  3555 E RoleControllerServiceImpl: Default/fallback role holder package doesn't qualify for the role, package: com.google.android.gms.supervision, role: android.app.role.SYSTEM_SUPERVISION
08-26 01:21:55.813   577   794 D ShortcutService: received package broadcast intent: Intent { act=android.intent.action.PACKAGE_ADDED dat=package: flg=0x4000010 (has extras) }
08-26 01:21:55.813   577   794 D ShortcutService: adding package: com.skyfire.solarapp userId0
08-26 01:21:55.813   577   794 D ShortcutService: handlePackageAdded: com.skyfire.solarapp user=0
08-26 01:21:55.813   577   794 D ShortcutService: rescanPackageIfNeeded 0@com.skyfire.solarapp, forceRescan=true , isNewApp=true
08-26 01:21:55.815   577   794 D ShortcutService: Package com.skyfire.solarapp has 0 manifest shortcut(s), and 0 share target(s)
08-26 01:21:55.817   577  3555 W Role    : Default holder doesn't have required signing certificate: com.google.android.apps.work.clouddpc:23962F4B43B9857638EA66F4D419518EAE282491ACDA4B94707BD59003C45E58
08-26 01:21:55.826   577   577 I AppsFilter: interaction: PackageSetting{d59b413 com.android.microdroid.empty_payload/10200} -> PackageSetting{dc1a650 com.skyfire.solarapp/10213} BLOCKED
08-26 01:21:55.826  1240  1240 I SafetyLabelChangedBroadcastReceiver: received broadcast packageName: com.skyfire.solarapp, current user: UserHandle{0}, packageChangeEvent: NEW_INSTALL, intent user: UserHandle{0}
08-26 01:21:55.831   577   623 D ActivityManager: sync unfroze 5561 com.google.android.packageinstaller for 3
08-26 01:21:55.833   988   988 E SmsApplication: com.google.android.apps.messaging lost android:read_cell_broadcasts:  (fixing)
08-26 01:21:55.836   577   601 W AppOpService: Ignored setUidMode call for runtime permission app op: uid = 10140, code = READ_CELL_BROADCASTS, mode = allow, callingUid = 1001, oldMode = allow
08-26 01:21:55.854   577   623 D ActivityManager: sync unfroze 3556 com.google.android.adservices.api for 3
08-26 01:21:55.864   988   988 E CellBroadcastUtils: getDefaultCellBroadcastReceiverPackageName: no package found
08-26 01:21:55.866   577  1619 W AppOpService: Ignored setUidMode call for runtime permission app op: uid = 1001, code = READ_SMS, mode = allow, callingUid = 1001, oldMode = allow
08-26 01:21:55.866   577  1619 W AppOpService: Ignored setUidMode call for runtime permission app op: uid = 1001, code = RECEIVE_SMS, mode = allow, callingUid = 1001, oldMode = allow
08-26 01:21:55.867   577  1619 W AppOpService: Ignored setUidMode call for runtime permission app op: uid = 1001, code = RECEIVE_WAP_PUSH, mode = allow, callingUid = 1001, oldMode = allow
08-26 01:21:55.867   577  1619 W AppOpService: Ignored setUidMode call for runtime permission app op: uid = 1001, code = SEND_SMS, mode = allow, callingUid = 1001, oldMode = allow
08-26 01:21:55.868   577  1619 W AppOpService: Ignored setUidMode call for runtime permission app op: uid = 1001, code = READ_CELL_BROADCASTS, mode = allow, callingUid = 1001, oldMode = allow
08-26 01:21:55.892   988  1185 D ImsResolver: maybeAddedImsService, packageName: com.skyfire.solarapp
08-26 01:21:55.900  1240  1256 I PermissionControllerServiceImpl: Updating user sensitive for uid 10213
08-26 01:21:55.925   577   794 D ShortcutService: received package broadcast intent: Intent { act=android.intent.action.PACKAGE_CHANGED dat=package: flg=0x5000010 (has extras) }
08-26 01:21:55.926   577   794 D ShortcutService: changing package: com.skyfire.solarapp userId0
08-26 01:21:55.935   988   988 D CarrierSvcBindHelper: onPackageModified: com.skyfire.solarapp
08-26 01:21:55.935   988   988 D CarrierSvcBindHelper: No carrier app for: 0
08-26 01:21:55.939   988   988 E SmsApplication: com.google.android.apps.messaging lost android:read_cell_broadcasts:  (fixing)
08-26 01:21:55.926   577   794 D ShortcutService: handlePackageChanged: com.skyfire.solarapp user=0
08-26 01:21:55.947   577   794 D ShortcutService: rescanPackageIfNeeded 0@com.skyfire.solarapp, forceRescan=true , isNewApp=true
08-26 01:21:55.953   577   794 D ShortcutService: Package com.skyfire.solarapp has 0 manifest shortcut(s), and 0 share target(s)
08-26 01:21:55.953   577  1619 W AppOpService: Ignored setUidMode call for runtime permission app op: uid = 10140, code = READ_CELL_BROADCASTS, mode = allow, callingUid = 1001, oldMode = allow
08-26 01:21:55.975   577   622 W MagnificationConnectionManager: requestConnection duplicated request: connect=false, mConnectionState=DISCONNECTED
08-26 01:21:55.982  1107  1169 D PackageUpdatedTask: Package updated: mOp=ADD packages=[com.skyfire.solarapp]
08-26 01:21:55.985   577   622 W PackageManager: Failed registering loading progress callback. Package is fully loaded.
08-26 01:21:55.996   577   577 W IPCThreadState: Sending oneway calls to frozen process.
08-26 01:21:55.997   577   577 W IPCThreadState: Sending oneway calls to frozen process.
08-26 01:21:56.002  1346  1346 I AiAiEcho: AppFetcherImplV2 updateApps package:[com.skyfire.solarapp], userId:[0], reason:[package is added.].
08-26 01:21:56.004   577   577 W IPCThreadState: Sending oneway calls to frozen process.
08-26 01:21:56.004   577   577 W IPCThreadState: Sending oneway calls to frozen process.
08-26 01:21:56.012   577  3555 E RoleControllerServiceImpl: Default/fallback role holder package doesn't qualify for the role, package: com.google.android.gms, role: android.app.role.WALLET
08-26 01:21:56.018   577   596 I system_server: Background concurrent mark compact GC freed 5531KB AllocSpace bytes, 13(252KB) LOS objects, 41% free, 33MB/57MB, paused 7.086ms,1.569ms total 301.367ms
08-26 01:21:56.018   988   988 E CellBroadcastUtils: getDefaultCellBroadcastReceiverPackageName: no package found
08-26 01:21:56.027   577   598 W System  : A resource failed to call close. 
08-26 01:21:56.028   577  3555 E RoleControllerServiceImpl: Default/fallback role holder package doesn't qualify for the role, package: com.google.android.devicelockcontroller, role: android.app.role.SYSTEM_FINANCED_DEVICE_CONTROLLER
08-26 01:21:56.028   577   598 W system_server: ApkAssets: Deleting an ApkAssets object '<empty> and /data/app/~~5pL1HSSQTA2wLHh3rrGoPQ==/com.google.android.inputmethod.latin-43cBJddsLg_7n3hu2dL0Og==/base.apk' with 1 weak references
08-26 01:21:56.029   577   598 W system_server: ApkAssets: Deleting an ApkAssets object '<empty> and /data/app/~~5pL1HSSQTA2wLHh3rrGoPQ==/com.google.android.inputmethod.latin-43cBJddsLg_7n3hu2dL0Og==/split_brella_feature_split.apk' with 1 weak references
08-26 01:21:56.029   577   598 W system_server: ApkAssets: Deleting an ApkAssets object '<empty> and /data/app/~~5pL1HSSQTA2wLHh3rrGoPQ==/com.google.android.inputmethod.latin-43cBJddsLg_7n3hu2dL0Og==/split_config.xxhdpi.apk' with 1 weak references
08-26 01:21:56.030   577   598 W system_server: ApkAssets: Deleting an ApkAssets object '<empty> and /data/app/~~5pL1HSSQTA2wLHh3rrGoPQ==/com.google.android.inputmethod.latin-43cBJddsLg_7n3hu2dL0Og==/split_dictation_feature_split.apk' with 1 weak references
08-26 01:21:56.030   577   598 W system_server: ApkAssets: Deleting an ApkAssets object '<empty> and /data/app/~~5pL1HSSQTA2wLHh3rrGoPQ==/com.google.android.inputmethod.latin-43cBJddsLg_7n3hu2dL0Og==/split_tenoranimation_feature_split.apk' with 1 weak references
08-26 01:21:56.045  1240  1256 I PermissionControllerServiceImpl: Updating user sensitive for uid 10213
08-26 01:21:56.065   577   601 W AppOpService: Ignored setUidMode call for runtime permission app op: uid = 1001, code = READ_SMS, mode = allow, callingUid = 1001, oldMode = allow
08-26 01:21:56.067   577  1619 W AppOpService: Ignored setUidMode call for runtime permission app op: uid = 1001, code = RECEIVE_SMS, mode = allow, callingUid = 1001, oldMode = allow
08-26 01:21:56.069   577   895 W AppOpService: Ignored setUidMode call for runtime permission app op: uid = 1001, code = RECEIVE_WAP_PUSH, mode = allow, callingUid = 1001, oldMode = allow
08-26 01:21:56.069   577   895 W AppOpService: Ignored setUidMode call for runtime permission app op: uid = 1001, code = SEND_SMS, mode = allow, callingUid = 1001, oldMode = allow
08-26 01:21:56.072   577   895 W AppOpService: Ignored setUidMode call for runtime permission app op: uid = 1001, code = READ_CELL_BROADCASTS, mode = allow, callingUid = 1001, oldMode = allow
08-26 01:21:56.079   577  1619 D ShortcutService: Getting shortcuts for launcher= com.google.android.asuser=0 pkg=null
08-26 01:21:56.079  1107  1107 D StatsLog: LAUNCHER_ALLAPPS_COUNT
08-26 01:21:56.091   988  1185 D ImsResolver: maybeAddedImsService, packageName: com.skyfire.solarapp
08-26 01:21:56.102   577   622 W MagnificationConnectionManager: requestConnection duplicated request: connect=false, mConnectionState=DISCONNECTED
08-26 01:21:56.103   577   577 W IPCThreadState: Sending oneway calls to frozen process.
08-26 01:21:56.103   577   577 W IPCThreadState: Sending oneway calls to frozen process.
08-26 01:21:56.103   577   577 W IPCThreadState: Sending oneway calls to frozen process.
08-26 01:21:56.103   577   577 W IPCThreadState: Sending oneway calls to frozen process.
08-26 01:21:56.107  1346  1346 I AiAiEcho: AppFetcherImpl onPackageChanged com.skyfire.solarapp.
08-26 01:21:56.115  1346  7044 I AiAiEcho: AppIndexer Package:[com.skyfire.solarapp] UserProfile:[0] Enabled:[true].
08-26 01:21:56.116  1346  7044 I AiAiEcho: AppFetcherImplV2 updateApps package:[com.skyfire.solarapp], userId:[0], reason:[package is updated.].
08-26 01:21:56.122   577   601 W ParceledListSlice: Element #26 is 20024 bytes.
08-26 01:21:56.127   577   601 W ParceledListSlice: Element #27 is 20204 bytes.
08-26 01:21:56.131   577   601 W ParceledListSlice: Element #28 is 20464 bytes.
08-26 01:21:56.135   577  1671 W ParceledListSlice: Element #29 is 19928 bytes.
08-26 01:21:56.137  1107  1169 D PackageUpdatedTask: Package updated: mOp=UPDATE packages=[com.skyfire.solarapp]
08-26 01:21:56.140  1346  1649 W PackageManager: Failure retrieving text 0x7f130786 in package com.android.systemui
08-26 01:21:56.140  1346  1649 W PackageManager: android.content.res.Resources$NotFoundException: String resource ID #0x7f130786
08-26 01:21:56.140  1346  1649 W PackageManager: 	at android.content.res.Resources.getText(Resources.java:466)
08-26 01:21:56.140  1346  1649 W PackageManager: 	at android.app.ApplicationPackageManager.getText(ApplicationPackageManager.java:2405)
08-26 01:21:56.140  1346  1649 W PackageManager: 	at android.appwidget.AppWidgetProviderInfo.loadDescription(AppWidgetProviderInfo.java:484)
08-26 01:21:56.140  1346  1649 W PackageManager: 	at kml.a(PG:341)
08-26 01:21:56.140  1346  1649 W PackageManager: 	at kmg.b(PG:39)
08-26 01:21:56.140  1346  1649 W PackageManager: 	at aaer.g(PG:13)
08-26 01:21:56.140  1346  1649 W PackageManager: 	at kotlinx.coroutines.DispatchedTask.run(PG:114)
08-26 01:21:56.140  1346  1649 W PackageManager: 	at java.util.concurrent.Executors$RunnableAdapter.call(Executors.java:487)
08-26 01:21:56.140  1346  1649 W PackageManager: 	at wqm.a(PG:3)
08-26 01:21:56.140  1346  1649 W PackageManager: 	at wpo.run(PG:21)
08-26 01:21:56.140  1346  1649 W PackageManager: 	at wqn.run(PG:5)
08-26 01:21:56.140  1346  1649 W PackageManager: 	at java.util.concurrent.Executors$RunnableAdapter.call(Executors.java:487)
08-26 01:21:56.140  1346  1649 W PackageManager: 	at java.util.concurrent.FutureTask.run(FutureTask.java:264)
08-26 01:21:56.140  1346  1649 W PackageManager: 	at java.util.concurrent.ScheduledThreadPoolExecutor$ScheduledFutureTask.run(ScheduledThreadPoolExecutor.java:307)
08-26 01:21:56.140  1346  1649 W PackageManager: 	at java.util.concurrent.ThreadPoolExecutor.runWorker(ThreadPoolExecutor.java:1145)
