08-27 21:41:59.758 23104 23104 E IPCThreadState: Binder transaction failure. id: 11023180, BR_*: 29201, error: -1 (Operation not permitted)
08-27 21:41:59.762 23104 23104 W service : type=1400 audit(0.0:1218): avc:  denied  { call } for  scontext=u:r:shell:s0 tcontext=u:r:hal_face_default:s0 tclass=binder permissive=0
08-27 21:41:59.846 23104 23104 E IPCThreadState: Binder transaction failure. id: 11023186, BR_*: 29201, error: -1 (Operation not permitted)
08-27 21:41:59.878 23104 23104 W service : type=1400 audit(0.0:1219): avc:  denied  { call } for  scontext=u:r:shell:s0 tcontext=u:r:hal_fingerprint_default:s0 tclass=binder permissive=0
08-27 21:41:59.954 23104 23104 E IPCThreadState: Binder transaction failure. id: 11023200, BR_*: 29201, error: -1 (Operation not permitted)
08-27 21:41:59.962 23104 23104 W service : type=1400 audit(0.0:1220): avc:  denied  { call } for  scontext=u:r:shell:s0 tcontext=u:r:hal_bluetooth_default:s0 tclass=binder permissive=0
08-27 21:42:00.026 23104 23104 E IPCThreadState: Binder transaction failure. id: 11023215, BR_*: 29201, error: -1 (Operation not permitted)
08-27 21:42:00.034 23104 23104 W service : type=1400 audit(0.0:1221): avc:  denied  { call } for  scontext=u:r:shell:s0 tcontext=u:r:hal_audio_default:s0 tclass=binder permissive=0
08-27 21:42:00.116 23104 23104 E IPCThreadState: Binder transaction failure. id: 11023225, BR_*: 29201, error: -1 (Operation not permitted)
08-27 21:42:00.118 23104 23104 W service : type=1400 audit(0.0:1222): avc:  denied  { call } for  scontext=u:r:shell:s0 tcontext=u:r:hal_camera_default:s0 tclass=binder permissive=0
08-27 21:42:00.123  1319  1454 I AiAiEcho: Predicting[0]:  [CONTEXT sampling_count=5 ]
08-27 21:42:00.123  1319  1454 I AiAiEcho: EchoTargets: 
08-27 21:42:00.123  1319  1454 I AiAiEcho: Filtered by AiAi flag check: 
08-27 21:42:00.123  1319  1454 I AiAiEcho: [CONTEXT ratelimit_period="10 SECONDS" ]
08-27 21:42:00.123  1319  1454 I AiAiEcho: Ranked targets strategy: SORT, count: 0, ranking metadata:  [CONTEXT ratelimit_period="10 SECONDS" ]
08-27 21:42:00.133 23104 23104 E IPCThreadState: Binder transaction failure. id: 11023243, BR_*: 29201, error: -1 (Operation not permitted)
08-27 21:42:00.133 23104 23104 E IPCThreadState: Binder transaction failure. id: 11023252, BR_*: 29201, error: -1 (Operation not permitted)
08-27 21:42:00.142 23104 23104 E IPCThreadState: Binder transaction failure. id: 11023261, BR_*: 29201, error: -1 (Operation not permitted)
08-27 21:42:00.130 23104 23104 W service : type=1400 audit(0.0:1223): avc:  denied  { call } for  scontext=u:r:shell:s0 tcontext=u:r:hal_camera_default:s0 tclass=binder permissive=0
08-27 21:42:00.156 23104 23104 E IPCThreadState: Binder transaction failure. id: 11023271, BR_*: 29201, error: -1 (Operation not permitted)
08-27 21:42:00.165  1319  1454 I AiAiEcho: #remoteViewsTwiddler: feature disabled.
08-27 21:42:00.166  1319  1454 I AiAiEcho: Predicting[0]:  [CONTEXT sampling_count=5 ]
08-27 21:42:00.166  1319  1454 I AiAiEcho: EchoTargets: 
08-27 21:42:00.166  1319  1454 I AiAiEcho: Filtered by AiAi flag check: 
08-27 21:42:00.166  1319  1454 I AiAiEcho: [CONTEXT ratelimit_period="10 SECONDS" ]
08-27 21:42:00.166  1319  1454 I AiAiEcho: Ranked targets strategy: SORT, count: 0, ranking metadata:  [CONTEXT ratelimit_period="10 SECONDS" ]
08-27 21:42:00.166  1319  1454 I AiAiEcho: #remoteViewsTwiddler: feature disabled.
08-27 21:42:00.167  1319  1454 I AiAiEcho: #postPredictionTargets: Sending updates to UISurface lockscreen with targets# 0 (types=[])
08-27 21:42:00.138 23104 23104 W service : type=1400 audit(0.0:1224): avc:  denied  { call } for  scontext=u:r:shell:s0 tcontext=u:r:hal_contexthub_default:s0 tclass=binder permissive=0
08-27 21:42:00.150 23104 23104 W service : type=1400 audit(0.0:1225): avc:  denied  { call } for  scontext=u:r:shell:s0 tcontext=u:r:hal_gnss_default:s0 tclass=binder permissive=0
08-27 21:42:00.196  1319  1454 I AiAiEcho: #postPredictionTargets: Sending updates to UISurface home with targets# 0 (types=[])
08-27 21:42:00.214  1124  1124 D SsBaseTemplateCard: No text view can be set up
08-27 21:42:00.215 23104 23104 E IPCThreadState: Binder transaction failure. id: 11023278, BR_*: 29201, error: -1 (Operation not permitted)
08-27 21:42:00.215   824   824 W PageIndicator: Total number of pages invalid: 0. Assuming 1 page.
08-27 21:42:00.216  1124  1124 D SsBaseTemplateCard: Passed-in item info is null
08-27 21:42:00.216  1124  1124 D SsBaseTemplateCard: Passed-in item info is null
08-27 21:42:00.216  1124  1124 D SsBaseTemplateCard: Passed-in item info is null
08-27 21:42:00.216  1124  1124 I SsBaseTemplateCard: Secondary card pane is null
08-27 21:42:00.216 23104 23104 E IPCThreadState: Binder transaction failure. id: 11023287, BR_*: 29201, error: -1 (Operation not permitted)
08-27 21:42:00.216 23104 23104 E IPCThreadState: Binder transaction failure. id: 11023291, BR_*: 29201, error: -1 (Operation not permitted)
08-27 21:42:00.217 23104 23104 E IPCThreadState: Binder transaction failure. id: 11023295, BR_*: 29201, error: -1 (Operation not permitted)
08-27 21:42:00.253 23104 23104 E IPCThreadState: Binder transaction failure. id: 11023321, BR_*: 29201, error: -1 (Operation not permitted)
08-27 21:42:00.254 23104 23104 E IPCThreadState: Binder transaction failure. id: 11023325, BR_*: 29201, error: -1 (Operation not permitted)
08-27 21:42:00.262 23104 23104 E IPCThreadState: Binder transaction failure. id: 11023330, BR_*: 29201, error: -1 (Operation not permitted)
08-27 21:42:00.263 23104 23104 E IPCThreadState: Binder transaction failure. id: 11023337, BR_*: 29201, error: -1 (Operation not permitted)
08-27 21:42:00.263 23104 23104 E IPCThreadState: Binder transaction failure. id: 11023345, BR_*: 29201, error: -1 (Operation not permitted)
08-27 21:42:00.263   824   927 D EGL_emulation: app_time_stats: avg=14822.29ms min=14822.29ms max=14822.29ms count=1
08-27 21:42:00.263 23104 23104 E IPCThreadState: Binder transaction failure. id: 11023349, BR_*: 29201, error: -1 (Operation not permitted)
08-27 21:42:00.264 23104 23104 E IPCThreadState: Binder transaction failure. id: 11023353, BR_*: 29201, error: -1 (Operation not permitted)
08-27 21:42:00.264  1124  1425 D EGL_emulation: app_time_stats: avg=60141.34ms min=60141.34ms max=60141.34ms count=1
08-27 21:42:00.264 23104 23104 E IPCThreadState: Binder transaction failure. id: 11023357, BR_*: 29201, error: -1 (Operation not permitted)
08-27 21:42:00.264 23104 23104 E IPCThreadState: Binder transaction failure. id: 11023361, BR_*: 29201, error: -1 (Operation not permitted)
08-27 21:42:00.264 23104 23104 E IPCThreadState: Binder transaction failure. id: 11023365, BR_*: 29201, error: -1 (Operation not permitted)
08-27 21:42:00.275 23104 23104 E IPCThreadState: Binder transaction failure. id: 11023369, BR_*: 29201, error: -1 (Operation not permitted)
08-27 21:42:00.280 23104 23104 E IPCThreadState: Binder transaction failure. id: 11023377, BR_*: 29201, error: -1 (Operation not permitted)
08-27 21:42:00.396 23104 23104 E IPCThreadState: Binder transaction failure. id: 11023403, BR_*: 29201, error: -1 (Operation not permitted)
08-27 21:42:00.406 23104 23104 E IPCThreadState: Binder transaction failure. id: 11023407, BR_*: 29201, error: -1 (Operation not permitted)
08-27 21:42:00.415 23104 23104 E IPCThreadState: Binder transaction failure. id: 11023412, BR_*: 29201, error: -1 (Operation not permitted)
08-27 21:42:00.429 23104 23104 E IPCThreadState: Binder transaction failure. id: 11023417, BR_*: 29201, error: -1 (Operation not permitted)
08-27 21:42:00.430 23104 23104 E IPCThreadState: Binder transaction failure. id: 11023421, BR_*: 29201, error: -1 (Operation not permitted)
08-27 21:42:00.434 23104 23104 E IPCThreadState: Binder transaction failure. id: 11023425, BR_*: 29201, error: -1 (Operation not permitted)
08-27 21:42:00.539 23104 23104 E IPCThreadState: Binder transaction failure. id: 11023477, BR_*: 29201, error: -1 (Operation not permitted)
08-27 21:42:00.543 23104 23104 E IPCThreadState: Binder transaction failure. id: 11023481, BR_*: 29201, error: -1 (Operation not permitted)
08-27 21:42:00.555 23104 23104 E Parcel  : Reading a NULL string not supported here.
08-27 21:42:00.717 23104 23104 E Parcel  : Reading a NULL string not supported here.
08-27 21:42:00.752 23104 23104 E Parcel  : Reading a NULL string not supported here.
08-27 21:42:00.800 23104 23104 E Parcel  : Reading a NULL string not supported here.
08-27 21:42:00.976 23104 23104 E Parcel  : Reading a NULL string not supported here.
08-27 21:42:01.054 23104 23104 E Parcel  : Reading a NULL string not supported here.
08-27 21:42:01.065 23104 23104 E Parcel  : Reading a NULL string not supported here.
08-27 21:42:01.124 23104 23104 E Parcel  : Reading a NULL string not supported here.
08-27 21:42:01.162 23104 23104 E Parcel  : Reading a NULL string not supported here.
08-27 21:42:01.305 23104 23104 E Parcel  : Reading a NULL string not supported here.
08-27 21:42:01.415 23104 23104 E Parcel  : Reading a NULL string not supported here.
08-27 21:42:01.704 23104 23104 E Parcel  : Reading a NULL string not supported here.
08-27 21:42:01.716 23104 23104 E Parcel  : Reading a NULL string not supported here.
08-27 21:42:01.917 23104 23104 E Parcel  : Reading a NULL string not supported here.
08-27 21:42:02.072 23104 23104 E Parcel  : Reading a NULL string not supported here.
08-27 21:42:02.404 23104 23104 E Parcel  : Reading a NULL string not supported here.
08-27 21:42:02.599 23104 23104 E Parcel  : Reading a NULL string not supported here.
08-27 21:42:02.909 23104 23104 E Parcel  : Reading a NULL string not supported here.
08-27 21:42:02.974 23104 23104 E Parcel  : Reading a NULL string not supported here.
08-27 21:42:03.319 23104 23104 E IPCThreadState: Binder transaction failure. id: 11024745, BR_*: 29201, error: -1 (Operation not permitted)
08-27 21:42:03.302 23104 23104 W service : type=1400 audit(0.0:1250): avc:  denied  { call } for  scontext=u:r:shell:s0 tcontext=u:r:wificond:s0 tclass=binder permissive=0
08-27 21:42:03.488 23107 23107 E Parcel  : Reading a NULL string not supported here.
08-27 21:42:03.698 23107 23107 E IPCThreadState: Binder transaction failure. id: 11024870, BR_*: 29201, error: -1 (Operation not permitted)
08-27 21:42:03.703 23107 23107 E IPCThreadState: Binder transaction failure. id: 11024874, BR_*: 29201, error: -1 (Operation not permitted)
08-27 21:42:03.720 23107 23107 E IPCThreadState: Binder transaction failure. id: 11024879, BR_*: 29201, error: -1 (Operation not permitted)
08-27 21:42:03.694 23107 23107 W service : type=1400 audit(0.0:1251): avc:  denied  { call } for  scontext=u:r:shell:s0 tcontext=u:r:hal_authsecret_default:s0 tclass=binder permissive=0
08-27 21:42:03.724 23107 23107 E IPCThreadState: Binder transaction failure. id: 11024883, BR_*: 29201, error: -1 (Operation not permitted)
08-27 21:42:03.698 23107 23107 W service : type=1400 audit(0.0:1252): avc:  denied  { call } for  scontext=u:r:shell:s0 tcontext=u:r:hal_face_default:s0 tclass=binder permissive=0
08-27 21:42:03.738 23107 23107 E IPCThreadState: Binder transaction failure. id: 11024888, BR_*: 29201, error: -1 (Operation not permitted)
08-27 21:42:03.739 23107 23107 E IPCThreadState: Binder transaction failure. id: 11024892, BR_*: 29201, error: -1 (Operation not permitted)
08-27 21:42:03.739 23107 23107 E IPCThreadState: Binder transaction failure. id: 11024896, BR_*: 29201, error: -1 (Operation not permitted)
08-27 21:42:03.740 23107 23107 E IPCThreadState: Binder transaction failure. id: 11024905, BR_*: 29201, error: -1 (Operation not permitted)
08-27 21:42:03.744 23107 23107 E IPCThreadState: Binder transaction failure. id: 11024915, BR_*: 29201, error: -1 (Operation not permitted)
08-27 21:42:03.745 23107 23107 E IPCThreadState: Binder transaction failure. id: 11024919, BR_*: 29201, error: -1 (Operation not permitted)
08-27 21:42:03.753 23107 23107 E IPCThreadState: Binder transaction failure. id: 11024923, BR_*: 29201, error: -1 (Operation not permitted)
08-27 21:42:03.772 23107 23107 E IPCThreadState: Binder transaction failure. id: 11024927, BR_*: 29201, error: -1 (Operation not permitted)
08-27 21:42:03.779 23107 23107 E IPCThreadState: Binder transaction failure. id: 11024932, BR_*: 29201, error: -1 (Operation not permitted)
08-27 21:42:03.718 23107 23107 W service : type=1400 audit(0.0:1253): avc:  denied  { call } for  scontext=u:r:shell:s0 tcontext=u:r:hal_fingerprint_default:s0 tclass=binder permissive=0
08-27 21:42:03.803 23107 23107 E IPCThreadState: Binder transaction failure. id: 11024957, BR_*: 29201, error: -1 (Operation not permitted)
08-27 21:42:03.722 23107 23107 W service : type=1400 audit(0.0:1254): avc:  denied  { call } for  scontext=u:r:shell:s0 tcontext=u:r:hal_bluetooth_default:s0 tclass=binder permissive=0
08-27 21:42:03.815 23107 23107 E IPCThreadState: Binder transaction failure. id: 11024961, BR_*: 29201, error: -1 (Operation not permitted)
08-27 21:42:03.864 23107 23107 E IPCThreadState: Binder transaction failure. id: 11024967, BR_*: 29201, error: -1 (Operation not permitted)
08-27 21:42:03.864 23107 23107 E IPCThreadState: Binder transaction failure. id: 11024971, BR_*: 29201, error: -1 (Operation not permitted)
08-27 21:42:03.864 23107 23107 E IPCThreadState: Binder transaction failure. id: 11024975, BR_*: 29201, error: -1 (Operation not permitted)
08-27 21:42:03.864 23107 23107 E IPCThreadState: Binder transaction failure. id: 11024979, BR_*: 29201, error: -1 (Operation not permitted)
08-27 21:42:03.875 23107 23107 E IPCThreadState: Binder transaction failure. id: 11024984, BR_*: 29201, error: -1 (Operation not permitted)
08-27 21:42:03.885 23107 23107 E IPCThreadState: Binder transaction failure. id: 11024988, BR_*: 29201, error: -1 (Operation not permitted)
08-27 21:42:03.885 23107 23107 E IPCThreadState: Binder transaction failure. id: 11024992, BR_*: 29201, error: -1 (Operation not permitted)
08-27 21:42:03.886 23107 23107 E IPCThreadState: Binder transaction failure. id: 11024996, BR_*: 29201, error: -1 (Operation not permitted)
08-27 21:42:03.889 23107 23107 E IPCThreadState: Binder transaction failure. id: 11025000, BR_*: 29201, error: -1 (Operation not permitted)
08-27 21:42:03.896 23107 23107 E IPCThreadState: Binder transaction failure. id: 11025005, BR_*: 29201, error: -1 (Operation not permitted)
08-27 21:42:04.014 23107 23107 E IPCThreadState: Binder transaction failure. id: 11025025, BR_*: 29201, error: -1 (Operation not permitted)
08-27 21:42:04.062 23107 23107 E IPCThreadState: Binder transaction failure. id: 11025033, BR_*: 29201, error: -1 (Operation not permitted)
08-27 21:42:04.067 23107 23107 E IPCThreadState: Binder transaction failure. id: 11025037, BR_*: 29201, error: -1 (Operation not permitted)
08-27 21:42:04.068 23107 23107 E IPCThreadState: Binder transaction failure. id: 11025041, BR_*: 29201, error: -1 (Operation not permitted)
08-27 21:42:04.077 23107 23107 E IPCThreadState: Binder transaction failure. id: 11025046, BR_*: 29201, error: -1 (Operation not permitted)
08-27 21:42:04.078 23107 23107 E IPCThreadState: Binder transaction failure. id: 11025050, BR_*: 29201, error: -1 (Operation not permitted)
08-27 21:42:04.191 23107 23107 E IPCThreadState: Binder transaction failure. id: 11025102, BR_*: 29201, error: -1 (Operation not permitted)
08-27 21:42:04.191 23107 23107 E IPCThreadState: Binder transaction failure. id: 11025106, BR_*: 29201, error: -1 (Operation not permitted)
08-27 21:42:04.203 23107 23107 E Parcel  : Reading a NULL string not supported here.
08-27 21:42:04.396 23107 23107 E Parcel  : Reading a NULL string not supported here.
08-27 21:42:04.435 23107 23107 E Parcel  : Reading a NULL string not supported here.
08-27 21:42:04.546 23107 23107 E Parcel  : Reading a NULL string not supported here.
08-27 21:42:04.693 23107 23107 E Parcel  : Reading a NULL string not supported here.
08-27 21:42:04.739 23107 23107 E Parcel  : Reading a NULL string not supported here.
08-27 21:42:04.757 23107 23107 E Parcel  : Reading a NULL string not supported here.
08-27 21:42:04.827 23107 23107 E Parcel  : Reading a NULL string not supported here.
08-27 21:42:04.857 23107 23107 E Parcel  : Reading a NULL string not supported here.
08-27 21:42:05.015 23107 23107 E Parcel  : Reading a NULL string not supported here.
08-27 21:42:05.104 23107 23107 E Parcel  : Reading a NULL string not supported here.
08-27 21:42:05.363 23107 23107 E Parcel  : Reading a NULL string not supported here.
08-27 21:42:05.413 23107 23107 E Parcel  : Reading a NULL string not supported here.
08-27 21:42:05.516   824   927 D EGL_emulation: app_time_stats: avg=5252.21ms min=5252.21ms max=5252.21ms count=1
08-27 21:42:05.611 23107 23107 E Parcel  : Reading a NULL string not supported here.
08-27 21:42:05.767 23107 23107 E Parcel  : Reading a NULL string not supported here.
08-27 21:42:06.120 23107 23107 E Parcel  : Reading a NULL string not supported here.
08-27 21:42:06.270 23107 23107 E Parcel  : Reading a NULL string not supported here.
08-27 21:42:06.499 23107 23107 E Parcel  : Reading a NULL string not supported here.
08-27 21:42:06.544 23107 23107 E Parcel  : Reading a NULL string not supported here.
08-27 21:42:06.862 23107 23107 W service : type=1400 audit(0.0:1284): avc:  denied  { call } for  scontext=u:r:shell:s0 tcontext=u:r:wificond:s0 tclass=binder permissive=0
08-27 21:42:06.907 23107 23107 E IPCThreadState: Binder transaction failure. id: 11026384, BR_*: 29201, error: -1 (Operation not permitted)
08-27 21:42:07.055 23109 23109 E Parcel  : Reading a NULL string not supported here.
08-27 21:42:07.194 23109 23109 W service : type=1400 audit(0.0:1285): avc:  denied  { call } for  scontext=u:r:shell:s0 tcontext=u:r:hal_authsecret_default:s0 tclass=binder permissive=0
08-27 21:42:07.232 23109 23109 E IPCThreadState: Binder transaction failure. id: 11026506, BR_*: 29201, error: -1 (Operation not permitted)
08-27 21:42:07.234 23109 23109 W service : type=1400 audit(0.0:1286): avc:  denied  { call } for  scontext=u:r:shell:s0 tcontext=u:r:hal_face_default:s0 tclass=binder permissive=0
08-27 21:42:07.299 23109 23109 E IPCThreadState: Binder transaction failure. id: 11026512, BR_*: 29201, error: -1 (Operation not permitted)
08-27 21:42:07.306 23109 23109 W service : type=1400 audit(0.0:1287): avc:  denied  { call } for  scontext=u:r:shell:s0 tcontext=u:r:hal_fingerprint_default:s0 tclass=binder permissive=0
08-27 21:42:07.358 23109 23109 E IPCThreadState: Binder transaction failure. id: 11026520, BR_*: 29201, error: -1 (Operation not permitted)
08-27 21:42:07.354 23109 23109 W service : type=1400 audit(0.0:1288): avc:  denied  { call } for  scontext=u:r:shell:s0 tcontext=u:r:hal_bluetooth_default:s0 tclass=binder permissive=0
08-27 21:42:07.407 23109 23109 E IPCThreadState: Binder transaction failure. id: 11026528, BR_*: 29201, error: -1 (Operation not permitted)
08-27 21:42:07.432 23109 23109 E IPCThreadState: Binder transaction failure. id: 11026535, BR_*: 29201, error: -1 (Operation not permitted)
08-27 21:42:07.440 23109 23109 E IPCThreadState: Binder transaction failure. id: 11026540, BR_*: 29201, error: -1 (Operation not permitted)
08-27 21:42:07.451 23109 23109 E IPCThreadState: Binder transaction failure. id: 11026545, BR_*: 29201, error: -1 (Operation not permitted)
08-27 21:42:07.473 23109 23109 E IPCThreadState: Binder transaction failure. id: 11026555, BR_*: 29201, error: -1 (Operation not permitted)
08-27 21:42:07.488 23109 23109 E IPCThreadState: Binder transaction failure. id: 11026565, BR_*: 29201, error: -1 (Operation not permitted)
08-27 21:42:07.488 23109 23109 E IPCThreadState: Binder transaction failure. id: 11026569, BR_*: 29201, error: -1 (Operation not permitted)
08-27 21:42:07.488 23109 23109 E IPCThreadState: Binder transaction failure. id: 11026573, BR_*: 29201, error: -1 (Operation not permitted)
08-27 21:42:07.508 23109 23109 E IPCThreadState: Binder transaction failure. id: 11026578, BR_*: 29201, error: -1 (Operation not permitted)
08-27 21:42:07.509 23109 23109 E IPCThreadState: Binder transaction failure. id: 11026582, BR_*: 29201, error: -1 (Operation not permitted)
08-27 21:42:07.588 23109 23109 E IPCThreadState: Binder transaction failure. id: 11026609, BR_*: 29201, error: -1 (Operation not permitted)
08-27 21:42:07.589 23109 23109 E IPCThreadState: Binder transaction failure. id: 11026613, BR_*: 29201, error: -1 (Operation not permitted)
08-27 21:42:07.596 23109 23109 E IPCThreadState: Binder transaction failure. id: 11026617, BR_*: 29201, error: -1 (Operation not permitted)
08-27 21:42:07.603 23109 23109 E IPCThreadState: Binder transaction failure. id: 11026622, BR_*: 29201, error: -1 (Operation not permitted)
08-27 21:42:07.603 23109 23109 E IPCThreadState: Binder transaction failure. id: 11026626, BR_*: 29201, error: -1 (Operation not permitted)
08-27 21:42:07.603 23109 23109 E IPCThreadState: Binder transaction failure. id: 11026630, BR_*: 29201, error: -1 (Operation not permitted)
08-27 21:42:07.603 23109 23109 E IPCThreadState: Binder transaction failure. id: 11026634, BR_*: 29201, error: -1 (Operation not permitted)
08-27 21:42:07.609 23109 23109 E IPCThreadState: Binder transaction failure. id: 11026638, BR_*: 29201, error: -1 (Operation not permitted)
08-27 21:42:07.611 23109 23109 E IPCThreadState: Binder transaction failure. id: 11026643, BR_*: 29201, error: -1 (Operation not permitted)
08-27 21:42:07.618 23109 23109 E IPCThreadState: Binder transaction failure. id: 11026647, BR_*: 29201, error: -1 (Operation not permitted)
08-27 21:42:07.618 23109 23109 E IPCThreadState: Binder transaction failure. id: 11026651, BR_*: 29201, error: -1 (Operation not permitted)
08-27 21:42:07.619 23109 23109 E IPCThreadState: Binder transaction failure. id: 11026655, BR_*: 29201, error: -1 (Operation not permitted)
08-27 21:42:07.712 23109 23109 E IPCThreadState: Binder transaction failure. id: 11026674, BR_*: 29201, error: -1 (Operation not permitted)
08-27 21:42:07.714 23109 23109 E IPCThreadState: Binder transaction failure. id: 11026679, BR_*: 29201, error: -1 (Operation not permitted)
08-27 21:42:07.723 23109 23109 E IPCThreadState: Binder transaction failure. id: 11026683, BR_*: 29201, error: -1 (Operation not permitted)
08-27 21:42:07.731 23109 23109 E IPCThreadState: Binder transaction failure. id: 11026687, BR_*: 29201, error: -1 (Operation not permitted)
08-27 21:42:07.731 23109 23109 E IPCThreadState: Binder transaction failure. id: 11026692, BR_*: 29201, error: -1 (Operation not permitted)
08-27 21:42:07.732 23109 23109 E IPCThreadState: Binder transaction failure. id: 11026696, BR_*: 29201, error: -1 (Operation not permitted)
08-27 21:42:07.810 23109 23109 E IPCThreadState: Binder transaction failure. id: 11026744, BR_*: 29201, error: -1 (Operation not permitted)
08-27 21:42:07.811 23109 23109 E IPCThreadState: Binder transaction failure. id: 11026748, BR_*: 29201, error: -1 (Operation not permitted)
08-27 21:42:07.831 23109 23109 E Parcel  : Reading a NULL string not supported here.
08-27 21:42:07.962 23109 23109 E Parcel  : Reading a NULL string not supported here.
08-27 21:42:08.001 23109 23109 E Parcel  : Reading a NULL string not supported here.
08-27 21:42:08.079 23109 23109 E Parcel  : Reading a NULL string not supported here.
08-27 21:42:08.197 23109 23109 E Parcel  : Reading a NULL string not supported here.
08-27 21:42:08.283 23109 23109 E Parcel  : Reading a NULL string not supported here.
08-27 21:42:08.314 23109 23109 E Parcel  : Reading a NULL string not supported here.
08-27 21:42:08.421 23109 23109 E Parcel  : Reading a NULL string not supported here.
08-27 21:42:08.429 23109 23109 E Parcel  : Reading a NULL string not supported here.
08-27 21:42:08.570 23109 23109 E Parcel  : Reading a NULL string not supported here.
08-27 21:42:08.668 23109 23109 E Parcel  : Reading a NULL string not supported here.
08-27 21:42:08.818   576   615 D KernelCpuUidUserSysTimeReader: Removing uids 10242-10242
08-27 21:42:08.961 23109 23109 E Parcel  : Reading a NULL string not supported here.
08-27 21:42:08.997 23109 23109 E Parcel  : Reading a NULL string not supported here.
08-27 21:42:09.185 23109 23109 E Parcel  : Reading a NULL string not supported here.
08-27 21:42:09.329 23109 23109 E Parcel  : Reading a NULL string not supported here.
08-27 21:42:09.689 23109 23109 E Parcel  : Reading a NULL string not supported here.
08-27 21:42:09.836 23109 23109 E Parcel  : Reading a NULL string not supported here.
08-27 21:42:10.030 23109 23109 E Parcel  : Reading a NULL string not supported here.
08-27 21:42:10.105 23109 23109 E Parcel  : Reading a NULL string not supported here.
08-27 21:42:10.389 23109 23109 E IPCThreadState: Binder transaction failure. id: 11028008, BR_*: 29201, error: -1 (Operation not permitted)
08-27 21:42:10.386 23109 23109 W service : type=1400 audit(0.0:1318): avc:  denied  { call } for  scontext=u:r:shell:s0 tcontext=u:r:wificond:s0 tclass=binder permissive=0
08-27 21:42:15.443  1056  1937 I NullBinder: NullBinder for android.net.action.RECOMMEND_NETWORKS triggering remote TransactionTooLargeException due to Service without Chimera impl, calling uid: 1000, calling pid: 0
08-27 21:42:15.443  1056  1937 W .gms.persistent: Large reply transaction of 1056768 bytes, interface descriptor , code 1
08-27 21:42:15.443  2240  2349 D WM-NetworkStateTracker: Network capabilities changed: [ Transports: WIFI Capabilities: NOT_METERED&INTERNET&NOT_RESTRICTED&TRUSTED&NOT_VPN&VALIDATED&NOT_ROAMING&FOREGROUND&NOT_CONGESTED&NOT_SUSPENDED&NOT_VCN_MANAGED&NOT_BANDWIDTH_CONSTRAINED LinkUpBandwidth>=12000Kbps LinkDnBandwidth>=30000Kbps TransportInfo: <SSID: <unknown ssid>, BSSID: 02:00:00:00:00:00, MAC: 02:00:00:00:00:00, IP: /10.0.2.16, Security type: 0, Supplicant state: COMPLETED, Wi-Fi standard: legacy, RSSI: -50, Link speed: 2Mbps, Tx Link speed: 2Mbps, Max Supported Tx Link speed: 11Mbps, Rx Link speed: 2Mbps, Max Supported Rx Link speed: 11Mbps, Frequency: 2447MHz, Net ID: -1, Metered hint: false, score: 60, isUsable: true, CarrierMerged: false, SubscriptionId: -1, IsPrimary: -1, Trusted: true, Restricted: false, Ephemeral: false, OEM paid: false, OEM private: false, OSU AP: false, FQDN: <none>, Provider friendly name: <none>, Requesting package name: <none><none>MLO Information: , Is TID-To-Link negotiation supported by the AP: false, AP MLD Address: <none>, AP MLO Link Id: <none>, AP MLO Affiliated links: <none>, Vendor Data: <none>> SignalStrength: -50 UnderlyingNetworks: Null]
08-27 21:42:15.465  1360  2196 I BugleRcsEngine: handleMessage processing message:[NOTIFY_UPTIME_IGNORE_STATE_CHANGED] with [non-null]:RcsEngineImpl reference [CONTEXT log_prefix="RcsEngineImpl[DUAL_REG]:[3f97ef73-e7a4]>Handler" thread_id=65 ]
08-27 21:42:15.475   576   734 W IPCThreadState: Sending oneway calls to frozen process.
08-27 21:42:15.500   576   734 W IPCThreadState: Sending oneway calls to frozen process.
08-27 21:42:15.507   576   734 W IPCThreadState: Sending oneway calls to frozen process.
08-27 21:42:15.526   576   734 W IPCThreadState: Sending oneway calls to frozen process.
08-27 21:42:15.541   576   734 W IPCThreadState: Sending oneway calls to frozen process.
08-27 21:42:15.542  1360  1889 I BugleRcsEngine: Connected state: [1], networkType: [WIFI] [CONTEXT thread_id=57 ]
08-27 21:42:15.546   576   734 W IPCThreadState: Sending oneway calls to frozen process.
08-27 21:42:15.547   576   734 W IPCThreadState: Sending oneway calls to frozen process.
08-27 21:42:15.548   576   734 W IPCThreadState: Sending oneway calls to frozen process.
08-27 21:42:15.548   576   734 W IPCThreadState: Sending oneway calls to frozen process.
08-27 21:42:15.548   576   734 W IPCThreadState: Sending oneway calls to frozen process.
08-27 21:42:15.593   576   734 W IPCThreadState: Sending oneway calls to frozen process.
08-27 21:42:15.604   576   734 W IPCThreadState: Sending oneway calls to frozen process.
08-27 21:42:15.605   576   734 W IPCThreadState: Sending oneway calls to frozen process.
08-27 21:42:15.621   576   734 W IPCThreadState: Sending oneway calls to frozen process.
08-27 21:42:15.624   576   734 W IPCThreadState: Sending oneway calls to frozen process.
08-27 21:42:15.627   576   734 W IPCThreadState: Sending oneway calls to frozen process.
08-27 21:42:15.627   576   734 W IPCThreadState: Sending oneway calls to frozen process.
08-27 21:42:15.632   576   655 W ContentProviderHelper: Slow operation: 82ms so far, now at getContentProviderImpl: after updateOomAdj
08-27 21:42:15.647   576   655 W ContentProviderHelper: Slow operation: 113ms so far, now at getContentProviderImpl: done!
08-27 21:42:15.678  1360  2196 I BugleRcsEngine: No RCS Configuration was found in Bugle for simID: redacted-pii:sim_id[chars:20,last3:897] [CONTEXT log_prefix="ProvisioningEngineDataRetriever" thread_id=65 ]
08-27 21:42:19.114   576   655 E SystemServiceRegistry: No service published for: persistent_data_block
08-27 21:42:19.114   576   655 E SystemServiceRegistry: android.os.ServiceManager$ServiceNotFoundException: No service published for: persistent_data_block
08-27 21:42:19.114   576   655 E SystemServiceRegistry: 	at android.os.ServiceManager.getServiceOrThrow(ServiceManager.java:203)
08-27 21:42:19.114   576   655 E SystemServiceRegistry: 	at android.app.SystemServiceRegistry$81.createService(SystemServiceRegistry.java:1071)
08-27 21:42:19.114   576   655 E SystemServiceRegistry: 	at android.app.SystemServiceRegistry$81.createService(SystemServiceRegistry.java:1068)
08-27 21:42:19.114   576   655 E SystemServiceRegistry: 	at android.app.SystemServiceRegistry$StaticServiceFetcher.getService(SystemServiceRegistry.java:2293)
08-27 21:42:19.114   576   655 E SystemServiceRegistry: 	at android.app.SystemServiceRegistry.getSystemService(SystemServiceRegistry.java:1812)
08-27 21:42:19.114   576   655 E SystemServiceRegistry: 	at android.app.ContextImpl.getSystemService(ContextImpl.java:2241)
08-27 21:42:19.114   576   655 E SystemServiceRegistry: 	at android.content.Context.getSystemService(Context.java:4503)
08-27 21:42:19.114   576   655 E SystemServiceRegistry: 	at com.android.server.pm.PackageInstallerSession.markAsSealed(PackageInstallerSession.java:2394)
08-27 21:42:19.114   576   655 E SystemServiceRegistry: 	at com.android.server.pm.PackageInstallerSession.commit(PackageInstallerSession.java:2143)
08-27 21:42:19.114   576   655 E SystemServiceRegistry: 	at android.content.pm.PackageInstaller$Session.commit(PackageInstaller.java:1977)
08-27 21:42:19.114   576   655 E SystemServiceRegistry: 	at com.android.server.pm.PackageManagerShellCommand.doCommitSession(PackageManagerShellCommand.java:4298)
08-27 21:42:19.114   576   655 E SystemServiceRegistry: 	at com.android.server.pm.PackageManagerShellCommand.doRunInstall(PackageManagerShellCommand.java:1634)
08-27 21:42:19.114   576   655 E SystemServiceRegistry: 	at com.android.server.pm.PackageManagerShellCommand.runInstall(PackageManagerShellCommand.java:1561)
08-27 21:42:19.114   576   655 E SystemServiceRegistry: 	at com.android.server.pm.PackageManagerShellCommand.onCommand(PackageManagerShellCommand.java:245)
08-27 21:42:19.114   576   655 E SystemServiceRegistry: 	at com.android.modules.utils.BasicShellCommandHandler.exec(BasicShellCommandHandler.java:97)
08-27 21:42:19.114   576   655 E SystemServiceRegistry: 	at android.os.ShellCommand.exec(ShellCommand.java:38)
08-27 21:42:19.114   576   655 E SystemServiceRegistry: 	at com.android.server.pm.PackageManagerService$IPackageManagerImpl.onShellCommand(PackageManagerService.java:6561)
08-27 21:42:19.114   576   655 E SystemServiceRegistry: 	at android.os.Binder.shellCommand(Binder.java:1230)
08-27 21:42:19.114   576   655 E SystemServiceRegistry: 	at android.os.Binder.onTransact(Binder.java:1043)
08-27 21:42:19.114   576   655 E SystemServiceRegistry: 	at android.content.pm.IPackageManager$Stub.onTransact(IPackageManager.java:4620)
08-27 21:42:19.114   576   655 E SystemServiceRegistry: 	at com.android.server.pm.PackageManagerService$IPackageManagerImpl.onTransact(PackageManagerService.java:6545)
08-27 21:42:19.114   576   655 E SystemServiceRegistry: 	at android.os.Binder.execTransactInternal(Binder.java:1505)
08-27 21:42:19.114   576   655 E SystemServiceRegistry: 	at android.os.Binder.execTransact(Binder.java:1444)
08-27 21:42:19.115   576   655 E SystemServiceRegistry: Manager wrapper not available: persistent_data_block
08-27 21:42:19.722   576   644 D FileSystemUtils: Punching holes in file: /data/app/vmdl1026722440.tmp/base.apk programHeaderOffset: 64 programHeaderNum: 10
08-27 21:42:19.722   576   644 D FileSystemUtils: Total number of LOAD segments 3
08-27 21:42:19.722   576   644 D FileSystemUtils: Size before punching holes st_blocks: 335392, st_blksize: 4096, st_size: 171712056
08-27 21:42:19.722   576   644 D FileSystemUtils: Size after punching holes st_blocks: 335392, st_blksize: 4096, st_size: 171712056
08-27 21:42:19.722   576   644 D FileSystemUtils: Extra field length: 363,  Size before punching holes st_blocks: 335392, st_blksize: 4096, st_size: 171712056
08-27 21:42:19.722   576   644 D FileSystemUtils: Skipping punching apk as extra field length is less than block size
08-27 21:42:19.722   576   644 W NativeLibraryHelper: Failed to punch apk : /data/app/vmdl1026722440.tmp/base.apk at extra field
08-27 21:42:19.723   576   644 D FileSystemUtils: Punching holes in file: /data/app/vmdl1026722440.tmp/base.apk programHeaderOffset: 64 programHeaderNum: 10
08-27 21:42:19.723   576   644 D FileSystemUtils: Total number of LOAD segments 3
08-27 21:42:19.723   576   644 D FileSystemUtils: Size before punching holes st_blocks: 335392, st_blksize: 4096, st_size: 171712056
08-27 21:42:19.723   576   644 D FileSystemUtils: Size after punching holes st_blocks: 335392, st_blksize: 4096, st_size: 171712056
08-27 21:42:19.723   576   644 D FileSystemUtils: Extra field length: 2939,  Size before punching holes st_blocks: 335392, st_blksize: 4096, st_size: 171712056
08-27 21:42:19.723   576   644 D FileSystemUtils: Skipping punching apk as extra field length is less than block size
08-27 21:42:19.723   576   644 W NativeLibraryHelper: Failed to punch apk : /data/app/vmdl1026722440.tmp/base.apk at extra field
08-27 21:42:19.726   576   644 D FileSystemUtils: Punching holes in file: /data/app/vmdl1026722440.tmp/base.apk programHeaderOffset: 64 programHeaderNum: 10
08-27 21:42:19.726   576   644 D FileSystemUtils: Total number of LOAD segments 3
08-27 21:42:19.726   576   644 D FileSystemUtils: Size before punching holes st_blocks: 335392, st_blksize: 4096, st_size: 171712056
08-27 21:42:19.726   576   644 D FileSystemUtils: Size after punching holes st_blocks: 335392, st_blksize: 4096, st_size: 171712056
08-27 21:42:19.726   576   644 D FileSystemUtils: Extra field length: 2056,  Size before punching holes st_blocks: 335392, st_blksize: 4096, st_size: 171712056
08-27 21:42:19.726   576   644 D FileSystemUtils: Skipping punching apk as extra field length is less than block size
08-27 21:42:19.726   576   644 W NativeLibraryHelper: Failed to punch apk : /data/app/vmdl1026722440.tmp/base.apk at extra field
08-27 21:42:19.726   576   644 D FileSystemUtils: Punching holes in file: /data/app/vmdl1026722440.tmp/base.apk programHeaderOffset: 64 programHeaderNum: 10
08-27 21:42:19.726   576   644 D FileSystemUtils: Total number of LOAD segments 3
08-27 21:42:19.726   576   644 D FileSystemUtils: Size before punching holes st_blocks: 335392, st_blksize: 4096, st_size: 171712056
08-27 21:42:19.727   576   644 D FileSystemUtils: Size after punching holes st_blocks: 335392, st_blksize: 4096, st_size: 171712056
08-27 21:42:19.727   576   644 D FileSystemUtils: Extra field length: 2552,  Size before punching holes st_blocks: 335392, st_blksize: 4096, st_size: 171712056
08-27 21:42:19.727   576   644 D FileSystemUtils: Skipping punching apk as extra field length is less than block size
08-27 21:42:19.735   576   644 W NativeLibraryHelper: Failed to punch apk : /data/app/vmdl1026722440.tmp/base.apk at extra field
08-27 21:42:19.742   576   644 D FileSystemUtils: Punching holes in file: /data/app/vmdl1026722440.tmp/base.apk programHeaderOffset: 64 programHeaderNum: 10
08-27 21:42:19.742   576   644 D FileSystemUtils: Total number of LOAD segments 3
08-27 21:42:19.743   576   644 D FileSystemUtils: Size before punching holes st_blocks: 335392, st_blksize: 4096, st_size: 171712056
08-27 21:42:19.743   576   644 D FileSystemUtils: Size after punching holes st_blocks: 335392, st_blksize: 4096, st_size: 171712056
08-27 21:42:19.744   576   644 D FileSystemUtils: Extra field length: 1525,  Size before punching holes st_blocks: 335392, st_blksize: 4096, st_size: 171712056
08-27 21:42:19.744   576   644 D FileSystemUtils: Skipping punching apk as extra field length is less than block size
08-27 21:42:19.744   576   644 W NativeLibraryHelper: Failed to punch apk : /data/app/vmdl1026722440.tmp/base.apk at extra field
08-27 21:42:19.744   576   644 D FileSystemUtils: Punching holes in file: /data/app/vmdl1026722440.tmp/base.apk programHeaderOffset: 64 programHeaderNum: 10
08-27 21:42:19.744   576   644 D FileSystemUtils: Total number of LOAD segments 3
08-27 21:42:19.744   576   644 D FileSystemUtils: Size before punching holes st_blocks: 335392, st_blksize: 4096, st_size: 171712056
08-27 21:42:19.744   576   644 D FileSystemUtils: Size after punching holes st_blocks: 335392, st_blksize: 4096, st_size: 171712056
08-27 21:42:19.744   576   644 D FileSystemUtils: Extra field length: 469,  Size before punching holes st_blocks: 335392, st_blksize: 4096, st_size: 171712056
08-27 21:42:19.744   576   644 D FileSystemUtils: Skipping punching apk as extra field length is less than block size
08-27 21:42:19.744   576   644 W NativeLibraryHelper: Failed to punch apk : /data/app/vmdl1026722440.tmp/base.apk at extra field
08-27 21:42:19.744   576   644 D FileSystemUtils: Punching holes in file: /data/app/vmdl1026722440.tmp/base.apk programHeaderOffset: 64 programHeaderNum: 9
08-27 21:42:19.744   576   644 D FileSystemUtils: Total number of LOAD segments 2
08-27 21:42:19.744   576   644 D FileSystemUtils: Size before punching holes st_blocks: 335392, st_blksize: 4096, st_size: 171712056
08-27 21:42:19.744   576   644 D FileSystemUtils: Size after punching holes st_blocks: 335392, st_blksize: 4096, st_size: 171712056
08-27 21:42:19.744   576   644 D FileSystemUtils: Extra field length: 767,  Size before punching holes st_blocks: 335392, st_blksize: 4096, st_size: 171712056
08-27 21:42:19.744   576   644 D FileSystemUtils: Skipping punching apk as extra field length is less than block size
08-27 21:42:19.744   576   644 W NativeLibraryHelper: Failed to punch apk : /data/app/vmdl1026722440.tmp/base.apk at extra field
08-27 21:42:19.744   576   644 D FileSystemUtils: Punching holes in file: /data/app/vmdl1026722440.tmp/base.apk programHeaderOffset: 64 programHeaderNum: 10
08-27 21:42:19.744   576   644 D FileSystemUtils: Total number of LOAD segments 3
08-27 21:42:19.744   576   644 D FileSystemUtils: Size before punching holes st_blocks: 335392, st_blksize: 4096, st_size: 171712056
08-27 21:42:19.744   576   644 D FileSystemUtils: Size after punching holes st_blocks: 335392, st_blksize: 4096, st_size: 171712056
08-27 21:42:19.744   576   644 D FileSystemUtils: Extra field length: 3799,  Size before punching holes st_blocks: 335392, st_blksize: 4096, st_size: 171712056
08-27 21:42:19.744   576   644 D FileSystemUtils: Skipping punching apk as extra field length is less than block size
08-27 21:42:19.750   576   644 W NativeLibraryHelper: Failed to punch apk : /data/app/vmdl1026722440.tmp/base.apk at extra field
08-27 21:42:19.750   576   644 D FileSystemUtils: Punching holes in file: /data/app/vmdl1026722440.tmp/base.apk programHeaderOffset: 64 programHeaderNum: 10
08-27 21:42:19.750   576   644 D FileSystemUtils: Total number of LOAD segments 3
08-27 21:42:19.750   576   644 D FileSystemUtils: Size before punching holes st_blocks: 335392, st_blksize: 4096, st_size: 171712056
08-27 21:42:19.750   576   644 D FileSystemUtils: Size after punching holes st_blocks: 335392, st_blksize: 4096, st_size: 171712056
08-27 21:42:19.751   576   644 D FileSystemUtils: Extra field length: 3899,  Size before punching holes st_blocks: 335392, st_blksize: 4096, st_size: 171712056
08-27 21:42:19.758   576   644 D FileSystemUtils: Skipping punching apk as extra field length is less than block size
08-27 21:42:19.758   576   644 W NativeLibraryHelper: Failed to punch apk : /data/app/vmdl1026722440.tmp/base.apk at extra field
08-27 21:42:19.758   576   644 D FileSystemUtils: Punching holes in file: /data/app/vmdl1026722440.tmp/base.apk programHeaderOffset: 64 programHeaderNum: 10
08-27 21:42:19.758   576   644 D FileSystemUtils: Total number of LOAD segments 3
08-27 21:42:19.758   576   644 D FileSystemUtils: Size before punching holes st_blocks: 335392, st_blksize: 4096, st_size: 171712056
08-27 21:42:19.758   576   644 D FileSystemUtils: Size after punching holes st_blocks: 335392, st_blksize: 4096, st_size: 171712056
08-27 21:42:19.758   576   644 D FileSystemUtils: Extra field length: 2415,  Size before punching holes st_blocks: 335392, st_blksize: 4096, st_size: 171712056
08-27 21:42:19.758   576   644 D FileSystemUtils: Skipping punching apk as extra field length is less than block size
08-27 21:42:19.758   576   644 W NativeLibraryHelper: Failed to punch apk : /data/app/vmdl1026722440.tmp/base.apk at extra field
08-27 21:42:19.758   576   644 D FileSystemUtils: Punching holes in file: /data/app/vmdl1026722440.tmp/base.apk programHeaderOffset: 64 programHeaderNum: 11
08-27 21:42:19.758   576   644 D FileSystemUtils: Total number of LOAD segments 4
08-27 21:42:19.758   576   644 D FileSystemUtils: Size before punching holes st_blocks: 335392, st_blksize: 4096, st_size: 171712056
08-27 21:42:19.758   576   644 D FileSystemUtils: Size after punching holes st_blocks: 335392, st_blksize: 4096, st_size: 171712056
08-27 21:42:19.758   576   644 D FileSystemUtils: Extra field length: 3003,  Size before punching holes st_blocks: 335392, st_blksize: 4096, st_size: 171712056
08-27 21:42:19.758   576   644 D FileSystemUtils: Skipping punching apk as extra field length is less than block size
08-27 21:42:19.758   576   644 W NativeLibraryHelper: Failed to punch apk : /data/app/vmdl1026722440.tmp/base.apk at extra field
08-27 21:42:19.758   576   644 D FileSystemUtils: Punching holes in file: /data/app/vmdl1026722440.tmp/base.apk programHeaderOffset: 64 programHeaderNum: 10
08-27 21:42:19.758   576   644 D FileSystemUtils: Total number of LOAD segments 3
08-27 21:42:19.758   576   644 D FileSystemUtils: Size before punching holes st_blocks: 335392, st_blksize: 4096, st_size: 171712056
08-27 21:42:19.758   576   644 D FileSystemUtils: Size after punching holes st_blocks: 335392, st_blksize: 4096, st_size: 171712056
08-27 21:42:19.758   576   644 D FileSystemUtils: Extra field length: 1781,  Size before punching holes st_blocks: 335392, st_blksize: 4096, st_size: 171712056
08-27 21:42:19.758   576   644 D FileSystemUtils: Skipping punching apk as extra field length is less than block size
08-27 21:42:19.758   576   644 W NativeLibraryHelper: Failed to punch apk : /data/app/vmdl1026722440.tmp/base.apk at extra field
08-27 21:42:19.758   576   644 D FileSystemUtils: Punching holes in file: /data/app/vmdl1026722440.tmp/base.apk programHeaderOffset: 64 programHeaderNum: 10
08-27 21:42:19.758   576   644 D FileSystemUtils: Total number of LOAD segments 3
08-27 21:42:19.758   576   644 D FileSystemUtils: Size before punching holes st_blocks: 335392, st_blksize: 4096, st_size: 171712056
08-27 21:42:19.758   576   644 D FileSystemUtils: Size after punching holes st_blocks: 335392, st_blksize: 4096, st_size: 171712056
08-27 21:42:19.759   576   644 D FileSystemUtils: Extra field length: 2560,  Size before punching holes st_blocks: 335392, st_blksize: 4096, st_size: 171712056
08-27 21:42:19.759   576   644 D FileSystemUtils: Skipping punching apk as extra field length is less than block size
08-27 21:42:19.759   576   644 W NativeLibraryHelper: Failed to punch apk : /data/app/vmdl1026722440.tmp/base.apk at extra field
08-27 21:42:19.759   576   644 D FileSystemUtils: Punching holes in file: /data/app/vmdl1026722440.tmp/base.apk programHeaderOffset: 64 programHeaderNum: 10
08-27 21:42:19.759   576   644 D FileSystemUtils: Total number of LOAD segments 3
08-27 21:42:19.759   576   644 D FileSystemUtils: Size before punching holes st_blocks: 335392, st_blksize: 4096, st_size: 171712056
08-27 21:42:19.759   576   644 D FileSystemUtils: Size after punching holes st_blocks: 335392, st_blksize: 4096, st_size: 171712056
08-27 21:42:19.759   576   644 D FileSystemUtils: Extra field length: 2796,  Size before punching holes st_blocks: 335392, st_blksize: 4096, st_size: 171712056
08-27 21:42:19.759   576   644 D FileSystemUtils: Skipping punching apk as extra field length is less than block size
08-27 21:42:19.759   576   644 W NativeLibraryHelper: Failed to punch apk : /data/app/vmdl1026722440.tmp/base.apk at extra field
08-27 21:42:19.759   576   644 D FileSystemUtils: Punching holes in file: /data/app/vmdl1026722440.tmp/base.apk programHeaderOffset: 64 programHeaderNum: 10
08-27 21:42:19.759   576   644 D FileSystemUtils: Total number of LOAD segments 3
08-27 21:42:19.759   576   644 D FileSystemUtils: Size before punching holes st_blocks: 335392, st_blksize: 4096, st_size: 171712056
08-27 21:42:19.759   576   644 D FileSystemUtils: Size after punching holes st_blocks: 335392, st_blksize: 4096, st_size: 171712056
08-27 21:42:19.759   576   644 D FileSystemUtils: Extra field length: 3602,  Size before punching holes st_blocks: 335392, st_blksize: 4096, st_size: 171712056
08-27 21:42:19.765   576   644 D FileSystemUtils: Skipping punching apk as extra field length is less than block size
08-27 21:42:19.765   576   644 W NativeLibraryHelper: Failed to punch apk : /data/app/vmdl1026722440.tmp/base.apk at extra field
08-27 21:42:19.765   576   644 D FileSystemUtils: Punching holes in file: /data/app/vmdl1026722440.tmp/base.apk programHeaderOffset: 64 programHeaderNum: 10
08-27 21:42:19.765   576   644 D FileSystemUtils: Total number of LOAD segments 3
08-27 21:42:19.765   576   644 D FileSystemUtils: Size before punching holes st_blocks: 335392, st_blksize: 4096, st_size: 171712056
08-27 21:42:19.765   576   644 D FileSystemUtils: Size after punching holes st_blocks: 335392, st_blksize: 4096, st_size: 171712056
08-27 21:42:19.765   576   644 D FileSystemUtils: Extra field length: 1652,  Size before punching holes st_blocks: 335392, st_blksize: 4096, st_size: 171712056
08-27 21:42:19.765   576   644 D FileSystemUtils: Skipping punching apk as extra field length is less than block size
08-27 21:42:19.765   576   644 W NativeLibraryHelper: Failed to punch apk : /data/app/vmdl1026722440.tmp/base.apk at extra field
08-27 21:42:19.765   576   644 D FileSystemUtils: Punching holes in file: /data/app/vmdl1026722440.tmp/base.apk programHeaderOffset: 64 programHeaderNum: 10
08-27 21:42:19.765   576   644 D FileSystemUtils: Total number of LOAD segments 3
08-27 21:42:19.765   576   644 D FileSystemUtils: Size before punching holes st_blocks: 335392, st_blksize: 4096, st_size: 171712056
08-27 21:42:19.765   576   644 D FileSystemUtils: Size after punching holes st_blocks: 335392, st_blksize: 4096, st_size: 171712056
08-27 21:42:19.766   576   644 D FileSystemUtils: Extra field length: 108,  Size before punching holes st_blocks: 335392, st_blksize: 4096, st_size: 171712056
08-27 21:42:19.772   576   644 D FileSystemUtils: Skipping punching apk as extra field length is less than block size
08-27 21:42:19.772   576   644 W NativeLibraryHelper: Failed to punch apk : /data/app/vmdl1026722440.tmp/base.apk at extra field
08-27 21:42:19.772   576   644 D FileSystemUtils: Punching holes in file: /data/app/vmdl1026722440.tmp/base.apk programHeaderOffset: 64 programHeaderNum: 10
08-27 21:42:19.772   576   644 D FileSystemUtils: Total number of LOAD segments 3
08-27 21:42:19.772   576   644 D FileSystemUtils: Size before punching holes st_blocks: 335392, st_blksize: 4096, st_size: 171712056
08-27 21:42:19.772   576   644 D FileSystemUtils: Size after punching holes st_blocks: 335392, st_blksize: 4096, st_size: 171712056
08-27 21:42:19.772   576   644 D FileSystemUtils: Extra field length: 443,  Size before punching holes st_blocks: 335392, st_blksize: 4096, st_size: 171712056
08-27 21:42:19.772   576   644 D FileSystemUtils: Skipping punching apk as extra field length is less than block size
08-27 21:42:19.772   576   644 W NativeLibraryHelper: Failed to punch apk : /data/app/vmdl1026722440.tmp/base.apk at extra field
08-27 21:42:19.772   576   644 D FileSystemUtils: Punching holes in file: /data/app/vmdl1026722440.tmp/base.apk programHeaderOffset: 64 programHeaderNum: 9
08-27 21:42:19.772   576   644 D FileSystemUtils: Total number of LOAD segments 2
08-27 21:42:19.772   576   644 D FileSystemUtils: Size before punching holes st_blocks: 335392, st_blksize: 4096, st_size: 171712056
08-27 21:42:19.772   576   644 D FileSystemUtils: Size after punching holes st_blocks: 335392, st_blksize: 4096, st_size: 171712056
08-27 21:42:19.772   576   644 D FileSystemUtils: Extra field length: 1390,  Size before punching holes st_blocks: 335392, st_blksize: 4096, st_size: 171712056
08-27 21:42:19.772   576   644 D FileSystemUtils: Skipping punching apk as extra field length is less than block size
08-27 21:42:19.772   576   644 W NativeLibraryHelper: Failed to punch apk : /data/app/vmdl1026722440.tmp/base.apk at extra field
08-27 21:42:19.772   576   644 D FileSystemUtils: Punching holes in file: /data/app/vmdl1026722440.tmp/base.apk programHeaderOffset: 64 programHeaderNum: 10
