08-27 21:42:19.772   576   644 D FileSystemUtils: Total number of LOAD segments 3
08-27 21:42:19.772   576   644 D FileSystemUtils: Size before punching holes st_blocks: 335392, st_blksize: 4096, st_size: 171712056
08-27 21:42:19.772   576   644 D FileSystemUtils: Size after punching holes st_blocks: 335392, st_blksize: 4096, st_size: 171712056
08-27 21:42:19.772   576   644 D FileSystemUtils: Extra field length: 3790,  Size before punching holes st_blocks: 335392, st_blksize: 4096, st_size: 171712056
08-27 21:42:19.772   576   644 D FileSystemUtils: Skipping punching apk as extra field length is less than block size
08-27 21:42:19.772   576   644 W NativeLibraryHelper: Failed to punch apk : /data/app/vmdl1026722440.tmp/base.apk at extra field
08-27 21:42:19.773   576   644 D FileSystemUtils: Punching holes in file: /data/app/vmdl1026722440.tmp/base.apk programHeaderOffset: 64 programHeaderNum: 10
08-27 21:42:19.774   576   644 D FileSystemUtils: Total number of LOAD segments 3
08-27 21:42:19.774   576   644 D FileSystemUtils: Size before punching holes st_blocks: 335392, st_blksize: 4096, st_size: 171712056
08-27 21:42:19.775   576   644 D FileSystemUtils: Size after punching holes st_blocks: 335392, st_blksize: 4096, st_size: 171712056
08-27 21:42:19.786   576   644 D FileSystemUtils: Extra field length: 1743,  Size before punching holes st_blocks: 335392, st_blksize: 4096, st_size: 171712056
08-27 21:42:19.786   576   644 D FileSystemUtils: Skipping punching apk as extra field length is less than block size
08-27 21:42:19.786   576   644 W NativeLibraryHelper: Failed to punch apk : /data/app/vmdl1026722440.tmp/base.apk at extra field
08-27 21:42:19.786   576   644 D FileSystemUtils: Punching holes in file: /data/app/vmdl1026722440.tmp/base.apk programHeaderOffset: 64 programHeaderNum: 10
08-27 21:42:19.786   576   644 D FileSystemUtils: Total number of LOAD segments 3
08-27 21:42:19.786   576   644 D FileSystemUtils: Size before punching holes st_blocks: 335392, st_blksize: 4096, st_size: 171712056
08-27 21:42:19.786   576   644 D FileSystemUtils: Size after punching holes st_blocks: 335392, st_blksize: 4096, st_size: 171712056
08-27 21:42:19.787   576   644 D FileSystemUtils: Extra field length: 658,  Size before punching holes st_blocks: 335392, st_blksize: 4096, st_size: 171712056
08-27 21:42:19.797   576   644 D FileSystemUtils: Skipping punching apk as extra field length is less than block size
08-27 21:42:19.798   576   644 W NativeLibraryHelper: Failed to punch apk : /data/app/vmdl1026722440.tmp/base.apk at extra field
08-27 21:42:19.798   576   644 D FileSystemUtils: Punching holes in file: /data/app/vmdl1026722440.tmp/base.apk programHeaderOffset: 64 programHeaderNum: 10
08-27 21:42:19.798   576   644 D FileSystemUtils: Total number of LOAD segments 3
08-27 21:42:19.798   576   644 D FileSystemUtils: Size before punching holes st_blocks: 335392, st_blksize: 4096, st_size: 171712056
08-27 21:42:19.798   576   644 D FileSystemUtils: Size after punching holes st_blocks: 335392, st_blksize: 4096, st_size: 171712056
08-27 21:42:19.799   576   644 D FileSystemUtils: Extra field length: 2258,  Size before punching holes st_blocks: 335392, st_blksize: 4096, st_size: 171712056
08-27 21:42:19.799   576   644 D FileSystemUtils: Skipping punching apk as extra field length is less than block size
08-27 21:42:19.817   576   644 W NativeLibraryHelper: Failed to punch apk : /data/app/vmdl1026722440.tmp/base.apk at extra field
08-27 21:42:19.818   576   644 D FileSystemUtils: Punching holes in file: /data/app/vmdl1026722440.tmp/base.apk programHeaderOffset: 64 programHeaderNum: 10
08-27 21:42:19.818   576   644 D FileSystemUtils: Total number of LOAD segments 3
08-27 21:42:19.818   576   644 D FileSystemUtils: Size before punching holes st_blocks: 335392, st_blksize: 4096, st_size: 171712056
08-27 21:42:19.818   576   644 D FileSystemUtils: Size after punching holes st_blocks: 335392, st_blksize: 4096, st_size: 171712056
08-27 21:42:19.818   576   644 D FileSystemUtils: Extra field length: 1892,  Size before punching holes st_blocks: 335392, st_blksize: 4096, st_size: 171712056
08-27 21:42:19.818   576   644 D FileSystemUtils: Skipping punching apk as extra field length is less than block size
08-27 21:42:19.818   576   644 W NativeLibraryHelper: Failed to punch apk : /data/app/vmdl1026722440.tmp/base.apk at extra field
08-27 21:42:19.818   576   644 D FileSystemUtils: Punching holes in file: /data/app/vmdl1026722440.tmp/base.apk programHeaderOffset: 64 programHeaderNum: 10
08-27 21:42:19.818   576   644 D FileSystemUtils: Total number of LOAD segments 3
08-27 21:42:19.818   576   644 D FileSystemUtils: Size before punching holes st_blocks: 335392, st_blksize: 4096, st_size: 171712056
08-27 21:42:19.818   576   644 D FileSystemUtils: Size after punching holes st_blocks: 335392, st_blksize: 4096, st_size: 171712056
08-27 21:42:19.818   576   644 D FileSystemUtils: Extra field length: 1391,  Size before punching holes st_blocks: 335392, st_blksize: 4096, st_size: 171712056
08-27 21:42:19.818   576   644 D FileSystemUtils: Skipping punching apk as extra field length is less than block size
08-27 21:42:19.818   576   644 W NativeLibraryHelper: Failed to punch apk : /data/app/vmdl1026722440.tmp/base.apk at extra field
08-27 21:42:19.818   576   644 D FileSystemUtils: Punching holes in file: /data/app/vmdl1026722440.tmp/base.apk programHeaderOffset: 64 programHeaderNum: 10
08-27 21:42:19.818   576   644 D FileSystemUtils: Total number of LOAD segments 3
08-27 21:42:19.818   576   644 D FileSystemUtils: Size before punching holes st_blocks: 335392, st_blksize: 4096, st_size: 171712056
08-27 21:42:19.818   576   644 D FileSystemUtils: Size after punching holes st_blocks: 335392, st_blksize: 4096, st_size: 171712056
08-27 21:42:19.818   576   644 D FileSystemUtils: Extra field length: 2379,  Size before punching holes st_blocks: 335392, st_blksize: 4096, st_size: 171712056
08-27 21:42:19.818   576   644 D FileSystemUtils: Skipping punching apk as extra field length is less than block size
08-27 21:42:19.818   576   644 W NativeLibraryHelper: Failed to punch apk : /data/app/vmdl1026722440.tmp/base.apk at extra field
08-27 21:42:19.818   576   644 D FileSystemUtils: Punching holes in file: /data/app/vmdl1026722440.tmp/base.apk programHeaderOffset: 64 programHeaderNum: 10
08-27 21:42:19.819   576   644 D FileSystemUtils: Total number of LOAD segments 3
08-27 21:42:19.819   576   644 D FileSystemUtils: Size before punching holes st_blocks: 335392, st_blksize: 4096, st_size: 171712056
08-27 21:42:19.819   576   644 D FileSystemUtils: Size after punching holes st_blocks: 335392, st_blksize: 4096, st_size: 171712056
08-27 21:42:19.819   576   644 D FileSystemUtils: Extra field length: 3708,  Size before punching holes st_blocks: 335392, st_blksize: 4096, st_size: 171712056
08-27 21:42:19.819   576   644 D FileSystemUtils: Skipping punching apk as extra field length is less than block size
08-27 21:42:19.819   576   644 W NativeLibraryHelper: Failed to punch apk : /data/app/vmdl1026722440.tmp/base.apk at extra field
08-27 21:42:19.819   576   644 D FileSystemUtils: Punching holes in file: /data/app/vmdl1026722440.tmp/base.apk programHeaderOffset: 64 programHeaderNum: 10
08-27 21:42:19.820   576   644 D FileSystemUtils: Total number of LOAD segments 3
08-27 21:42:19.830   576   644 D FileSystemUtils: Size before punching holes st_blocks: 335392, st_blksize: 4096, st_size: 171712056
08-27 21:42:19.830   576   644 D FileSystemUtils: Size after punching holes st_blocks: 335392, st_blksize: 4096, st_size: 171712056
08-27 21:42:19.830   576   644 D FileSystemUtils: Extra field length: 3635,  Size before punching holes st_blocks: 335392, st_blksize: 4096, st_size: 171712056
08-27 21:42:19.830   576   644 D FileSystemUtils: Skipping punching apk as extra field length is less than block size
08-27 21:42:19.830   576   644 W NativeLibraryHelper: Failed to punch apk : /data/app/vmdl1026722440.tmp/base.apk at extra field
08-27 21:42:19.830   576   644 D FileSystemUtils: Punching holes in file: /data/app/vmdl1026722440.tmp/base.apk programHeaderOffset: 64 programHeaderNum: 10
08-27 21:42:19.830   576   644 D FileSystemUtils: Total number of LOAD segments 3
08-27 21:42:19.830   576   644 D FileSystemUtils: Size before punching holes st_blocks: 335392, st_blksize: 4096, st_size: 171712056
08-27 21:42:19.830   576   644 D FileSystemUtils: Size after punching holes st_blocks: 335392, st_blksize: 4096, st_size: 171712056
08-27 21:42:19.830   576   644 D FileSystemUtils: Extra field length: 3742,  Size before punching holes st_blocks: 335392, st_blksize: 4096, st_size: 171712056
08-27 21:42:19.830   576   644 D FileSystemUtils: Skipping punching apk as extra field length is less than block size
08-27 21:42:19.830   576   644 W NativeLibraryHelper: Failed to punch apk : /data/app/vmdl1026722440.tmp/base.apk at extra field
08-27 21:42:19.830   576   644 D FileSystemUtils: Punching holes in file: /data/app/vmdl1026722440.tmp/base.apk programHeaderOffset: 64 programHeaderNum: 10
08-27 21:42:19.831   576   644 D FileSystemUtils: Total number of LOAD segments 3
08-27 21:42:19.831   576   644 D FileSystemUtils: Size before punching holes st_blocks: 335392, st_blksize: 4096, st_size: 171712056
08-27 21:42:19.831   576   644 D FileSystemUtils: Size after punching holes st_blocks: 335392, st_blksize: 4096, st_size: 171712056
08-27 21:42:19.831   576   644 D FileSystemUtils: Extra field length: 689,  Size before punching holes st_blocks: 335392, st_blksize: 4096, st_size: 171712056
08-27 21:42:19.831   576   644 D FileSystemUtils: Skipping punching apk as extra field length is less than block size
08-27 21:42:19.831   576   644 W NativeLibraryHelper: Failed to punch apk : /data/app/vmdl1026722440.tmp/base.apk at extra field
08-27 21:42:19.831   576   644 D FileSystemUtils: Punching holes in file: /data/app/vmdl1026722440.tmp/base.apk programHeaderOffset: 64 programHeaderNum: 10
08-27 21:42:19.831   576   644 D FileSystemUtils: Total number of LOAD segments 3
08-27 21:42:19.831   576   644 D FileSystemUtils: Size before punching holes st_blocks: 335392, st_blksize: 4096, st_size: 171712056
08-27 21:42:19.831   576   644 D FileSystemUtils: Size after punching holes st_blocks: 335392, st_blksize: 4096, st_size: 171712056
08-27 21:42:19.831   576   644 D FileSystemUtils: Extra field length: 1608,  Size before punching holes st_blocks: 335392, st_blksize: 4096, st_size: 171712056
08-27 21:42:19.831   576   644 D FileSystemUtils: Skipping punching apk as extra field length is less than block size
08-27 21:42:19.831   576   644 W NativeLibraryHelper: Failed to punch apk : /data/app/vmdl1026722440.tmp/base.apk at extra field
08-27 21:42:19.831   576   644 D FileSystemUtils: Punching holes in file: /data/app/vmdl1026722440.tmp/base.apk programHeaderOffset: 64 programHeaderNum: 10
08-27 21:42:19.831   576   644 D FileSystemUtils: Total number of LOAD segments 3
08-27 21:42:19.831   576   644 D FileSystemUtils: Size before punching holes st_blocks: 335392, st_blksize: 4096, st_size: 171712056
08-27 21:42:19.831   576   644 D FileSystemUtils: Size after punching holes st_blocks: 335392, st_blksize: 4096, st_size: 171712056
08-27 21:42:19.831   576   644 D FileSystemUtils: Extra field length: 1604,  Size before punching holes st_blocks: 335392, st_blksize: 4096, st_size: 171712056
08-27 21:42:19.831   576   644 D FileSystemUtils: Skipping punching apk as extra field length is less than block size
08-27 21:42:19.831   576   644 W NativeLibraryHelper: Failed to punch apk : /data/app/vmdl1026722440.tmp/base.apk at extra field
08-27 21:42:19.831   576   644 D FileSystemUtils: Punching holes in file: /data/app/vmdl1026722440.tmp/base.apk programHeaderOffset: 64 programHeaderNum: 10
08-27 21:42:19.831   576   644 D FileSystemUtils: Total number of LOAD segments 3
08-27 21:42:19.831   576   644 D FileSystemUtils: Size before punching holes st_blocks: 335392, st_blksize: 4096, st_size: 171712056
08-27 21:42:19.831   576   644 D FileSystemUtils: Size after punching holes st_blocks: 335392, st_blksize: 4096, st_size: 171712056
08-27 21:42:19.831   576   644 D FileSystemUtils: Extra field length: 1398,  Size before punching holes st_blocks: 335392, st_blksize: 4096, st_size: 171712056
08-27 21:42:19.831   576   644 D FileSystemUtils: Skipping punching apk as extra field length is less than block size
08-27 21:42:19.831   576   644 W NativeLibraryHelper: Failed to punch apk : /data/app/vmdl1026722440.tmp/base.apk at extra field
08-27 21:42:19.831   576   644 D FileSystemUtils: Punching holes in file: /data/app/vmdl1026722440.tmp/base.apk programHeaderOffset: 64 programHeaderNum: 9
08-27 21:42:19.831   576   644 D FileSystemUtils: Total number of LOAD segments 2
08-27 21:42:19.831   576   644 D FileSystemUtils: Size before punching holes st_blocks: 335392, st_blksize: 4096, st_size: 171712056
08-27 21:42:19.831   576   644 D FileSystemUtils: Size after punching holes st_blocks: 335392, st_blksize: 4096, st_size: 171712056
08-27 21:42:19.831   576   644 D FileSystemUtils: Extra field length: 474,  Size before punching holes st_blocks: 335392, st_blksize: 4096, st_size: 171712056
08-27 21:42:19.831   576   644 D FileSystemUtils: Skipping punching apk as extra field length is less than block size
08-27 21:42:19.831   576   644 W NativeLibraryHelper: Failed to punch apk : /data/app/vmdl1026722440.tmp/base.apk at extra field
08-27 21:42:19.831   576   644 D FileSystemUtils: Punching holes in file: /data/app/vmdl1026722440.tmp/base.apk programHeaderOffset: 64 programHeaderNum: 10
08-27 21:42:19.831   576   644 D FileSystemUtils: Total number of LOAD segments 3
08-27 21:42:19.831   576   644 D FileSystemUtils: Size before punching holes st_blocks: 335392, st_blksize: 4096, st_size: 171712056
08-27 21:42:19.831   576   644 D FileSystemUtils: Size after punching holes st_blocks: 335392, st_blksize: 4096, st_size: 171712056
08-27 21:42:19.831   576   644 D FileSystemUtils: Extra field length: 213,  Size before punching holes st_blocks: 335392, st_blksize: 4096, st_size: 171712056
08-27 21:42:19.831   576   644 D FileSystemUtils: Skipping punching apk as extra field length is less than block size
08-27 21:42:19.831   576   644 W NativeLibraryHelper: Failed to punch apk : /data/app/vmdl1026722440.tmp/base.apk at extra field
08-27 21:42:19.831   576   644 D FileSystemUtils: Punching holes in file: /data/app/vmdl1026722440.tmp/base.apk programHeaderOffset: 64 programHeaderNum: 10
08-27 21:42:19.831   576   644 D FileSystemUtils: Total number of LOAD segments 3
08-27 21:42:19.831   576   644 D FileSystemUtils: Size before punching holes st_blocks: 335392, st_blksize: 4096, st_size: 171712056
08-27 21:42:19.831   576   644 D FileSystemUtils: Size after punching holes st_blocks: 335392, st_blksize: 4096, st_size: 171712056
08-27 21:42:19.831   576   644 D FileSystemUtils: Extra field length: 2913,  Size before punching holes st_blocks: 335392, st_blksize: 4096, st_size: 171712056
08-27 21:42:19.831   576   644 D FileSystemUtils: Skipping punching apk as extra field length is less than block size
08-27 21:42:19.832   576   644 W NativeLibraryHelper: Failed to punch apk : /data/app/vmdl1026722440.tmp/base.apk at extra field
08-27 21:42:19.832   576   644 D FileSystemUtils: Punching holes in file: /data/app/vmdl1026722440.tmp/base.apk programHeaderOffset: 64 programHeaderNum: 10
08-27 21:42:19.832   576   644 D FileSystemUtils: Total number of LOAD segments 3
08-27 21:42:19.832   576   644 D FileSystemUtils: Size before punching holes st_blocks: 335392, st_blksize: 4096, st_size: 171712056
08-27 21:42:19.832   576   644 D FileSystemUtils: Size after punching holes st_blocks: 335392, st_blksize: 4096, st_size: 171712056
08-27 21:42:19.832   576   644 D FileSystemUtils: Extra field length: 1062,  Size before punching holes st_blocks: 335392, st_blksize: 4096, st_size: 171712056
08-27 21:42:19.832   576   644 D FileSystemUtils: Skipping punching apk as extra field length is less than block size
08-27 21:42:19.832   576   644 W NativeLibraryHelper: Failed to punch apk : /data/app/vmdl1026722440.tmp/base.apk at extra field
08-27 21:42:19.847   576   644 D FileSystemUtils: Punching holes in file: /data/app/vmdl1026722440.tmp/base.apk programHeaderOffset: 64 programHeaderNum: 10
08-27 21:42:19.848   576   644 D FileSystemUtils: Total number of LOAD segments 3
08-27 21:42:19.848   576   644 D FileSystemUtils: Size before punching holes st_blocks: 335392, st_blksize: 4096, st_size: 171712056
08-27 21:42:19.848   576   644 D FileSystemUtils: Size after punching holes st_blocks: 335392, st_blksize: 4096, st_size: 171712056
08-27 21:42:19.848   576   644 D FileSystemUtils: Extra field length: 3469,  Size before punching holes st_blocks: 335392, st_blksize: 4096, st_size: 171712056
08-27 21:42:19.848   576   644 D FileSystemUtils: Skipping punching apk as extra field length is less than block size
08-27 21:42:19.848   576   644 W NativeLibraryHelper: Failed to punch apk : /data/app/vmdl1026722440.tmp/base.apk at extra field
08-27 21:42:19.848   576   644 D FileSystemUtils: Punching holes in file: /data/app/vmdl1026722440.tmp/base.apk programHeaderOffset: 64 programHeaderNum: 8
08-27 21:42:19.848   576   644 D FileSystemUtils: Total number of LOAD segments 2
08-27 21:42:19.848   576   644 D FileSystemUtils: Size before punching holes st_blocks: 335392, st_blksize: 4096, st_size: 171712056
08-27 21:42:19.848   576   644 D FileSystemUtils: Size after punching holes st_blocks: 335392, st_blksize: 4096, st_size: 171712056
08-27 21:42:19.848   576   644 D FileSystemUtils: Extra field length: 2132,  Size before punching holes st_blocks: 335392, st_blksize: 4096, st_size: 171712056
08-27 21:42:19.848   576   644 D FileSystemUtils: Skipping punching apk as extra field length is less than block size
08-27 21:42:19.848   576   644 W NativeLibraryHelper: Failed to punch apk : /data/app/vmdl1026722440.tmp/base.apk at extra field
08-27 21:42:19.848   576   644 D FileSystemUtils: Punching holes in file: /data/app/vmdl1026722440.tmp/base.apk programHeaderOffset: 64 programHeaderNum: 10
08-27 21:42:19.848   576   644 D FileSystemUtils: Total number of LOAD segments 3
08-27 21:42:19.848   576   644 D FileSystemUtils: Size before punching holes st_blocks: 335392, st_blksize: 4096, st_size: 171712056
08-27 21:42:19.848   576   644 D FileSystemUtils: Size after punching holes st_blocks: 335392, st_blksize: 4096, st_size: 171712056
08-27 21:42:19.848   576   644 D FileSystemUtils: Extra field length: 184,  Size before punching holes st_blocks: 335392, st_blksize: 4096, st_size: 171712056
08-27 21:42:19.848   576   644 D FileSystemUtils: Skipping punching apk as extra field length is less than block size
08-27 21:42:19.848   576   644 W NativeLibraryHelper: Failed to punch apk : /data/app/vmdl1026722440.tmp/base.apk at extra field
08-27 21:42:19.848   576   644 D FileSystemUtils: Punching holes in file: /data/app/vmdl1026722440.tmp/base.apk programHeaderOffset: 64 programHeaderNum: 10
08-27 21:42:19.848   576   644 D FileSystemUtils: Total number of LOAD segments 3
08-27 21:42:19.848   576   644 D FileSystemUtils: Size before punching holes st_blocks: 335392, st_blksize: 4096, st_size: 171712056
08-27 21:42:19.848   576   644 D FileSystemUtils: Size after punching holes st_blocks: 335392, st_blksize: 4096, st_size: 171712056
08-27 21:42:19.848   576   644 D FileSystemUtils: Extra field length: 1968,  Size before punching holes st_blocks: 335392, st_blksize: 4096, st_size: 171712056
08-27 21:42:19.848   576   644 D FileSystemUtils: Skipping punching apk as extra field length is less than block size
08-27 21:42:19.848   576   644 W NativeLibraryHelper: Failed to punch apk : /data/app/vmdl1026722440.tmp/base.apk at extra field
08-27 21:42:19.849   576   644 D FileSystemUtils: Punching holes in file: /data/app/vmdl1026722440.tmp/base.apk programHeaderOffset: 64 programHeaderNum: 10
08-27 21:42:19.849   576   644 D FileSystemUtils: Total number of LOAD segments 3
08-27 21:42:19.849   576   644 D FileSystemUtils: Size before punching holes st_blocks: 335392, st_blksize: 4096, st_size: 171712056
08-27 21:42:19.849   576   644 D FileSystemUtils: Size after punching holes st_blocks: 335392, st_blksize: 4096, st_size: 171712056
08-27 21:42:19.849   576   644 D FileSystemUtils: Extra field length: 3853,  Size before punching holes st_blocks: 335392, st_blksize: 4096, st_size: 171712056
08-27 21:42:19.849   576   644 D FileSystemUtils: Skipping punching apk as extra field length is less than block size
08-27 21:42:19.849   576   644 W NativeLibraryHelper: Failed to punch apk : /data/app/vmdl1026722440.tmp/base.apk at extra field
08-27 21:42:19.849   576   644 D FileSystemUtils: Punching holes in file: /data/app/vmdl1026722440.tmp/base.apk programHeaderOffset: 64 programHeaderNum: 10
08-27 21:42:19.852   576   644 D FileSystemUtils: Total number of LOAD segments 3
08-27 21:42:19.852   576   644 D FileSystemUtils: Size before punching holes st_blocks: 335392, st_blksize: 4096, st_size: 171712056
08-27 21:42:19.852   576   644 D FileSystemUtils: Size after punching holes st_blocks: 335392, st_blksize: 4096, st_size: 171712056
08-27 21:42:19.852   576   644 D FileSystemUtils: Extra field length: 3635,  Size before punching holes st_blocks: 335392, st_blksize: 4096, st_size: 171712056
08-27 21:42:19.852   576   644 D FileSystemUtils: Skipping punching apk as extra field length is less than block size
08-27 21:42:19.854   576   644 W NativeLibraryHelper: Failed to punch apk : /data/app/vmdl1026722440.tmp/base.apk at extra field
08-27 21:42:19.855   576   644 D FileSystemUtils: Punching holes in file: /data/app/vmdl1026722440.tmp/base.apk programHeaderOffset: 64 programHeaderNum: 10
08-27 21:42:19.855   576   644 D FileSystemUtils: Total number of LOAD segments 3
08-27 21:42:19.869   576   644 D FileSystemUtils: Size before punching holes st_blocks: 335392, st_blksize: 4096, st_size: 171712056
08-27 21:42:19.870   576   644 D FileSystemUtils: Size after punching holes st_blocks: 335392, st_blksize: 4096, st_size: 171712056
08-27 21:42:19.870   576   644 D FileSystemUtils: Extra field length: 3422,  Size before punching holes st_blocks: 335392, st_blksize: 4096, st_size: 171712056
08-27 21:42:19.870   576   644 D FileSystemUtils: Skipping punching apk as extra field length is less than block size
08-27 21:42:19.870   576   644 W NativeLibraryHelper: Failed to punch apk : /data/app/vmdl1026722440.tmp/base.apk at extra field
08-27 21:42:19.870   576   644 D FileSystemUtils: Punching holes in file: /data/app/vmdl1026722440.tmp/base.apk programHeaderOffset: 64 programHeaderNum: 10
08-27 21:42:19.870   576   644 D FileSystemUtils: Total number of LOAD segments 3
08-27 21:42:19.870   576   644 D FileSystemUtils: Size before punching holes st_blocks: 335392, st_blksize: 4096, st_size: 171712056
08-27 21:42:19.870   576   644 D FileSystemUtils: Size after punching holes st_blocks: 335392, st_blksize: 4096, st_size: 171712056
08-27 21:42:19.872   576   644 D FileSystemUtils: Extra field length: 836,  Size before punching holes st_blocks: 335392, st_blksize: 4096, st_size: 171712056
08-27 21:42:19.877   576   644 D FileSystemUtils: Skipping punching apk as extra field length is less than block size
08-27 21:42:19.877   576   644 W NativeLibraryHelper: Failed to punch apk : /data/app/vmdl1026722440.tmp/base.apk at extra field
08-27 21:42:19.877   576   644 D FileSystemUtils: Punching holes in file: /data/app/vmdl1026722440.tmp/base.apk programHeaderOffset: 64 programHeaderNum: 10
08-27 21:42:19.878   576   644 D FileSystemUtils: Total number of LOAD segments 3
08-27 21:42:19.878   576   644 D FileSystemUtils: Size before punching holes st_blocks: 335392, st_blksize: 4096, st_size: 171712056
08-27 21:42:19.878   576   644 D FileSystemUtils: Size after punching holes st_blocks: 335392, st_blksize: 4096, st_size: 171712056
08-27 21:42:19.878   576   644 D FileSystemUtils: Extra field length: 1360,  Size before punching holes st_blocks: 335392, st_blksize: 4096, st_size: 171712056
08-27 21:42:19.878   576   644 D FileSystemUtils: Skipping punching apk as extra field length is less than block size
08-27 21:42:19.878   576   644 W NativeLibraryHelper: Failed to punch apk : /data/app/vmdl1026722440.tmp/base.apk at extra field
08-27 21:42:19.878   576   644 D FileSystemUtils: Punching holes in file: /data/app/vmdl1026722440.tmp/base.apk programHeaderOffset: 64 programHeaderNum: 10
08-27 21:42:19.878   576   644 D FileSystemUtils: Total number of LOAD segments 3
08-27 21:42:19.878   576   644 D FileSystemUtils: Size before punching holes st_blocks: 335392, st_blksize: 4096, st_size: 171712056
08-27 21:42:19.878   576   644 D FileSystemUtils: Size after punching holes st_blocks: 335392, st_blksize: 4096, st_size: 171712056
08-27 21:42:19.886   576   644 D FileSystemUtils: Extra field length: 3829,  Size before punching holes st_blocks: 335392, st_blksize: 4096, st_size: 171712056
08-27 21:42:19.886   576   644 D FileSystemUtils: Skipping punching apk as extra field length is less than block size
08-27 21:42:19.886   576   644 W NativeLibraryHelper: Failed to punch apk : /data/app/vmdl1026722440.tmp/base.apk at extra field
08-27 21:42:19.980   576   630 I PackageManager: Integrity check passed for file:///data/app/vmdl1026722440.tmp
08-27 21:42:20.074   576   630 W PackageManager: Skipping provider name com.skyfire.solarapp.provider (in package com.skyfire.solarapp): name already used by com.skyfire.solarapp
08-27 21:42:20.128   576   595 W IPCThreadState: Sending oneway calls to frozen process.
08-27 21:42:20.140   576   595 W IPCThreadState: Sending oneway calls to frozen process.
08-27 21:42:20.140   576   595 W IPCThreadState: Sending oneway calls to frozen process.
08-27 21:42:20.306   576   576 W Looper  : Slow dispatch took 178ms main h=android.os.Handler c=null m=1
08-27 21:42:20.316   576   595 E AppOps  : Trying to set mode for unknown uid 10243.
08-27 21:42:20.335   576   595 E AppOpService: Blocked setUidMode call for runtime permission app op: uid = 10243, code = CAMERA, mode = ignore, callingUid = 1000, oldMode = allow
08-27 21:42:20.335   576   595 E AppOpService: java.lang.RuntimeException
08-27 21:42:20.335   576   595 E AppOpService: 	at com.android.server.permission.access.appop.AppOpService.setUidMode(AppOpService.kt:268)
08-27 21:42:20.335   576   595 E AppOpService: 	at com.android.server.appop.AppOpsCheckingServiceTracingDecorator.setUidMode(AppOpsCheckingServiceTracingDecorator.java:120)
08-27 21:42:20.335   576   595 E AppOpService: 	at com.android.server.appop.AppOpsService.setUidMode(AppOpsService.java:2076)
08-27 21:42:20.335   576   595 E AppOpService: 	at com.android.server.appop.AppOpsService.-$$Nest$msetUidMode(AppOpsService.java:0)
08-27 21:42:20.335   576   595 E AppOpService: 	at com.android.server.appop.AppOpsService$AppOpsManagerInternalImpl.setUidModeFromPermissionPolicy(AppOpsService.java:7125)
08-27 21:42:20.335   576   595 E AppOpService: 	at com.android.server.policy.PermissionPolicyService$PermissionToOpSynchroniser.setUidMode(PermissionPolicyService.java:1112)
08-27 21:42:20.335   576   595 E AppOpService: 	at com.android.server.policy.PermissionPolicyService$PermissionToOpSynchroniser.setUidModeIgnored(PermissionPolicyService.java:1090)
08-27 21:42:20.335   576   595 E AppOpService: 	at com.android.server.policy.PermissionPolicyService$PermissionToOpSynchroniser.syncPackages(PermissionPolicyService.java:898)
08-27 21:42:20.335   576   595 E AppOpService: 	at com.android.server.policy.PermissionPolicyService$PermissionToOpSynchroniser.-$$Nest$msyncPackages(PermissionPolicyService.java:0)
08-27 21:42:20.335   576   595 E AppOpService: 	at com.android.server.policy.PermissionPolicyService.synchronizeUidPermissionsAndAppOps(PermissionPolicyService.java:690)
08-27 21:42:20.335   576   595 E AppOpService: 	at com.android.server.policy.PermissionPolicyService.$r8$lambda$g9YhLNd1OZQfuSCyT_yO-G8mZv0(PermissionPolicyService.java:0)
08-27 21:42:20.335   576   595 E AppOpService: 	at com.android.server.policy.PermissionPolicyService$$ExternalSyntheticLambda4.accept(R8$$SyntheticClass:0)
08-27 21:42:20.335   576   595 E AppOpService: 	at com.android.internal.util.function.pooled.PooledLambdaImpl.doInvoke(PooledLambdaImpl.java:281)
08-27 21:42:20.335   576   595 E AppOpService: 	at com.android.internal.util.function.pooled.PooledLambdaImpl.invoke(PooledLambdaImpl.java:204)
08-27 21:42:20.335   576   595 E AppOpService: 	at com.android.internal.util.function.pooled.OmniFunction.run(OmniFunction.java:87)
08-27 21:42:20.335   576   595 E AppOpService: 	at android.os.Handler.handleCallback(Handler.java:959)
08-27 21:42:20.335   576   595 E AppOpService: 	at android.os.Handler.dispatchMessage(Handler.java:100)
08-27 21:42:20.335   576   595 E AppOpService: 	at android.os.Looper.loopOnce(Looper.java:232)
08-27 21:42:20.335   576   595 E AppOpService: 	at android.os.Looper.loop(Looper.java:317)
08-27 21:42:20.335   576   595 E AppOpService: 	at android.os.HandlerThread.run(HandlerThread.java:85)
08-27 21:42:20.335   576   595 E AppOpService: 	at com.android.server.ServiceThread.run(ServiceThread.java:46)
08-27 21:42:20.342   576   576 W Looper  : Slow delivery took 201ms main h=android.os.Handler c=null m=1
08-27 21:42:20.379   576   595 V StorageManagerService: Package null does not have legacy storage
08-27 21:42:20.462  1308  1317 D MediaGrants: Removed 0 media_grants for 0 user for [com.skyfire.solarapp]. Reason: Mode changed: android:read_external_storage
08-27 21:42:20.554 23120 23120 I artd    : Starting artd
08-27 21:42:20.555 23120 23120 I AidlLazyServiceRegistrar: Registering service artd
08-27 21:42:20.616 23120 23120 I AidlLazyServiceRegistrar: Process has 1 (of 1 available) client(s) in use after notification artd has clients: 1
08-27 21:42:20.682   576   630 V BackupManagerService: [UserID:0] restoreAtInstall pkg=com.skyfire.solarapp token=d restoreSet=0
08-27 21:42:20.742   576   630 D ActivityManager: sync unfroze 11516 com.google.android.gms for 6
08-27 21:42:20.846   576   576 I TransportConnection: BackupTransportService#13: Notifying [BMS.restoreAtInstall] transport = BackupTransportClient
08-27 21:42:20.846   576   576 W Looper  : Drained
08-27 21:42:20.849 11516 11516 I Backup  : [GmsBackupAccountManager] Backup account not found in gmscore.
08-27 21:42:20.917   576  1645 D BackupTransportManager: [UserID:0] Transport com.google.android.gms/.backup.BackupTransportService updated its attributes
08-27 21:42:20.951 11516 12535 W AndroidBackupEventsLogg: Flag disabled, logging without sampling [CONTEXT service_id=229 ]
08-27 21:42:20.951 11516 12535 I AndroidBackupEventsLogg: (REDACTED) Logging without sampling %s
08-27 21:42:20.992 11516 12535 W AndroidBackupEventsLogg: Flag disabled, logging without sampling [CONTEXT service_id=229 ]
08-27 21:42:21.004 11516 12535 I AndroidBackupEventsLogg: (REDACTED) Logging without sampling %s
08-27 21:42:21.103   576   630 V BackupManagerService: [UserID:0] Finishing install immediately
08-27 21:42:21.112   576   630 I AppsFilter: interaction: PackageSetting{262fb0b com.android.microdroid.empty_payload/10200} -> PackageSetting{66f6d1f com.skyfire.solarapp/10243} BLOCKED
08-27 21:42:21.120   576   630 D PackageInstallerSession: Marking session 1026722440 as applied
08-27 21:42:21.120  1056 23127 W ChimeraUtils: Module com.google.android.gms.backup_base missing resource null(0)
08-27 21:42:21.243  1124  1167 D SessionCommitReceiver: Removing PromiseIcon for package: com.skyfire.solarapp, install reason: 0, alreadyAddedPromiseIcon: false
08-27 21:42:21.351   962   962 D CarrierSvcBindHelper: onPackageAdded: com.skyfire.solarapp
08-27 21:42:21.394   576   793 I SdkSandboxManager: No SDKs used. Skipping SDK data reconcilation for CallingInfo{mUid=10243, mPackageName='com.skyfire.solarapp, mAppProcessToken='null'}
08-27 21:42:21.433   576   607 D ActivityManager: sync unfroze 8616 com.google.android.permissioncontroller for 3
08-27 21:42:21.487   576   644 E AtomicFile: Failed to rename /data/system/install_sessions.xml.new to /data/system/install_sessions.xml
08-27 21:42:21.506   962   962 D CarrierSvcBindHelper: No carrier app for: 0
08-27 21:42:21.545   576   740 E AppOps  : attributionTag VCN not declared in manifest of android
08-27 21:42:21.571   576   595 W Looper  : Slow delivery took 276ms android.fg h=android.os.Handler c=com.android.server.am.SameProcessApplicationThread$$ExternalSyntheticLambda1@3793e88 m=0
08-27 21:42:21.623   576   607 D ActivityManager: sync unfroze 8257 com.google.android.adservices.api for 3
08-27 21:42:21.635   576   782 D ShortcutService: received package broadcast intent: Intent { act=android.intent.action.PACKAGE_ADDED dat=package: flg=0x4000010 (has extras) }
08-27 21:42:21.635   576   782 D ShortcutService: adding package: com.skyfire.solarapp userId0
08-27 21:42:21.635   576   782 D ShortcutService: handlePackageAdded: com.skyfire.solarapp user=0
08-27 21:42:21.635   576   782 D ShortcutService: rescanPackageIfNeeded 0@com.skyfire.solarapp, forceRescan=true , isNewApp=true
08-27 21:42:21.636   576   782 D ShortcutService: Package com.skyfire.solarapp has 0 manifest shortcut(s), and 0 share target(s)
08-27 21:42:21.636   576   607 D ActivityManager: sync unfroze 18486 com.google.android.packageinstaller for 3
08-27 21:42:21.673   576   576 W Looper  : Slow dispatch took 399ms main h=android.app.ActivityThread$H c=android.app.LoadedApk$ReceiverDispatcher$Args$$ExternalSyntheticLambda0@c2d26d2 m=0
08-27 21:42:21.673   576   576 W Looper  : Slow delivery took 377ms main h=android.app.ActivityThread$H c=android.app.LoadedApk$ReceiverDispatcher$Args$$ExternalSyntheticLambda0@979b3a3 m=0
08-27 21:42:21.698   893   899 I rkstack.process: Background concurrent mark compact GC freed 2704KB AllocSpace bytes, 0(0B) LOS objects, 49% free, 2804KB/5608KB, paused 887us,30.731ms total 192.944ms
08-27 21:42:21.739   576   595 W Looper  : Drained
08-27 21:42:21.799  8616  8616 I SafetyLabelChangedBroadcastReceiver: received broadcast packageName: com.skyfire.solarapp, current user: UserHandle{0}, packageChangeEvent: NEW_INSTALL, intent user: UserHandle{0}
08-27 21:42:21.868   962   962 E SmsApplication: com.google.android.apps.messaging lost android:read_cell_broadcasts:  (fixing)
08-27 21:42:21.869   576   725 D CompatChangeReporter: Compat change id reported: 262645982; UID 10243; state: ENABLED
08-27 21:42:21.869   576   654 W AppOpService: Ignored setUidMode call for runtime permission app op: uid = 10140, code = READ_CELL_BROADCASTS, mode = allow, callingUid = 1001, oldMode = allow
08-27 21:42:21.908   576   576 D TransparencyService: Not an update. Skipping...
08-27 21:42:21.920   576   679 I RoleService: Granting default roles...
08-27 21:42:21.952   576  4086 W Role    : Default holder doesn't have required signing certificate: com.google.android.retaildemo:6547c73dee150c103980bfdffe55cc9a011d785dd694a5f99afd8205bcaf1f80
08-27 21:42:21.952   576  4086 E RoleControllerServiceImpl: Default/fallback role holder package doesn't qualify for the role, package: com.google.android.gms.supervision, role: android.app.role.SYSTEM_SUPERVISION
08-27 21:42:22.008   576  4086 W Role    : Default holder doesn't have required signing certificate: com.google.android.apps.work.clouddpc:23962F4B43B9857638EA66F4D419518EAE282491ACDA4B94707BD59003C45E58
08-27 21:42:22.051   824   824 D ControlsListingControllerImpl: ServiceConfig reloaded, count: 0
08-27 21:42:22.052   962   962 E CellBroadcastUtils: getDefaultCellBroadcastReceiverPackageName: no package found
08-27 21:42:22.150   576   576 W Looper  : Slow dispatch took 242ms main h=android.app.ActivityThread$H c=android.app.LoadedApk$ReceiverDispatcher$Args$$ExternalSyntheticLambda0@e12e808 m=0
08-27 21:42:22.169   576   654 D ActivityManager: sync unfroze 21787 com.google.android.apps.wellbeing for 7
08-27 21:42:22.171   576  1645 W AppOpService: Ignored setUidMode call for runtime permission app op: uid = 1001, code = READ_SMS, mode = allow, callingUid = 1001, oldMode = allow
08-27 21:42:22.172   576  1645 W AppOpService: Ignored setUidMode call for runtime permission app op: uid = 1001, code = RECEIVE_SMS, mode = allow, callingUid = 1001, oldMode = allow
08-27 21:42:22.183   576  1645 W AppOpService: Ignored setUidMode call for runtime permission app op: uid = 1001, code = RECEIVE_WAP_PUSH, mode = allow, callingUid = 1001, oldMode = allow
08-27 21:42:22.185   576  1645 W AppOpService: Ignored setUidMode call for runtime permission app op: uid = 1001, code = SEND_SMS, mode = allow, callingUid = 1001, oldMode = allow
08-27 21:42:22.186   576  1645 W AppOpService: Ignored setUidMode call for runtime permission app op: uid = 1001, code = READ_CELL_BROADCASTS, mode = allow, callingUid = 1001, oldMode = allow
08-27 21:42:22.270   576   654 W ContentProviderHelper: Slow operation: 109ms so far, now at getContentProviderImpl: after updateOomAdj
08-27 21:42:22.270   576   654 W ContentProviderHelper: Slow operation: 111ms so far, now at getContentProviderImpl: done!
08-27 21:42:22.293   576   576 W Looper  : Drained
08-27 21:42:22.293   576   595 W Looper  : Slow dispatch took 423ms android.fg h=android.os.Handler c=com.android.server.om.OverlayManagerService$$ExternalSyntheticLambda1@64ae4c m=0
08-27 21:42:22.293   962  1174 D ImsResolver: maybeAddedImsService, packageName: com.skyfire.solarapp
08-27 21:42:22.293   576   595 W Looper  : Slow delivery took 385ms android.fg h=android.os.Handler c=com.android.server.power.hint.HintManagerService$MyUidObserver$$ExternalSyntheticLambda0@2c18e95 m=0
08-27 21:42:22.293   576   595 W Looper  : Drained
08-27 21:42:22.294   576   576 I AppsFilter: interaction: PackageSetting{94f339b com.android.microdroid.empty_payload/10200} -> PackageSetting{d546338 com.skyfire.solarapp/10243} BLOCKED
08-27 21:42:22.371   576   807 W Looper  : Slow dispatch took 463ms android.perm h=android.os.Handler c=com.android.internal.infra.ServiceConnector$Impl$$ExternalSyntheticLambda2@9887ae4 m=0
08-27 21:42:22.492 23135 23135 D AndroidRuntime: >>>>>> START com.android.internal.os.RuntimeInit uid 2000 <<<<<<
08-27 21:42:22.504 23135 23135 I AndroidRuntime: Using default boot image
08-27 21:42:22.510 23135 23135 I AndroidRuntime: Leaving lock profiling enabled
08-27 21:42:22.519 23135 23135 I app_process: Using CollectorTypeCMC GC.
08-27 21:42:22.598  1319  1944 I AiAiTextClassifier: [VisualCortexAdapter]: provideRegistration: Registered Prominent Screen Entities for updates.
08-27 21:42:22.600  1319  1944 I AiAiTextClassifier: [VisualCortexAdapter]: provideRegistration: Registered Prominent Screen Entities for updates.
08-27 21:42:22.623  1319  1944 I AiAiTextClassifier: [VisualCortexAdapter]: provideRegistration: Registered Prominent Screen Entities for updates.
08-27 21:42:22.677   576   679 I RoleService: Granting default roles...
08-27 21:42:22.739   576  4086 E RoleControllerServiceImpl: Default/fallback role holder package doesn't qualify for the role, package: com.google.android.gms, role: android.app.role.WALLET
08-27 21:42:22.789   962   962 D CarrierSvcBindHelper: onPackageModified: com.skyfire.solarapp
08-27 21:42:22.792   962   962 D CarrierSvcBindHelper: No carrier app for: 0
08-27 21:42:22.834   576   607 D ActivityManager: sync unfroze 21578 com.android.vending for 3
08-27 21:42:22.836   576   607 D ActivityManager: sync unfroze 22937 com.android.vending:background for 3
08-27 21:42:22.840 23135 23135 D nativeloader: InitDefaultPublicLibraries for_preload=1: libandroid.so:libaaudio.so:libamidi.so:libbinder_ndk.so:libc.so:libcamera2ndk.so:libdl.so:libEGL.so:libGLESv1_CM.so:libGLESv2.so:libGLESv3.so:libicu.so:libicui18n.so:libicuuc.so:libjnigraphics.so:liblog.so:libmediandk.so:libm.so:libnativehelper.so:libnativewindow.so:libOpenMAXAL.so:libOpenSLES.so:libRS.so:libstdc++.so:libsync.so:libvulkan.so:libwebviewchromium_plat_support.so:libz.so
08-27 21:42:22.857   576   576 W Looper  : Slow dispatch took 120ms main h=android.app.ActivityThread$H c=android.app.LoadedApk$ReceiverDispatcher$Args$$ExternalSyntheticLambda0@35fe70a m=0
08-27 21:42:22.857 23135 23135 D nativeloader: Load libicu_jni.so using APEX ns com_android_art for caller /apex/com.android.art/javalib/core-oj.jar: ok
08-27 21:42:22.858 23135 23135 D app_process: u_setTimeZoneFilesDirectory("/apex/com.android.tzdata/etc/tz/versioned/8/icu") succeeded. 
08-27 21:42:22.858 23135 23135 D app_process: I18n APEX ICU file found: /apex/com.android.i18n/etc/icu/icudt75l.dat
08-27 21:42:22.873   576   606 W MagnificationConnectionManager: requestConnection duplicated request: connect=false, mConnectionState=DISCONNECTED
08-27 21:42:22.875 23135 23135 D nativeloader: Load libjavacore.so using APEX ns com_android_art for caller /apex/com.android.art/javalib/core-oj.jar: ok
08-27 21:42:22.876 23135 23135 D nativeloader: Load libopenjdk.so using APEX ns com_android_art for caller /apex/com.android.art/javalib/core-oj.jar: ok
08-27 21:42:22.883 23135 23135 W app_process: Unexpected CPU variant for x86: x86_64.
08-27 21:42:22.883 23135 23135 W app_process: Known variants: atom, sandybridge, silvermont, goldmont, goldmont-plus, goldmont-without-sha-xsaves, tremont, kabylake, default
08-27 21:42:22.884 21578 21578 I Finsky  : [2] Memory trim requested to level 40
08-27 21:42:22.907  1056  1056 D BoundBrokerSvc: onRebind: Intent { act=com.google.android.gms.libs.gmscorelogger.service.START dat=chimera-action:/... cmp=com.google.android.gms/.chimera.PersistentDirectBootAwareApiService }
08-27 21:42:22.922 21578 21634 I PlayCommon: [114] Preparing logs for uploading
08-27 21:42:22.922  8616  8625 I PermissionControllerServiceImpl: Updating user sensitive for uid 10243
08-27 21:42:22.937 21578 21634 W PlayCommon: [114] No account for auth token provided
08-27 21:42:22.941 21578 21634 I PlayCommon: [114] Connecting to server: https://play.googleapis.com/play/log?format=raw&proto_v2=true
08-27 21:42:22.966   576   782 D ShortcutService: received package broadcast intent: Intent { act=android.intent.action.PACKAGE_CHANGED dat=package: flg=0x5000010 (has extras) }
08-27 21:42:22.966   576   782 D ShortcutService: changing package: com.skyfire.solarapp userId0
08-27 21:42:22.966   576   782 D ShortcutService: handlePackageChanged: com.skyfire.solarapp user=0
08-27 21:42:22.966   576   782 D ShortcutService: rescanPackageIfNeeded 0@com.skyfire.solarapp, forceRescan=true , isNewApp=true
08-27 21:42:23.022   576   782 D ShortcutService: Package com.skyfire.solarapp has 0 manifest shortcut(s), and 0 share target(s)
08-27 21:42:23.163 23135 23135 D nativeloader: Load libframework-connectivity-tiramisu-jni.so using APEX ns com_android_tethering for caller /apex/com.android.tethering/javalib/framework-connectivity-t.jar: ok
08-27 21:42:23.166 23135 23135 D AndroidRuntime: Calling main entry com.android.commands.monkey.Monkey
08-27 21:42:23.175 21578 21578 I Finsky  : [2] Flushing in-memory image cache
08-27 21:42:23.184 23135 23135 W Monkey  : args: [-p, com.skyfire.solarapp, -c, android.intent.category.LAUNCHER, 1]
08-27 21:42:23.193 23135 23135 W Monkey  :  arg: "-p"
08-27 21:42:23.193 21578 21578 I Finsky  : [2] Memory trim requested to level 40
08-27 21:42:23.193 21578 21578 I Finsky  : [2] Flushing in-memory image cache
08-27 21:42:23.194 23135 23135 W Monkey  :  arg: "com.skyfire.solarapp"
08-27 21:42:23.194 23135 23135 W Monkey  :  arg: "-c"
08-27 21:42:23.194 23135 23135 W Monkey  :  arg: "android.intent.category.LAUNCHER"
08-27 21:42:23.194 23135 23135 W Monkey  :  arg: "1"
08-27 21:42:23.194 23135 23135 W Monkey  : data="com.skyfire.solarapp"
08-27 21:42:23.194 23135 23135 W Monkey  : data="android.intent.category.LAUNCHER"
08-27 21:42:23.194 22937 23053 I PlayCommon: [129] Preparing logs for uploading
08-27 21:42:23.194 22937 22937 I Finsky:background: [2] Memory trim requested to level 40
08-27 21:42:23.208 21578 21578 I Finsky  : [2] aeuc - Received: android.intent.action.PACKAGE_ADDED, [WZBU4Q5YR5UQRB63TyWgxRk-s7VoNsQbQr9te-mvS1o]
08-27 21:42:23.208 22937 22983 I Finsky:background: [86] Stats for Executor: bgExecutor tlb@d7109d1[Running, pool size = 4, active threads = 0, queued tasks = 0, completed tasks = 33]
08-27 21:42:23.208 22937 22983 I Finsky:background: [86] Stats for Executor: LightweightExecutor tlb@2c50c36[Running, pool size = 3, active threads = 0, queued tasks = 0, completed tasks = 14]
08-27 21:42:23.208 22937 22983 I Finsky:background: [86] Stats for Executor: BlockingExecutor tlb@f62d737[Running, pool size = 0, active threads = 0, queued tasks = 0, completed tasks = 1]
08-27 21:42:23.284 22937 22937 I Finsky:background: [2] Memory trim requested to level 40
08-27 21:42:23.296 21578 21634 D TrafficStats: tagSocket(117) with statsTag=0x6900, statsUid=-1
08-27 21:42:23.364   576   653 W ActivityManager: registerReceiverWithFeature: no app for null
08-27 21:42:23.380   576  4086 E RoleControllerServiceImpl: Default/fallback role holder package doesn't qualify for the role, package: com.google.android.devicelockcontroller, role: android.app.role.SYSTEM_FINANCED_DEVICE_CONTROLLER
08-27 21:42:23.378 22937 22937 I Finsky:background: [2] aets - Received: android.intent.action.PACKAGE_ADDED, [WZBU4Q5YR5UQRB63TyWgxRk-s7VoNsQbQr9te-mvS1o]
08-27 21:42:23.458   824   824 D ControlsListingControllerImpl: ServiceConfig reloaded, count: 0
08-27 21:42:23.486   576   576 W Looper  : Slow dispatch took 557ms main h=com.android.server.accessibility.AccessibilityManagerService$MainHandler c=<recycled PooledLambda@873dcc8> m=0
08-27 21:42:23.595   576   576 W Looper  : Slow delivery took 856ms main h=com.android.server.accessibility.AccessibilityManagerService$MainHandler c=<recycled PooledLambda@4c1f486> m=0
08-27 21:42:23.699   962   962 E SmsApplication: com.google.android.apps.messaging lost android:read_cell_broadcasts:  (fixing)
08-27 21:42:23.699   576   955 W AppOpService: Ignored setUidMode call for runtime permission app op: uid = 10140, code = READ_CELL_BROADCASTS, mode = allow, callingUid = 1001, oldMode = allow
08-27 21:42:23.747   962   962 E CellBroadcastUtils: getDefaultCellBroadcastReceiverPackageName: no package found
08-27 21:42:23.798   576  1691 W ActivityTaskManager: callingPackage for (uid=2000, pid=23135) has no WPC
08-27 21:42:23.815 21578 21634 I PlayCommon: [114] Successfully uploaded logs.
08-27 21:42:23.929 21578 21578 I Finsky  : [2] Do not start WearSupportService due to Wear service optimization
08-27 21:42:23.934   576   576 W Looper  : Slow dispatch took 338ms main h=android.app.ActivityThread$H c=android.app.LoadedApk$ReceiverDispatcher$Args$$ExternalSyntheticLambda0@af735b m=0
08-27 21:42:23.943 22937 23155 I Finsky:background: [132] Wrote row to frosting DB: 1056
08-27 21:42:23.955   576  1691 W OptProp : Cannot read opt property android.window.PROPERTY_COMPAT_ALLOW_USER_ASPECT_RATIO_OVERRIDE
08-27 21:42:23.970   576  1691 W OptProp : Cannot read opt property android.window.PROPERTY_COMPAT_ALLOW_USER_ASPECT_RATIO_FULLSCREEN_OVERRIDE
08-27 21:42:23.971   576  1691 W OptProp : Cannot read opt property android.window.PROPERTY_COMPAT_ALLOW_ORIENTATION_OVERRIDE
08-27 21:42:23.972 21578 21578 I Finsky  : [2] Clearing split related stale data.
08-27 21:42:24.011  8616  8625 I PermissionControllerServiceImpl: Updating user sensitive for uid 10243
08-27 21:42:24.019  1124  1167 D PackageUpdatedTask: Package updated: mOp=ADD packages=[com.skyfire.solarapp]
08-27 21:42:24.020   576   606 W PackageManager: Failed registering loading progress callback. Package is fully loaded.
08-27 21:42:24.032   576  1691 V GrammaticalInflectionUtils: AttributionSource: android.content.AttributionSource@1a5b651a does not have READ_SYSTEM_GRAMMATICAL_GENDER permission.
08-27 21:42:24.051   576   576 W IPCThreadState: Sending oneway calls to frozen process.
08-27 21:42:24.052   576   576 W IPCThreadState: Sending oneway calls to frozen process.
08-27 21:42:24.052   576   576 W IPCThreadState: Sending oneway calls to frozen process.
08-27 21:42:24.071   576  1691 W OptProp : Cannot read opt property android.window.PROPERTY_COMPAT_ALLOW_RESIZEABLE_ACTIVITY_OVERRIDES
08-27 21:42:24.071   576  1691 W OptProp : Cannot read opt property android.window.PROPERTY_COMPAT_ALLOW_MIN_ASPECT_RATIO_OVERRIDE
08-27 21:42:24.092   576   655 W AppOpService: Ignored setUidMode call for runtime permission app op: uid = 1001, code = READ_SMS, mode = allow, callingUid = 1001, oldMode = allow
08-27 21:42:24.117   576   576 W Looper  : Drained
08-27 21:42:24.222 21578 23158 I Finsky  : [230] SCH: Received scheduling request: Id: 12-1, Constraints: [{ L: 15000, D: 86400000, C: CHARGING_NONE, I: IDLE_NONE, N: NET_ANY, B: BATTERY_ANY }]
08-27 21:42:24.239   576   595 W Looper  : Slow dispatch took 113ms android.fg h=android.os.Handler c=<recycled PooledLambda@e0e9d09> m=0
08-27 21:42:24.256 22937 23053 I PlayCommon: [129] Connecting to server for timestamp: https://play.googleapis.com/play/log/timestamp
08-27 21:42:24.287   576   957 W AppOpService: Ignored setUidMode call for runtime permission app op: uid = 1001, code = RECEIVE_SMS, mode = allow, callingUid = 1001, oldMode = allow
08-27 21:42:24.288   576   957 W AppOpService: Ignored setUidMode call for runtime permission app op: uid = 1001, code = RECEIVE_WAP_PUSH, mode = allow, callingUid = 1001, oldMode = allow
08-27 21:42:24.288   576   957 W AppOpService: Ignored setUidMode call for runtime permission app op: uid = 1001, code = SEND_SMS, mode = allow, callingUid = 1001, oldMode = allow
08-27 21:42:24.288   576   957 W AppOpService: Ignored setUidMode call for runtime permission app op: uid = 1001, code = READ_CELL_BROADCASTS, mode = allow, callingUid = 1001, oldMode = allow
