08-26 00:33:18.743   577  1669 I AppsFilter: interaction: PackageSetting{665ae4a com.skyfire.solarapp/10212} -> PackageSetting{2ddbfe6 com.android.theme.font.notoserifsource/10037} BLOCKED
08-26 00:33:18.743   577  1669 I AppsFilter: interaction: PackageSetting{665ae4a com.skyfire.solarapp/10212} -> PackageSetting{ed9ee0f com.google.android.safetycenter.resources/10206} BLOCKED
08-26 00:33:18.743   577  1669 I AppsFilter: interaction: PackageSetting{665ae4a com.skyfire.solarapp/10212} -> PackageSetting{1cc27d4 com.android.internal.display.cutout.emulation.waterfall/10008} BLOCKED
08-26 00:33:18.743   577  1669 I AppsFilter: interaction: PackageSetting{665ae4a com.skyfire.solarapp/10212} -> PackageSetting{a07bd7d com.android.internal.systemui.navbar.transparent/10082} BLOCKED
08-26 00:33:18.743   577  1669 I AppsFilter: interaction: PackageSetting{665ae4a com.skyfire.solarapp/10212} -> PackageSetting{7ed1e9c com.google.android.connectivity.resources/10204} BLOCKED
08-26 00:33:18.743   577  1669 I AppsFilter: interaction: PackageSetting{665ae4a com.skyfire.solarapp/10212} -> PackageSetting{c2000c3 com.android.providers.contacts.auto_generated_rro_product__/10004} BLOCKED
08-26 00:33:18.743   577  1669 I AppsFilter: interaction: PackageSetting{665ae4a com.skyfire.solarapp/10212} -> PackageSetting{7f1c0a5 com.google.android.feedback/10172} BLOCKED
08-26 00:33:18.744   577  1669 I AppsFilter: interaction: PackageSetting{665ae4a com.skyfire.solarapp/10212} -> PackageSetting{f3f7c7a com.google.android.printservice.recommendation/10121} BLOCKED
08-26 00:33:18.744   577  1669 I AppsFilter: interaction: PackageSetting{665ae4a com.skyfire.solarapp/10212} -> PackageSetting{bb56343 com.google.android.calendar/10150} BLOCKED
08-26 00:33:18.744   577  1669 I AppsFilter: interaction: PackageSetting{665ae4a com.skyfire.solarapp/10212} -> PackageSetting{6515c2b com.google.android.documentsui/10099} BLOCKED
08-26 00:33:18.744   577  1669 I AppsFilter: interaction: PackageSetting{665ae4a com.skyfire.solarapp/10212} -> PackageSetting{377e61f com.android.systemui.emulation.pixel_3a_xl/10056} BLOCKED
08-26 00:33:18.744   577  1669 I AppsFilter: interaction: PackageSetting{665ae4a com.skyfire.solarapp/10212} -> PackageSetting{d249d6c com.android.systemui.emulation.pixel_6_pro/10062} BLOCKED
08-26 00:33:18.744   577  1669 I AppsFilter: interaction: PackageSetting{665ae4a com.skyfire.solarapp/10212} -> PackageSetting{e161f35 com.android.systemui.emulation.pixel_7_pro/10065} BLOCKED
08-26 00:33:18.744   577  1669 I AppsFilter: interaction: PackageSetting{665ae4a com.skyfire.solarapp/10212} -> PackageSetting{4eb9fca com.android.systemui.emulation.pixel_8_pro/10068} BLOCKED
08-26 00:33:18.744   577  1669 I AppsFilter: interaction: PackageSetting{665ae4a com.skyfire.solarapp/10212} -> PackageSetting{33ec53b com.android.systemui.emulation.pixel_9_pro/10071} BLOCKED
08-26 00:33:18.744   577  1669 I AppsFilter: interaction: PackageSetting{665ae4a com.skyfire.solarapp/10212} -> PackageSetting{8742458 com.android.carrierconfig.auto_generated_rro_product__/10000} BLOCKED
08-26 00:33:18.745   577  1669 I AppsFilter: interaction: PackageSetting{665ae4a com.skyfire.solarapp/10212} -> PackageSetting{9679b1 com.android.devicediagnostics.auto_generated_rro_product__/10006} BLOCKED
08-26 00:33:18.746   577  1669 I AppsFilter: interaction: PackageSetting{665ae4a com.skyfire.solarapp/10212} -> PackageSetting{efb8888 com.android.providers.partnerbookmarks/10123} BLOCKED
08-26 00:33:18.746   577  1669 I AppsFilter: interaction: PackageSetting{665ae4a com.skyfire.solarapp/10212} -> PackageSetting{5e2c221 com.android.wallpaper.livepicker/10103} BLOCKED
08-26 00:33:18.746   577  1669 I AppsFilter: interaction: PackageSetting{665ae4a com.skyfire.solarapp/10212} -> PackageSetting{e332e04 com.android.providers.telephony.auto_generated_rro_product__/10080} BLOCKED
08-26 00:33:18.746   577  1669 I AppsFilter: interaction: PackageSetting{665ae4a com.skyfire.solarapp/10212} -> PackageSetting{ee7ffed com.android.phone.auto_generated_rro_vendor__/10087} BLOCKED
08-26 00:33:18.746   577  1669 I AppsFilter: interaction: PackageSetting{665ae4a com.skyfire.solarapp/10212} -> PackageSetting{f38e646 com.android.imsserviceentitlement/10132} BLOCKED
08-26 00:33:18.746   577  1669 I AppsFilter: interaction: PackageSetting{665ae4a com.skyfire.solarapp/10212} -> PackageSetting{ef2a0b3 com.android.internal.emulation.pixel_9_pro_xl/10032} BLOCKED
08-26 00:33:18.746   577  1669 I AppsFilter: interaction: PackageSetting{665ae4a com.skyfire.solarapp/10212} -> PackageSetting{1879007 com.google.android.healthconnect.controller/10186} BLOCKED
08-26 00:33:18.746   577  1669 I AppsFilter: interaction: PackageSetting{665ae4a com.skyfire.solarapp/10212} -> PackageSetting{151ade9 com.android.internal.emulation.pixel_2_xl/10011} BLOCKED
08-26 00:33:18.746   577  1669 I AppsFilter: interaction: PackageSetting{665ae4a com.skyfire.solarapp/10212} -> PackageSetting{dfa3a6e com.android.internal.emulation.pixel_3_xl/10014} BLOCKED
08-26 00:33:18.746   577  1669 I AppsFilter: interaction: PackageSetting{665ae4a com.skyfire.solarapp/10212} -> PackageSetting{6c950f com.android.internal.emulation.pixel_4_xl/10022} BLOCKED
08-26 00:33:18.746   577  1669 I AppsFilter: interaction: PackageSetting{665ae4a com.skyfire.solarapp/10212} -> PackageSetting{c40399c com.android.internal.emulation.pixel_fold/10033} BLOCKED
08-26 00:33:18.746   577  1669 I AppsFilter: interaction: PackageSetting{665ae4a com.skyfire.solarapp/10212} -> PackageSetting{104a534 com.android.bookmarkprovider/10111} BLOCKED
08-26 00:33:18.746   577  1669 I AppsFilter: interaction: PackageSetting{665ae4a com.skyfire.solarapp/10212} -> PackageSetting{9938f7a com.google.android.overlay.pixelconfigcommon/10048} BLOCKED
08-26 00:33:18.746   577  1669 I AppsFilter: interaction: PackageSetting{665ae4a com.skyfire.solarapp/10212} -> PackageSetting{be7732b com.android.systemui.accessibility.accessibilitymenu.auto_generated_rro_product__/10001} BLOCKED
08-26 00:33:18.746   577  1669 I AppsFilter: interaction: PackageSetting{665ae4a com.skyfire.solarapp/10212} -> PackageSetting{4e55388 com.android.systemui.emulation.pixel_3a/10055} BLOCKED
08-26 00:33:18.746   577  1669 I AppsFilter: interaction: PackageSetting{665ae4a com.skyfire.solarapp/10212} -> PackageSetting{8483121 com.android.systemui.emulation.pixel_4a/10059} BLOCKED
08-26 00:33:18.746   577  1669 I AppsFilter: interaction: PackageSetting{665ae4a com.skyfire.solarapp/10212} -> PackageSetting{63b2946 com.android.systemui.emulation.pixel_6a/10063} BLOCKED
08-26 00:33:18.746   577  1669 I AppsFilter: interaction: PackageSetting{665ae4a com.skyfire.solarapp/10212} -> PackageSetting{fe81707 com.android.systemui.emulation.pixel_7a/10066} BLOCKED
08-26 00:33:18.746   577  1669 I AppsFilter: interaction: PackageSetting{665ae4a com.skyfire.solarapp/10212} -> PackageSetting{3402034 com.android.systemui.emulation.pixel_8a/10069} BLOCKED
08-26 00:33:18.746   577  1669 I AppsFilter: interaction: PackageSetting{665ae4a com.skyfire.solarapp/10212} -> PackageSetting{3885f5d com.google.android.settings.intelligence/10141} BLOCKED
08-26 00:33:18.746   577  1669 I AppsFilter: interaction: PackageSetting{665ae4a com.skyfire.solarapp/10212} -> PackageSetting{d5dbf23 com.google.android.projection.gearhead/10130} BLOCKED
08-26 00:33:18.746   577  1669 I AppsFilter: interaction: PackageSetting{665ae4a com.skyfire.solarapp/10212} -> PackageSetting{d0d20d2 com.google.android.uwb.resources/10205} BLOCKED
08-26 00:33:18.746   577  1669 I AppsFilter: interaction: PackageSetting{665ae4a com.skyfire.solarapp/10212} -> PackageSetting{9393c20 com.android.cts.ctsshim/10185} BLOCKED
08-26 00:33:18.746   577  1669 I AppsFilter: interaction: PackageSetting{665ae4a com.skyfire.solarapp/10212} -> PackageSetting{30325a3 com.google.android.wifi.resources/10194} BLOCKED
08-26 00:33:18.747   577  1669 I AppsFilter: interaction: PackageSetting{665ae4a com.skyfire.solarapp/10212} -> PackageSetting{ce0e0a0 com.google.android.wifi.dialog/10196} BLOCKED
08-26 00:33:18.747   577  1669 I AppsFilter: interaction: PackageSetting{665ae4a com.skyfire.solarapp/10212} -> PackageSetting{bf09459 com.android.wallpaper/10178} BLOCKED
08-26 00:33:18.747   577  1669 I AppsFilter: interaction: PackageSetting{665ae4a com.skyfire.solarapp/10212} -> PackageSetting{bf8c6e3 com.android.microdroid.empty_payload/10200} BLOCKED
08-26 00:33:18.747   577  1669 I AppsFilter: interaction: PackageSetting{665ae4a com.skyfire.solarapp/10212} -> PackageSetting{878781e com.google.android.apps.wallpaper/10181} BLOCKED
08-26 00:33:18.747   577  1669 I AppsFilter: interaction: PackageSetting{665ae4a com.skyfire.solarapp/10212} -> PackageSetting{51878ff com.google.android.odad/10135} BLOCKED
08-26 00:33:18.747   577  1669 I AppsFilter: interaction: PackageSetting{665ae4a com.skyfire.solarapp/10212} -> PackageSetting{d5341cc com.android.settings.auto_generated_rro_product__/10049} BLOCKED
08-26 00:33:18.747   577  1669 I AppsFilter: interaction: PackageSetting{665ae4a com.skyfire.solarapp/10212} -> PackageSetting{a475c15 com.android.systemui.emulation.pixel_9_pro_xl/10073} BLOCKED
08-26 00:33:18.747   577  1669 I AppsFilter: interaction: PackageSetting{665ae4a com.skyfire.solarapp/10212} -> PackageSetting{baecb2a com.android.companiondevicemanager.auto_generated_characteristics_rro/10002} BLOCKED
08-26 00:33:18.747   577  1669 I AppsFilter: interaction: PackageSetting{665ae4a com.skyfire.solarapp/10212} -> PackageSetting{7cf7d1b com.android.internal.systemui.navbar.gestural/10044} BLOCKED
08-26 00:33:18.747   577  1669 I AppsFilter: interaction: PackageSetting{665ae4a com.skyfire.solarapp/10212} -> PackageSetting{48366cc com.google.android.apps.youtube.music/10165} BLOCKED
08-26 00:33:18.748   577  1669 I AppsFilter: interaction: PackageSetting{665ae4a com.skyfire.solarapp/10212} -> PackageSetting{30d1d15 com.android.bluetoothmidiservice/10110} BLOCKED
08-26 00:33:18.748   577  1669 I AppsFilter: interaction: PackageSetting{665ae4a com.skyfire.solarapp/10212} -> PackageSetting{2c66ff6 com.android.storagemanager.auto_generated_rro_product__/10052} BLOCKED
08-26 00:33:18.748   577  1669 I AppsFilter: interaction: PackageSetting{665ae4a com.skyfire.solarapp/10212} -> PackageSetting{eaff82a com.google.android.cellbroadcastreceiver/10193} BLOCKED
08-26 00:33:18.748   577  1669 I AppsFilter: interaction: PackageSetting{665ae4a com.skyfire.solarapp/10212} -> PackageSetting{c45fe64 com.android.phone.auto_generated_rro_product__/10077} BLOCKED
08-26 00:33:18.750   577  1669 I AppsFilter: interaction: PackageSetting{665ae4a com.skyfire.solarapp/10212} -> PackageSetting{2a7f8cd com.android.systemui.emulation.pixel_9_pro_fold/10072} BLOCKED
08-26 00:33:18.750   577  1669 I AppsFilter: interaction: PackageSetting{665ae4a com.skyfire.solarapp/10212} -> PackageSetting{ae19582 android.auto_generated_rro_product__/10084} BLOCKED
08-26 00:33:18.750   577  1669 I AppsFilter: interaction: PackageSetting{665ae4a com.skyfire.solarapp/10212} -> PackageSetting{905a61b com.google.android.inputmethod.latin/10156} BLOCKED
08-26 00:33:18.751   577  1669 I AppsFilter: interaction: PackageSetting{665ae4a com.skyfire.solarapp/10212} -> PackageSetting{e969cd0 android.auto_generated_rro_vendor__/10089} BLOCKED
08-26 00:33:18.752   577  1669 I AppsFilter: interaction: PackageSetting{665ae4a com.skyfire.solarapp/10212} -> PackageSetting{3e623b8 com.google.android.apps.restore/10134} BLOCKED
08-26 00:33:18.780  6224  6279 I cr_WVCFactoryProvider: version=139.0.7258.94 (725809438) minSdkVersion=29 multiprocess=true packageId=2 splits=<none>
08-26 00:33:18.788  6224  6279 D nativeloader: Load /data/app/~~M8bY9BBXNPs7ndpUzwEDZQ==/com.google.android.trichromelibrary_725809438-xWRwlI3sfw2mSl-_O2_dZg==/base.apk!/lib/x86_64/libmonochrome_64.so using ns clns-9 from class loader (caller=/data/app/~~WsaBSGivgT2g44gFK7-xOQ==/com.google.android.webview-fMTA1trrs4T4Ps40a1zs3Q==/base.apk): ok
08-26 00:33:18.791  6224  6279 D nativeloader: Load /system/lib64/libwebviewchromium_plat_support.so using ns clns-9 from class loader (caller=/data/app/~~WsaBSGivgT2g44gFK7-xOQ==/com.google.android.webview-fMTA1trrs4T4Ps40a1zs3Q==/base.apk): ok
08-26 00:33:18.798  6224  6287 I chromium: [0826/003318.797811:INFO:android_webview/browser/variations/variations_seed_loader.cc:67] Failed to open file for reading.: No such file or directory (2)
08-26 00:33:18.799  6224  6287 I chromium: [0826/003318.799202:INFO:android_webview/browser/variations/variations_seed_loader.cc:67] Failed to open file for reading.: No such file or directory (2)
08-26 00:33:18.808   577  1669 D ActivityManager: sync unfroze 5712 com.google.android.webview:webview_service for 6
08-26 00:33:18.809   577  1669 D CompatChangeReporter: Compat change id reported: 261072174; UID 10212; state: ENABLED
08-26 00:33:18.809  6224  6279 I cr_LibraryLoader: Successfully loaded native library
08-26 00:33:18.810  6224  6279 I cr_CachingUmaRecorder: Flushed 13 samples from 13 histograms, 0 samples were dropped.
08-26 00:33:18.819   577  1669 W ProcessStats: Tracking association SourceState{84124ce com.skyfire.solarapp/10212 BTop #4056} whose proc state 2 is better than process ProcessState{2787485 com.google.android.webview:webview_service/10162 pkg=com.google.android.webview} proc state 14 (5 skipped)
08-26 00:33:18.834  5712  5716 W webview_service: Reducing the number of considered missed Gc histogram windows from 159 to 100
08-26 00:33:18.872  6224  6294 D TrafficStats: tagSocket(135) with statsTag=0xffffffff, statsUid=-1
08-26 00:33:19.017  6224  6278 V AsyncStorageExpoMigration: No scoped database found
08-26 00:33:19.163  6224  6278 W ReactNativeJS: `new NativeEventEmitter()` was called with a non-null argument without the required `addListener` method.
08-26 00:33:19.165  6224  6278 W ReactNativeJS: `new NativeEventEmitter()` was called with a non-null argument without the required `removeListeners` method.
08-26 00:33:19.263  6224  6278 I ReactNativeJS: Running "skyfire" with {"rootTag":11}
08-26 00:33:19.268  6224  6295 D TrafficStats: tagSocket(138) with statsTag=0xffffffff, statsUid=-1
08-26 00:33:19.384  6224  6278 I ReactNativeJS: '[PhotoNotesModal]', 'useSpeechToText: loaded OK'
08-26 00:33:19.452  6224  6278 D nativeloader: Load /data/app/~~H4YBMJ2a0NLmEBGO3Vj4EQ==/com.skyfire.solarapp-iXazxce9KY2G449_IKjWMw==/base.apk!/lib/x86_64/libreanimated.so using ns clns-7 from class loader (caller=/data/app/~~H4YBMJ2a0NLmEBGO3Vj4EQ==/com.skyfire.solarapp-iXazxce9KY2G449_IKjWMw==/base.apk): ok
08-26 00:33:19.452  6224  6278 W kyfire.solarapp: CheckJNI: method to register "installJSIBindings" not in the given class. This is slow, consider changing your RegisterNatives calls.
08-26 00:33:19.458  6224  6278 D nativeloader: Load /data/app/~~H4YBMJ2a0NLmEBGO3Vj4EQ==/com.skyfire.solarapp-iXazxce9KY2G449_IKjWMw==/base.apk!/lib/x86_64/libturbomodulejsijni.so using ns clns-7 from class loader (caller=/data/app/~~H4YBMJ2a0NLmEBGO3Vj4EQ==/com.skyfire.solarapp-iXazxce9KY2G449_IKjWMw==/base.apk): ok
08-26 00:33:19.539  6224  6278 D nativeloader: Load /data/app/~~H4YBMJ2a0NLmEBGO3Vj4EQ==/com.skyfire.solarapp-iXazxce9KY2G449_IKjWMw==/base.apk!/lib/x86_64/librnscreens.so using ns clns-7 from class loader (caller=/data/app/~~H4YBMJ2a0NLmEBGO3Vj4EQ==/com.skyfire.solarapp-iXazxce9KY2G449_IKjWMw==/base.apk!classes2.dex): ok
08-26 00:33:19.642  6224  6279 W unknown:ViewManagerPropertyUpdater: Could not find generated setter for class com.swmansion.rnscreens.ScreensShadowNode
08-26 00:33:19.643  6224  6233 W kyfire.solarapp: ApkAssets: Deleting an ApkAssets object '<empty> and /data/app/~~WsaBSGivgT2g44gFK7-xOQ==/com.google.android.webview-fMTA1trrs4T4Ps40a1zs3Q==/base.apk' with 2 weak references
08-26 00:33:19.774  6224  6278 E ReactNativeJS: 'Error: Requiring unknown module "undefined". If you are sure the module exists, try restarting Metro. You may also want to run `yarn` or `npm install`., js engine: hermes', '\n    at PhotoNotesModal (http://10.0.2.2:8081/index.bundle//&platform=android&dev=true&lazy=true&minify=false&app=com.skyfire.solarapp&modulesOnly=false&runModule=true:273504:23)\n    at PhotoCaptureProvider (http://10.0.2.2:8081/index.bundle//&platform=android&dev=true&lazy=true&minify=false&app=com.skyfire.solarapp&modulesOnly=false&runModule=true:273213:24)\n    at Provider (http://10.0.2.2:8081/index.bundle//&platform=android&dev=true&lazy=true&minify=false&app=com.skyfire.solarapp&modulesOnly=false&runModule=true:170145:22)\n    at App\n    at RCTView\n    at View (http://10.0.2.2:8081/index.bundle//&platform=android&dev=true&lazy=true&minify=false&app=com.skyfire.solarapp&modulesOnly=false&runModule=true:64378:43)\n    at RCTView\n    at View (http://10.0.2.2:8081/index.bundle//&platform=android&dev=true&lazy=true&minify=false&app=com.skyfire.solarapp&modulesOnly=false&runModule=true:64378:43)\n    at AppContainer (http://10.0.2.2:8081/index.bundle//&platform=android&dev=true&lazy=true&minify=false&app=com.skyfire.solarapp&modulesOnly=false&runModule=true:64251:25)\n    at skyfire(RootComponent) (http://10.0.2.2:8081/index.bundle//&platform=android&dev=true&lazy=true&minify=false&app=com.skyfire.solarapp&modulesOnly=false&runModule=true:117693:28)'
08-26 00:33:19.776  6224  6278 W ReactNativeJS: '[PhotoNotesModal]', 'Invalid asset ICON_VIDEO:', 'undefined', '\n    at PhotoNotesModal (http://10.0.2.2:8081/index.bundle//&platform=android&dev=true&lazy=true&minify=false&app=com.skyfire.solarapp&modulesOnly=false&runModule=true:273504:23)\n    at PhotoCaptureProvider (http://10.0.2.2:8081/index.bundle//&platform=android&dev=true&lazy=true&minify=false&app=com.skyfire.solarapp&modulesOnly=false&runModule=true:273213:24)\n    at Provider (http://10.0.2.2:8081/index.bundle//&platform=android&dev=true&lazy=true&minify=false&app=com.skyfire.solarapp&modulesOnly=false&runModule=true:170145:22)\n    at App\n    at RCTView\n    at View (http://10.0.2.2:8081/index.bundle//&platform=android&dev=true&lazy=true&minify=false&app=com.skyfire.solarapp&modulesOnly=false&runModule=true:64378:43)\n    at RCTView\n    at View (http://10.0.2.2:8081/index.bundle//&platform=android&dev=true&lazy=true&minify=false&app=com.skyfire.solarapp&modulesOnly=false&runModule=true:64378:43)\n    at AppContainer (http://10.0.2.2:8081/index.bundle//&platform=android&dev=true&lazy=true&minify=false&app=com.skyfire.solarapp&modulesOnly=false&runModule=true:64251:25)\n    at skyfire(RootComponent) (http://10.0.2.2:8081/index.bundle//&platform=android&dev=true&lazy=true&minify=false&app=com.skyfire.solarapp&modulesOnly=false&runModule=true:117693:28)'
08-26 00:33:19.898  6224  6278 I ReactNativeJS: '[PhotoNotesModal]', 'mount'
08-26 00:33:19.901  6224  6278 E ReactNativeJS: 'Error: Requiring unknown module "undefined". If you are sure the module exists, try restarting Metro. You may also want to run `yarn` or `npm install`., js engine: hermes', '\n    at PhotoNotesModal (http://10.0.2.2:8081/index.bundle//&platform=android&dev=true&lazy=true&minify=false&app=com.skyfire.solarapp&modulesOnly=false&runModule=true:273504:23)\n    at PhotoCaptureProvider (http://10.0.2.2:8081/index.bundle//&platform=android&dev=true&lazy=true&minify=false&app=com.skyfire.solarapp&modulesOnly=false&runModule=true:273213:24)\n    at Provider (http://10.0.2.2:8081/index.bundle//&platform=android&dev=true&lazy=true&minify=false&app=com.skyfire.solarapp&modulesOnly=false&runModule=true:170145:22)\n    at App\n    at RCTView\n    at View (http://10.0.2.2:8081/index.bundle//&platform=android&dev=true&lazy=true&minify=false&app=com.skyfire.solarapp&modulesOnly=false&runModule=true:64378:43)\n    at RCTView\n    at View (http://10.0.2.2:8081/index.bundle//&platform=android&dev=true&lazy=true&minify=false&app=com.skyfire.solarapp&modulesOnly=false&runModule=true:64378:43)\n    at AppContainer (http://10.0.2.2:8081/index.bundle//&platform=android&dev=true&lazy=true&minify=false&app=com.skyfire.solarapp&modulesOnly=false&runModule=true:64251:25)\n    at skyfire(RootComponent) (http://10.0.2.2:8081/index.bundle//&platform=android&dev=true&lazy=true&minify=false&app=com.skyfire.solarapp&modulesOnly=false&runModule=true:117693:28)'
08-26 00:33:19.905  6224  6278 E ReactNativeJS: 'Error: Requiring unknown module "undefined". If you are sure the module exists, try restarting Metro. You may also want to run `yarn` or `npm install`., js engine: hermes', '\n    at PhotoNotesModal (http://10.0.2.2:8081/index.bundle//&platform=android&dev=true&lazy=true&minify=false&app=com.skyfire.solarapp&modulesOnly=false&runModule=true:273504:23)\n    at PhotoCaptureProvider (http://10.0.2.2:8081/index.bundle//&platform=android&dev=true&lazy=true&minify=false&app=com.skyfire.solarapp&modulesOnly=false&runModule=true:273213:24)\n    at Provider (http://10.0.2.2:8081/index.bundle//&platform=android&dev=true&lazy=true&minify=false&app=com.skyfire.solarapp&modulesOnly=false&runModule=true:170145:22)\n    at App\n    at RCTView\n    at View (http://10.0.2.2:8081/index.bundle//&platform=android&dev=true&lazy=true&minify=false&app=com.skyfire.solarapp&modulesOnly=false&runModule=true:64378:43)\n    at RCTView\n    at View (http://10.0.2.2:8081/index.bundle//&platform=android&dev=true&lazy=true&minify=false&app=com.skyfire.solarapp&modulesOnly=false&runModule=true:64378:43)\n    at AppContainer (http://10.0.2.2:8081/index.bundle//&platform=android&dev=true&lazy=true&minify=false&app=com.skyfire.solarapp&modulesOnly=false&runModule=true:64251:25)\n    at skyfire(RootComponent) (http://10.0.2.2:8081/index.bundle//&platform=android&dev=true&lazy=true&minify=false&app=com.skyfire.solarapp&modulesOnly=false&runModule=true:117693:28)'
08-26 00:33:19.917  6224  6278 I ReactNativeJS: '[PhotoNotesModal]', 'icons', { ICON_X: 6,
08-26 00:33:19.917  6224  6278 I ReactNativeJS:   ICON_CAMERA: 7,
08-26 00:33:19.917  6224  6278 I ReactNativeJS:   ICON_VIDEO: undefined,
08-26 00:33:19.917  6224  6278 I ReactNativeJS:   ICON_GALLERY: 8,
08-26 00:33:19.917  6224  6278 I ReactNativeJS:   types: { x: 'number', cam: 'number', vid: 'undefined', gal: 'number' } }
08-26 00:33:19.918  6224  6278 I ReactNativeJS: '[PhotoNotesModal]', 'gradient', { colors: [ '#2E4161', '#0C1F3F' ],
08-26 00:33:19.918  6224  6278 I ReactNativeJS:   start: { x: 0.5, y: 0 },
08-26 00:33:19.918  6224  6278 I ReactNativeJS:   end: { x: 0.5, y: 1 } }
08-26 00:33:19.934   577  1669 I AppsFilter: interaction: PackageSetting{665ae4a com.skyfire.solarapp/10212} -> PackageSetting{c674240 com.google.android.as/10136} BLOCKED
08-26 00:33:19.954  6224  6279 D CompatChangeReporter: Compat change id reported: 289878283; UID 10212; state: ENABLED
08-26 00:33:19.969  6224  6298 D TrafficStats: tagSocket(140) with statsTag=0xffffffff, statsUid=-1
08-26 00:33:19.992  6224  6299 D TrafficStats: tagSocket(142) with statsTag=0xffffffff, statsUid=-1
08-26 00:33:20.000  6224  6300 D TrafficStats: tagSocket(143) with statsTag=0xffffffff, statsUid=-1
08-26 00:33:20.010  6224  6301 D TrafficStats: tagSocket(144) with statsTag=0xffffffff, statsUid=-1
08-26 00:33:20.029  6224  6279 D nativeloader: Load /data/app/~~H4YBMJ2a0NLmEBGO3Vj4EQ==/com.skyfire.solarapp-iXazxce9KY2G449_IKjWMw==/base.apk!/lib/x86_64/libreact_featureflagsjni.so using ns clns-7 from class loader (caller=/data/app/~~H4YBMJ2a0NLmEBGO3Vj4EQ==/com.skyfire.solarapp-iXazxce9KY2G449_IKjWMw==/base.apk): ok
08-26 00:33:20.111  6224  6224 I ReactNative: [GESTURE HANDLER] Initialize gesture handler for root view com.facebook.react.ReactRootView{4f88c57 V.E...... ......ID 0,0-1344,2920 #b}
08-26 00:33:20.208  6224  6306 D TrafficStats: tagSocket(152) with statsTag=0xffffffff, statsUid=-1
08-26 00:33:20.210  6224  6307 D TrafficStats: tagSocket(153) with statsTag=0xffffffff, statsUid=-1
08-26 00:33:20.216  6224  6308 D TrafficStats: tagSocket(155) with statsTag=0xffffffff, statsUid=-1
08-26 00:33:20.245  6224  6308 D nativeloader: Load /data/app/~~H4YBMJ2a0NLmEBGO3Vj4EQ==/com.skyfire.solarapp-iXazxce9KY2G449_IKjWMw==/base.apk!/lib/x86_64/libimagepipeline.so using ns clns-7 from class loader (caller=/data/app/~~H4YBMJ2a0NLmEBGO3Vj4EQ==/com.skyfire.solarapp-iXazxce9KY2G449_IKjWMw==/base.apk): ok
08-26 00:33:20.350  6224  6224 W kyfire.solarapp: Accessing hidden field Landroid/widget/ScrollView;->mScroller:Landroid/widget/OverScroller; (unsupported, reflection, allowed)
08-26 00:33:20.380  6224  6279 W unknown:ReactNative: Attempt to set local data for view with unknown tag: -1
08-26 00:33:20.380  6224  6279 W unknown:ReactNative: Attempt to set local data for view with unknown tag: -1
08-26 00:33:20.382  6224  6279 W unknown:ReactNative: Attempt to set local data for view with unknown tag: -1
08-26 00:33:20.384  6224  6279 W unknown:ReactNative: Attempt to set local data for view with unknown tag: -1
08-26 00:33:20.393  6224  6279 W unknown:ReactNative: Attempt to set local data for view with unknown tag: -1
08-26 00:33:20.396  6224  6279 W unknown:ReactNative: Attempt to set local data for view with unknown tag: -1
08-26 00:33:20.566   577  1708 D CoreBackPreview: Window{fc2cd94 u0 com.skyfire.solarapp/com.skyfire.solarapp.MainActivity}: Setting back callback OnBackInvokedCallbackInfo{mCallback=android.window.IOnBackInvokedCallback$Stub$Proxy@1a65d7e, mPriority=0, mIsAnimationCallback=false}
08-26 00:33:20.678   577   703 I ImeTracker: com.skyfire.solarapp:75c7de8c: onRequestHide at ORIGIN_SERVER reason HIDE_UNSPECIFIED_WINDOW fromUser false
08-26 00:33:20.678   577   703 I ImeTracker: com.skyfire.solarapp:75c7de8c: onCancelled at PHASE_SERVER_SHOULD_HIDE
08-26 00:33:20.683  1258  1258 I GoogleInputMethodService: GoogleInputMethodService.onFinishInput():2054 
08-26 00:33:20.684  1258  1258 I Module  : DeviceLockedStatusModuleProvider$Module.updateDeviceLockedStatus():100 repeatCheckTimes = 0, locked = false
08-26 00:33:20.688  1258  1258 I GoogleInputMethodService: GoogleInputMethodService.onStartInput():1315 onStartInput(EditorInfo{EditorInfo{packageName=com.skyfire.solarapp, inputType=0, inputTypeString=NULL, enableLearning=false, autoCorrection=false, autoComplete=false, imeOptions=0, privateImeOptions=null, actionName=UNSPECIFIED, actionLabel=null, initialSelStart=-1, initialSelEnd=-1, initialCapsMode=0, label=null, fieldId=0, fieldName=null, extras=null, hintText=null, hintLocales=[]}}, false)
08-26 00:33:20.689  1258  1258 I Module  : DeviceLockedStatusModuleProvider$Module.updateDeviceLockedStatus():100 repeatCheckTimes = 1, locked = false
08-26 00:33:20.690   577  1708 W PackageConfigPersister: App-specific configuration not found for packageName: com.skyfire.solarapp and userId: 0
08-26 00:33:20.814  6224  6224 W kyfire.solarapp: Accessing hidden field Landroid/widget/HorizontalScrollView;->mScroller:Landroid/widget/OverScroller; (unsupported, reflection, allowed)
08-26 00:33:21.824  6224  6243 D EGL_emulation: app_time_stats: avg=968.54ms min=2.48ms max=31318.13ms count=34
08-26 00:33:22.758  6224  6243 D EGL_emulation: app_time_stats: avg=84.67ms min=1.88ms max=1202.13ms count=22
08-26 00:33:23.037   577   686 D ActivityManager: freezing 2167 com.android.vending
08-26 00:33:23.040   577   749 D InetDiagMessage: Destroyed 0 sockets, proto=IPPROTO_TCP, family=AF_INET, states=14
08-26 00:33:23.042   577   749 D InetDiagMessage: Destroyed 0 sockets, proto=IPPROTO_TCP, family=AF_INET6, states=14
08-26 00:33:23.042   577   749 D InetDiagMessage: Destroyed live tcp sockets for uids={10142} in 3ms
08-26 00:33:23.860   577   749 D InetDiagMessage: Destroyed 0 sockets, proto=IPPROTO_TCP, family=AF_INET, states=14
08-26 00:33:23.861   577   749 D InetDiagMessage: Destroyed 0 sockets, proto=IPPROTO_TCP, family=AF_INET6, states=14
08-26 00:33:23.861   577   749 D InetDiagMessage: Destroyed live tcp sockets for uids={10162} in 2ms
08-26 00:33:23.862   577   749 D InetDiagMessage: Destroyed 0 sockets, proto=IPPROTO_TCP, family=AF_INET, states=14
08-26 00:33:23.862   577   749 D InetDiagMessage: Destroyed 0 sockets, proto=IPPROTO_TCP, family=AF_INET6, states=14
08-26 00:33:23.863   577   749 D InetDiagMessage: Destroyed live tcp sockets for uids={20162} in 2ms
08-26 00:33:28.854   577   686 D ActivityManager: freezing 5712 com.google.android.webview:webview_service
08-26 00:33:28.857   577   749 D InetDiagMessage: Destroyed 0 sockets, proto=IPPROTO_TCP, family=AF_INET, states=14
08-26 00:33:28.858   577   749 D InetDiagMessage: Destroyed 0 sockets, proto=IPPROTO_TCP, family=AF_INET6, states=14
08-26 00:33:28.858   577   749 D InetDiagMessage: Destroyed live tcp sockets for uids={10162} in 2ms
08-26 00:33:48.543   918  1087 I bluetooth: system/gd/hci/le_address_manager.cc:659 OnCommandComplete: Received command complete with op_code LE_SET_RANDOM_ADDRESS(0x2005)
08-26 00:33:48.543   918  1087 I bluetooth: system/gd/hci/le_address_manager.cc:680 OnCommandComplete: update random address : xx:xx:xx:xx:2d:68
08-26 00:33:48.544   918  1087 I bluetooth: system/gd/hci/le_address_manager.cc:347 resume_registered_clients: Resuming registered clients
08-26 00:33:57.758  1061  5849 D StrictMode: StrictMode policy violation: android.os.strictmode.NonSdkApiUsedViolation: Ljava/net/Socket;->impl:Ljava/net/SocketImpl;
08-26 00:33:57.758  1061  5849 D StrictMode: 	at android.os.StrictMode.lambda$static$1(StrictMode.java:436)
08-26 00:33:57.758  1061  5849 D StrictMode: 	at android.os.StrictMode$$ExternalSyntheticLambda2.accept(D8$$SyntheticClass:0)
08-26 00:33:57.758  1061  5849 D StrictMode: 	at java.lang.Class.getDeclaredField(Native Method)
08-26 00:33:57.758  1061  5849 D StrictMode: 	at com.google.android.gms.org.conscrypt.Platform.getFileDescriptor(:com.google.android.gms@253031038@25.30.31 (260800-786424874):5)
08-26 00:33:57.758  1061  5849 D StrictMode: 	at com.google.android.gms.org.conscrypt.ConscryptFileDescriptorSocket$SSLOutputStream.write(:com.google.android.gms@253031038@25.30.31 (260800-786424874):9)
08-26 00:33:57.758  1061  5849 D StrictMode: 	at hcie.aA(:com.google.android.gms@253031038@25.30.31 (260800-786424874):8)
08-26 00:33:57.758  1061  5849 D StrictMode: 	at hcie.j(:com.google.android.gms@253031038@25.30.31 (260800-786424874):5)
08-26 00:33:57.758  1061  5849 D StrictMode: 	at brgx.call(:com.google.android.gms@253031038@25.30.31 (260800-786424874):32)
08-26 00:33:57.758  1061  5849 D StrictMode: 	at esyx.run(:com.google.android.gms@253031038@25.30.31 (260800-786424874):5)
08-26 00:33:57.758  1061  5849 D StrictMode: 	at badt.c(:com.google.android.gms@253031038@25.30.31 (260800-786424874):50)
08-26 00:33:57.758  1061  5849 D StrictMode: 	at badt.run(:com.google.android.gms@253031038@25.30.31 (260800-786424874):70)
08-26 00:33:57.758  1061  5849 D StrictMode: 	at java.util.concurrent.ThreadPoolExecutor.runWorker(ThreadPoolExecutor.java:1145)
08-26 00:33:57.758  1061  5849 D StrictMode: 	at java.util.concurrent.ThreadPoolExecutor$Worker.run(ThreadPoolExecutor.java:644)
08-26 00:33:57.758  1061  5849 D StrictMode: 	at bajl.run(:com.google.android.gms@253031038@25.30.31 (260800-786424874):8)
08-26 00:33:57.758  1061  5849 D StrictMode: 	at java.lang.Thread.run(Thread.java:1012)
08-26 00:33:57.758  1061  6223 I AlarmManager: setExactAndAllowWhileIdle [name: GCM_HB_ALARM type: 2 triggerAtMillis: 6754661]
08-26 00:33:57.760  1061  6223 W WakeLock: GCM_HB_ALARM release without a matched acquire!
08-26 00:33:57.826  1061  5844 D StrictMode: StrictMode policy violation: android.os.strictmode.NonSdkApiUsedViolation: Ljava/net/Socket;->impl:Ljava/net/SocketImpl;
08-26 00:33:57.826  1061  5844 D StrictMode: 	at android.os.StrictMode.lambda$static$1(StrictMode.java:436)
08-26 00:33:57.826  1061  5844 D StrictMode: 	at android.os.StrictMode$$ExternalSyntheticLambda2.accept(D8$$SyntheticClass:0)
08-26 00:33:57.826  1061  5844 D StrictMode: 	at java.lang.Class.getDeclaredField(Native Method)
08-26 00:33:57.826  1061  5844 D StrictMode: 	at com.google.android.gms.org.conscrypt.Platform.getFileDescriptor(:com.google.android.gms@253031038@25.30.31 (260800-786424874):5)
08-26 00:33:57.826  1061  5844 D StrictMode: 	at com.google.android.gms.org.conscrypt.ConscryptFileDescriptorSocket$SSLInputStream.read(:com.google.android.gms@253031038@25.30.31 (260800-786424874):10)
08-26 00:33:57.826  1061  5844 D StrictMode: 	at hcia.Y(:com.google.android.gms@253031038@25.30.31 (260800-786424874):1)
08-26 00:33:57.826  1061  5844 D StrictMode: 	at hcia.ac(:com.google.android.gms@253031038@25.30.31 (260800-786424874):66)
08-26 00:33:57.826  1061  5844 D StrictMode: 	at hcia.ab(:com.google.android.gms@253031038@25.30.31 (260800-786424874):1)
08-26 00:33:57.826  1061  5844 D StrictMode: 	at hcia.a(:com.google.android.gms@253031038@25.30.31 (260800-786424874):8)
08-26 00:33:57.826  1061  5844 D StrictMode: 	at bric.run(:com.google.android.gms@253031038@25.30.31 (260800-786424874):25)
08-26 00:33:57.826  1061  5844 D StrictMode: 	at badt.c(:com.google.android.gms@253031038@25.30.31 (260800-786424874):50)
08-26 00:33:57.826  1061  5844 D StrictMode: 	at badt.run(:com.google.android.gms@253031038@25.30.31 (260800-786424874):70)
08-26 00:33:57.826  1061  5844 D StrictMode: 	at java.util.concurrent.ThreadPoolExecutor.runWorker(ThreadPoolExecutor.java:1145)
08-26 00:33:57.826  1061  5844 D StrictMode: 	at java.util.concurrent.ThreadPoolExecutor$Worker.run(ThreadPoolExecutor.java:644)
08-26 00:33:57.826  1061  5844 D StrictMode: 	at bajl.run(:com.google.android.gms@253031038@25.30.31 (260800-786424874):8)
08-26 00:33:57.826  1061  5844 D StrictMode: 	at java.lang.Thread.run(Thread.java:1012)
08-26 00:33:57.829  1061  5849 I AlarmManager: setExactAndAllowWhileIdle [name: GCM_HB_ALARM type: 2 triggerAtMillis: 7044732]
08-26 00:34:00.006  1346  1504 I AiAiEcho: Predicting[0]:  [CONTEXT sampling_count=5 ]
08-26 00:34:00.006  1346  1504 I AiAiEcho: EchoTargets: 
08-26 00:34:00.006  1346  1504 I AiAiEcho: Filtered by AiAi flag check: 
08-26 00:34:00.006  1346  1504 I AiAiEcho: [CONTEXT ratelimit_period="10 SECONDS" ]
08-26 00:34:00.006  1346  1504 I AiAiEcho: Ranked targets strategy: SORT, count: 0, ranking metadata:  [CONTEXT ratelimit_period="10 SECONDS" ]
08-26 00:34:00.006  1346  1504 I AiAiEcho: #remoteViewsTwiddler: feature disabled.
08-26 00:34:00.006  1346  1504 I AiAiEcho: Predicting[0]:  [CONTEXT sampling_count=5 ]
08-26 00:34:00.006  1346  1504 I AiAiEcho: EchoTargets: 
08-26 00:34:00.006  1346  1504 I AiAiEcho: Filtered by AiAi flag check: 
08-26 00:34:00.006  1346  1504 I AiAiEcho: [CONTEXT ratelimit_period="10 SECONDS" ]
08-26 00:34:00.007  1346  1504 I AiAiEcho: Ranked targets strategy: SORT, count: 0, ranking metadata:  [CONTEXT ratelimit_period="10 SECONDS" ]
08-26 00:34:00.007  1346  1504 I AiAiEcho: #remoteViewsTwiddler: feature disabled.
08-26 00:34:00.007  1346  1504 I AiAiEcho: #postPredictionTargets: Sending updates to UISurface lockscreen with targets# 0 (types=[])
08-26 00:34:00.008  1346  1504 I AiAiEcho: #postPredictionTargets: Sending updates to UISurface home with targets# 0 (types=[])
08-26 00:34:00.010  1107  1107 D SsBaseTemplateCard: No text view can be set up
08-26 00:34:00.011  1107  1107 D SsBaseTemplateCard: Passed-in item info is null
08-26 00:34:00.011  1107  1107 D SsBaseTemplateCard: Passed-in item info is null
08-26 00:34:00.011  1107  1107 D SsBaseTemplateCard: Passed-in item info is null
08-26 00:34:00.011  1107  1107 I SsBaseTemplateCard: Secondary card pane is null
08-26 00:34:00.023   834   834 W PageIndicator: Total number of pages invalid: 0. Assuming 1 page.
08-26 00:34:00.027   834   998 D EGL_emulation: app_time_stats: avg=59983.53ms min=59983.53ms max=59983.53ms count=1
08-26 00:34:20.123   834   998 D EGL_emulation: app_time_stats: avg=10047.50ms min=94.84ms max=20000.16ms count=2
08-26 00:34:40.140   834   998 D EGL_emulation: app_time_stats: avg=20017.32ms min=20017.32ms max=20017.32ms count=1
08-26 00:34:41.330   577  1669 D WifiNl80211Manager: Scan result ready event
08-26 00:34:41.330   577  1669 D WifiNative: Scan result ready event
08-26 00:34:41.336   577   742 I HalDevMgr: bestIfaceCreationProposal is null, requestIface=STA, existingIface=[name=wlan0 type=STA]
08-26 00:34:57.207   577   808 E ClipboardService: Denying clipboard access to com.android.chrome, application is not in focus nor is it a system service for user 0
08-26 00:34:57.208   577  1708 W system_server: Large reply transaction of 335352 bytes, interface descriptor android.content.IClipboard, code 4
08-26 00:34:57.209   577  1629 W system_server: Large reply transaction of 335352 bytes, interface descriptor android.content.IClipboard, code 4
08-26 00:34:57.211  1346  1551 I AiAiTranslate: C2T - not in a conversation
08-26 00:34:57.214   577  1708 W system_server: Large reply transaction of 335352 bytes, interface descriptor android.content.IClipboard, code 4
08-26 00:34:57.215   834   834 I ClipboardListener: Clipboard overlay suppressed.
08-26 00:35:00.002  1346  1504 I AiAiEcho: Predicting[0]:  [CONTEXT sampling_count=5 ]
08-26 00:35:00.002  1346  1504 I AiAiEcho: EchoTargets: 
08-26 00:35:00.002  1346  1504 I AiAiEcho: Filtered by AiAi flag check: 
08-26 00:35:00.002  1346  1504 I AiAiEcho: [CONTEXT ratelimit_period="10 SECONDS" ]
08-26 00:35:00.002  1346  1504 I AiAiEcho: Ranked targets strategy: SORT, count: 0, ranking metadata:  [CONTEXT ratelimit_period="10 SECONDS" ]
08-26 00:35:00.003  1346  1504 I AiAiEcho: #remoteViewsTwiddler: feature disabled.
08-26 00:35:00.004  1346  1504 I AiAiEcho: Predicting[0]:  [CONTEXT sampling_count=5 ]
08-26 00:35:00.004  1346  1504 I AiAiEcho: EchoTargets: 
08-26 00:35:00.004  1346  1504 I AiAiEcho: Filtered by AiAi flag check: 
08-26 00:35:00.004  1346  1504 I AiAiEcho: [CONTEXT ratelimit_period="10 SECONDS" ]
08-26 00:35:00.004  1346  1504 I AiAiEcho: Ranked targets strategy: SORT, count: 0, ranking metadata:  [CONTEXT ratelimit_period="10 SECONDS" ]
08-26 00:35:00.004  1346  1504 I AiAiEcho: #remoteViewsTwiddler: feature disabled.
08-26 00:35:00.006  1346  1504 I AiAiEcho: #postPredictionTargets: Sending updates to UISurface lockscreen with targets# 0 (types=[])
08-26 00:35:00.006  1346  1504 I AiAiEcho: #postPredictionTargets: Sending updates to UISurface home with targets# 0 (types=[])
08-26 00:35:00.010  1107  1107 D SsBaseTemplateCard: No text view can be set up
08-26 00:35:00.010  1107  1107 D SsBaseTemplateCard: Passed-in item info is null
08-26 00:35:00.010  1107  1107 D SsBaseTemplateCard: Passed-in item info is null
08-26 00:35:00.010  1107  1107 D SsBaseTemplateCard: Passed-in item info is null
08-26 00:35:00.010  1107  1107 I SsBaseTemplateCard: Secondary card pane is null
08-26 00:35:00.011   834   834 W PageIndicator: Total number of pages invalid: 0. Assuming 1 page.
08-26 00:35:00.015   834   998 D EGL_emulation: app_time_stats: avg=19874.35ms min=19874.35ms max=19874.35ms count=1
08-26 00:35:36.839   577   808 E ClipboardService: Denying clipboard access to com.android.chrome, application is not in focus nor is it a system service for user 0
08-26 00:35:36.841  1346  1551 I AiAiTranslate: C2T - not in a conversation
08-26 00:35:36.846   834   834 I ClipboardListener: Clipboard overlay suppressed.
08-26 00:35:36.907  1346  1354 W ogle.android.as: ApkAssets: Deleting an ApkAssets object '<empty> and /product/app/Camera2/Camera2.apk' with 1 weak references
08-26 00:35:36.907  1346  1354 W ogle.android.as: ApkAssets: Deleting an ApkAssets object '<empty> and /system_ext/priv-app/SettingsGoogle/SettingsGoogle.apk' with 1 weak references
08-26 00:35:36.907  1346  1354 W ogle.android.as: ApkAssets: Deleting an ApkAssets object '/product/overlay/SettingsGoogle__sdk_gphone64_x86_64__auto_generated_rro_product.apk' with 1 weak references
08-26 00:35:36.907  1346  1354 W ogle.android.as: ApkAssets: Deleting an ApkAssets object '<empty> and /data/app/~~GNteirqMOuGE5IvO-7FV0A==/com.android.vending-0IySm_5U3Dhmqg3quI6BEg==/base.apk' with 1 weak references
08-26 00:35:36.907  1346  1354 W ogle.android.as: ApkAssets: Deleting an ApkAssets object '<empty> and /data/app/~~GNteirqMOuGE5IvO-7FV0A==/com.android.vending-0IySm_5U3Dhmqg3quI6BEg==/split_config.en.apk' with 1 weak references
08-26 00:35:36.907  1346  1354 W ogle.android.as: ApkAssets: Deleting an ApkAssets object '<empty> and /data/app/~~GNteirqMOuGE5IvO-7FV0A==/com.android.vending-0IySm_5U3Dhmqg3quI6BEg==/split_config.x86_64.apk' with 1 weak references
08-26 00:35:36.907  1346  1354 W ogle.android.as: ApkAssets: Deleting an ApkAssets object '<empty> and /data/app/~~GNteirqMOuGE5IvO-7FV0A==/com.android.vending-0IySm_5U3Dhmqg3quI6BEg==/split_phonesky_data_loader.apk' with 1 weak references
08-26 00:35:36.908  1346  1354 W ogle.android.as: ApkAssets: Deleting an ApkAssets object '<empty> and /data/app/~~GNteirqMOuGE5IvO-7FV0A==/com.android.vending-0IySm_5U3Dhmqg3quI6BEg==/split_phonesky_data_loader.config.x86_64.apk' with 1 weak references
08-26 00:35:36.908  1346  1354 W ogle.android.as: ApkAssets: Deleting an ApkAssets object '<empty> and /data/app/~~EN5_kZo_cz_AZpVQ3Zleyw==/com.google.android.apps.messaging-9fc39DB585VT4WH9RhFgdg==/base.apk' with 1 weak references
08-26 00:35:36.908  1346  1354 W ogle.android.as: ApkAssets: Deleting an ApkAssets object '<empty> and /data/app/~~EN5_kZo_cz_AZpVQ3Zleyw==/com.google.android.apps.messaging-9fc39DB585VT4WH9RhFgdg==/split_config.en.apk' with 1 weak references
08-26 00:35:36.908  1346  1354 W ogle.android.as: ApkAssets: Deleting an ApkAssets object '<empty> and /data/app/~~EN5_kZo_cz_AZpVQ3Zleyw==/com.google.android.apps.messaging-9fc39DB585VT4WH9RhFgdg==/split_config.x86_64.apk' with 1 weak references
08-26 00:35:36.908  1346  1354 W ogle.android.as: ApkAssets: Deleting an ApkAssets object '<empty> and /data/app/~~EN5_kZo_cz_AZpVQ3Zleyw==/com.google.android.apps.messaging-9fc39DB585VT4WH9RhFgdg==/split_config.xxhdpi.apk' with 1 weak references
08-26 00:35:36.908  1346  1354 W ogle.android.as: ApkAssets: Deleting an ApkAssets object '<empty> and /data/app/~~dPesJoVH9EE7KfKUm0najA==/com.google.android.dialer-rBst2tvEew2IKcXBcQQATQ==/base.apk' with 1 weak references
08-26 00:35:36.908  1346  1354 W ogle.android.as: ApkAssets: Deleting an ApkAssets object '<empty> and /product/priv-app/SafetyHubPrebuilt/SafetyHubPrebuilt.apk' with 1 weak references
08-26 00:35:36.908  1346  1354 W ogle.android.as: ApkAssets: Deleting an ApkAssets object '<empty> and /data/app/~~E5jofKLMbJqrFgkQ3ImRLQ==/com.google.android.googlequicksearchbox-oF3USt585jD961Kn4Si9OA==/base.apk' with 1 weak references
08-26 00:35:36.909  1346  1354 W ogle.android.as: ApkAssets: Deleting an ApkAssets object '<empty> and /data/app/~~E5jofKLMbJqrFgkQ3ImRLQ==/com.google.android.googlequicksearchbox-oF3USt585jD961Kn4Si9OA==/split_config.xxhdpi.apk' with 1 weak references
08-26 00:35:36.909  1346  1354 W ogle.android.as: ApkAssets: Deleting an ApkAssets object '<empty> and /data/app/~~E5jofKLMbJqrFgkQ3ImRLQ==/com.google.android.googlequicksearchbox-oF3USt585jD961Kn4Si9OA==/split_lens_ondevice_engine_play_ml_module.apk' with 1 weak references
08-26 00:35:36.909  1346  1354 W ogle.android.as: ApkAssets: Deleting an ApkAssets object '<empty> and /data/app/~~Oyl_BV3E0sgLQ2wgvb5zuA==/com.android.chrome-9GSvXWPRr8Gni-zV6RvNsg==/base.apk' with 1 weak references
08-26 00:35:36.910  1346  1354 W ogle.android.as: ApkAssets: Deleting an ApkAssets object '<empty> and /data/app/~~Oyl_BV3E0sgLQ2wgvb5zuA==/com.android.chrome-9GSvXWPRr8Gni-zV6RvNsg==/split_chrome.apk' with 1 weak references
08-26 00:35:36.910  1346  1354 W ogle.android.as: ApkAssets: Deleting an ApkAssets object '<empty> and /data/app/~~Oyl_BV3E0sgLQ2wgvb5zuA==/com.android.chrome-9GSvXWPRr8Gni-zV6RvNsg==/split_config.en.apk' with 1 weak references
08-26 00:35:36.910  1346  1354 W ogle.android.as: ApkAssets: Deleting an ApkAssets object '<empty> and /data/app/~~Oyl_BV3E0sgLQ2wgvb5zuA==/com.android.chrome-9GSvXWPRr8Gni-zV6RvNsg==/split_dev_ui.apk' with 1 weak references
08-26 00:35:36.910  1346  1354 W ogle.android.as: ApkAssets: Deleting an ApkAssets object '<empty> and /data/app/~~Oyl_BV3E0sgLQ2wgvb5zuA==/com.android.chrome-9GSvXWPRr8Gni-zV6RvNsg==/split_google3.apk' with 1 weak references
08-26 00:35:36.910  1346  1354 W ogle.android.as: ApkAssets: Deleting an ApkAssets object '<empty> and /data/app/~~Oyl_BV3E0sgLQ2wgvb5zuA==/com.android.chrome-9GSvXWPRr8Gni-zV6RvNsg==/split_stack_unwinder.apk' with 1 weak references
08-26 00:35:36.910  1346  1354 W ogle.android.as: ApkAssets: Deleting an ApkAssets object '<empty> and /data/app/~~Oyl_BV3E0sgLQ2wgvb5zuA==/com.android.chrome-9GSvXWPRr8Gni-zV6RvNsg==/split_test_dummy.apk' with 1 weak references
08-26 00:35:36.910  1346  1354 W ogle.android.as: ApkAssets: Deleting an ApkAssets object '<empty> and /data/app/~~Apj48RmtujST320ssPbB0Q==/com.google.android.trichromelibrary_725814338-Mc-HAI33_o62ErAXBkBiEw==/base.apk' with 1 weak references
08-26 00:35:36.910  1346  1354 W ogle.android.as: ApkAssets: Deleting an ApkAssets object '<empty> and /system_ext/priv-app/SystemUIGoogle/SystemUIGoogle.apk' with 1 weak references
08-26 00:35:36.910  1346  1354 W ogle.android.as: ApkAssets: Deleting an ApkAssets object '/vendor/overlay/SystemUIGoogle__sdk_gphone64_x86_64__auto_generated_rro_vendor.apk' with 1 weak references
08-26 00:35:36.911  1346  1354 W ogle.android.as: ApkAssets: Deleting an ApkAssets object '/product/overlay/SystemUIGoogle__sdk_gphone64_x86_64__auto_generated_rro_product.apk' with 1 weak references
08-26 00:35:36.911  1346  1354 W ogle.android.as: ApkAssets: Deleting an ApkAssets object '/product/overlay/SystemUIEmulationPixel9ProXL/SystemUIEmulationPixel9ProXLOverlay.apk' with 1 weak references
08-26 00:35:36.911  1346  1354 W ogle.android.as: ApkAssets: Deleting an ApkAssets object '<empty> and /data/app/~~mSC8mEa8x1IXKRfJ84zreA==/com.google.android.apps.docs-i-V493zMLWctA29D556Qpw==/base.apk' with 1 weak references
08-26 00:35:36.911  1346  1354 W ogle.android.as: ApkAssets: Deleting an ApkAssets object '<empty> and /data/app/~~mSC8mEa8x1IXKRfJ84zreA==/com.google.android.apps.docs-i-V493zMLWctA29D556Qpw==/split_config.en.apk' with 1 weak references
08-26 00:35:36.911  1346  1354 W ogle.android.as: ApkAssets: Deleting an ApkAssets object '<empty> and /data/app/~~mSC8mEa8x1IXKRfJ84zreA==/com.google.android.apps.docs-i-V493zMLWctA29D556Qpw==/split_config.x86_64.apk' with 1 weak references
08-26 00:35:36.912  1346  1354 W ogle.android.as: ApkAssets: Deleting an ApkAssets object '<empty> and /data/app/~~mSC8mEa8x1IXKRfJ84zreA==/com.google.android.apps.docs-i-V493zMLWctA29D556Qpw==/split_config.xxhdpi.apk' with 1 weak references
08-26 00:35:36.912  1346  1354 W ogle.android.as: ApkAssets: Deleting an ApkAssets object '<empty> and /data/app/~~mdtcrdGhSn-XdpRBeI7ZzA==/com.google.android.apps.maps-LBUPeGLWPZ-WC3KflHIrxw==/base.apk' with 1 weak references
08-26 00:35:36.912  1346  1354 W ogle.android.as: ApkAssets: Deleting an ApkAssets object '<empty> and /data/app/~~mdtcrdGhSn-XdpRBeI7ZzA==/com.google.android.apps.maps-LBUPeGLWPZ-WC3KflHIrxw==/split_config.en.apk' with 1 weak references
08-26 00:35:36.912  1346  1354 W ogle.android.as: ApkAssets: Deleting an ApkAssets object '<empty> and /data/app/~~mdtcrdGhSn-XdpRBeI7ZzA==/com.google.android.apps.maps-LBUPeGLWPZ-WC3KflHIrxw==/split_config.x86_64.apk' with 1 weak references
08-26 00:35:36.912  1346  1354 W ogle.android.as: ApkAssets: Deleting an ApkAssets object '<empty> and /data/app/~~mdtcrdGhSn-XdpRBeI7ZzA==/com.google.android.apps.maps-LBUPeGLWPZ-WC3KflHIrxw==/split_config.xxhdpi.apk' with 1 weak references
08-26 00:35:36.912  1346  1354 W ogle.android.as: ApkAssets: Deleting an ApkAssets object '<empty> and /data/app/~~N9G4j2jIx_KoVjRfseLBgQ==/com.google.android.apps.photos-GbJzMMIMXrr0DdUXtvWFZQ==/base.apk' with 1 weak references
08-26 00:35:36.913  1346  1354 W ogle.android.as: ApkAssets: Deleting an ApkAssets object '<empty> and /data/app/~~N9G4j2jIx_KoVjRfseLBgQ==/com.google.android.apps.photos-GbJzMMIMXrr0DdUXtvWFZQ==/split_config.en.apk' with 1 weak references
08-26 00:35:36.913  1346  1354 W ogle.android.as: ApkAssets: Deleting an ApkAssets object '<empty> and /data/app/~~N9G4j2jIx_KoVjRfseLBgQ==/com.google.android.apps.photos-GbJzMMIMXrr0DdUXtvWFZQ==/split_config.x86_64.apk' with 1 weak references
08-26 00:35:36.913  1346  1354 W ogle.android.as: ApkAssets: Deleting an ApkAssets object '<empty> and /data/app/~~N9G4j2jIx_KoVjRfseLBgQ==/com.google.android.apps.photos-GbJzMMIMXrr0DdUXtvWFZQ==/split_config.xxhdpi.apk' with 1 weak references
08-26 00:35:36.913  1346  1354 W ogle.android.as: ApkAssets: Deleting an ApkAssets object '<empty> and /data/app/~~22gHf9xQKo9JlRAXikjaYg==/com.google.android.apps.wellbeing-S-hAf0ntjhubdr5_UV284Q==/base.apk' with 1 weak references
08-26 00:35:36.913  1346  1354 W ogle.android.as: ApkAssets: Deleting an ApkAssets object '<empty> and /data/app/~~22gHf9xQKo9JlRAXikjaYg==/com.google.android.apps.wellbeing-S-hAf0ntjhubdr5_UV284Q==/split_config.xxhdpi.apk' with 1 weak references
08-26 00:35:36.913  1346  1354 W ogle.android.as: ApkAssets: Deleting an ApkAssets object '<empty> and /data/app/~~eTHBHHGBBXIae5eJrxSlzg==/com.google.android.apps.youtube.music-3lZZNxXhQHXZnfy4siLuGw==/base.apk' with 1 weak references
08-26 00:35:36.913  1346  1354 W ogle.android.as: ApkAssets: Deleting an ApkAssets object '<empty> and /data/app/~~eTHBHHGBBXIae5eJrxSlzg==/com.google.android.apps.youtube.music-3lZZNxXhQHXZnfy4siLuGw==/split_config.en.apk' with 1 weak references
08-26 00:35:36.914  1346  1354 W ogle.android.as: ApkAssets: Deleting an ApkAssets object '<empty> and /data/app/~~eTHBHHGBBXIae5eJrxSlzg==/com.google.android.apps.youtube.music-3lZZNxXhQHXZnfy4siLuGw==/split_config.xxhdpi.apk' with 1 weak references
08-26 00:35:36.914  1346  1354 W ogle.android.as: ApkAssets: Deleting an ApkAssets object '<empty> and /data/app/~~gIlSqoJmZzmNeMFcOlJ_bA==/com.google.android.calendar-7MS3_UUho3WLBQzC7dwIGw==/base.apk' with 1 weak references
