08-26 00:32:46.429  1346  1649 W PackageManager: 	at android.app.ApplicationPackageManager.getText(ApplicationPackageManager.java:2405)
08-26 00:32:46.429  1346  1649 W PackageManager: 	at android.appwidget.AppWidgetProviderInfo.loadDescription(AppWidgetProviderInfo.java:484)
08-26 00:32:46.429  1346  1649 W PackageManager: 	at kml.a(PG:341)
08-26 00:32:46.429  1346  1649 W PackageManager: 	at kmg.b(PG:39)
08-26 00:32:46.429  1346  1649 W PackageManager: 	at aaer.g(PG:13)
08-26 00:32:46.429  1346  1649 W PackageManager: 	at kotlinx.coroutines.DispatchedTask.run(PG:114)
08-26 00:32:46.429  1346  1649 W PackageManager: 	at java.util.concurrent.Executors$RunnableAdapter.call(Executors.java:487)
08-26 00:32:46.429  1346  1649 W PackageManager: 	at wqm.a(PG:3)
08-26 00:32:46.429  1346  1649 W PackageManager: 	at wpo.run(PG:21)
08-26 00:32:46.429  1346  1649 W PackageManager: 	at wqn.run(PG:5)
08-26 00:32:46.429  1346  1649 W PackageManager: 	at java.util.concurrent.Executors$RunnableAdapter.call(Executors.java:487)
08-26 00:32:46.429  1346  1649 W PackageManager: 	at java.util.concurrent.FutureTask.run(FutureTask.java:264)
08-26 00:32:46.429  1346  1649 W PackageManager: 	at java.util.concurrent.ScheduledThreadPoolExecutor$ScheduledFutureTask.run(ScheduledThreadPoolExecutor.java:307)
08-26 00:32:46.429  1346  1649 W PackageManager: 	at java.util.concurrent.ThreadPoolExecutor.runWorker(ThreadPoolExecutor.java:1145)
08-26 00:32:46.429  1346  1649 W PackageManager: 	at java.util.concurrent.ThreadPoolExecutor$Worker.run(ThreadPoolExecutor.java:644)
08-26 00:32:46.429  1346  1649 W PackageManager: 	at hqv.run(PG:221)
08-26 00:32:46.429  1346  1649 W PackageManager: 	at java.lang.Thread.run(Thread.java:1012)
08-26 00:32:46.432  1107  1443 D EGL_emulation: app_time_stats: avg=46404.60ms min=46404.60ms max=46404.60ms count=1
08-26 00:32:46.433  1346  1649 I AiAiEcho: EchoSearch: WidgetFetcherImpl is initialized with [33] widgets [reason=package added for userId: 0]
08-26 00:32:46.496   834   834 D ControlsListingControllerImpl: ServiceConfig reloaded, count: 0
08-26 00:32:46.499   577   623 D ActivityManager: sync unfroze 2167 com.android.vending for 3
08-26 00:32:46.502   834   834 D ControlsListingControllerImpl: ServiceConfig reloaded, count: 0
08-26 00:32:46.506   577   623 D ActivityManager: sync unfroze 5320 com.android.vending:background for 3
08-26 00:32:46.511  2167  2167 I Finsky  : [2] Memory trim requested to level 40
08-26 00:32:46.522  5320  5320 I Finsky:background: [2] Memory trim requested to level 40
08-26 00:32:46.524  5320  5320 I Finsky:background: [2] Memory trim requested to level 40
08-26 00:32:46.528  5320  5320 I Finsky:background: [2] aeqv - Received: android.intent.action.PACKAGE_ADDED, [WZBU4Q5YR5UQRB63TyWgxRk-s7VoNsQbQr9te-mvS1o]
08-26 00:32:46.533  2167  2167 I Finsky  : [2] Flushing in-memory image cache
08-26 00:32:46.535  2167  2167 I Finsky  : [2] Memory trim requested to level 40
08-26 00:32:46.535  2167  2167 I Finsky  : [2] Flushing in-memory image cache
08-26 00:32:46.551   577   656 D ActivityManager: sync unfroze 1840 com.google.android.apps.wellbeing for 7
08-26 00:32:46.562  2167  2167 I Finsky  : [2] aerf - Received: android.intent.action.PACKAGE_ADDED, [WZBU4Q5YR5UQRB63TyWgxRk-s7VoNsQbQr9te-mvS1o]
08-26 00:32:46.569  5320  6162 I Finsky:background: [111] Wrote row to frosting DB: 935
08-26 00:32:46.580  1061  6148 I Fitness : (REDACTED) OnPackageChangedOperation got intent: %s
08-26 00:32:46.627  1061  6166 I Fitness : (REDACTED) FitCleanupIntentOperation received Intent %s
08-26 00:32:46.650  1346  1902 I AiAiTextClassifier: [VisualCortexAdapter]: provideRegistration: Registered Prominent Screen Entities for updates.
08-26 00:32:46.653  1346  1902 I AiAiTextClassifier: [VisualCortexAdapter]: provideRegistration: Registered Prominent Screen Entities for updates.
08-26 00:32:46.659  5320  5320 I Finsky:background: [2] aeqv - Received: android.intent.action.PACKAGE_CHANGED, [WZBU4Q5YR5UQRB63TyWgxRk-s7VoNsQbQr9te-mvS1o]
08-26 00:32:46.661  1346  1902 I AiAiTextClassifier: [VisualCortexAdapter]: provideRegistration: Registered Prominent Screen Entities for updates.
08-26 00:32:46.661  1061  1061 D StrictMode: StrictMode policy violation: android.os.strictmode.UnsafeIntentLaunchViolation: Launch of unsafe intent: Intent { act=android.intent.action.PACKAGE_ADDED dat=package: flg=0x4000010 pkg=com.google.android.gms cmp=com.google.android.gms/.chimera.GmsIntentOperationService (has extras) }
08-26 00:32:46.661  1061  1061 D StrictMode: 	at android.os.StrictMode.onUnsafeIntentLaunch(StrictMode.java:2386)
08-26 00:32:46.661  1061  1061 D StrictMode: 	at android.content.Intent.prepareToLeaveProcess(Intent.java:12559)
08-26 00:32:46.661  1061  1061 D StrictMode: 	at android.content.Intent.prepareToLeaveProcess(Intent.java:12472)
08-26 00:32:46.661  1061  1061 D StrictMode: 	at android.app.ContextImpl.startServiceCommon(ContextImpl.java:1959)
08-26 00:32:46.661  1061  1061 D StrictMode: 	at android.app.ContextImpl.startService(ContextImpl.java:1929)
08-26 00:32:46.661  1061  1061 D StrictMode: 	at android.content.ContextWrapper.startService(ContextWrapper.java:827)
08-26 00:32:46.661  1061  1061 D StrictMode: 	at android.content.ContextWrapper.startService(ContextWrapper.java:827)
08-26 00:32:46.661  1061  1061 D StrictMode: 	at android.content.ContextWrapper.startService(ContextWrapper.java:827)
08-26 00:32:46.661  1061  1061 D StrictMode: 	at bqlh.apply(:com.google.android.gms@253031038@25.30.31 (260800-786424874):5)
08-26 00:32:46.661  1061  1061 D StrictMode: 	at bqll.a(:com.google.android.gms@253031038@25.30.31 (260800-786424874):1)
08-26 00:32:46.661  1061  1061 D StrictMode: 	at bqll.startService(:com.google.android.gms@253031038@25.30.31 (260800-786424874):37)
08-26 00:32:46.661  1061  1061 D StrictMode: 	at wfj.c(:com.google.android.gms@253031038@25.30.31 (260800-786424874):69)
08-26 00:32:46.661  1061  1061 D StrictMode: 	at wfj.b(:com.google.android.gms@253031038@25.30.31 (260800-786424874):214)
08-26 00:32:46.661  1061  1061 D StrictMode: 	at auyy.onReceive(:com.google.android.gms@253031038@25.30.31 (260800-786424874):5)
08-26 00:32:46.661  1061  1061 D StrictMode: 	at ausw.a(:com.google.android.gms@253031038@25.30.31 (260800-786424874):34)
08-26 00:32:46.661  1061  1061 D StrictMode: 	at wah.onReceive(:com.google.android.gms@253031038@25.30.31 (260800-786424874):32)
08-26 00:32:46.661  1061  1061 D StrictMode: 	at azak.a(:com.google.android.gms@253031038@25.30.31 (260800-786424874):24)
08-26 00:32:46.661  1061  1061 D StrictMode: 	at azaj.call(:com.google.android.gms@253031038@25.30.31 (260800-786424874):9)
08-26 00:32:46.661  1061  1061 D StrictMode: 	at java.util.concurrent.FutureTask.run(FutureTask.java:264)
08-26 00:32:46.661  1061  1061 D StrictMode: 	at android.os.Handler.handleCallback(Handler.java:959)
08-26 00:32:46.661  1061  1061 D StrictMode: 	at android.os.Handler.dispatchMessage(Handler.java:100)
08-26 00:32:46.661  1061  1061 D StrictMode: 	at android.os.Looper.loopOnce(Looper.java:232)
08-26 00:32:46.661  1061  1061 D StrictMode: 	at android.os.Looper.loop(Looper.java:317)
08-26 00:32:46.661  1061  1061 D StrictMode: 	at android.app.ActivityThread.main(ActivityThread.java:8705)
08-26 00:32:46.661  1061  1061 D StrictMode: 	at java.lang.reflect.Method.invoke(Native Method)
08-26 00:32:46.661  1061  1061 D StrictMode: 	at com.android.internal.os.RuntimeInit$MethodAndArgsCaller.run(RuntimeInit.java:580)
08-26 00:32:46.661  1061  1061 D StrictMode: 	at com.android.internal.os.ZygoteInit.main(ZygoteInit.java:886)
08-26 00:32:46.677  1061  1061 D StrictMode: StrictMode policy violation: android.os.strictmode.UnsafeIntentLaunchViolation: Launch of unsafe intent: Intent { act=android.intent.action.PACKAGE_ADDED dat=package: flg=0x4000010 pkg=com.google.android.gms cmp=com.google.android.gms/.chimera.PersistentIntentOperationService (has extras) }
08-26 00:32:46.677  1061  1061 D StrictMode: 	at android.os.StrictMode.onUnsafeIntentLaunch(StrictMode.java:2386)
08-26 00:32:46.677  1061  1061 D StrictMode: 	at android.content.Intent.prepareToLeaveProcess(Intent.java:12559)
08-26 00:32:46.677  1061  1061 D StrictMode: 	at android.content.Intent.prepareToLeaveProcess(Intent.java:12472)
08-26 00:32:46.677  1061  1061 D StrictMode: 	at android.app.ContextImpl.startServiceCommon(ContextImpl.java:1959)
08-26 00:32:46.677  1061  1061 D StrictMode: 	at android.app.ContextImpl.startService(ContextImpl.java:1929)
08-26 00:32:46.677  1061  1061 D StrictMode: 	at android.content.ContextWrapper.startService(ContextWrapper.java:827)
08-26 00:32:46.677  1061  1061 D StrictMode: 	at android.content.ContextWrapper.startService(ContextWrapper.java:827)
08-26 00:32:46.677  1061  1061 D StrictMode: 	at android.content.ContextWrapper.startService(ContextWrapper.java:827)
08-26 00:32:46.677  1061  1061 D StrictMode: 	at bqlh.apply(:com.google.android.gms@253031038@25.30.31 (260800-786424874):5)
08-26 00:32:46.677  1061  1061 D StrictMode: 	at bqll.a(:com.google.android.gms@253031038@25.30.31 (260800-786424874):1)
08-26 00:32:46.677  1061  1061 D StrictMode: 	at bqll.startService(:com.google.android.gms@253031038@25.30.31 (260800-786424874):37)
08-26 00:32:46.677  1061  1061 D StrictMode: 	at wfj.c(:com.google.android.gms@253031038@25.30.31 (260800-786424874):69)
08-26 00:32:46.677  1061  1061 D StrictMode: 	at wfj.b(:com.google.android.gms@253031038@25.30.31 (260800-786424874):214)
08-26 00:32:46.677  1061  1061 D StrictMode: 	at auyy.onReceive(:com.google.android.gms@253031038@25.30.31 (260800-786424874):5)
08-26 00:32:46.677  1061  1061 D StrictMode: 	at ausw.a(:com.google.android.gms@253031038@25.30.31 (260800-786424874):34)
08-26 00:32:46.677  1061  1061 D StrictMode: 	at wah.onReceive(:com.google.android.gms@253031038@25.30.31 (260800-786424874):32)
08-26 00:32:46.677  1061  1061 D StrictMode: 	at azak.a(:com.google.android.gms@253031038@25.30.31 (260800-786424874):24)
08-26 00:32:46.677  1061  1061 D StrictMode: 	at azaj.call(:com.google.android.gms@253031038@25.30.31 (260800-786424874):9)
08-26 00:32:46.677  1061  1061 D StrictMode: 	at java.util.concurrent.FutureTask.run(FutureTask.java:264)
08-26 00:32:46.677  1061  1061 D StrictMode: 	at android.os.Handler.handleCallback(Handler.java:959)
08-26 00:32:46.677  1061  1061 D StrictMode: 	at android.os.Handler.dispatchMessage(Handler.java:100)
08-26 00:32:46.677  1061  1061 D StrictMode: 	at android.os.Looper.loopOnce(Looper.java:232)
08-26 00:32:46.677  1061  1061 D StrictMode: 	at android.os.Looper.loop(Looper.java:317)
08-26 00:32:46.677  1061  1061 D StrictMode: 	at android.app.ActivityThread.main(ActivityThread.java:8705)
08-26 00:32:46.677  1061  1061 D StrictMode: 	at java.lang.reflect.Method.invoke(Native Method)
08-26 00:32:46.677  1061  1061 D StrictMode: 	at com.android.internal.os.RuntimeInit$MethodAndArgsCaller.run(RuntimeInit.java:580)
08-26 00:32:46.677  1061  1061 D StrictMode: 	at com.android.internal.os.ZygoteInit.main(ZygoteInit.java:886)
08-26 00:32:46.677  2167  2167 I Finsky  : [2] Clearing split related stale data.
08-26 00:32:46.711  1061  2655 W GmsStrictMode: UNSAFE_INTENT_LAUNCH [CONTEXT service_id=256 ]
08-26 00:32:46.711  1061  2655 W GmsStrictMode: android.os.strictmode.UnsafeIntentLaunchViolation: Launch of unsafe intent: Intent { act=android.intent.action.PACKAGE_ADDED dat=package: flg=0x4000010 pkg=com.google.android.gms cmp=com.google.android.gms/.chimera.GmsIntentOperationService (has extras) }
08-26 00:32:46.711  1061  2655 W GmsStrictMode: 	at android.os.StrictMode.onUnsafeIntentLaunch(StrictMode.java:2386)
08-26 00:32:46.711  1061  2655 W GmsStrictMode: 	at android.content.Intent.prepareToLeaveProcess(Intent.java:12559)
08-26 00:32:46.711  1061  2655 W GmsStrictMode: 	at android.content.Intent.prepareToLeaveProcess(Intent.java:12472)
08-26 00:32:46.711  1061  2655 W GmsStrictMode: 	at android.app.ContextImpl.startServiceCommon(ContextImpl.java:1959)
08-26 00:32:46.711  1061  2655 W GmsStrictMode: 	at android.app.ContextImpl.startService(ContextImpl.java:1929)
08-26 00:32:46.711  1061  2655 W GmsStrictMode: 	at android.content.ContextWrapper.startService(ContextWrapper.java:827)
08-26 00:32:46.711  1061  2655 W GmsStrictMode: 	at android.content.ContextWrapper.startService(ContextWrapper.java:827)
08-26 00:32:46.711  1061  2655 W GmsStrictMode: 	at android.content.ContextWrapper.startService(ContextWrapper.java:827)
08-26 00:32:46.711  1061  2655 W GmsStrictMode: 	at bqlh.apply(:com.google.android.gms@253031038@25.30.31 (260800-786424874):5)
08-26 00:32:46.711  1061  2655 W GmsStrictMode: 	at bqll.a(:com.google.android.gms@253031038@25.30.31 (260800-786424874):1)
08-26 00:32:46.711  1061  2655 W GmsStrictMode: 	at bqll.startService(:com.google.android.gms@253031038@25.30.31 (260800-786424874):37)
08-26 00:32:46.711  1061  2655 W GmsStrictMode: 	at wfj.c(:com.google.android.gms@253031038@25.30.31 (260800-786424874):69)
08-26 00:32:46.711  1061  2655 W GmsStrictMode: 	at wfj.b(:com.google.android.gms@253031038@25.30.31 (260800-786424874):214)
08-26 00:32:46.711  1061  2655 W GmsStrictMode: 	at auyy.onReceive(:com.google.android.gms@253031038@25.30.31 (260800-786424874):5)
08-26 00:32:46.711  1061  2655 W GmsStrictMode: 	at ausw.a(:com.google.android.gms@253031038@25.30.31 (260800-786424874):34)
08-26 00:32:46.711  1061  2655 W GmsStrictMode: 	at wah.onReceive(:com.google.android.gms@253031038@25.30.31 (260800-786424874):32)
08-26 00:32:46.711  1061  2655 W GmsStrictMode: 	at azak.a(:com.google.android.gms@253031038@25.30.31 (260800-786424874):24)
08-26 00:32:46.711  1061  2655 W GmsStrictMode: 	at azaj.call(:com.google.android.gms@253031038@25.30.31 (260800-786424874):9)
08-26 00:32:46.711  1061  2655 W GmsStrictMode: 	at java.util.concurrent.FutureTask.run(FutureTask.java:264)
08-26 00:32:46.711  1061  2655 W GmsStrictMode: 	at android.os.Handler.handleCallback(Handler.java:959)
08-26 00:32:46.711  1061  2655 W GmsStrictMode: 	at android.os.Handler.dispatchMessage(Handler.java:100)
08-26 00:32:46.711  1061  2655 W GmsStrictMode: 	at android.os.Looper.loopOnce(Looper.java:232)
08-26 00:32:46.711  1061  2655 W GmsStrictMode: 	at android.os.Looper.loop(Looper.java:317)
08-26 00:32:46.711  1061  2655 W GmsStrictMode: 	at android.app.ActivityThread.main(ActivityThread.java:8705)
08-26 00:32:46.711  1061  2655 W GmsStrictMode: 	at java.lang.reflect.Method.invoke(Native Method)
08-26 00:32:46.711  1061  2655 W GmsStrictMode: 	at com.android.internal.os.RuntimeInit$MethodAndArgsCaller.run(RuntimeInit.java:580)
08-26 00:32:46.711  1061  2655 W GmsStrictMode: 	at com.android.internal.os.ZygoteInit.main(ZygoteInit.java:886)
08-26 00:32:46.711  1061  2655 W GmsStrictMode: UNSAFE_INTENT_LAUNCH [CONTEXT service_id=256 ]
08-26 00:32:46.711  1061  2655 W GmsStrictMode: android.os.strictmode.UnsafeIntentLaunchViolation: Launch of unsafe intent: Intent { act=android.intent.action.PACKAGE_ADDED dat=package: flg=0x4000010 pkg=com.google.android.gms cmp=com.google.android.gms/.chimera.PersistentIntentOperationService (has extras) }
08-26 00:32:46.711  1061  2655 W GmsStrictMode: 	at android.os.StrictMode.onUnsafeIntentLaunch(StrictMode.java:2386)
08-26 00:32:46.711  1061  2655 W GmsStrictMode: 	at android.content.Intent.prepareToLeaveProcess(Intent.java:12559)
08-26 00:32:46.711  1061  2655 W GmsStrictMode: 	at android.content.Intent.prepareToLeaveProcess(Intent.java:12472)
08-26 00:32:46.711  1061  2655 W GmsStrictMode: 	at android.app.ContextImpl.startServiceCommon(ContextImpl.java:1959)
08-26 00:32:46.711  1061  2655 W GmsStrictMode: 	at android.app.ContextImpl.startService(ContextImpl.java:1929)
08-26 00:32:46.711  1061  2655 W GmsStrictMode: 	at android.content.ContextWrapper.startService(ContextWrapper.java:827)
08-26 00:32:46.711  1061  2655 W GmsStrictMode: 	at android.content.ContextWrapper.startService(ContextWrapper.java:827)
08-26 00:32:46.711  1061  2655 W GmsStrictMode: 	at android.content.ContextWrapper.startService(ContextWrapper.java:827)
08-26 00:32:46.711  1061  2655 W GmsStrictMode: 	at bqlh.apply(:com.google.android.gms@253031038@25.30.31 (260800-786424874):5)
08-26 00:32:46.711  1061  2655 W GmsStrictMode: 	at bqll.a(:com.google.android.gms@253031038@25.30.31 (260800-786424874):1)
08-26 00:32:46.711  1061  2655 W GmsStrictMode: 	at bqll.startService(:com.google.android.gms@253031038@25.30.31 (260800-786424874):37)
08-26 00:32:46.711  1061  2655 W GmsStrictMode: 	at wfj.c(:com.google.android.gms@253031038@25.30.31 (260800-786424874):69)
08-26 00:32:46.711  1061  2655 W GmsStrictMode: 	at wfj.b(:com.google.android.gms@253031038@25.30.31 (260800-786424874):214)
08-26 00:32:46.711  1061  2655 W GmsStrictMode: 	at auyy.onReceive(:com.google.android.gms@253031038@25.30.31 (260800-786424874):5)
08-26 00:32:46.711  1061  2655 W GmsStrictMode: 	at ausw.a(:com.google.android.gms@253031038@25.30.31 (260800-786424874):34)
08-26 00:32:46.711  1061  2655 W GmsStrictMode: 	at wah.onReceive(:com.google.android.gms@253031038@25.30.31 (260800-786424874):32)
08-26 00:32:46.711  1061  2655 W GmsStrictMode: 	at azak.a(:com.google.android.gms@253031038@25.30.31 (260800-786424874):24)
08-26 00:32:46.711  1061  2655 W GmsStrictMode: 	at azaj.call(:com.google.android.gms@253031038@25.30.31 (260800-786424874):9)
08-26 00:32:46.711  1061  2655 W GmsStrictMode: 	at java.util.concurrent.FutureTask.run(FutureTask.java:264)
08-26 00:32:46.711  1061  2655 W GmsStrictMode: 	at android.os.Handler.handleCallback(Handler.java:959)
08-26 00:32:46.711  1061  2655 W GmsStrictMode: 	at android.os.Handler.dispatchMessage(Handler.java:100)
08-26 00:32:46.711  1061  2655 W GmsStrictMode: 	at android.os.Looper.loopOnce(Looper.java:232)
08-26 00:32:46.711  1061  2655 W GmsStrictMode: 	at android.os.Looper.loop(Looper.java:317)
08-26 00:32:46.711  1061  2655 W GmsStrictMode: 	at android.app.ActivityThread.main(ActivityThread.java:8705)
08-26 00:32:46.711  1061  2655 W GmsStrictMode: 	at java.lang.reflect.Method.invoke(Native Method)
08-26 00:32:46.711  1061  2655 W GmsStrictMode: 	at com.android.internal.os.RuntimeInit$MethodAndArgsCaller.run(RuntimeInit.java:580)
08-26 00:32:46.711  1061  2655 W GmsStrictMode: 	at com.android.internal.os.ZygoteInit.main(ZygoteInit.java:886)
08-26 00:32:46.773  6173  6173 D AndroidRuntime: >>>>>> START com.android.internal.os.RuntimeInit uid 2000 <<<<<<
08-26 00:32:46.784  5320  5399 I Finsky:background: [64] RECEIVER_PACKAGE_MONITOR_BACKGROUND#logWorkEndAndFinishGoAsync: SUCCESS
08-26 00:32:46.785  6173  6173 I AndroidRuntime: Using default boot image
08-26 00:32:46.785  6173  6173 I AndroidRuntime: Leaving lock profiling enabled
08-26 00:32:46.790  5320  6162 I Finsky:background: [111] Wrote row to frosting DB: 936
08-26 00:32:46.795  6173  6173 I app_process: Using CollectorTypeCMC GC.
08-26 00:32:46.804  2167  2167 I Finsky  : [2] Do not start WearSupportService due to Wear service optimization
08-26 00:32:46.820  1061  1061 D StrictMode: StrictMode policy violation: android.os.strictmode.UnsafeIntentLaunchViolation: Launch of unsafe intent: Intent { act=com.google.android.gms.ENTIRE_PACKAGE_CHANGED dat=package: flg=0x5000010 pkg=com.google.android.gms cmp=com.google.android.gms/.chimera.GmsIntentOperationService (has extras) }
08-26 00:32:46.820  1061  1061 D StrictMode: 	at android.os.StrictMode.onUnsafeIntentLaunch(StrictMode.java:2386)
08-26 00:32:46.820  1061  1061 D StrictMode: 	at android.content.Intent.prepareToLeaveProcess(Intent.java:12559)
08-26 00:32:46.820  1061  1061 D StrictMode: 	at android.content.Intent.prepareToLeaveProcess(Intent.java:12472)
08-26 00:32:46.820  1061  1061 D StrictMode: 	at android.app.ContextImpl.startServiceCommon(ContextImpl.java:1959)
08-26 00:32:46.820  1061  1061 D StrictMode: 	at android.app.ContextImpl.startService(ContextImpl.java:1929)
08-26 00:32:46.820  1061  1061 D StrictMode: 	at android.content.ContextWrapper.startService(ContextWrapper.java:827)
08-26 00:32:46.820  1061  1061 D StrictMode: 	at android.content.ContextWrapper.startService(ContextWrapper.java:827)
08-26 00:32:46.820  1061  1061 D StrictMode: 	at android.content.ContextWrapper.startService(ContextWrapper.java:827)
08-26 00:32:46.820  1061  1061 D StrictMode: 	at bqlh.apply(:com.google.android.gms@253031038@25.30.31 (260800-786424874):5)
08-26 00:32:46.820  1061  1061 D StrictMode: 	at bqll.a(:com.google.android.gms@253031038@25.30.31 (260800-786424874):1)
08-26 00:32:46.820  1061  1061 D StrictMode: 	at bqll.startService(:com.google.android.gms@253031038@25.30.31 (260800-786424874):37)
08-26 00:32:46.820  1061  1061 D StrictMode: 	at wfj.c(:com.google.android.gms@253031038@25.30.31 (260800-786424874):69)
08-26 00:32:46.820  1061  1061 D StrictMode: 	at wfj.b(:com.google.android.gms@253031038@25.30.31 (260800-786424874):214)
08-26 00:32:46.820  1061  1061 D StrictMode: 	at auyy.onReceive(:com.google.android.gms@253031038@25.30.31 (260800-786424874):5)
08-26 00:32:46.820  1061  1061 D StrictMode: 	at ausw.a(:com.google.android.gms@253031038@25.30.31 (260800-786424874):34)
08-26 00:32:46.820  1061  1061 D StrictMode: 	at wah.onReceive(:com.google.android.gms@253031038@25.30.31 (260800-786424874):32)
08-26 00:32:46.820  1061  1061 D StrictMode: 	at azak.a(:com.google.android.gms@253031038@25.30.31 (260800-786424874):24)
08-26 00:32:46.820  1061  1061 D StrictMode: 	at azaj.call(:com.google.android.gms@253031038@25.30.31 (260800-786424874):9)
08-26 00:32:46.820  1061  1061 D StrictMode: 	at java.util.concurrent.FutureTask.run(FutureTask.java:264)
08-26 00:32:46.820  1061  1061 D StrictMode: 	at android.os.Handler.handleCallback(Handler.java:959)
08-26 00:32:46.820  1061  1061 D StrictMode: 	at android.os.Handler.dispatchMessage(Handler.java:100)
08-26 00:32:46.820  1061  1061 D StrictMode: 	at android.os.Looper.loopOnce(Looper.java:232)
08-26 00:32:46.820  1061  1061 D StrictMode: 	at android.os.Looper.loop(Looper.java:317)
08-26 00:32:46.820  1061  1061 D StrictMode: 	at android.app.ActivityThread.main(ActivityThread.java:8705)
08-26 00:32:46.820  1061  1061 D StrictMode: 	at java.lang.reflect.Method.invoke(Native Method)
08-26 00:32:46.820  1061  1061 D StrictMode: 	at com.android.internal.os.RuntimeInit$MethodAndArgsCaller.run(RuntimeInit.java:580)
08-26 00:32:46.820  1061  1061 D StrictMode: 	at com.android.internal.os.ZygoteInit.main(ZygoteInit.java:886)
08-26 00:32:46.834  2167  2167 I Finsky  : [2] DTU: Received onPackageAdded, replacing: false
08-26 00:32:46.836  5320  6162 I Finsky:background: [111] Wrote row to frosting DB: 937
08-26 00:32:46.837  1061  1061 D StrictMode: StrictMode policy violation: android.os.strictmode.UnsafeIntentLaunchViolation: Launch of unsafe intent: Intent { act=com.google.android.gms.ENTIRE_PACKAGE_CHANGED dat=package: flg=0x5000010 pkg=com.google.android.gms cmp=com.google.android.gms/.chimera.PersistentIntentOperationService (has extras) }
08-26 00:32:46.837  1061  1061 D StrictMode: 	at android.os.StrictMode.onUnsafeIntentLaunch(StrictMode.java:2386)
08-26 00:32:46.837  1061  1061 D StrictMode: 	at android.content.Intent.prepareToLeaveProcess(Intent.java:12559)
08-26 00:32:46.837  1061  1061 D StrictMode: 	at android.content.Intent.prepareToLeaveProcess(Intent.java:12472)
08-26 00:32:46.837  1061  1061 D StrictMode: 	at android.app.ContextImpl.startServiceCommon(ContextImpl.java:1959)
08-26 00:32:46.837  1061  1061 D StrictMode: 	at android.app.ContextImpl.startService(ContextImpl.java:1929)
08-26 00:32:46.837  1061  1061 D StrictMode: 	at android.content.ContextWrapper.startService(ContextWrapper.java:827)
08-26 00:32:46.837  1061  1061 D StrictMode: 	at android.content.ContextWrapper.startService(ContextWrapper.java:827)
08-26 00:32:46.837  1061  1061 D StrictMode: 	at android.content.ContextWrapper.startService(ContextWrapper.java:827)
08-26 00:32:46.837  1061  1061 D StrictMode: 	at bqlh.apply(:com.google.android.gms@253031038@25.30.31 (260800-786424874):5)
08-26 00:32:46.837  1061  1061 D StrictMode: 	at bqll.a(:com.google.android.gms@253031038@25.30.31 (260800-786424874):1)
08-26 00:32:46.837  1061  1061 D StrictMode: 	at bqll.startService(:com.google.android.gms@253031038@25.30.31 (260800-786424874):37)
08-26 00:32:46.837  1061  1061 D StrictMode: 	at wfj.c(:com.google.android.gms@253031038@25.30.31 (260800-786424874):69)
08-26 00:32:46.837  1061  1061 D StrictMode: 	at wfj.b(:com.google.android.gms@253031038@25.30.31 (260800-786424874):214)
08-26 00:32:46.837  1061  1061 D StrictMode: 	at auyy.onReceive(:com.google.android.gms@253031038@25.30.31 (260800-786424874):5)
08-26 00:32:46.837  1061  1061 D StrictMode: 	at ausw.a(:com.google.android.gms@253031038@25.30.31 (260800-786424874):34)
08-26 00:32:46.837  1061  1061 D StrictMode: 	at wah.onReceive(:com.google.android.gms@253031038@25.30.31 (260800-786424874):32)
08-26 00:32:46.837  1061  1061 D StrictMode: 	at azak.a(:com.google.android.gms@253031038@25.30.31 (260800-786424874):24)
08-26 00:32:46.837  1061  1061 D StrictMode: 	at azaj.call(:com.google.android.gms@253031038@25.30.31 (260800-786424874):9)
08-26 00:32:46.837  1061  1061 D StrictMode: 	at java.util.concurrent.FutureTask.run(FutureTask.java:264)
08-26 00:32:46.837  1061  1061 D StrictMode: 	at android.os.Handler.handleCallback(Handler.java:959)
08-26 00:32:46.837  1061  1061 D StrictMode: 	at android.os.Handler.dispatchMessage(Handler.java:100)
08-26 00:32:46.837  1061  1061 D StrictMode: 	at android.os.Looper.loopOnce(Looper.java:232)
08-26 00:32:46.837  1061  1061 D StrictMode: 	at android.os.Looper.loop(Looper.java:317)
08-26 00:32:46.837  1061  1061 D StrictMode: 	at android.app.ActivityThread.main(ActivityThread.java:8705)
08-26 00:32:46.837  1061  1061 D StrictMode: 	at java.lang.reflect.Method.invoke(Native Method)
08-26 00:32:46.837  1061  1061 D StrictMode: 	at com.android.internal.os.RuntimeInit$MethodAndArgsCaller.run(RuntimeInit.java:580)
08-26 00:32:46.837  1061  1061 D StrictMode: 	at com.android.internal.os.ZygoteInit.main(ZygoteInit.java:886)
08-26 00:32:46.838  2167  6184 I Finsky  : [246] SCH: Received scheduling request: Id: 12-1, Constraints: [{ L: 15000, D: 86400000, C: CHARGING_NONE, I: IDLE_NONE, N: NET_ANY, B: BATTERY_ANY }]
08-26 00:32:46.841  1061  1751 W GmsStrictMode: UNSAFE_INTENT_LAUNCH [CONTEXT service_id=256 ]
08-26 00:32:46.841  1061  1751 W GmsStrictMode: android.os.strictmode.UnsafeIntentLaunchViolation: Launch of unsafe intent: Intent { act=com.google.android.gms.ENTIRE_PACKAGE_CHANGED dat=package: flg=0x5000010 pkg=com.google.android.gms cmp=com.google.android.gms/.chimera.GmsIntentOperationService (has extras) }
08-26 00:32:46.841  1061  1751 W GmsStrictMode: 	at android.os.StrictMode.onUnsafeIntentLaunch(StrictMode.java:2386)
08-26 00:32:46.841  1061  1751 W GmsStrictMode: 	at android.content.Intent.prepareToLeaveProcess(Intent.java:12559)
08-26 00:32:46.841  1061  1751 W GmsStrictMode: 	at android.content.Intent.prepareToLeaveProcess(Intent.java:12472)
08-26 00:32:46.841  1061  1751 W GmsStrictMode: 	at android.app.ContextImpl.startServiceCommon(ContextImpl.java:1959)
08-26 00:32:46.841  1061  1751 W GmsStrictMode: 	at android.app.ContextImpl.startService(ContextImpl.java:1929)
08-26 00:32:46.841  1061  1751 W GmsStrictMode: 	at android.content.ContextWrapper.startService(ContextWrapper.java:827)
08-26 00:32:46.841  1061  1751 W GmsStrictMode: 	at android.content.ContextWrapper.startService(ContextWrapper.java:827)
08-26 00:32:46.841  1061  1751 W GmsStrictMode: 	at android.content.ContextWrapper.startService(ContextWrapper.java:827)
08-26 00:32:46.841  1061  1751 W GmsStrictMode: 	at bqlh.apply(:com.google.android.gms@253031038@25.30.31 (260800-786424874):5)
08-26 00:32:46.841  1061  1751 W GmsStrictMode: 	at bqll.a(:com.google.android.gms@253031038@25.30.31 (260800-786424874):1)
08-26 00:32:46.841  1061  1751 W GmsStrictMode: 	at bqll.startService(:com.google.android.gms@253031038@25.30.31 (260800-786424874):37)
08-26 00:32:46.841  1061  1751 W GmsStrictMode: 	at wfj.c(:com.google.android.gms@253031038@25.30.31 (260800-786424874):69)
08-26 00:32:46.841  1061  1751 W GmsStrictMode: 	at wfj.b(:com.google.android.gms@253031038@25.30.31 (260800-786424874):214)
08-26 00:32:46.841  1061  1751 W GmsStrictMode: 	at auyy.onReceive(:com.google.android.gms@253031038@25.30.31 (260800-786424874):5)
08-26 00:32:46.841  1061  1751 W GmsStrictMode: 	at ausw.a(:com.google.android.gms@253031038@25.30.31 (260800-786424874):34)
08-26 00:32:46.841  1061  1751 W GmsStrictMode: 	at wah.onReceive(:com.google.android.gms@253031038@25.30.31 (260800-786424874):32)
08-26 00:32:46.841  1061  1751 W GmsStrictMode: 	at azak.a(:com.google.android.gms@253031038@25.30.31 (260800-786424874):24)
08-26 00:32:46.841  1061  1751 W GmsStrictMode: 	at azaj.call(:com.google.android.gms@253031038@25.30.31 (260800-786424874):9)
08-26 00:32:46.841  1061  1751 W GmsStrictMode: 	at java.util.concurrent.FutureTask.run(FutureTask.java:264)
08-26 00:32:46.841  1061  1751 W GmsStrictMode: 	at android.os.Handler.handleCallback(Handler.java:959)
08-26 00:32:46.841  1061  1751 W GmsStrictMode: 	at android.os.Handler.dispatchMessage(Handler.java:100)
08-26 00:32:46.841  1061  1751 W GmsStrictMode: 	at android.os.Looper.loopOnce(Looper.java:232)
08-26 00:32:46.841  1061  1751 W GmsStrictMode: 	at android.os.Looper.loop(Looper.java:317)
08-26 00:32:46.841  1061  1751 W GmsStrictMode: 	at android.app.ActivityThread.main(ActivityThread.java:8705)
08-26 00:32:46.841  1061  1751 W GmsStrictMode: 	at java.lang.reflect.Method.invoke(Native Method)
08-26 00:32:46.841  1061  1751 W GmsStrictMode: 	at com.android.internal.os.RuntimeInit$MethodAndArgsCaller.run(RuntimeInit.java:580)
08-26 00:32:46.841  1061  1751 W GmsStrictMode: 	at com.android.internal.os.ZygoteInit.main(ZygoteInit.java:886)
08-26 00:32:46.841  1061  1751 W GmsStrictMode: UNSAFE_INTENT_LAUNCH [CONTEXT service_id=256 ]
08-26 00:32:46.841  1061  1751 W GmsStrictMode: android.os.strictmode.UnsafeIntentLaunchViolation: Launch of unsafe intent: Intent { act=com.google.android.gms.ENTIRE_PACKAGE_CHANGED dat=package: flg=0x5000010 pkg=com.google.android.gms cmp=com.google.android.gms/.chimera.PersistentIntentOperationService (has extras) }
08-26 00:32:46.841  1061  1751 W GmsStrictMode: 	at android.os.StrictMode.onUnsafeIntentLaunch(StrictMode.java:2386)
08-26 00:32:46.841  1061  1751 W GmsStrictMode: 	at android.content.Intent.prepareToLeaveProcess(Intent.java:12559)
08-26 00:32:46.841  1061  1751 W GmsStrictMode: 	at android.content.Intent.prepareToLeaveProcess(Intent.java:12472)
08-26 00:32:46.841  1061  1751 W GmsStrictMode: 	at android.app.ContextImpl.startServiceCommon(ContextImpl.java:1959)
08-26 00:32:46.841  1061  1751 W GmsStrictMode: 	at android.app.ContextImpl.startService(ContextImpl.java:1929)
08-26 00:32:46.841  1061  1751 W GmsStrictMode: 	at android.content.ContextWrapper.startService(ContextWrapper.java:827)
08-26 00:32:46.841  1061  1751 W GmsStrictMode: 	at android.content.ContextWrapper.startService(ContextWrapper.java:827)
08-26 00:32:46.841  1061  1751 W GmsStrictMode: 	at android.content.ContextWrapper.startService(ContextWrapper.java:827)
08-26 00:32:46.841  1061  1751 W GmsStrictMode: 	at bqlh.apply(:com.google.android.gms@253031038@25.30.31 (260800-786424874):5)
08-26 00:32:46.841  1061  1751 W GmsStrictMode: 	at bqll.a(:com.google.android.gms@253031038@25.30.31 (260800-786424874):1)
08-26 00:32:46.841  1061  1751 W GmsStrictMode: 	at bqll.startService(:com.google.android.gms@253031038@25.30.31 (260800-786424874):37)
08-26 00:32:46.841  1061  1751 W GmsStrictMode: 	at wfj.c(:com.google.android.gms@253031038@25.30.31 (260800-786424874):69)
08-26 00:32:46.841  1061  1751 W GmsStrictMode: 	at wfj.b(:com.google.android.gms@253031038@25.30.31 (260800-786424874):214)
08-26 00:32:46.841  1061  1751 W GmsStrictMode: 	at auyy.onReceive(:com.google.android.gms@253031038@25.30.31 (260800-786424874):5)
08-26 00:32:46.841  1061  1751 W GmsStrictMode: 	at ausw.a(:com.google.android.gms@253031038@25.30.31 (260800-786424874):34)
08-26 00:32:46.841  1061  1751 W GmsStrictMode: 	at wah.onReceive(:com.google.android.gms@253031038@25.30.31 (260800-786424874):32)
08-26 00:32:46.841  1061  1751 W GmsStrictMode: 	at azak.a(:com.google.android.gms@253031038@25.30.31 (260800-786424874):24)
08-26 00:32:46.841  1061  1751 W GmsStrictMode: 	at azaj.call(:com.google.android.gms@253031038@25.30.31 (260800-786424874):9)
08-26 00:32:46.841  1061  1751 W GmsStrictMode: 	at java.util.concurrent.FutureTask.run(FutureTask.java:264)
08-26 00:32:46.841  1061  1751 W GmsStrictMode: 	at android.os.Handler.handleCallback(Handler.java:959)
08-26 00:32:46.841  1061  1751 W GmsStrictMode: 	at android.os.Handler.dispatchMessage(Handler.java:100)
08-26 00:32:46.841  1061  1751 W GmsStrictMode: 	at android.os.Looper.loopOnce(Looper.java:232)
08-26 00:32:46.841  1061  1751 W GmsStrictMode: 	at android.os.Looper.loop(Looper.java:317)
08-26 00:32:46.841  1061  1751 W GmsStrictMode: 	at android.app.ActivityThread.main(ActivityThread.java:8705)
08-26 00:32:46.841  1061  1751 W GmsStrictMode: 	at java.lang.reflect.Method.invoke(Native Method)
08-26 00:32:46.841  1061  1751 W GmsStrictMode: 	at com.android.internal.os.RuntimeInit$MethodAndArgsCaller.run(RuntimeInit.java:580)
08-26 00:32:46.841  1061  1751 W GmsStrictMode: 	at com.android.internal.os.ZygoteInit.main(ZygoteInit.java:886)
08-26 00:32:46.846  5320  6162 I Finsky:background: [111] Wrote row to frosting DB: 938
08-26 00:32:46.847  1061  6165 I ProximityAuth: [RecentAppsMediator] Package added: (user=UserHandle{0}) com.skyfire.solarapp
08-26 00:32:46.847  1061  6185 W GCM     : Unexpected forwarded intent: Intent { act=android.intent.action.PACKAGE_ADDED dat=package: flg=0x4000010 pkg=com.google.android.gms cmp=com.google.android.gms/.chimera.PersistentIntentOperationService (has extras) }
08-26 00:32:46.854  2167  2167 I Finsky  : [2] aerf - Received: android.intent.action.PACKAGE_CHANGED, [WZBU4Q5YR5UQRB63TyWgxRk-s7VoNsQbQr9te-mvS1o]
08-26 00:32:46.865  2167  2318 I Finsky  : [44] SCH: Received scheduling request: Id: 37-119, Constraints: [{ L: 0, D: 0, C: CHARGING_NONE, I: IDLE_NONE, N: NET_NONE, B: BATTERY_ANY }]
08-26 00:32:46.870  1491  6194 I Auth    : (REDACTED) [SupervisedAccountIntentOperationV2] onHandleIntent: %s
08-26 00:32:46.873  1061  6185 W NetworkScheduler: Unexpected forwarded intent: Intent { act=android.intent.action.PACKAGE_ADDED dat=package: flg=0x4000010 pkg=com.google.android.gms cmp=com.google.android.gms/.chimera.PersistentIntentOperationService (has extras) }
08-26 00:32:46.874  5320  5399 I Finsky:background: [64] RECEIVER_ENGAGE_PACKAGE_CHANGED#logWorkEndAndFinishGoAsync: SKIPPED_PRECONDITIONS_UNMET
08-26 00:32:46.879   577   600 V SafetySourceDataValidat: Package: com.android.vending has expected signature
08-26 00:32:46.879   577   600 V SafetySourceDataValidat: Package: com.android.vending has expected signature
08-26 00:32:46.880  1491  6196 I Blockstore: (REDACTED) [DataStoreImpl] Clearing Blockstore Data for package %s
08-26 00:32:46.881  1491  6196 I Blockstore: [DataStoreImpl] Keyless data not found or its IsLastInstallationData = false. [CONTEXT service_id=258 ]
08-26 00:32:46.896  2167  2318 I Finsky  : [44] RECEIVER_PACKAGE_MONITOR#logWorkEndAndFinishGoAsync: SUCCESS
08-26 00:32:46.899  1491  6196 I Dck     : (REDACTED) disableDckSupport: %s
08-26 00:32:46.899  1491  6196 W Dck     : [WirelessCapabilitiesFeatures] wccSysProp: 0 [CONTEXT service_id=289 ]
08-26 00:32:46.899  1491  6196 I Dck     : [WirelessCapabilitiesFeatures] wccMendel: 3 [CONTEXT service_id=289 ]
08-26 00:32:46.899  1491  6196 I Dck     : [WirelessCapabilitiesFeatures] deviceWccOverride: false [CONTEXT service_id=289 ]
08-26 00:32:46.899  1491  6196 I Dck     : [WirelessCapabilitiesFeatures] replaceSupportedWccWithWccOverride: true [CONTEXT service_id=289 ]
08-26 00:32:46.899  1491  6196 I Dck     : [WirelessCapabilitiesFeatures] wccOverride: not set [CONTEXT service_id=289 ]
08-26 00:32:46.899  1491  6196 I Dck     : (REDACTED) [WirelessCapabilitiesFeatures] wcc: %s
08-26 00:32:46.899  1491  6196 I Dck     : Dck module condition - hasWccSupport: false [CONTEXT service_id=289 ]
08-26 00:32:46.899  1491  6196 I Dck     : Dck module condition - downloadAllowed: false [CONTEXT service_id=289 ]
08-26 00:32:46.899  1491  6196 W Dck     : Dck module not eligible for asynchronous downloading [CONTEXT service_id=289 ]
08-26 00:32:46.929  1061  6148 I Fitness : (REDACTED) OnPackageChangedOperation got intent: %s
08-26 00:32:46.931   577   631 D KernelCpuUidUserSysTimeReader: Removing uids 10211-10211
08-26 00:32:46.951  1491  6169 I NearbyDiscovery: (REDACTED) processGrantSlicePermission: %s
08-26 00:32:46.971  1491  1491 D BoundBrokerSvc: onBind: Intent { act=com.google.android.gms.common.BIND_SHARED_PREFS pkg=com.google.android.gms }
08-26 00:32:46.971  1491  1491 D BoundBrokerSvc: Loading bound service for intent: Intent { act=com.google.android.gms.common.BIND_SHARED_PREFS pkg=com.google.android.gms }
08-26 00:32:46.971  6173  6173 D nativeloader: InitDefaultPublicLibraries for_preload=1: libandroid.so:libaaudio.so:libamidi.so:libbinder_ndk.so:libc.so:libcamera2ndk.so:libdl.so:libEGL.so:libGLESv1_CM.so:libGLESv2.so:libGLESv3.so:libicu.so:libicui18n.so:libicuuc.so:libjnigraphics.so:liblog.so:libmediandk.so:libm.so:libnativehelper.so:libnativewindow.so:libOpenMAXAL.so:libOpenSLES.so:libRS.so:libstdc++.so:libsync.so:libvulkan.so:libwebviewchromium_plat_support.so:libz.so
08-26 00:32:46.987  1061  6149 I Fitness : (REDACTED) FitCleanupIntentOperation received Intent %s
08-26 00:32:46.990  6173  6173 D nativeloader: Load libicu_jni.so using APEX ns com_android_art for caller /apex/com.android.art/javalib/core-oj.jar: ok
08-26 00:32:46.990  6173  6173 D app_process: u_setTimeZoneFilesDirectory("/apex/com.android.tzdata/etc/tz/versioned/8/icu") succeeded. 
08-26 00:32:46.990  6173  6173 D app_process: I18n APEX ICU file found: /apex/com.android.i18n/etc/icu/icudt75l.dat
08-26 00:32:46.995  6173  6173 D nativeloader: Load libjavacore.so using APEX ns com_android_art for caller /apex/com.android.art/javalib/core-oj.jar: ok
08-26 00:32:46.998  6173  6173 D nativeloader: Load libopenjdk.so using APEX ns com_android_art for caller /apex/com.android.art/javalib/core-oj.jar: ok
08-26 00:32:47.001  6173  6173 W app_process: Unexpected CPU variant for x86: x86_64.
08-26 00:32:47.001  6173  6173 W app_process: Known variants: atom, sandybridge, silvermont, goldmont, goldmont-plus, goldmont-without-sha-xsaves, tremont, kabylake, default
08-26 00:32:47.012  1491  2112 I Icing   : IndexChimeraService.getServiceInterface callingPackage=com.google.android.gms componentName=AppsCorpus serviceId=36
08-26 00:32:47.016  2167  2167 I Finsky  : [2] Memory trim requested to level 40
08-26 00:32:47.016  2167  2167 I Finsky  : [2] Flushing in-memory image cache
08-26 00:32:47.017  2167  6204 D TrafficStats: tagSocket(108) with statsTag=0xffffffff, statsUid=-1
08-26 00:32:47.022  5320  5320 I Finsky:background: [2] Memory trim requested to level 40
08-26 00:32:47.028  2167  6168 D TrafficStats: tagSocket(135) with statsTag=0xffffffff, statsUid=-1
08-26 00:32:47.031  6173  6173 D nativeloader: Load libframework-connectivity-tiramisu-jni.so using APEX ns com_android_tethering for caller /apex/com.android.tethering/javalib/framework-connectivity-t.jar: ok
08-26 00:32:47.031  6173  6173 D AndroidRuntime: Calling main entry com.android.commands.monkey.Monkey
08-26 00:32:47.032  6173  6173 W Monkey  : args: [-p, com.skyfire.solarapp, -c, android.intent.category.LAUNCHER, 1]
08-26 00:32:47.032  6173  6173 W Monkey  :  arg: "-p"
08-26 00:32:47.032  6173  6173 W Monkey  :  arg: "com.skyfire.solarapp"
08-26 00:32:47.032  6173  6173 W Monkey  :  arg: "-c"
08-26 00:32:47.032  6173  6173 W Monkey  :  arg: "android.intent.category.LAUNCHER"
08-26 00:32:47.032  6173  6173 W Monkey  :  arg: "1"
08-26 00:32:47.032  6173  6173 W Monkey  : data="com.skyfire.solarapp"
08-26 00:32:47.032  6173  6173 W Monkey  : data="android.intent.category.LAUNCHER"
08-26 00:32:47.054  1061  1061 D BoundBrokerSvc: onRebind: Intent { act=com.google.android.gms.libs.gmscorelogger.service.START dat=chimera-action:/... cmp=com.google.android.gms/.chimera.PersistentDirectBootAwareApiService }
08-26 00:32:47.062   577   601 W ActivityManager: registerReceiverWithFeature: no app for null
08-26 00:32:47.077  1491  1491 D BoundBrokerSvc: onBind: Intent { act=com.google.android.gms.feedback.internal.IFeedbackService dat=chimera-action:/... cmp=com.google.android.gms/.chimera.GmsBoundBrokerService }
08-26 00:32:47.077  1491  1491 D BoundBrokerSvc: Loading bound service for intent: Intent { act=com.google.android.gms.feedback.internal.IFeedbackService dat=chimera-action:/... cmp=com.google.android.gms/.chimera.GmsBoundBrokerService }
08-26 00:32:47.082   577   601 W ActivityTaskManager: callingPackage for (uid=2000, pid=6173) has no WPC
08-26 00:32:47.088   577   601 W OptProp : Cannot read opt property android.window.PROPERTY_COMPAT_ALLOW_USER_ASPECT_RATIO_OVERRIDE
08-26 00:32:47.089   577   601 W OptProp : Cannot read opt property android.window.PROPERTY_COMPAT_ALLOW_USER_ASPECT_RATIO_FULLSCREEN_OVERRIDE
08-26 00:32:47.089   577   601 W OptProp : Cannot read opt property android.window.PROPERTY_COMPAT_ALLOW_ORIENTATION_OVERRIDE
08-26 00:32:47.093   577   601 V GrammaticalInflectionUtils: AttributionSource: android.content.AttributionSource@4e1c7d28 does not have READ_SYSTEM_GRAMMATICAL_GENDER permission.
08-26 00:32:47.096   577   601 W OptProp : Cannot read opt property android.window.PROPERTY_COMPAT_ALLOW_RESIZEABLE_ACTIVITY_OVERRIDES
08-26 00:32:47.097   577   601 W OptProp : Cannot read opt property android.window.PROPERTY_COMPAT_ALLOW_MIN_ASPECT_RATIO_OVERRIDE
08-26 00:32:47.112   834   869 V WindowManagerShell: Transition requested (#36): android.os.BinderProxy@a50a66c TransitionRequestInfo { type = OPEN, triggerTask = TaskInfo{userId=0 taskId=108 displayId=0 isRunning=true baseIntent=Intent { act=android.intent.action.MAIN cat=[android.intent.category.LAUNCHER] flg=0x10200000 cmp=com.skyfire.solarapp/.MainActivity } baseActivity=ComponentInfo{com.skyfire.solarapp/com.skyfire.solarapp.MainActivity} topActivity=ComponentInfo{com.skyfire.solarapp/com.skyfire.solarapp.MainActivity} origActivity=null realActivity=ComponentInfo{com.skyfire.solarapp/com.skyfire.solarapp.MainActivity} numActivities=1 lastActiveTime=6624013 supportsMultiWindow=true resizeMode=1 isResizeable=true minWidth=-1 minHeight=-1 defaultMinSize=220 token=WCT{android.window.IWindowContainerToken$Stub$Proxy@a93f435} topActivityType=1 pictureInPictureParams=null shouldDockBigOverlays=false launchIntoPipHostTaskId=-1 lastParentTaskIdBeforePip=-1 displayCutoutSafeInsets=Rect(0, 159 - 0, 0) topActivityInfo=ActivityInfo{b6550ca com.skyfire.solarapp.MainActivity} launchCookies=[] positionInParent=Point(0, 0) parentTaskId=-1 isFocused=false isVisible=false isVisibleRequested=false isSleeping=false locusId=null displayAreaFeatureId=1 isTopActivityTransparent=false appCompatTaskInfo=AppCompatTaskInfo { topActivityInSizeCompat=false topActivityEligibleForLetterboxEducation= falseisLetterboxEducationEnabled= true isLetterboxDoubleTapEnabled= false topActivityEligibleForUserAspectRatioButton= false topActivityBoundsLetterboxed= false isFromLetterboxDoubleTap= false topActivityLetterboxVerticalPosition= -1 topActivityLetterboxHorizontalPosition= -1 topActivityLetterboxWidth=1344 topActivityLetterboxHeight=2992 isUserFullscreenOverrideEnabled=false isSystemFullscreenOverrideEnabled=false cameraCompatTaskInfo=CameraCompatTaskInfo { cameraCompatControlState=hidden freeformCameraCompatMode=inactive}}}, pipTask = null, remoteTransition = null, displayChange = null, flags = 0, debugId = 36 }
08-26 00:32:47.112   577   601 I ActivityTaskManager: START u0 {act=android.intent.action.MAIN cat=[android.intent.category.LAUNCHER] flg=0x10200000 cmp=com.skyfire.solarapp/.MainActivity} with LAUNCH_SINGLE_TASK from uid 2000 (BAL_ALLOW_PERMISSION) result code=0
08-26 00:32:47.115   577   614 V GrammaticalInflectionUtils: AttributionSource: android.content.AttributionSource@4e1c7d28 does not have READ_SYSTEM_GRAMMATICAL_GENDER permission.
08-26 00:32:47.118  6173  6173 I Monkey  : Events injected: 1
08-26 00:32:47.124  1107  1107 W SplitSelectStateCtor: Missing session instanceIds
08-26 00:32:47.124  1107  1107 D StatsLog: LAUNCHER_SPLIT_SELECTION_EXIT_INTERRUPTED
08-26 00:32:47.132   577   601 I AppsFilter: interaction: PackageSetting{bf8c6e3 com.android.microdroid.empty_payload/10200} -> PackageSetting{3362b1b com.skyfire.solarapp/10212} BLOCKED
08-26 00:32:47.138  1107  1107 I TopTaskTracker: onTaskMovedToFront: (moved taskInfo to front) taskId=108, baseIntent=Intent { act=android.intent.action.MAIN cat=[android.intent.category.LAUNCHER] flg=0x10200000 cmp=com.skyfire.solarapp/.MainActivity }
08-26 00:32:47.141   834   869 D WindowManagerShell: setLauncherKeepClearAreaHeight: visible=false, height=603
08-26 00:32:47.151   371   371 D Zygote  : Forked child process 6224
08-26 00:32:47.154   419   419 I BpBinder: onLastStrongRef automatically unlinking death recipients: 
08-26 00:32:47.165  2167  2327 I Finsky  : [47] WM::SCH: Logging work initialize for 37-119
08-26 00:32:47.169   577   624 I ActivityManager: Start proc 6224:com.skyfire.solarapp/u0a212 for next-top-activity {com.skyfire.solarapp/com.skyfire.solarapp.MainActivity}
08-26 00:32:47.184  2167  2333 I Finsky  : [52] WM::SCH: Logging work initialize for 12-1
08-26 00:32:47.186   577   600 D CoreBackPreview: Window{9025df7 u0 Splash Screen com.skyfire.solarapp}: Setting back callback OnBackInvokedCallbackInfo{mCallback=android.window.IOnBackInvokedCallback$Stub$Proxy@d8114ef, mPriority=0, mIsAnimationCallback=false}
08-26 00:32:47.192   577   685 W IPCThreadState: Sending oneway calls to frozen process.
08-26 00:32:47.193  1346  2677 I AiAiEcho: Settings changed for uri: content://settings/secure/device_state_rotation_lock
08-26 00:32:47.196   470   535 W IPCThreadState: Sending oneway calls to frozen process.
08-26 00:32:47.196   470   535 W IPCThreadState: Sending oneway calls to frozen process.
08-26 00:32:47.212  6224  6224 I kyfire.solarapp: Late-enabling -Xcheck:jni
08-26 00:32:47.231  6173  6173 I Monkey  : ## Network stats: elapsed time=139ms (0ms mobile, 0ms wifi, 139ms not connected)
08-26 00:32:47.233  6173  6173 I app_process: System.exit called, status: 0
08-26 00:32:47.234  6173  6173 I AndroidRuntime: VM exiting with result code 0.
08-26 00:32:47.237  1346  1504 I AiAiEcho: Predicting[0]:  [CONTEXT sampling_count=5 ]
08-26 00:32:47.238  1346  1504 I AiAiEcho: EchoTargets: 
08-26 00:32:47.238  1346  1504 I AiAiEcho: Filtered by AiAi flag check: 
08-26 00:32:47.238  1346  1504 I AiAiEcho: [CONTEXT ratelimit_period="10 SECONDS" ]
08-26 00:32:47.238  1346  1504 I AiAiEcho: Ranked targets strategy: SORT, count: 0, ranking metadata:  [CONTEXT ratelimit_period="10 SECONDS" ]
08-26 00:32:47.238  1346  1504 I AiAiEcho: #remoteViewsTwiddler: feature disabled.
08-26 00:32:47.239  1346  1504 I AiAiEcho: Predicting[0]:  [CONTEXT sampling_count=5 ]
08-26 00:32:47.239  1346  1504 I AiAiEcho: EchoTargets: 
08-26 00:32:47.239  1346  1504 I AiAiEcho: Filtered by AiAi flag check: 
08-26 00:32:47.239  1346  1504 I AiAiEcho: [CONTEXT ratelimit_period="10 SECONDS" ]
08-26 00:32:47.239  1346  1504 I AiAiEcho: Ranked targets strategy: SORT, count: 0, ranking metadata:  [CONTEXT ratelimit_period="10 SECONDS" ]
08-26 00:32:47.239  1346  1504 I AiAiEcho: #remoteViewsTwiddler: feature disabled.
08-26 00:32:47.239  1346  1504 I AiAiEcho: Predicting[0]:  [CONTEXT sampling_count=5 ]
08-26 00:32:47.240  1346  1504 I AiAiEcho: EchoTargets: 
08-26 00:32:47.240  1346  1504 I AiAiEcho: Filtered by AiAi flag check: 
08-26 00:32:47.240  1346  1504 I AiAiEcho: [CONTEXT ratelimit_period="10 SECONDS" ]
08-26 00:32:47.240  1346  1504 I AiAiEcho: Ranked targets strategy: SORT, count: 0, ranking metadata:  [CONTEXT ratelimit_period="10 SECONDS" ]
08-26 00:32:47.240  2167  2346 I Finsky  : [58] SCH: Scheduling phonesky job Id: 37-119, CT: 1756193566865, Constraints: [{ L: 0, D: 0, C: CHARGING_NONE, I: IDLE_NONE, N: NET_NONE, B: BATTERY_ANY }, { L: 0, D: 0, C: CHARGING_NONE, I: IDLE_NONE, N: NET_NONE, B: BATTERY_ANY }]
08-26 00:32:47.240  1346  1504 I AiAiEcho: #remoteViewsTwiddler: feature disabled.
08-26 00:32:47.240  1346  1504 I AiAiEcho: #postPredictionTargets: Sending updates to UISurface media_data_manager with targets# 0 (types=[])
08-26 00:32:47.242  1346  1504 I AiAiEcho: #postPredictionTargets: Sending updates to UISurface lockscreen with targets# 0 (types=[])
08-26 00:32:47.243   834   834 D SsMediaDataProvider: Forwarding Smartspace updates []
08-26 00:32:47.244   834   834 W PageIndicator: Total number of pages invalid: 0. Assuming 1 page.
08-26 00:32:47.244  1346  1504 I AiAiEcho: #postPredictionTargets: Sending updates to UISurface home with targets# 0 (types=[])
08-26 00:32:47.256  2167  2341 I Finsky  : [53] SCH: Scheduling 1 system job(s)
08-26 00:32:47.257  2167  2341 I Finsky  : [53] SCH: Scheduling expedited system job 9592
08-26 00:32:47.272  6224  6224 I kyfire.solarapp: Using CollectorTypeCMC GC.
08-26 00:32:47.278  6224  6224 W kyfire.solarapp: Unexpected CPU variant for x86: x86_64.
08-26 00:32:47.278  6224  6224 W kyfire.solarapp: Known variants: atom, sandybridge, silvermont, goldmont, goldmont-plus, goldmont-without-sha-xsaves, tremont, kabylake, default
08-26 00:32:47.288   443   460 I adbd    : jdwp connection from 6224
08-26 00:32:47.292  1491  3596 I Icing   : Usage reports ok 0, Failed Usage reports 0, indexed 0, rejected 0
08-26 00:32:47.297  6224  6224 D nativeloader: Load libframework-connectivity-tiramisu-jni.so using APEX ns com_android_tethering for caller /apex/com.android.tethering/javalib/framework-connectivity-t.jar: ok
