08-26 10:56:15.574   577  1705 W AppOpService: Ignored setUidMode call for runtime permission app op: uid = 1001, code = SEND_SMS, mode = allow, callingUid = 1001, oldMode = allow
08-26 10:56:15.584   577  1705 W AppOpService: Ignored setUidMode call for runtime permission app op: uid = 1001, code = READ_CELL_BROADCASTS, mode = allow, callingUid = 1001, oldMode = allow
08-26 10:56:15.615 11683 11711 I Icing   : Usage reports ok 0, Failed Usage reports 0, indexed 0, rejected 0
08-26 10:56:15.666   988  1185 D ImsResolver: maybeAddedImsService, packageName: com.skyfire.solarapp
08-26 10:56:15.694   577  3555 E RoleControllerServiceImpl: Default/fallback role holder package doesn't qualify for the role, package: com.google.android.gms, role: android.app.role.WALLET
08-26 10:56:15.708   577  3555 E RoleControllerServiceImpl: Default/fallback role holder package doesn't qualify for the role, package: com.google.android.devicelockcontroller, role: android.app.role.SYSTEM_FINANCED_DEVICE_CONTROLLER
08-26 10:56:15.752   577   622 W MagnificationConnectionManager: requestConnection duplicated request: connect=false, mConnectionState=DISCONNECTED
08-26 10:56:15.756   577   577 W IPCThreadState: Sending oneway calls to frozen process.
08-26 10:56:15.761  1107  1169 D PackageUpdatedTask: Package updated: mOp=UPDATE packages=[com.skyfire.solarapp]
08-26 10:56:15.784   577   577 W IPCThreadState: Sending oneway calls to frozen process.
08-26 10:56:15.784   577   577 W IPCThreadState: Sending oneway calls to frozen process.
08-26 10:56:15.794  1346  1346 I AiAiEcho: AppFetcherImpl onPackageChanged com.skyfire.solarapp.
08-26 10:56:15.795  1346 15723 I AiAiEcho: AppIndexer Package:[com.skyfire.solarapp] UserProfile:[0] Enabled:[true].
08-26 10:56:15.796  1346 15723 I AiAiEcho: AppFetcherImplV2 updateApps package:[com.skyfire.solarapp], userId:[0], reason:[package is updated.].
08-26 10:56:15.838 11683 11711 I Icing   : Indexing com.google.android.gms-apps from com.google.android.gms
08-26 10:56:15.919  1107  1107 D StatsLog: LAUNCHER_ALLAPPS_COUNT
08-26 10:56:16.027 11683 11711 I Icing   : Indexing done com.google.android.gms-apps
08-26 10:56:16.046 11683 11711 I Icing   : Indexing com.google.android.gms-apps from com.google.android.gms
08-26 10:56:16.047 11683 11711 I Icing   : Indexing done com.google.android.gms-apps
08-26 10:56:16.134   577   895 I ActivityManager: Background started FGS: Allowed [callingPackage: com.google.android.apps.wellbeing; callingUid: 10143; uidState: BTOP; uidBFSL: [BFSL]; intent: Intent { cmp=com.google.android.apps.wellbeing/com.google.apps.tiktok.concurrent.InternalForegroundService (has extras) }; code:BACKGROUND_ACTIVITY_PERMISSION; tempAllowListReason:<null>; targetSdkVersion:36; callerTargetSdkVersion:36; startForegroundCount:0; bindFromPackage:null: isBindService:false]
08-26 10:56:16.193   577  1657 W ForegroundServiceTypeLoggerModule: Foreground service start for UID: 10143 does not have any types
08-26 10:56:16.234   577  1115 W ForegroundServiceTypeLoggerModule: FGS stop call for: 10143 has no types!
08-26 10:56:16.346   577  1657 D CompatChangeReporter: Compat change id reported: 161145287; UID 10222; state: ENABLED
08-26 10:56:16.387 15674 15726 D nativeloader: Load /data/app/~~vm_yt58k8Wr8vq83BwIbDw==/com.skyfire.solarapp-dKQveIH_pwodh9KASnwkAw==/base.apk!/lib/x86_64/libreact_devsupportjni.so using ns clns-7 from class loader (caller=/data/app/~~vm_yt58k8Wr8vq83BwIbDw==/com.skyfire.solarapp-dKQveIH_pwodh9KASnwkAw==/base.apk): ok
08-26 10:56:16.447 13163 13183 I .apps.wellbeing: Background concurrent mark compact GC freed 2985KB AllocSpace bytes, 0(0B) LOS objects, 49% free, 4278KB/8556KB, paused 683us,987us total 108.322ms
08-26 10:56:16.474 13163 13185 W .apps.wellbeing: ApkAssets: Deleting an ApkAssets object '<empty> and /data/app/~~sT1Ra5wBMY2z_0HKnIqpZg==/com.google.android.youtube-n82LcE7KQznKyt3azLxgoA==/base.apk' with 1 weak references
08-26 10:56:16.474 13163 13185 W .apps.wellbeing: ApkAssets: Deleting an ApkAssets object '<empty> and /data/app/~~sT1Ra5wBMY2z_0HKnIqpZg==/com.google.android.youtube-n82LcE7KQznKyt3azLxgoA==/split_config.en.apk' with 1 weak references
08-26 10:56:16.474 13163 13185 W .apps.wellbeing: ApkAssets: Deleting an ApkAssets object '<empty> and /data/app/~~sT1Ra5wBMY2z_0HKnIqpZg==/com.google.android.youtube-n82LcE7KQznKyt3azLxgoA==/split_config.x86_64.apk' with 1 weak references
08-26 10:56:16.474 13163 13185 W .apps.wellbeing: ApkAssets: Deleting an ApkAssets object '<empty> and /data/app/~~sT1Ra5wBMY2z_0HKnIqpZg==/com.google.android.youtube-n82LcE7KQznKyt3azLxgoA==/split_config.xxhdpi.apk' with 1 weak references
08-26 10:56:16.475 13163 13185 W .apps.wellbeing: ApkAssets: Deleting an ApkAssets object '<empty> and /product/overlay/DisplayCutoutEmulationCorner/DisplayCutoutEmulationCornerOverlay.apk' with 1 weak references
08-26 10:56:16.475 13163 13185 W .apps.wellbeing: ApkAssets: Deleting an ApkAssets object '<empty> and /apex/com.android.extservices/priv-app/GoogleExtServices@350820300/GoogleExtServices.apk' with 1 weak references
08-26 10:56:16.475 13163 13185 W .apps.wellbeing: ApkAssets: Deleting an ApkAssets object '<empty> and /product/overlay/DisplayCutoutEmulationDouble/DisplayCutoutEmulationDoubleOverlay.apk' with 1 weak references
08-26 10:56:16.475 13163 13185 W .apps.wellbeing: ApkAssets: Deleting an ApkAssets object '<empty> and /system/priv-app/TelephonyProvider/TelephonyProvider.apk' with 1 weak references
08-26 10:56:16.475 13163 13185 W .apps.wellbeing: ApkAssets: Deleting an ApkAssets object '/product/overlay/TelephonyProvider__sdk_gphone64_x86_64__auto_generated_rro_product.apk' with 1 weak references
08-26 10:56:16.476 13163 13185 W .apps.wellbeing: ApkAssets: Deleting an ApkAssets object '<empty> and /system/priv-app/DynamicSystemInstallationService/DynamicSystemInstallationService.apk' with 1 weak references
08-26 10:56:16.476 13163 13185 W .apps.wellbeing: ApkAssets: Deleting an ApkAssets object '<empty> and /data/app/~~E5jofKLMbJqrFgkQ3ImRLQ==/com.google.android.googlequicksearchbox-oF3USt585jD961Kn4Si9OA==/base.apk' with 1 weak references
08-26 10:56:16.476 13163 13185 W .apps.wellbeing: ApkAssets: Deleting an ApkAssets object '<empty> and /data/app/~~E5jofKLMbJqrFgkQ3ImRLQ==/com.google.android.googlequicksearchbox-oF3USt585jD961Kn4Si9OA==/split_config.xxhdpi.apk' with 1 weak references
08-26 10:56:16.476 13163 13185 W .apps.wellbeing: ApkAssets: Deleting an ApkAssets object '<empty> and /data/app/~~E5jofKLMbJqrFgkQ3ImRLQ==/com.google.android.googlequicksearchbox-oF3USt585jD961Kn4Si9OA==/split_lens_ondevice_engine_play_ml_module.apk' with 1 weak references
08-26 10:56:16.476 13163 13185 W .apps.wellbeing: ApkAssets: Deleting an ApkAssets object '<empty> and /system/priv-app/CalendarProvider/CalendarProvider.apk' with 1 weak references
08-26 10:56:16.476 13163 13185 W .apps.wellbeing: ApkAssets: Deleting an ApkAssets object '<empty> and /product/priv-app/GoogleOneTimeInitializer/GoogleOneTimeInitializer.apk' with 1 weak references
08-26 10:56:16.476 13163 13185 W .apps.wellbeing: ApkAssets: Deleting an ApkAssets object '<empty> and /system/app/GoogleExtShared/GoogleExtShared.apk' with 1 weak references
08-26 10:56:16.476 13163 13185 W .apps.wellbeing: ApkAssets: Deleting an ApkAssets object '<empty> and /system/priv-app/ExternalStorageProvider/ExternalStorageProvider.apk' with 1 weak references
08-26 10:56:16.476 13163 13185 W .apps.wellbeing: ApkAssets: Deleting an ApkAssets object '<empty> and /system/app/HTMLViewer/HTMLViewer.apk' with 1 weak references
08-26 10:56:16.477 13163 13185 W .apps.wellbeing: ApkAssets: Deleting an ApkAssets object '<empty> and /system/app/CompanionDeviceManager/CompanionDeviceManager.apk' with 1 weak references
08-26 10:56:16.477 13163 13185 W .apps.wellbeing: ApkAssets: Deleting an ApkAssets object '<empty> and /system/priv-app/DownloadProvider/DownloadProvider.apk' with 1 weak references
08-26 10:56:16.477 13163 13185 W .apps.wellbeing: ApkAssets: Deleting an ApkAssets object '<empty> and /data/app/~~EN5_kZo_cz_AZpVQ3Zleyw==/com.google.android.apps.messaging-9fc39DB585VT4WH9RhFgdg==/base.apk' with 1 weak references
08-26 10:56:16.477 13163 13185 W .apps.wellbeing: ApkAssets: Deleting an ApkAssets object '<empty> and /data/app/~~EN5_kZo_cz_AZpVQ3Zleyw==/com.google.android.apps.messaging-9fc39DB585VT4WH9RhFgdg==/split_config.en.apk' with 1 weak references
08-26 10:56:16.477 13163 13185 W .apps.wellbeing: ApkAssets: Deleting an ApkAssets object '<empty> and /data/app/~~EN5_kZo_cz_AZpVQ3Zleyw==/com.google.android.apps.messaging-9fc39DB585VT4WH9RhFgdg==/split_config.x86_64.apk' with 1 weak references
08-26 10:56:16.477 13163 13185 W .apps.wellbeing: ApkAssets: Deleting an ApkAssets object '<empty> and /data/app/~~EN5_kZo_cz_AZpVQ3Zleyw==/com.google.android.apps.messaging-9fc39DB585VT4WH9RhFgdg==/split_config.xxhdpi.apk' with 1 weak references
08-26 10:56:16.487 13163 13185 W .apps.wellbeing: ApkAssets: Deleting an ApkAssets object '<empty> and /product/app/SoundPickerPrebuilt/SoundPickerPrebuilt.apk' with 1 weak references
08-26 10:56:16.487 13163 13185 W .apps.wellbeing: ApkAssets: Deleting an ApkAssets object '<empty> and /apex/com.android.mediaprovider/priv-app/MediaProviderGoogle@350820300/MediaProviderGoogle.apk' with 1 weak references
08-26 10:56:16.487 13163 13185 W .apps.wellbeing: ApkAssets: Deleting an ApkAssets object '<empty> and /product/priv-app/SafetyHubPrebuilt/SafetyHubPrebuilt.apk' with 1 weak references
08-26 10:56:16.487 13163 13185 W .apps.wellbeing: ApkAssets: Deleting an ApkAssets object '<empty> and /system/priv-app/DownloadProviderUi/DownloadProviderUi.apk' with 1 weak references
08-26 10:56:16.487 13163 13185 W .apps.wellbeing: ApkAssets: Deleting an ApkAssets object '<empty> and /apex/com.android.wifi/app/OsuLoginGoogle@350820300/OsuLoginGoogle.apk' with 1 weak references
08-26 10:56:16.487 13163 13185 W .apps.wellbeing: ApkAssets: Deleting an ApkAssets object '<empty> and /data/app/~~GNteirqMOuGE5IvO-7FV0A==/com.android.vending-0IySm_5U3Dhmqg3quI6BEg==/base.apk' with 1 weak references
08-26 10:56:16.487 13163 13185 W .apps.wellbeing: ApkAssets: Deleting an ApkAssets object '<empty> and /data/app/~~GNteirqMOuGE5IvO-7FV0A==/com.android.vending-0IySm_5U3Dhmqg3quI6BEg==/split_config.en.apk' with 1 weak references
08-26 10:56:16.487 13163 13185 W .apps.wellbeing: ApkAssets: Deleting an ApkAssets object '<empty> and /data/app/~~GNteirqMOuGE5IvO-7FV0A==/com.android.vending-0IySm_5U3Dhmqg3quI6BEg==/split_config.x86_64.apk' with 1 weak references
08-26 10:56:16.487 13163 13185 W .apps.wellbeing: ApkAssets: Deleting an ApkAssets object '<empty> and /data/app/~~GNteirqMOuGE5IvO-7FV0A==/com.android.vending-0IySm_5U3Dhmqg3quI6BEg==/split_phonesky_data_loader.apk' with 1 weak references
08-26 10:56:16.487 13163 13185 W .apps.wellbeing: ApkAssets: Deleting an ApkAssets object '<empty> and /data/app/~~GNteirqMOuGE5IvO-7FV0A==/com.android.vending-0IySm_5U3Dhmqg3quI6BEg==/split_phonesky_data_loader.config.x86_64.apk' with 1 weak references
08-26 10:56:16.487 13163 13185 W .apps.wellbeing: ApkAssets: Deleting an ApkAssets object '<empty> and /system/app/PacProcessor/PacProcessor.apk' with 1 weak references
08-26 10:56:16.487 13163 13185 W .apps.wellbeing: ApkAssets: Deleting an ApkAssets object '<empty> and /system/app/SimAppDialog/SimAppDialog.apk' with 1 weak references
08-26 10:56:16.487 13163 13185 W .apps.wellbeing: ApkAssets: Deleting an ApkAssets object '/product/overlay/SimAppDialog__sdk_gphone64_x86_64__auto_generated_rro_product.apk' with 1 weak references
08-26 10:56:16.488 13163 13185 W .apps.wellbeing: ApkAssets: Deleting an ApkAssets object '<empty> and /apex/com.android.adservices/priv-app/AdServicesApkGoogle@350820260/AdServicesApkGoogle.apk' with 1 weak references
08-26 10:56:16.488 13163 13185 W .apps.wellbeing: ApkAssets: Deleting an ApkAssets object '<empty> and /product/overlay/DisplayCutoutEmulationHole/DisplayCutoutEmulationHoleOverlay.apk' with 1 weak references
08-26 10:56:16.488 13163 13185 W .apps.wellbeing: ApkAssets: Deleting an ApkAssets object '<empty> and /product/overlay/DisplayCutoutEmulationTall/DisplayCutoutEmulationTallOverlay.apk' with 1 weak references
08-26 10:56:16.488 13163 13185 W .apps.wellbeing: ApkAssets: Deleting an ApkAssets object '<empty> and /system/app/CertInstaller/CertInstaller.apk' with 1 weak references
08-26 10:56:16.488 13163 13185 W .apps.wellbeing: ApkAssets: Deleting an ApkAssets object '<empty> and /product/app/talkback/talkback.apk' with 1 weak references
08-26 10:56:16.488 13163 13185 W .apps.wellbeing: ApkAssets: Deleting an ApkAssets object '/vendor/overlay/EmulatorTalkBackOverlay/EmulatorTalkBackOverlay.apk' with 1 weak references
08-26 10:56:16.488 13163 13185 W .apps.wellbeing: ApkAssets: Deleting an ApkAssets object '<empty> and /product/app/Camera2/Camera2.apk' with 1 weak references
08-26 10:56:16.558 15674 15730 D TrafficStats: tagSocket(105) with statsTag=0xffffffff, statsUid=-1
08-26 10:56:16.562 15674 15728 D TrafficStats: tagSocket(103) with statsTag=0xffffffff, statsUid=-1
08-26 10:56:16.563 15674 15729 D TrafficStats: tagSocket(106) with statsTag=0xffffffff, statsUid=-1
08-26 10:56:16.595 15674 15674 W kyfire.solarapp: Accessing hidden method Landroid/view/View;->computeFitSystemWindows(Landroid/graphics/Rect;Landroid/graphics/Rect;)Z (unsupported, reflection, allowed)
08-26 10:56:16.595 15674 15674 W kyfire.solarapp: Accessing hidden method Landroid/view/ViewGroup;->makeOptionalFitsSystemWindows()V (unsupported, reflection, allowed)
08-26 10:56:16.641 15674 15674 W HWUI    : Unknown dataspace 0
08-26 10:56:16.674 15674 15674 W unknown:ReactNative: Packager connection already open, nooping.
08-26 10:56:16.682   577  1657 D CoreBackPreview: Window{d82cad0 u0 com.skyfire.solarapp/com.skyfire.solarapp.MainActivity}: Setting back callback OnBackInvokedCallbackInfo{mCallback=android.window.IOnBackInvokedCallback$Stub$Proxy@42265ce, mPriority=0, mIsAnimationCallback=false}
08-26 10:56:16.728   419   551 W ServiceManagerCppClient: Permission failure: android.permission.ACCESS_SURFACE_FLINGER from uid=10222 pid=0
08-26 10:56:16.728   419   472 W ServiceManagerCppClient: Permission failure: android.permission.ACCESS_SURFACE_FLINGER from uid=10222 pid=15674
08-26 10:56:16.728   419   551 D PermissionCache: checking android.permission.ACCESS_SURFACE_FLINGER for uid=10222 => denied (556 us)
08-26 10:56:16.728   419   472 D PermissionCache: checking android.permission.ACCESS_SURFACE_FLINGER for uid=10222 => denied (144 us)
08-26 10:56:16.728   419   551 W ServiceManagerCppClient: Permission failure: android.permission.ROTATE_SURFACE_FLINGER from uid=10222 pid=0
08-26 10:56:16.728   419   551 D PermissionCache: checking android.permission.ROTATE_SURFACE_FLINGER for uid=10222 => denied (112 us)
08-26 10:56:16.729   419   472 W ServiceManagerCppClient: Permission failure: android.permission.ROTATE_SURFACE_FLINGER from uid=10222 pid=15674
08-26 10:56:16.732   419   472 D PermissionCache: checking android.permission.ROTATE_SURFACE_FLINGER for uid=10222 => denied (3807 us)
08-26 10:56:16.733   419   472 W ServiceManagerCppClient: Permission failure: android.permission.INTERNAL_SYSTEM_WINDOW from uid=10222 pid=15674
08-26 10:56:16.733   419   472 D PermissionCache: checking android.permission.INTERNAL_SYSTEM_WINDOW for uid=10222 => denied (486 us)
08-26 10:56:16.762   419   551 W ServiceManagerCppClient: Permission failure: android.permission.INTERNAL_SYSTEM_WINDOW from uid=10222 pid=0
08-26 10:56:16.762   419   551 D PermissionCache: checking android.permission.INTERNAL_SYSTEM_WINDOW for uid=10222 => denied (33497 us)
08-26 10:56:16.792 15674 15717 I EGL_emulation: Opening libGLESv1_CM_emulation.so
08-26 10:56:16.803 15674 15717 I EGL_emulation: Opening libGLESv2_emulation.so
08-26 10:56:16.829 15674 15717 W HWUI    : Failed to choose config with EGL_SWAP_BEHAVIOR_PRESERVED, retrying without...
08-26 10:56:16.830 15674 15717 W HWUI    : Failed to initialize 101010-2 format, error = EGL_SUCCESS
08-26 10:56:16.879   157   157 I hwservicemanager: getTransport: Cannot find entry android.hardware.graphics.mapper@4.0::IMapper/default in either framework or device VINTF manifest.
08-26 10:56:16.882 15674 15717 I Gralloc4: mapper 4.x is not supported
08-26 10:56:16.930   577  1705 W ServiceManagerCppClient: Permission failure: android.permission.ACCESS_SURFACE_FLINGER from uid=10222 pid=0
08-26 10:56:16.930   577  1705 D PermissionCache: checking android.permission.ACCESS_SURFACE_FLINGER for uid=10222 => denied (100 us)
08-26 10:56:16.930   577  1705 W ServiceManagerCppClient: Permission failure: android.permission.ROTATE_SURFACE_FLINGER from uid=10222 pid=0
08-26 10:56:16.930   577  1705 D PermissionCache: checking android.permission.ROTATE_SURFACE_FLINGER for uid=10222 => denied (51 us)
08-26 10:56:16.930   577  1705 W ServiceManagerCppClient: Permission failure: android.permission.INTERNAL_SYSTEM_WINDOW from uid=10222 pid=0
08-26 10:56:16.930   577  1705 D PermissionCache: checking android.permission.INTERNAL_SYSTEM_WINDOW for uid=10222 => denied (301 us)
08-26 10:56:16.940   577   611 W ziparchive: Unable to open '/data/app/~~vm_yt58k8Wr8vq83BwIbDw==/com.skyfire.solarapp-dKQveIH_pwodh9KASnwkAw==/base.dm': No such file or directory
08-26 10:56:16.983   577   611 I ActivityTaskManager: Displayed com.skyfire.solarapp/.MainActivity for user 0: +5s633ms
08-26 10:56:17.045   577  1705 D CoreBackPreview: Window{4868800 u0 PopupWindow:80b55ae}: Setting back callback OnBackInvokedCallbackInfo{mCallback=android.window.IOnBackInvokedCallback$Stub$Proxy@cd9de7e, mPriority=0, mIsAnimationCallback=false}
08-26 10:56:17.131   577   703 I ImeTracker: com.skyfire.solarapp:cdc2868c: onRequestHide at ORIGIN_SERVER reason HIDE_UNSPECIFIED_WINDOW fromUser false
08-26 10:56:17.133   577   703 I ImeTracker: com.skyfire.solarapp:cdc2868c: onCancelled at PHASE_SERVER_SHOULD_HIDE
08-26 10:56:17.178  1258  1258 I GoogleInputMethodService: GoogleInputMethodService.onFinishInput():2054 
08-26 10:56:17.179  1107  1107 D BaseDepthController: setSurface:
08-26 10:56:17.179  1107  1107 D BaseDepthController: 	mWaitingOnSurfaceValidity: false
08-26 10:56:17.179  1107  1107 D BaseDepthController: 	mSurface: null
08-26 10:56:17.179  1107  1107 D BaseDepthController: mSurface is null and mCurrentBlur is: 0
08-26 10:56:17.183  1258  1258 I Module  : DeviceLockedStatusModuleProvider$Module.updateDeviceLockedStatus():100 repeatCheckTimes = 0, locked = false
08-26 10:56:17.211  1258  1258 I GoogleInputMethodService: GoogleInputMethodService.onStartInput():1315 onStartInput(EditorInfo{EditorInfo{packageName=com.skyfire.solarapp, inputType=0, inputTypeString=NULL, enableLearning=false, autoCorrection=false, autoComplete=false, imeOptions=0, privateImeOptions=null, actionName=UNSPECIFIED, actionLabel=null, initialSelStart=-1, initialSelEnd=-1, initialCapsMode=0, label=null, fieldId=0, fieldName=null, extras=null, hintText=null, hintLocales=[]}}, false)
08-26 10:56:17.228  1258  1258 I Module  : DeviceLockedStatusModuleProvider$Module.updateDeviceLockedStatus():100 repeatCheckTimes = 1, locked = false
08-26 10:56:17.229   577  1657 W PackageConfigPersister: App-specific configuration not found for packageName: com.skyfire.solarapp and userId: 0
08-26 10:56:17.244  1107  1107 D StateManager: goToState - fromState: Normal, toState: Normal, partial trace:
08-26 10:56:17.244  1107  1107 D StateManager: 	at com.android.launcher3.statemanager.StateManager.moveToRestState(go/retraceme 2855a437b73635ce9cad76b9289087e631bbb67fc90008a0da13d343a00e5041:4)
08-26 10:56:17.244  1107  1107 D StateManager: 	at com.android.launcher3.statemanager.StateManager.moveToRestState(go/retraceme 2855a437b73635ce9cad76b9289087e631bbb67fc90008a0da13d343a00e5041:1)
08-26 10:56:17.244  1107  1107 D StateManager: 	at com.android.launcher3.statemanager.StatefulActivity.onStop(go/retraceme 2855a437b73635ce9cad76b9289087e631bbb67fc90008a0da13d343a00e5041:34)
08-26 10:56:17.250  1258  1258 W NotificationCenter: NotificationCenter$NotificationQueue.notifyPendingNotificationsOnExecutor():877 Heavy notify work detected on UI thread: [lsv->ktr] takes 21ms
08-26 10:56:17.261  1107  1107 D StatsLog: LAUNCHER_ONSTOP
08-26 10:56:17.278  1107  1477 D OneSearchSuggestProvider: Shut down the binder channel
08-26 10:56:17.279  1061  2163 I FontLog : (REDACTED) Received query %s, URI %s
08-26 10:56:17.280  1061  2163 I FontLog : (REDACTED) Query [%s] resolved to %s
08-26 10:56:17.287  1061  2163 I FontLog : (REDACTED) Fetch %s end status %s
08-26 10:56:17.299  1107  1107 D StatsLog: LAUNCHER_GOOGLE_SEARCH_RESTORE_LIST_SIZE_AFTER_ACTIVITY_RESTART
08-26 10:56:17.327  1061  2685 I FontLog : (REDACTED) Pulling font file for id = %d, cache size = %d
08-26 10:56:17.328   577   612 W Looper  : Slow dispatch took 124ms android.ui h=com.android.server.am.ActivityManagerService$UiHandler c=com.android.server.am.UidObserverController$$ExternalSyntheticLambda0@9fbd816 m=0
08-26 10:56:17.354 13925 13950 W WindowOnBackDispatcher: sendCancelIfRunning: isInProgress=false callback=android.view.ViewRootImpl$$ExternalSyntheticLambda11@981cb3a
08-26 10:56:17.371   577   895 W InputManager-JNI: Input channel object '1db87d3 Splash Screen com.skyfire.solarapp (client)' was disposed without first being removed with the input manager!
08-26 10:56:17.378   577  1115 D CoreBackPreview: Window{1db87d3 u0 Splash Screen com.skyfire.solarapp EXITING}: Setting back callback null
08-26 10:56:17.395   470   534 W IPCThreadState: Sending oneway calls to frozen process.
08-26 10:56:17.396   470   534 W IPCThreadState: Sending oneway calls to frozen process.
08-26 10:56:17.422  1107  1443 D EGL_emulation: app_time_stats: avg=1971.89ms min=32.32ms max=3911.47ms count=2
08-26 10:56:17.442  1061  2164 I FontLog : (REDACTED) Pulling font file for id = %d, cache size = %d
08-26 10:56:17.586 13925 13963 D EGL_emulation: app_time_stats: avg=1232.69ms min=20.80ms max=4689.41ms count=4
08-26 10:56:17.632  1393  2177 I BugleRcsEngine: handleMessage processing message:[NOTIFY_UPTIME_IGNORE_STATE_CHANGED] with [non-null]:RcsEngineImpl reference [CONTEXT log_prefix="RcsEngineImpl[DUAL_REG]:[bba92579-0eec]>Handler" thread_id=64 ]
08-26 10:56:17.644  2196  2417 D WM-NetworkStateTracker: Network capabilities changed: [ Transports: WIFI Capabilities: NOT_METERED&INTERNET&NOT_RESTRICTED&TRUSTED&NOT_VPN&VALIDATED&NOT_ROAMING&FOREGROUND&NOT_CONGESTED&NOT_SUSPENDED&NOT_VCN_MANAGED&NOT_BANDWIDTH_CONSTRAINED LinkUpBandwidth>=12000Kbps LinkDnBandwidth>=30000Kbps TransportInfo: <SSID: <unknown ssid>, BSSID: 02:00:00:00:00:00, MAC: 02:00:00:00:00:00, IP: /10.0.2.16, Security type: 0, Supplicant state: COMPLETED, Wi-Fi standard: legacy, RSSI: -50, Link speed: 1Mbps, Tx Link speed: 1Mbps, Max Supported Tx Link speed: 11Mbps, Rx Link speed: 2Mbps, Max Supported Rx Link speed: 11Mbps, Frequency: 2447MHz, Net ID: -1, Metered hint: false, score: 60, isUsable: true, CarrierMerged: false, SubscriptionId: -1, IsPrimary: -1, Trusted: true, Restricted: false, Ephemeral: false, OEM paid: false, OEM private: false, OSU AP: false, FQDN: <none>, Provider friendly name: <none>, Requesting package name: <none><none>MLO Information: , Is TID-To-Link negotiation supported by the AP: false, AP MLD Address: <none>, AP MLO Link Id: <none>, AP MLO Affiliated links: <none>, Vendor Data: <none>> SignalStrength: -50 UnderlyingNetworks: Null]
08-26 10:56:17.659   577   749 W IPCThreadState: Sending oneway calls to frozen process.
08-26 10:56:17.659   577   749 W IPCThreadState: Sending oneway calls to frozen process.
08-26 10:56:17.683  1393  1970 I BugleRcsEngine: Connected state: [1], networkType: [WIFI] [CONTEXT thread_id=58 ]
08-26 10:56:17.692   577   749 W IPCThreadState: Sending oneway calls to frozen process.
08-26 10:56:17.692   577   749 W IPCThreadState: Sending oneway calls to frozen process.
08-26 10:56:17.692   577   749 W IPCThreadState: Sending oneway calls to frozen process.
08-26 10:56:17.692   577   749 W IPCThreadState: Sending oneway calls to frozen process.
08-26 10:56:17.693   577   749 W IPCThreadState: Sending oneway calls to frozen process.
08-26 10:56:17.734  1061  1071 I NullBinder: NullBinder for android.net.action.RECOMMEND_NETWORKS triggering remote TransactionTooLargeException due to Service without Chimera impl, calling uid: 1000, calling pid: 0
08-26 10:56:17.734  1061  1071 W .gms.persistent: Large reply transaction of 1056768 bytes, interface descriptor , code 1
08-26 10:56:17.780  1393  2177 I BugleRcsEngine: No RCS Configuration was found in Bugle for simID: redacted-pii:sim_id[chars:20,last3:897] [CONTEXT log_prefix="ProvisioningEngineDataRetriever" thread_id=64 ]
08-26 10:56:17.803 15674 15730 D nativeloader: Load /data/app/~~vm_yt58k8Wr8vq83BwIbDw==/com.skyfire.solarapp-dKQveIH_pwodh9KASnwkAw==/base.apk!/lib/x86_64/libreactnativejni.so using ns clns-7 from class loader (caller=/data/app/~~vm_yt58k8Wr8vq83BwIbDw==/com.skyfire.solarapp-dKQveIH_pwodh9KASnwkAw==/base.apk): ok
08-26 10:56:17.830 15674 15730 D nativeloader: Load /data/app/~~vm_yt58k8Wr8vq83BwIbDw==/com.skyfire.solarapp-dKQveIH_pwodh9KASnwkAw==/base.apk!/lib/x86_64/libfbjni.so using ns clns-7 from class loader (caller=/data/app/~~vm_yt58k8Wr8vq83BwIbDw==/com.skyfire.solarapp-dKQveIH_pwodh9KASnwkAw==/base.apk): ok
08-26 10:56:18.918 15674 15717 D EGL_emulation: app_time_stats: avg=359.61ms min=46.93ms max=661.68ms count=5
08-26 10:56:19.351 15674 15686 I kyfire.solarapp: Compiler allocated 5174KB to compile void android.view.ViewRootImpl.performTraversals()
08-26 10:56:19.890   577   686 D ActivityManager: freezing 12746 com.google.android.packageinstaller
08-26 10:56:19.915   577   749 D InetDiagMessage: Destroyed 0 sockets, proto=IPPROTO_TCP, family=AF_INET, states=14
08-26 10:56:19.924   577   749 D InetDiagMessage: Destroyed 0 sockets, proto=IPPROTO_TCP, family=AF_INET6, states=14
08-26 10:56:19.924   577   749 D InetDiagMessage: Destroyed live tcp sockets for uids={10101} in 30ms
08-26 10:56:19.934 15674 15686 I kyfire.solarapp: Compiler allocated 4219KB to compile void android.widget.TextView.<init>(android.content.Context, android.util.AttributeSet, int, int)
08-26 10:56:20.011   577   686 D ActivityManager: freezing 3556 com.google.android.adservices.api
08-26 10:56:20.030   577   749 D InetDiagMessage: Destroyed 0 sockets, proto=IPPROTO_TCP, family=AF_INET, states=14
08-26 10:56:20.033   577   749 D InetDiagMessage: Destroyed 0 sockets, proto=IPPROTO_TCP, family=AF_INET6, states=14
08-26 10:56:20.040   577   749 D InetDiagMessage: Destroyed live tcp sockets for uids={10189} in 11ms
08-26 10:56:20.131   185 15630 I keystore2: system/security/keystore2/watchdog/src/lib.rs:319 - Watchdog thread idle -> terminating. Have a great day.
08-26 10:56:20.651  1393  2177 I BugleRcsEngine: handleMessage processing message:[NOTIFY_UPTIME_IGNORE_STATE_CHANGED] with [non-null]:RcsEngineImpl reference [CONTEXT log_prefix="RcsEngineImpl[DUAL_REG]:[bba92579-0eec]>Handler" thread_id=64 ]
08-26 10:56:20.652  1393  1970 I BugleRcsEngine: Connected state: [1], networkType: [WIFI] [CONTEXT thread_id=58 ]
08-26 10:56:20.679  2196  2417 D WM-NetworkStateTracker: Network capabilities changed: [ Transports: WIFI Capabilities: NOT_METERED&INTERNET&NOT_RESTRICTED&TRUSTED&NOT_VPN&VALIDATED&NOT_ROAMING&FOREGROUND&NOT_CONGESTED&NOT_SUSPENDED&NOT_VCN_MANAGED&NOT_BANDWIDTH_CONSTRAINED LinkUpBandwidth>=12000Kbps LinkDnBandwidth>=30000Kbps TransportInfo: <SSID: <unknown ssid>, BSSID: 02:00:00:00:00:00, MAC: 02:00:00:00:00:00, IP: /10.0.2.16, Security type: 0, Supplicant state: COMPLETED, Wi-Fi standard: legacy, RSSI: -50, Link speed: 11Mbps, Tx Link speed: 11Mbps, Max Supported Tx Link speed: 11Mbps, Rx Link speed: 2Mbps, Max Supported Rx Link speed: 11Mbps, Frequency: 2447MHz, Net ID: -1, Metered hint: false, score: 60, isUsable: true, CarrierMerged: false, SubscriptionId: -1, IsPrimary: -1, Trusted: true, Restricted: false, Ephemeral: false, OEM paid: false, OEM private: false, OSU AP: false, FQDN: <none>, Provider friendly name: <none>, Requesting package name: <none><none>MLO Information: , Is TID-To-Link negotiation supported by the AP: false, AP MLD Address: <none>, AP MLO Link Id: <none>, AP MLO Affiliated links: <none>, Vendor Data: <none>> SignalStrength: -50 UnderlyingNetworks: Null]
08-26 10:56:20.692   577   749 W IPCThreadState: Sending oneway calls to frozen process.
08-26 10:56:20.693   577   749 W IPCThreadState: Sending oneway calls to frozen process.
08-26 10:56:20.693   577   749 W IPCThreadState: Sending oneway calls to frozen process.
08-26 10:56:20.694   577   749 W IPCThreadState: Sending oneway calls to frozen process.
08-26 10:56:20.694   577   749 W IPCThreadState: Sending oneway calls to frozen process.
08-26 10:56:20.695   577   749 W IPCThreadState: Sending oneway calls to frozen process.
08-26 10:56:20.708  1393  2177 I BugleRcsEngine: No RCS Configuration was found in Bugle for simID: redacted-pii:sim_id[chars:20,last3:897] [CONTEXT log_prefix="ProvisioningEngineDataRetriever" thread_id=64 ]
08-26 10:56:20.735   577   749 W IPCThreadState: Sending oneway calls to frozen process.
08-26 10:56:20.767  1061  2164 I NullBinder: NullBinder for android.net.action.RECOMMEND_NETWORKS triggering remote TransactionTooLargeException due to Service without Chimera impl, calling uid: 1000, calling pid: 0
08-26 10:56:20.805  1061  2164 W .gms.persistent: Large reply transaction of 1056768 bytes, interface descriptor , code 1
08-26 10:56:23.669  2196  2417 D WM-NetworkStateTracker: Network capabilities changed: [ Transports: WIFI Capabilities: NOT_METERED&INTERNET&NOT_RESTRICTED&TRUSTED&NOT_VPN&VALIDATED&NOT_ROAMING&FOREGROUND&NOT_CONGESTED&NOT_SUSPENDED&NOT_VCN_MANAGED&NOT_BANDWIDTH_CONSTRAINED LinkUpBandwidth>=12000Kbps LinkDnBandwidth>=30000Kbps TransportInfo: <SSID: <unknown ssid>, BSSID: 02:00:00:00:00:00, MAC: 02:00:00:00:00:00, IP: /10.0.2.16, Security type: 0, Supplicant state: COMPLETED, Wi-Fi standard: legacy, RSSI: -50, Link speed: 1Mbps, Tx Link speed: 1Mbps, Max Supported Tx Link speed: 11Mbps, Rx Link speed: 2Mbps, Max Supported Rx Link speed: 11Mbps, Frequency: 2447MHz, Net ID: -1, Metered hint: false, score: 60, isUsable: true, CarrierMerged: false, SubscriptionId: -1, IsPrimary: -1, Trusted: true, Restricted: false, Ephemeral: false, OEM paid: false, OEM private: false, OSU AP: false, FQDN: <none>, Provider friendly name: <none>, Requesting package name: <none><none>MLO Information: , Is TID-To-Link negotiation supported by the AP: false, AP MLD Address: <none>, AP MLO Link Id: <none>, AP MLO Affiliated links: <none>, Vendor Data: <none>> SignalStrength: -50 UnderlyingNetworks: Null]
08-26 10:56:23.675  1393  1970 I BugleRcsEngine: Connected state: [1], networkType: [WIFI] [CONTEXT thread_id=58 ]
08-26 10:56:23.675  1393  2177 I BugleRcsEngine: handleMessage processing message:[NOTIFY_UPTIME_IGNORE_STATE_CHANGED] with [non-null]:RcsEngineImpl reference [CONTEXT log_prefix="RcsEngineImpl[DUAL_REG]:[bba92579-0eec]>Handler" thread_id=64 ]
08-26 10:56:23.680   577   749 W IPCThreadState: Sending oneway calls to frozen process.
08-26 10:56:23.680   577   749 W IPCThreadState: Sending oneway calls to frozen process.
08-26 10:56:23.681   577   749 W IPCThreadState: Sending oneway calls to frozen process.
08-26 10:56:23.681   577   749 W IPCThreadState: Sending oneway calls to frozen process.
08-26 10:56:23.681   577   749 W IPCThreadState: Sending oneway calls to frozen process.
08-26 10:56:23.708   577   749 W IPCThreadState: Sending oneway calls to frozen process.
08-26 10:56:23.732   577   749 W IPCThreadState: Sending oneway calls to frozen process.
08-26 10:56:23.764  1061  1071 I NullBinder: NullBinder for android.net.action.RECOMMEND_NETWORKS triggering remote TransactionTooLargeException due to Service without Chimera impl, calling uid: 1000, calling pid: 0
08-26 10:56:23.768  1061  1071 W .gms.persistent: Large reply transaction of 1056768 bytes, interface descriptor , code 1
08-26 10:56:23.772  1393  2177 I BugleRcsEngine: No RCS Configuration was found in Bugle for simID: redacted-pii:sim_id[chars:20,last3:897] [CONTEXT log_prefix="ProvisioningEngineDataRetriever" thread_id=64 ]
08-26 10:56:24.140   577   686 D ActivityManager: freezing 15356 com.android.vending:background
08-26 10:56:25.512   577   686 D ActivityManager: freezing 12047 com.android.vending
08-26 10:56:25.538   577   749 D InetDiagMessage: Destroyed 0 sockets, proto=IPPROTO_TCP, family=AF_INET, states=14
08-26 10:56:25.540   577   749 D InetDiagMessage: Destroyed 2 sockets, proto=IPPROTO_TCP, family=AF_INET6, states=14
08-26 10:56:25.540   577   749 D InetDiagMessage: Destroyed live tcp sockets for uids={10142} in 5ms
08-26 10:56:26.677  1393  2177 I BugleRcsEngine: handleMessage processing message:[NOTIFY_UPTIME_IGNORE_STATE_CHANGED] with [non-null]:RcsEngineImpl reference [CONTEXT log_prefix="RcsEngineImpl[DUAL_REG]:[bba92579-0eec]>Handler" thread_id=64 ]
08-26 10:56:26.678  2196  2417 D WM-NetworkStateTracker: Network capabilities changed: [ Transports: WIFI Capabilities: NOT_METERED&INTERNET&NOT_RESTRICTED&TRUSTED&NOT_VPN&VALIDATED&NOT_ROAMING&FOREGROUND&NOT_CONGESTED&NOT_SUSPENDED&NOT_VCN_MANAGED&NOT_BANDWIDTH_CONSTRAINED LinkUpBandwidth>=12000Kbps LinkDnBandwidth>=30000Kbps TransportInfo: <SSID: <unknown ssid>, BSSID: 02:00:00:00:00:00, MAC: 02:00:00:00:00:00, IP: /10.0.2.16, Security type: 0, Supplicant state: COMPLETED, Wi-Fi standard: legacy, RSSI: -50, Link speed: 2Mbps, Tx Link speed: 2Mbps, Max Supported Tx Link speed: 11Mbps, Rx Link speed: 2Mbps, Max Supported Rx Link speed: 11Mbps, Frequency: 2447MHz, Net ID: -1, Metered hint: false, score: 60, isUsable: true, CarrierMerged: false, SubscriptionId: -1, IsPrimary: -1, Trusted: true, Restricted: false, Ephemeral: false, OEM paid: false, OEM private: false, OSU AP: false, FQDN: <none>, Provider friendly name: <none>, Requesting package name: <none><none>MLO Information: , Is TID-To-Link negotiation supported by the AP: false, AP MLD Address: <none>, AP MLO Link Id: <none>, AP MLO Affiliated links: <none>, Vendor Data: <none>> SignalStrength: -50 UnderlyingNetworks: Null]
08-26 10:56:26.692  1393  1970 I BugleRcsEngine: Connected state: [1], networkType: [WIFI] [CONTEXT thread_id=58 ]
08-26 10:56:26.693   577   749 W IPCThreadState: Sending oneway calls to frozen process.
08-26 10:56:26.693   577   749 W IPCThreadState: Sending oneway calls to frozen process.
08-26 10:56:26.702   577   749 W IPCThreadState: Sending oneway calls to frozen process.
08-26 10:56:26.702   577   749 W IPCThreadState: Sending oneway calls to frozen process.
08-26 10:56:26.703   577   749 W IPCThreadState: Sending oneway calls to frozen process.
08-26 10:56:26.703   577   749 W IPCThreadState: Sending oneway calls to frozen process.
08-26 10:56:26.703   577   749 W IPCThreadState: Sending oneway calls to frozen process.
08-26 10:56:26.703   577   749 W IPCThreadState: Sending oneway calls to frozen process.
08-26 10:56:26.703   577   749 W IPCThreadState: Sending oneway calls to frozen process.
08-26 10:56:26.703   577   749 W IPCThreadState: Sending oneway calls to frozen process.
08-26 10:56:26.703   577   749 W IPCThreadState: Sending oneway calls to frozen process.
08-26 10:56:26.703   577   749 W IPCThreadState: Sending oneway calls to frozen process.
08-26 10:56:26.731  1393  2177 I BugleRcsEngine: No RCS Configuration was found in Bugle for simID: redacted-pii:sim_id[chars:20,last3:897] [CONTEXT log_prefix="ProvisioningEngineDataRetriever" thread_id=64 ]
08-26 10:56:26.750  1061  2163 I NullBinder: NullBinder for android.net.action.RECOMMEND_NETWORKS triggering remote TransactionTooLargeException due to Service without Chimera impl, calling uid: 1000, calling pid: 0
08-26 10:56:26.753  1061  2163 W .gms.persistent: Large reply transaction of 1056768 bytes, interface descriptor , code 1
08-26 10:56:27.346   577   749 D InetDiagMessage: Destroyed 0 sockets, proto=IPPROTO_TCP, family=AF_INET, states=14
08-26 10:56:27.348   577   749 D InetDiagMessage: Destroyed 0 sockets, proto=IPPROTO_TCP, family=AF_INET6, states=14
08-26 10:56:27.348   577   749 D InetDiagMessage: Destroyed live tcp sockets for uids={10143} in 5ms
08-26 10:56:27.350   577   749 D InetDiagMessage: Destroyed 0 sockets, proto=IPPROTO_TCP, family=AF_INET, states=14
08-26 10:56:27.352   577   749 D InetDiagMessage: Destroyed 0 sockets, proto=IPPROTO_TCP, family=AF_INET6, states=14
08-26 10:56:27.367   577   749 D InetDiagMessage: Destroyed live tcp sockets for uids={20143} in 19ms
08-26 10:56:28.082  1061  1061 D BoundBrokerSvc: onUnbind: Intent { act=com.google.android.gms.libs.gmscorelogger.service.START dat=chimera-action:/... cmp=com.google.android.gms/.chimera.PersistentDirectBootAwareApiService }
08-26 10:56:29.789 15674 15717 D EGL_emulation: app_time_stats: avg=2168.74ms min=4.37ms max=10550.86ms count=5
08-26 10:56:30.264 11683 11689 W gle.android.gms: ApkAssets: Deleting an ApkAssets object '<empty> and /data/app/~~vm_yt58k8Wr8vq83BwIbDw==/com.skyfire.solarapp-dKQveIH_pwodh9KASnwkAw==/base.apk' with 1 weak references
08-26 10:56:32.720  1393  2177 I BugleRcsEngine: handleMessage processing message:[NOTIFY_UPTIME_IGNORE_STATE_CHANGED] with [non-null]:RcsEngineImpl reference [CONTEXT log_prefix="RcsEngineImpl[DUAL_REG]:[bba92579-0eec]>Handler" thread_id=64 ]
08-26 10:56:32.720  1393  1970 I BugleRcsEngine: Connected state: [1], networkType: [WIFI] [CONTEXT thread_id=58 ]
08-26 10:56:32.724  2196  2417 D WM-NetworkStateTracker: Network capabilities changed: [ Transports: WIFI Capabilities: NOT_METERED&INTERNET&NOT_RESTRICTED&TRUSTED&NOT_VPN&VALIDATED&NOT_ROAMING&FOREGROUND&NOT_CONGESTED&NOT_SUSPENDED&NOT_VCN_MANAGED&NOT_BANDWIDTH_CONSTRAINED LinkUpBandwidth>=12000Kbps LinkDnBandwidth>=30000Kbps TransportInfo: <SSID: <unknown ssid>, BSSID: 02:00:00:00:00:00, MAC: 02:00:00:00:00:00, IP: /10.0.2.16, Security type: 0, Supplicant state: COMPLETED, Wi-Fi standard: legacy, RSSI: -50, Link speed: 1Mbps, Tx Link speed: 1Mbps, Max Supported Tx Link speed: 11Mbps, Rx Link speed: 2Mbps, Max Supported Rx Link speed: 11Mbps, Frequency: 2447MHz, Net ID: -1, Metered hint: false, score: 60, isUsable: true, CarrierMerged: false, SubscriptionId: -1, IsPrimary: -1, Trusted: true, Restricted: false, Ephemeral: false, OEM paid: false, OEM private: false, OSU AP: false, FQDN: <none>, Provider friendly name: <none>, Requesting package name: <none><none>MLO Information: , Is TID-To-Link negotiation supported by the AP: false, AP MLD Address: <none>, AP MLO Link Id: <none>, AP MLO Affiliated links: <none>, Vendor Data: <none>> SignalStrength: -50 UnderlyingNetworks: Null]
08-26 10:56:32.748   577   749 W IPCThreadState: Sending oneway calls to frozen process.
08-26 10:56:32.756  1393  2177 I BugleRcsEngine: No RCS Configuration was found in Bugle for simID: redacted-pii:sim_id[chars:20,last3:897] [CONTEXT log_prefix="ProvisioningEngineDataRetriever" thread_id=64 ]
08-26 10:56:32.779   577   749 W IPCThreadState: Sending oneway calls to frozen process.
08-26 10:56:32.800   577   749 W IPCThreadState: Sending oneway calls to frozen process.
08-26 10:56:32.800   577   749 W IPCThreadState: Sending oneway calls to frozen process.
08-26 10:56:32.806   577   749 W IPCThreadState: Sending oneway calls to frozen process.
08-26 10:56:32.814   577   749 W IPCThreadState: Sending oneway calls to frozen process.
08-26 10:56:32.815   577   749 W IPCThreadState: Sending oneway calls to frozen process.
08-26 10:56:32.815   577   749 W IPCThreadState: Sending oneway calls to frozen process.
08-26 10:56:32.815   577   749 W IPCThreadState: Sending oneway calls to frozen process.
08-26 10:56:32.815   577   749 W IPCThreadState: Sending oneway calls to frozen process.
08-26 10:56:32.815   577   749 W IPCThreadState: Sending oneway calls to frozen process.
08-26 10:56:32.815   577   749 W IPCThreadState: Sending oneway calls to frozen process.
08-26 10:56:32.845  1061  2685 I NullBinder: NullBinder for android.net.action.RECOMMEND_NETWORKS triggering remote TransactionTooLargeException due to Service without Chimera impl, calling uid: 1000, calling pid: 0
08-26 10:56:32.845  1061  2685 W .gms.persistent: Large reply transaction of 1056768 bytes, interface descriptor , code 1
08-26 10:56:33.999 15674 15717 D EGL_emulation: app_time_stats: avg=701.45ms min=21.29ms max=3500.61ms count=6
08-26 10:56:34.028 15674 15687 I kyfire.solarapp: Background concurrent mark compact GC freed 3759KB AllocSpace bytes, 1(20KB) LOS objects, 49% free, 3972KB/7945KB, paused 6.172ms,5.528ms total 59.763ms
08-26 10:56:35.409 15674 15717 D EGL_emulation: app_time_stats: avg=352.26ms min=107.70ms max=677.64ms count=4
08-26 10:56:35.459   577   677 D ActivityManager: sync unfroze 12047 com.android.vending for 6
08-26 10:56:35.528 11683 11683 D BoundBrokerSvc: onBind: Intent { act=com.google.android.gms.ocr.service.ModelCleanUpTaskService.ACTION_TASK_READY dat=chimera-action:/... cmp=com.google.android.gms/.chimera.GmsInternalBoundBrokerService }
08-26 10:56:35.528 11683 11683 D BoundBrokerSvc: Loading bound service for intent: Intent { act=com.google.android.gms.ocr.service.ModelCleanUpTaskService.ACTION_TASK_READY dat=chimera-action:/... cmp=com.google.android.gms/.chimera.GmsInternalBoundBrokerService }
08-26 10:56:35.541  1061 15703 I NetworkScheduler.Stats: (REDACTED) Task %s/%s started execution. cause:%s exec_start_elapsed_seconds: %s
08-26 10:56:35.542 11683 14269 W Bundle  : Key clean_up_type expected int[] but value was a java.lang.Integer.  The default value <null> was returned.
08-26 10:56:35.542 11683 14269 W Bundle  : Attempt to cast generated internal exception:
08-26 10:56:35.542 11683 14269 W Bundle  : java.lang.ClassCastException: java.lang.Integer cannot be cast to int[]
08-26 10:56:35.542 11683 14269 W Bundle  : 	at android.os.BaseBundle.getIntArray(BaseBundle.java:1681)
08-26 10:56:35.542 11683 14269 W Bundle  : 	at com.google.android.gms.ocr.service.ModelCleanUpTaskService.a(:com.google.android.gms@253031038@25.30.31 (260800-786424874):16)
08-26 10:56:35.542 11683 14269 W Bundle  : 	at cjuo.call(:com.google.android.gms@253031038@25.30.31 (260800-786424874):30)
08-26 10:56:35.542 11683 14269 W Bundle  : 	at java.util.concurrent.FutureTask.run(FutureTask.java:264)
08-26 10:56:35.542 11683 14269 W Bundle  : 	at badt.c(:com.google.android.gms@253031038@25.30.31 (260800-786424874):50)
08-26 10:56:35.542 11683 14269 W Bundle  : 	at badt.run(:com.google.android.gms@253031038@25.30.31 (260800-786424874):70)
08-26 10:56:35.542 11683 14269 W Bundle  : 	at java.util.concurrent.ThreadPoolExecutor.runWorker(ThreadPoolExecutor.java:1145)
08-26 10:56:35.542 11683 14269 W Bundle  : 	at java.util.concurrent.ThreadPoolExecutor$Worker.run(ThreadPoolExecutor.java:644)
08-26 10:56:35.542 11683 14269 W Bundle  : 	at bajl.run(:com.google.android.gms@253031038@25.30.31 (260800-786424874):8)
08-26 10:56:35.542 11683 14269 W Bundle  : 	at java.lang.Thread.run(Thread.java:1012)
08-26 10:56:35.615   577   895 W ProcessStats: Tracking association SourceState{d8ca2db system/1000 ImpBg #13584} whose proc state 6 is better than process ProcessState{e6efac4 com.android.vending/10142 pkg=com.android.vending} proc state 14 (10 skipped)
08-26 10:56:35.628   577   686 D ActivityManager: freezing 10685 com.google.android.permissioncontroller
08-26 10:56:35.628 12047 12047 I Finsky  : [2] SCH: job service start with id 9807.
08-26 10:56:35.670   577   749 D InetDiagMessage: Destroyed 0 sockets, proto=IPPROTO_TCP, family=AF_INET, states=14
08-26 10:56:35.671   577   749 D InetDiagMessage: Destroyed 0 sockets, proto=IPPROTO_TCP, family=AF_INET6, states=14
08-26 10:56:35.672   577   749 D InetDiagMessage: Destroyed live tcp sockets for uids={10207} in 3ms
08-26 10:56:35.796 12047 15667 I Finsky  : [248] SCH: Satisfied jobs for 9807 are: 12-1
08-26 10:56:35.821 12047 15720 I Finsky  : [251] SCH: Job 12-1 starting
08-26 10:56:35.823 12047 12047 I Finsky  : [2] WM::SCH: Logging work start for 12-1
08-26 10:56:35.828 12047 12047 I Finsky  : [2] [ContentSync] job started
08-26 10:56:35.928 11683 11683 D BoundBrokerSvc: onUnbind: Intent { act=com.google.android.gms.ocr.service.ModelCleanUpTaskService.ACTION_TASK_READY dat=chimera-action:/... cmp=com.google.android.gms/.chimera.GmsInternalBoundBrokerService }
08-26 10:56:36.007  1061 15703 I NetworkScheduler.Stats: (REDACTED) Task %s/%s finished executing. cause:%s result: %s elapsed_millis: %s uptime_millis: %s exec_start_elapsed_seconds: %s
08-26 10:56:36.286 12047 15746 I Finsky  : [252] App states replicator found 23 unowned apps
08-26 10:56:36.319 12047 15746 I Finsky  : [252] Completed 0 account content syncs with 0 successful.
08-26 10:56:36.323 12047 12047 I Finsky  : [2] [ContentSync] Installation state replication succeeded.
08-26 10:56:36.331 12047 12047 I Finsky  : [2] SCH: jobFinished: 12-1. TimeElapsed: 508ms.
08-26 10:56:36.331 12047 12047 I Finsky  : [2] WM::SCH: Logging work end for 12-1
08-26 10:56:36.423 15674 15717 D EGL_emulation: app_time_stats: avg=253.42ms min=182.37ms max=378.27ms count=4
08-26 10:56:36.592 12047 12087 I Finsky  : [80] SCH: Scheduling phonesky job Id: 1-1337, CT: 1756202165663, Constraints: [{ L: 43172070, D: 86372070, C: CHARGING_NONE, I: IDLE_NONE, N: NET_ANY, B: BATTERY_ANY }]
08-26 10:56:36.687 12047 12075 I Finsky  : [68] SCH: Scheduling 1 system job(s)
08-26 10:56:36.688 12047 12075 I Finsky  : [68] SCH: Scheduling system job Id: 9812, L: 14341046, D: 57541046, C: false, I: false, N: 1
08-26 10:56:36.800 12047 15720 I Finsky  : [251] SCH: job service finished with id 9807.
08-26 10:56:36.861 12047 12047 I Finsky  : [2] Memory trim requested to level 40
08-26 10:56:36.861 12047 12047 I Finsky  : [2] Flushing in-memory image cache
08-26 10:56:37.784 15674 15717 D EGL_emulation: app_time_stats: avg=453.56ms min=126.52ms max=990.44ms count=3
08-26 10:56:38.299 12047 12092 I PlayCommon: [82] Preparing logs for uploading
08-26 10:56:38.301 12047 12092 W PlayCommon: [82] No account for auth token provided
08-26 10:56:38.301 12047 12092 I PlayCommon: [82] Connecting to server: https://play.googleapis.com/play/log?format=raw&proto_v2=true
08-26 10:56:38.339 12047 12092 D TrafficStats: tagSocket(156) with statsTag=0x6900, statsUid=-1
08-26 10:56:38.636 12047 12092 I PlayCommon: [82] Successfully uploaded logs.
08-26 10:56:38.640 12047 12092 E PlayCommon: [82] Error reading the content of the response body: java.io.EOFException
08-26 10:56:39.481 15674 15717 D EGL_emulation: app_time_stats: avg=565.73ms min=160.02ms max=1214.50ms count=3
08-26 10:56:41.587 15674 15717 D EGL_emulation: app_time_stats: avg=526.36ms min=211.34ms max=1333.25ms count=4
08-26 10:56:42.717 15674 15717 D EGL_emulation: app_time_stats: avg=225.95ms min=91.84ms max=348.43ms count=5
08-26 10:56:44.852  1393  2177 I BugleRcsEngine: handleMessage processing message:[NOTIFY_UPTIME_IGNORE_STATE_CHANGED] with [non-null]:RcsEngineImpl reference [CONTEXT log_prefix="RcsEngineImpl[DUAL_REG]:[bba92579-0eec]>Handler" thread_id=64 ]
08-26 10:56:44.852  1393  1970 I BugleRcsEngine: Connected state: [1], networkType: [WIFI] [CONTEXT thread_id=58 ]
08-26 10:56:44.852  2196  2417 D WM-NetworkStateTracker: Network capabilities changed: [ Transports: WIFI Capabilities: NOT_METERED&INTERNET&NOT_RESTRICTED&TRUSTED&NOT_VPN&VALIDATED&NOT_ROAMING&FOREGROUND&NOT_CONGESTED&NOT_SUSPENDED&NOT_VCN_MANAGED&NOT_BANDWIDTH_CONSTRAINED LinkUpBandwidth>=12000Kbps LinkDnBandwidth>=30000Kbps TransportInfo: <SSID: <unknown ssid>, BSSID: 02:00:00:00:00:00, MAC: 02:00:00:00:00:00, IP: /10.0.2.16, Security type: 0, Supplicant state: COMPLETED, Wi-Fi standard: legacy, RSSI: -50, Link speed: 2Mbps, Tx Link speed: 2Mbps, Max Supported Tx Link speed: 11Mbps, Rx Link speed: 2Mbps, Max Supported Rx Link speed: 11Mbps, Frequency: 2447MHz, Net ID: -1, Metered hint: false, score: 60, isUsable: true, CarrierMerged: false, SubscriptionId: -1, IsPrimary: -1, Trusted: true, Restricted: false, Ephemeral: false, OEM paid: false, OEM private: false, OSU AP: false, FQDN: <none>, Provider friendly name: <none>, Requesting package name: <none><none>MLO Information: , Is TID-To-Link negotiation supported by the AP: false, AP MLD Address: <none>, AP MLO Link Id: <none>, AP MLO Affiliated links: <none>, Vendor Data: <none>> SignalStrength: -50 UnderlyingNetworks: Null]
08-26 10:56:44.856   577   749 W IPCThreadState: Sending oneway calls to frozen process.
08-26 10:56:44.874   577   749 W IPCThreadState: Sending oneway calls to frozen process.
08-26 10:56:44.884   577   749 W IPCThreadState: Sending oneway calls to frozen process.
08-26 10:56:44.885   577   749 W IPCThreadState: Sending oneway calls to frozen process.
08-26 10:56:44.885   577   749 W IPCThreadState: Sending oneway calls to frozen process.
08-26 10:56:44.885   577   749 W IPCThreadState: Sending oneway calls to frozen process.
08-26 10:56:44.885   577   749 W IPCThreadState: Sending oneway calls to frozen process.
08-26 10:56:44.885   577   749 W IPCThreadState: Sending oneway calls to frozen process.
08-26 10:56:44.885   577   749 W IPCThreadState: Sending oneway calls to frozen process.
08-26 10:56:44.885   577   749 W IPCThreadState: Sending oneway calls to frozen process.
08-26 10:56:44.899  1061  1889 I NullBinder: NullBinder for android.net.action.RECOMMEND_NETWORKS triggering remote TransactionTooLargeException due to Service without Chimera impl, calling uid: 1000, calling pid: 0
08-26 10:56:44.906  1061  1889 W .gms.persistent: Large reply transaction of 1056768 bytes, interface descriptor , code 1
08-26 10:56:44.935  1393  2177 I BugleRcsEngine: No RCS Configuration was found in Bugle for simID: redacted-pii:sim_id[chars:20,last3:897] [CONTEXT log_prefix="ProvisioningEngineDataRetriever" thread_id=64 ]
