--------- beginning of system
08-26 01:18:03.002   577   686 D ActivityManager: freezing 1840 com.google.android.apps.wellbeing
--------- beginning of main
08-26 01:18:03.009   577   749 D InetDiagMessage: Destroyed 0 sockets, proto=IPPROTO_TCP, family=AF_INET, states=14
08-26 01:18:03.014   577   749 D InetDiagMessage: Destroyed 0 sockets, proto=IPPROTO_TCP, family=AF_INET6, states=14
08-26 01:18:03.014   577   749 D InetDiagMessage: Destroyed live tcp sockets for uids={10143} in 7ms
08-26 01:18:05.260  1393  1970 I BugleRcsEngine: Connected state: [1], networkType: [WIFI] [CONTEXT thread_id=58 ]
08-26 01:18:05.260  1061  2791 I NullBinder: NullBinder for android.net.action.RECOMMEND_NETWORKS triggering remote TransactionTooLargeException due to Service without Chimera impl, calling uid: 1000, calling pid: 0
08-26 01:18:05.261  1061  2791 W .gms.persistent: Large reply transaction of 1056768 bytes, interface descriptor , code 1
08-26 01:18:05.265  1393  2177 I BugleRcsEngine: handleMessage processing message:[NOTIFY_UPTIME_IGNORE_STATE_CHANGED] with [non-null]:RcsEngineImpl reference [CONTEXT log_prefix="RcsEngineImpl[DUAL_REG]:[bba92579-0eec]>Handler" thread_id=64 ]
08-26 01:18:05.267  2196  2417 D WM-NetworkStateTracker: Network capabilities changed: [ Transports: WIFI Capabilities: NOT_METERED&INTERNET&NOT_RESTRICTED&TRUSTED&NOT_VPN&VALIDATED&NOT_ROAMING&FOREGROUND&NOT_CONGESTED&NOT_SUSPENDED&NOT_VCN_MANAGED&NOT_BANDWIDTH_CONSTRAINED LinkUpBandwidth>=12000Kbps LinkDnBandwidth>=30000Kbps TransportInfo: <SSID: <unknown ssid>, BSSID: 02:00:00:00:00:00, MAC: 02:00:00:00:00:00, IP: /10.0.2.16, Security type: 0, Supplicant state: COMPLETED, Wi-Fi standard: legacy, RSSI: -50, Link speed: 11Mbps, Tx Link speed: 11Mbps, Max Supported Tx Link speed: 11Mbps, Rx Link speed: 2Mbps, Max Supported Rx Link speed: 11Mbps, Frequency: 2447MHz, Net ID: -1, Metered hint: false, score: 60, isUsable: true, CarrierMerged: false, SubscriptionId: -1, IsPrimary: -1, Trusted: true, Restricted: false, Ephemeral: false, OEM paid: false, OEM private: false, OSU AP: false, FQDN: <none>, Provider friendly name: <none>, Requesting package name: <none><none>MLO Information: , Is TID-To-Link negotiation supported by the AP: false, AP MLD Address: <none>, AP MLO Link Id: <none>, AP MLO Affiliated links: <none>, Vendor Data: <none>> SignalStrength: -50 UnderlyingNetworks: Null]
08-26 01:18:05.274   577   749 W IPCThreadState: Sending oneway calls to frozen process.
08-26 01:18:05.274   577   749 W IPCThreadState: Sending oneway calls to frozen process.
08-26 01:18:05.274   577   749 W IPCThreadState: Sending oneway calls to frozen process.
08-26 01:18:05.274   577   749 W IPCThreadState: Sending oneway calls to frozen process.
08-26 01:18:05.274   577   749 W IPCThreadState: Sending oneway calls to frozen process.
08-26 01:18:05.276   577   749 W IPCThreadState: Sending oneway calls to frozen process.
08-26 01:18:05.277   577   749 W IPCThreadState: Sending oneway calls to frozen process.
08-26 01:18:05.277   577   749 W IPCThreadState: Sending oneway calls to frozen process.
08-26 01:18:05.289  1393  2177 I BugleRcsEngine: No RCS Configuration was found in Bugle for simID: redacted-pii:sim_id[chars:20,last3:897] [CONTEXT log_prefix="ProvisioningEngineDataRetriever" thread_id=64 ]
08-26 01:18:05.305  1491  1491 D BoundBrokerSvc: onUnbind: Intent { act=com.google.android.gms.feedback.internal.IFeedbackService dat=chimera-action:/... cmp=com.google.android.gms/.chimera.GmsBoundBrokerService }
08-26 01:18:06.149   577   742 D WifiConfigStore: Writing to stores completed in 20 ms.
08-26 01:18:06.161  2167  2167 I Finsky  : [2] SCH: job service start with id 9598.
08-26 01:18:06.178  2167  6901 I Finsky  : [268] SCH: Satisfied jobs for 9598 are: 12-1
08-26 01:18:06.179  2167  6958 I Finsky  : [273] SCH: Job 12-1 starting
08-26 01:18:06.183  2167  2167 I Finsky  : [2] WM::SCH: Logging work start for 12-1
08-26 01:18:06.184  2167  2167 I Finsky  : [2] [ContentSync] job started
08-26 01:18:06.277  2167  6995 I Finsky  : [274] App states replicator found 22 unowned apps
08-26 01:18:06.283  2167  6995 I Finsky  : [274] Completed 0 account content syncs with 0 successful.
08-26 01:18:06.284  2167  2167 I Finsky  : [2] [ContentSync] Installation state replication succeeded.
08-26 01:18:06.285  2167  2167 I Finsky  : [2] SCH: jobFinished: 12-1. TimeElapsed: 101ms.
08-26 01:18:06.289  2167  2167 I Finsky  : [2] WM::SCH: Logging work end for 12-1
08-26 01:18:06.327  2167  2360 I Finsky  : [64] SCH: Scheduling phonesky job Id: 1-1337, CT: 1756173261386, Constraints: [{ L: 28876316, D: 72076316, C: CHARGING_NONE, I: IDLE_NONE, N: NET_ANY, B: BATTERY_ANY }]
08-26 01:18:06.342  2167  2341 I Finsky  : [53] SCH: Scheduling 1 system job(s)
08-26 01:18:06.342  2167  2341 I Finsky  : [53] SCH: Scheduling system job Id: 9603, L: 5851360, D: 49051360, C: false, I: false, N: 1
08-26 01:18:06.355  2167  6958 I Finsky  : [273] SCH: job service finished with id 9598.
08-26 01:18:06.374  2167  2167 I Finsky  : [2] Memory trim requested to level 40
08-26 01:18:06.374  2167  2167 I Finsky  : [2] Flushing in-memory image cache
08-26 01:18:06.672   577   600 W AppOps  : Noting op not finished: uid 10144 pkg com.google.android.gms code 79 startTime of in progress event=1756186988712
08-26 01:18:06.684   577   600 W AppOps  : Noting op not finished: uid 10144 pkg com.google.android.gms code 113 startTime of in progress event=1756186955940
08-26 01:18:06.702   577   601 W AppOps  : Noting op not finished: uid 10144 pkg com.google.android.gms code 113 startTime of in progress event=1756186955940
08-26 01:18:06.715   577   601 W AppOps  : Noting op not finished: uid 10144 pkg com.google.android.gms code 113 startTime of in progress event=1756186955940
08-26 01:18:06.727  1061  1648 I ActivityScheduler: nextTriggerTime: 9581730, in 238100ms, detectorType: 39, FULL_TYPE alarmWindowMillis: 80000
08-26 01:18:07.016   577   686 D ActivityManager: freezing 6725 com.android.chrome
08-26 01:18:07.017   577   686 D ActivityManager: freezing 3556 com.google.android.adservices.api
08-26 01:18:07.027   577   749 D InetDiagMessage: Destroyed 0 sockets, proto=IPPROTO_TCP, family=AF_INET, states=14
08-26 01:18:07.036   577   749 D InetDiagMessage: Destroyed 0 sockets, proto=IPPROTO_TCP, family=AF_INET6, states=14
08-26 01:18:07.036   577   749 D InetDiagMessage: Destroyed live tcp sockets for uids={10146} in 13ms
08-26 01:18:07.360   577   749 D InetDiagMessage: Destroyed 0 sockets, proto=IPPROTO_TCP, family=AF_INET, states=14
08-26 01:18:07.364   577   749 D InetDiagMessage: Destroyed 0 sockets, proto=IPPROTO_TCP, family=AF_INET6, states=14
08-26 01:18:07.365   577   749 D InetDiagMessage: Destroyed live tcp sockets for uids={10189} in 7ms
08-26 01:18:07.411   577   686 D ActivityManager: freezing 1240 com.google.android.permissioncontroller
08-26 01:18:07.423   577   749 D InetDiagMessage: Destroyed 0 sockets, proto=IPPROTO_TCP, family=AF_INET, states=14
08-26 01:18:07.429   577   749 D InetDiagMessage: Destroyed 0 sockets, proto=IPPROTO_TCP, family=AF_INET6, states=14
08-26 01:18:07.429   577   749 D InetDiagMessage: Destroyed live tcp sockets for uids={10207} in 12ms
08-26 01:18:11.034   896  1922 D ApfFilter: (wlan0): Ignoring RA RA fe80::2 -> ff02::1 1800s fec0::/64 86400s/14400s DNS 1200000s fec0::3  which matches RA fe80::2 -> ff02::1 1800s fec0::/64 86400s/14400s DNS 1200000s fec0::3 
08-26 01:18:11.275  2196  2417 D WM-NetworkStateTracker: Network capabilities changed: [ Transports: WIFI Capabilities: NOT_METERED&INTERNET&NOT_RESTRICTED&TRUSTED&NOT_VPN&VALIDATED&NOT_ROAMING&FOREGROUND&NOT_CONGESTED&NOT_SUSPENDED&NOT_VCN_MANAGED&NOT_BANDWIDTH_CONSTRAINED LinkUpBandwidth>=12000Kbps LinkDnBandwidth>=30000Kbps TransportInfo: <SSID: <unknown ssid>, BSSID: 02:00:00:00:00:00, MAC: 02:00:00:00:00:00, IP: /10.0.2.16, Security type: 0, Supplicant state: COMPLETED, Wi-Fi standard: legacy, RSSI: -50, Link speed: 1Mbps, Tx Link speed: 1Mbps, Max Supported Tx Link speed: 11Mbps, Rx Link speed: 2Mbps, Max Supported Rx Link speed: 11Mbps, Frequency: 2447MHz, Net ID: -1, Metered hint: false, score: 60, isUsable: true, CarrierMerged: false, SubscriptionId: -1, IsPrimary: -1, Trusted: true, Restricted: false, Ephemeral: false, OEM paid: false, OEM private: false, OSU AP: false, FQDN: <none>, Provider friendly name: <none>, Requesting package name: <none><none>MLO Information: , Is TID-To-Link negotiation supported by the AP: false, AP MLD Address: <none>, AP MLO Link Id: <none>, AP MLO Affiliated links: <none>, Vendor Data: <none>> SignalStrength: -50 UnderlyingNetworks: Null]
08-26 01:18:11.276  1393  2177 I BugleRcsEngine: handleMessage processing message:[NOTIFY_UPTIME_IGNORE_STATE_CHANGED] with [non-null]:RcsEngineImpl reference [CONTEXT log_prefix="RcsEngineImpl[DUAL_REG]:[bba92579-0eec]>Handler" thread_id=64 ]
08-26 01:18:11.278  1061  2791 I NullBinder: NullBinder for android.net.action.RECOMMEND_NETWORKS triggering remote TransactionTooLargeException due to Service without Chimera impl, calling uid: 1000, calling pid: 0
08-26 01:18:11.279  1061  2791 W .gms.persistent: Large reply transaction of 1056768 bytes, interface descriptor , code 1
08-26 01:18:11.280  1393  1970 I BugleRcsEngine: Connected state: [1], networkType: [WIFI] [CONTEXT thread_id=58 ]
08-26 01:18:11.282   577   749 W IPCThreadState: Sending oneway calls to frozen process.
08-26 01:18:11.282   577   749 W IPCThreadState: Sending oneway calls to frozen process.
08-26 01:18:11.283   577   749 W IPCThreadState: Sending oneway calls to frozen process.
08-26 01:18:11.283   577   749 W IPCThreadState: Sending oneway calls to frozen process.
08-26 01:18:11.283   577   749 W IPCThreadState: Sending oneway calls to frozen process.
08-26 01:18:11.284   577   749 W IPCThreadState: Sending oneway calls to frozen process.
08-26 01:18:11.284   577   749 W IPCThreadState: Sending oneway calls to frozen process.
08-26 01:18:11.284   577   749 W IPCThreadState: Sending oneway calls to frozen process.
08-26 01:18:11.284   577   749 W IPCThreadState: Sending oneway calls to frozen process.
08-26 01:18:11.284   577   749 W IPCThreadState: Sending oneway calls to frozen process.
08-26 01:18:11.284   577   749 W IPCThreadState: Sending oneway calls to frozen process.
08-26 01:18:11.284   577   749 W IPCThreadState: Sending oneway calls to frozen process.
08-26 01:18:11.289  1393  2177 I BugleRcsEngine: No RCS Configuration was found in Bugle for simID: redacted-pii:sim_id[chars:20,last3:897] [CONTEXT log_prefix="ProvisioningEngineDataRetriever" thread_id=64 ]
08-26 01:18:15.355   577   686 D ActivityManager: freezing 1491 com.google.android.gms
08-26 01:18:16.378   577   686 D ActivityManager: freezing 2167 com.android.vending
08-26 01:18:16.384   577   749 D InetDiagMessage: Destroyed 0 sockets, proto=IPPROTO_TCP, family=AF_INET, states=14
08-26 01:18:16.391   577   749 D InetDiagMessage: Destroyed 3 sockets, proto=IPPROTO_TCP, family=AF_INET6, states=14
08-26 01:18:16.391   577   749 D InetDiagMessage: Destroyed live tcp sockets for uids={10142} in 8ms
08-26 01:18:28.737   577   686 D ActivityManager: freezing 999 com.android.settings
08-26 01:18:28.745   577   686 D ActivityManager: freezing 6010 com.android.keychain
08-26 01:18:45.457   577  1671 W BatteryExternalStatsWorker: error reading Bluetooth stats: 11
08-26 01:18:53.406   577   749 W IPCThreadState: Sending oneway calls to frozen process.
08-26 01:18:53.406   577   749 W IPCThreadState: Sending oneway calls to frozen process.
08-26 01:18:53.407   577   749 W IPCThreadState: Sending oneway calls to frozen process.
08-26 01:18:53.407   577   749 W IPCThreadState: Sending oneway calls to frozen process.
08-26 01:18:53.407   577   749 W IPCThreadState: Sending oneway calls to frozen process.
08-26 01:18:53.409  2196  2417 D WM-NetworkStateTracker: Network capabilities changed: [ Transports: WIFI Capabilities: NOT_METERED&INTERNET&NOT_RESTRICTED&TRUSTED&NOT_VPN&VALIDATED&NOT_ROAMING&FOREGROUND&NOT_CONGESTED&NOT_SUSPENDED&NOT_VCN_MANAGED&NOT_BANDWIDTH_CONSTRAINED LinkUpBandwidth>=12000Kbps LinkDnBandwidth>=30000Kbps TransportInfo: <SSID: <unknown ssid>, BSSID: 02:00:00:00:00:00, MAC: 02:00:00:00:00:00, IP: /10.0.2.16, Security type: 0, Supplicant state: COMPLETED, Wi-Fi standard: legacy, RSSI: -50, Link speed: 2Mbps, Tx Link speed: 2Mbps, Max Supported Tx Link speed: 11Mbps, Rx Link speed: 2Mbps, Max Supported Rx Link speed: 11Mbps, Frequency: 2447MHz, Net ID: -1, Metered hint: false, score: 60, isUsable: true, CarrierMerged: false, SubscriptionId: -1, IsPrimary: -1, Trusted: true, Restricted: false, Ephemeral: false, OEM paid: false, OEM private: false, OSU AP: false, FQDN: <none>, Provider friendly name: <none>, Requesting package name: <none><none>MLO Information: , Is TID-To-Link negotiation supported by the AP: false, AP MLD Address: <none>, AP MLO Link Id: <none>, AP MLO Affiliated links: <none>, Vendor Data: <none>> SignalStrength: -50 UnderlyingNetworks: Null]
08-26 01:18:53.411  1061  2685 I NullBinder: NullBinder for android.net.action.RECOMMEND_NETWORKS triggering remote TransactionTooLargeException due to Service without Chimera impl, calling uid: 1000, calling pid: 0
08-26 01:18:53.411  1061  2685 W .gms.persistent: Large reply transaction of 1056768 bytes, interface descriptor , code 1
08-26 01:18:53.412  1393  1970 I BugleRcsEngine: Connected state: [1], networkType: [WIFI] [CONTEXT thread_id=58 ]
08-26 01:18:53.413  1393  2177 I BugleRcsEngine: handleMessage processing message:[NOTIFY_UPTIME_IGNORE_STATE_CHANGED] with [non-null]:RcsEngineImpl reference [CONTEXT log_prefix="RcsEngineImpl[DUAL_REG]:[bba92579-0eec]>Handler" thread_id=64 ]
08-26 01:18:53.419   577   749 W IPCThreadState: Sending oneway calls to frozen process.
08-26 01:18:53.419   577   749 W IPCThreadState: Sending oneway calls to frozen process.
08-26 01:18:53.419   577   749 W IPCThreadState: Sending oneway calls to frozen process.
08-26 01:18:53.419   577   749 W IPCThreadState: Sending oneway calls to frozen process.
08-26 01:18:53.420   577   749 W IPCThreadState: Sending oneway calls to frozen process.
08-26 01:18:53.420   577   749 W IPCThreadState: Sending oneway calls to frozen process.
08-26 01:18:53.420   577   749 W IPCThreadState: Sending oneway calls to frozen process.
08-26 01:18:53.420   577   749 W IPCThreadState: Sending oneway calls to frozen process.
08-26 01:18:53.420   577   749 W IPCThreadState: Sending oneway calls to frozen process.
08-26 01:18:53.420   577   749 W IPCThreadState: Sending oneway calls to frozen process.
08-26 01:18:53.420   577   749 W IPCThreadState: Sending oneway calls to frozen process.
08-26 01:18:53.423   577   749 W IPCThreadState: Sending oneway calls to frozen process.
08-26 01:18:53.432  1393  2177 I BugleRcsEngine: No RCS Configuration was found in Bugle for simID: redacted-pii:sim_id[chars:20,last3:897] [CONTEXT log_prefix="ProvisioningEngineDataRetriever" thread_id=64 ]
08-26 01:18:54.571  1107  1118 I IPCThreadState: oneway function results for code 2 on binder at 0x7e30fbcaa4f0 will be dropped but finished with status UNKNOWN_TRANSACTION
08-26 01:18:54.583   577   600 I ActivityManager: Killing 5712:com.google.android.webview:webview_service/u0a162 (adj 945): empty #17
08-26 01:18:54.601   371   371 I Zygote  : Process 5712 exited due to signal 9 (Killed)
08-26 01:18:54.604   577   612 D DisplayManagerService: Drop pending events for gone uid 10162
08-26 01:18:54.607   577   625 I libprocessgroup: Removed cgroup /sys/fs/cgroup/uid_10162/pid_5712
08-26 01:19:00.005  1346  1504 I AiAiEcho: Predicting[0]:  [CONTEXT sampling_count=5 ]
08-26 01:19:00.005  1346  1504 I AiAiEcho: EchoTargets: 
08-26 01:19:00.005  1346  1504 I AiAiEcho: Filtered by AiAi flag check: 
08-26 01:19:00.005  1346  1504 I AiAiEcho: [CONTEXT ratelimit_period="10 SECONDS" ]
08-26 01:19:00.006  1346  1504 I AiAiEcho: Ranked targets strategy: SORT, count: 0, ranking metadata:  [CONTEXT ratelimit_period="10 SECONDS" ]
08-26 01:19:00.008  1346  1504 I AiAiEcho: #remoteViewsTwiddler: feature disabled.
08-26 01:19:00.008  1346  1504 I AiAiEcho: Predicting[0]:  [CONTEXT sampling_count=5 ]
08-26 01:19:00.010  1346  1504 I AiAiEcho: EchoTargets: 
08-26 01:19:00.010  1346  1504 I AiAiEcho: Filtered by AiAi flag check: 
08-26 01:19:00.010  1346  1504 I AiAiEcho: [CONTEXT ratelimit_period="10 SECONDS" ]
08-26 01:19:00.011  1346  1504 I AiAiEcho: Ranked targets strategy: SORT, count: 0, ranking metadata:  [CONTEXT ratelimit_period="10 SECONDS" ]
08-26 01:19:00.011  1346  1504 I AiAiEcho: #remoteViewsTwiddler: feature disabled.
08-26 01:19:00.012  1346  1504 I AiAiEcho: #postPredictionTargets: Sending updates to UISurface lockscreen with targets# 0 (types=[])
08-26 01:19:00.012  1346  1504 I AiAiEcho: #postPredictionTargets: Sending updates to UISurface home with targets# 0 (types=[])
08-26 01:19:00.013  1107  1107 D SsBaseTemplateCard: No text view can be set up
08-26 01:19:00.013  1107  1107 D SsBaseTemplateCard: Passed-in item info is null
08-26 01:19:00.013  1107  1107 D SsBaseTemplateCard: Passed-in item info is null
08-26 01:19:00.014  1107  1107 D SsBaseTemplateCard: Passed-in item info is null
08-26 01:19:00.014  1107  1107 I SsBaseTemplateCard: Secondary card pane is null
08-26 01:19:00.028   834   834 W PageIndicator: Total number of pages invalid: 0. Assuming 1 page.
08-26 01:19:00.033  1107  1443 D EGL_emulation: app_time_stats: avg=60007.12ms min=60007.12ms max=60007.12ms count=1
08-26 01:19:00.043   834   998 D EGL_emulation: app_time_stats: avg=60012.86ms min=60012.86ms max=60012.86ms count=1
08-26 01:19:04.620   577   686 D ActivityManager: freezing 4076 com.google.android.googlequicksearchbox:googleapp
08-26 01:19:20.213   834   998 D EGL_emulation: app_time_stats: avg=10084.91ms min=147.62ms max=20022.19ms count=2
08-26 01:19:40.192   834   998 D EGL_emulation: app_time_stats: avg=19979.03ms min=19979.03ms max=19979.03ms count=1
08-26 01:19:59.855   577   749 W IPCThreadState: Sending oneway calls to frozen process.
08-26 01:19:59.855  1061  1071 I NullBinder: NullBinder for android.net.action.RECOMMEND_NETWORKS triggering remote TransactionTooLargeException due to Service without Chimera impl, calling uid: 1000, calling pid: 0
08-26 01:19:59.855  1061  1071 W .gms.persistent: Large reply transaction of 1056768 bytes, interface descriptor , code 1
08-26 01:19:59.857   577   749 W IPCThreadState: Sending oneway calls to frozen process.
08-26 01:19:59.858   577   749 W IPCThreadState: Sending oneway calls to frozen process.
08-26 01:19:59.858  2196  2417 D WM-NetworkStateTracker: Network capabilities changed: [ Transports: WIFI Capabilities: NOT_METERED&INTERNET&NOT_RESTRICTED&TRUSTED&NOT_VPN&VALIDATED&NOT_ROAMING&FOREGROUND&NOT_CONGESTED&NOT_SUSPENDED&NOT_VCN_MANAGED&NOT_BANDWIDTH_CONSTRAINED LinkUpBandwidth>=12000Kbps LinkDnBandwidth>=30000Kbps TransportInfo: <SSID: <unknown ssid>, BSSID: 02:00:00:00:00:00, MAC: 02:00:00:00:00:00, IP: /10.0.2.16, Security type: 0, Supplicant state: COMPLETED, Wi-Fi standard: legacy, RSSI: -50, Link speed: 1Mbps, Tx Link speed: 1Mbps, Max Supported Tx Link speed: 11Mbps, Rx Link speed: 2Mbps, Max Supported Rx Link speed: 11Mbps, Frequency: 2447MHz, Net ID: -1, Metered hint: false, score: 60, isUsable: true, CarrierMerged: false, SubscriptionId: -1, IsPrimary: -1, Trusted: true, Restricted: false, Ephemeral: false, OEM paid: false, OEM private: false, OSU AP: false, FQDN: <none>, Provider friendly name: <none>, Requesting package name: <none><none>MLO Information: , Is TID-To-Link negotiation supported by the AP: false, AP MLD Address: <none>, AP MLO Link Id: <none>, AP MLO Affiliated links: <none>, Vendor Data: <none>> SignalStrength: -50 UnderlyingNetworks: Null]
08-26 01:19:59.858   577   749 W IPCThreadState: Sending oneway calls to frozen process.
08-26 01:19:59.858   577   749 W IPCThreadState: Sending oneway calls to frozen process.
08-26 01:19:59.858   577   749 W IPCThreadState: Sending oneway calls to frozen process.
08-26 01:19:59.859   577   749 W IPCThreadState: Sending oneway calls to frozen process.
08-26 01:19:59.859   577   749 W IPCThreadState: Sending oneway calls to frozen process.
08-26 01:19:59.859   577   749 W IPCThreadState: Sending oneway calls to frozen process.
08-26 01:19:59.859   577   749 W IPCThreadState: Sending oneway calls to frozen process.
08-26 01:19:59.859   577   749 W IPCThreadState: Sending oneway calls to frozen process.
08-26 01:19:59.859   577   749 W IPCThreadState: Sending oneway calls to frozen process.
08-26 01:19:59.860   577   749 W IPCThreadState: Sending oneway calls to frozen process.
08-26 01:19:59.860   577   749 W IPCThreadState: Sending oneway calls to frozen process.
08-26 01:19:59.860   577   749 W IPCThreadState: Sending oneway calls to frozen process.
08-26 01:19:59.860   577   749 W IPCThreadState: Sending oneway calls to frozen process.
08-26 01:19:59.860   577   749 W IPCThreadState: Sending oneway calls to frozen process.
08-26 01:19:59.860   577   749 W IPCThreadState: Sending oneway calls to frozen process.
08-26 01:19:59.860   577   749 W IPCThreadState: Sending oneway calls to frozen process.
08-26 01:19:59.861  1393  1970 I BugleRcsEngine: Connected state: [1], networkType: [WIFI] [CONTEXT thread_id=58 ]
08-26 01:19:59.861  1393  2177 I BugleRcsEngine: handleMessage processing message:[NOTIFY_UPTIME_IGNORE_STATE_CHANGED] with [non-null]:RcsEngineImpl reference [CONTEXT log_prefix="RcsEngineImpl[DUAL_REG]:[bba92579-0eec]>Handler" thread_id=64 ]
08-26 01:19:59.876  1393  2177 I BugleRcsEngine: No RCS Configuration was found in Bugle for simID: redacted-pii:sim_id[chars:20,last3:897] [CONTEXT log_prefix="ProvisioningEngineDataRetriever" thread_id=64 ]
08-26 01:20:00.006  1346  1504 I AiAiEcho: Predicting[0]:  [CONTEXT sampling_count=5 ]
08-26 01:20:00.006  1346  1504 I AiAiEcho: EchoTargets: 
08-26 01:20:00.006  1346  1504 I AiAiEcho: Filtered by AiAi flag check: 
08-26 01:20:00.006  1346  1504 I AiAiEcho: [CONTEXT ratelimit_period="10 SECONDS" ]
08-26 01:20:00.007  1346  1504 I AiAiEcho: Ranked targets strategy: SORT, count: 0, ranking metadata:  [CONTEXT ratelimit_period="10 SECONDS" ]
08-26 01:20:00.007  1346  1504 I AiAiEcho: #remoteViewsTwiddler: feature disabled.
08-26 01:20:00.008  1346  1504 I AiAiEcho: Predicting[0]:  [CONTEXT sampling_count=5 ]
08-26 01:20:00.010  1346  1504 I AiAiEcho: EchoTargets: 
08-26 01:20:00.010  1346  1504 I AiAiEcho: Filtered by AiAi flag check: 
08-26 01:20:00.010  1346  1504 I AiAiEcho: [CONTEXT ratelimit_period="10 SECONDS" ]
08-26 01:20:00.010  1346  1504 I AiAiEcho: Ranked targets strategy: SORT, count: 0, ranking metadata:  [CONTEXT ratelimit_period="10 SECONDS" ]
08-26 01:20:00.011  1346  1504 I AiAiEcho: #remoteViewsTwiddler: feature disabled.
08-26 01:20:00.020  1346  1504 I AiAiEcho: #postPredictionTargets: Sending updates to UISurface lockscreen with targets# 0 (types=[])
08-26 01:20:00.025  1346  1504 I AiAiEcho: #postPredictionTargets: Sending updates to UISurface home with targets# 0 (types=[])
08-26 01:20:00.030  1107  1107 D SsBaseTemplateCard: No text view can be set up
08-26 01:20:00.034  1107  1107 D SsBaseTemplateCard: Passed-in item info is null
08-26 01:20:00.034  1107  1107 D SsBaseTemplateCard: Passed-in item info is null
08-26 01:20:00.034  1107  1107 D SsBaseTemplateCard: Passed-in item info is null
08-26 01:20:00.034  1107  1107 I SsBaseTemplateCard: Secondary card pane is null
08-26 01:20:00.047   834   834 W PageIndicator: Total number of pages invalid: 0. Assuming 1 page.
08-26 01:20:00.057  1107  1443 D EGL_emulation: app_time_stats: avg=60023.61ms min=60023.61ms max=60023.61ms count=1
08-26 01:20:00.060   834   998 D EGL_emulation: app_time_stats: avg=19867.23ms min=19867.23ms max=19867.23ms count=1
08-26 01:20:01.391   577  1653 D WifiNl80211Manager: Scan result ready event
08-26 01:20:01.391   577  1653 D WifiNative: Scan result ready event
08-26 01:20:01.409   577   742 I HalDevMgr: bestIfaceCreationProposal is null, requestIface=STA, existingIface=[name=wlan0 type=STA]
08-26 01:20:38.448  1061  6669 D StrictMode: StrictMode policy violation: android.os.strictmode.NonSdkApiUsedViolation: Ljava/net/Socket;->impl:Ljava/net/SocketImpl;
08-26 01:20:38.448  1061  6669 D StrictMode: 	at android.os.StrictMode.lambda$static$1(StrictMode.java:436)
08-26 01:20:38.448  1061  6669 D StrictMode: 	at android.os.StrictMode$$ExternalSyntheticLambda2.accept(D8$$SyntheticClass:0)
08-26 01:20:38.448  1061  6669 D StrictMode: 	at java.lang.Class.getDeclaredField(Native Method)
08-26 01:20:38.448  1061  6669 D StrictMode: 	at com.google.android.gms.org.conscrypt.Platform.getFileDescriptor(:com.google.android.gms@253031038@25.30.31 (260800-786424874):5)
08-26 01:20:38.448  1061  6669 D StrictMode: 	at com.google.android.gms.org.conscrypt.ConscryptFileDescriptorSocket$SSLOutputStream.write(:com.google.android.gms@253031038@25.30.31 (260800-786424874):9)
08-26 01:20:38.448  1061  6669 D StrictMode: 	at hcie.aA(:com.google.android.gms@253031038@25.30.31 (260800-786424874):8)
08-26 01:20:38.448  1061  6669 D StrictMode: 	at hcie.j(:com.google.android.gms@253031038@25.30.31 (260800-786424874):5)
08-26 01:20:38.448  1061  6669 D StrictMode: 	at brgx.call(:com.google.android.gms@253031038@25.30.31 (260800-786424874):32)
08-26 01:20:38.448  1061  6669 D StrictMode: 	at esyx.run(:com.google.android.gms@253031038@25.30.31 (260800-786424874):5)
08-26 01:20:38.448  1061  6669 D StrictMode: 	at badt.c(:com.google.android.gms@253031038@25.30.31 (260800-786424874):50)
08-26 01:20:38.448  1061  6669 D StrictMode: 	at badt.run(:com.google.android.gms@253031038@25.30.31 (260800-786424874):70)
08-26 01:20:38.448  1061  6669 D StrictMode: 	at java.util.concurrent.ThreadPoolExecutor.runWorker(ThreadPoolExecutor.java:1145)
08-26 01:20:38.448  1061  6669 D StrictMode: 	at java.util.concurrent.ThreadPoolExecutor$Worker.run(ThreadPoolExecutor.java:644)
08-26 01:20:38.448  1061  6669 D StrictMode: 	at bajl.run(:com.google.android.gms@253031038@25.30.31 (260800-786424874):8)
08-26 01:20:38.448  1061  6669 D StrictMode: 	at java.lang.Thread.run(Thread.java:1012)
08-26 01:20:38.449  1061  6620 I AlarmManager: setExactAndAllowWhileIdle [name: GCM_HB_ALARM type: 2 triggerAtMillis: 9555352]
08-26 01:20:38.462  1061  6620 W WakeLock: GCM_HB_ALARM release without a matched acquire!
08-26 01:20:38.583  1061  5844 D StrictMode: StrictMode policy violation: android.os.strictmode.NonSdkApiUsedViolation: Ljava/net/Socket;->impl:Ljava/net/SocketImpl;
08-26 01:20:38.583  1061  5844 D StrictMode: 	at android.os.StrictMode.lambda$static$1(StrictMode.java:436)
08-26 01:20:38.583  1061  5844 D StrictMode: 	at android.os.StrictMode$$ExternalSyntheticLambda2.accept(D8$$SyntheticClass:0)
08-26 01:20:38.583  1061  5844 D StrictMode: 	at java.lang.Class.getDeclaredField(Native Method)
08-26 01:20:38.583  1061  5844 D StrictMode: 	at com.google.android.gms.org.conscrypt.Platform.getFileDescriptor(:com.google.android.gms@253031038@25.30.31 (260800-786424874):5)
08-26 01:20:38.583  1061  5844 D StrictMode: 	at com.google.android.gms.org.conscrypt.ConscryptFileDescriptorSocket$SSLInputStream.read(:com.google.android.gms@253031038@25.30.31 (260800-786424874):10)
08-26 01:20:38.583  1061  5844 D StrictMode: 	at hcia.Y(:com.google.android.gms@253031038@25.30.31 (260800-786424874):1)
08-26 01:20:38.583  1061  5844 D StrictMode: 	at hcia.ac(:com.google.android.gms@253031038@25.30.31 (260800-786424874):66)
08-26 01:20:38.583  1061  5844 D StrictMode: 	at hcia.ab(:com.google.android.gms@253031038@25.30.31 (260800-786424874):1)
08-26 01:20:38.583  1061  5844 D StrictMode: 	at hcia.a(:com.google.android.gms@253031038@25.30.31 (260800-786424874):8)
08-26 01:20:38.583  1061  5844 D StrictMode: 	at bric.run(:com.google.android.gms@253031038@25.30.31 (260800-786424874):25)
08-26 01:20:38.583  1061  5844 D StrictMode: 	at badt.c(:com.google.android.gms@253031038@25.30.31 (260800-786424874):50)
08-26 01:20:38.583  1061  5844 D StrictMode: 	at badt.run(:com.google.android.gms@253031038@25.30.31 (260800-786424874):70)
08-26 01:20:38.583  1061  5844 D StrictMode: 	at java.util.concurrent.ThreadPoolExecutor.runWorker(ThreadPoolExecutor.java:1145)
08-26 01:20:38.583  1061  5844 D StrictMode: 	at java.util.concurrent.ThreadPoolExecutor$Worker.run(ThreadPoolExecutor.java:644)
08-26 01:20:38.583  1061  5844 D StrictMode: 	at bajl.run(:com.google.android.gms@253031038@25.30.31 (260800-786424874):8)
08-26 01:20:38.583  1061  5844 D StrictMode: 	at java.lang.Thread.run(Thread.java:1012)
08-26 01:20:38.592  1061  6669 I AlarmManager: setExactAndAllowWhileIdle [name: GCM_HB_ALARM type: 2 triggerAtMillis: 9845495]
08-26 01:20:39.024   577   749 W IPCThreadState: Sending oneway calls to frozen process.
08-26 01:20:39.024   577   749 W IPCThreadState: Sending oneway calls to frozen process.
08-26 01:20:39.026  2196  2417 D WM-NetworkStateTracker: Network capabilities changed: [ Transports: WIFI Capabilities: NOT_METERED&INTERNET&NOT_RESTRICTED&TRUSTED&NOT_VPN&VALIDATED&NOT_ROAMING&FOREGROUND&NOT_CONGESTED&NOT_SUSPENDED&NOT_VCN_MANAGED&NOT_BANDWIDTH_CONSTRAINED LinkUpBandwidth>=12000Kbps LinkDnBandwidth>=30000Kbps TransportInfo: <SSID: <unknown ssid>, BSSID: 02:00:00:00:00:00, MAC: 02:00:00:00:00:00, IP: /10.0.2.16, Security type: 0, Supplicant state: COMPLETED, Wi-Fi standard: legacy, RSSI: -50, Link speed: 5Mbps, Tx Link speed: 5Mbps, Max Supported Tx Link speed: 11Mbps, Rx Link speed: 2Mbps, Max Supported Rx Link speed: 11Mbps, Frequency: 2447MHz, Net ID: -1, Metered hint: false, score: 60, isUsable: true, CarrierMerged: false, SubscriptionId: -1, IsPrimary: -1, Trusted: true, Restricted: false, Ephemeral: false, OEM paid: false, OEM private: false, OSU AP: false, FQDN: <none>, Provider friendly name: <none>, Requesting package name: <none><none>MLO Information: , Is TID-To-Link negotiation supported by the AP: false, AP MLD Address: <none>, AP MLO Link Id: <none>, AP MLO Affiliated links: <none>, Vendor Data: <none>> SignalStrength: -50 UnderlyingNetworks: Null]
08-26 01:20:39.034  1393  2177 I BugleRcsEngine: handleMessage processing message:[NOTIFY_UPTIME_IGNORE_STATE_CHANGED] with [non-null]:RcsEngineImpl reference [CONTEXT log_prefix="RcsEngineImpl[DUAL_REG]:[bba92579-0eec]>Handler" thread_id=64 ]
08-26 01:20:39.038  1061  1411 I NullBinder: NullBinder for android.net.action.RECOMMEND_NETWORKS triggering remote TransactionTooLargeException due to Service without Chimera impl, calling uid: 1000, calling pid: 0
08-26 01:20:39.039  1061  1411 W .gms.persistent: Large reply transaction of 1056768 bytes, interface descriptor , code 1
08-26 01:20:39.038  1393  1970 I BugleRcsEngine: Connected state: [1], networkType: [WIFI] [CONTEXT thread_id=58 ]
08-26 01:20:39.043   577   749 W IPCThreadState: Sending oneway calls to frozen process.
08-26 01:20:39.043   577   749 W IPCThreadState: Sending oneway calls to frozen process.
08-26 01:20:39.044   577   749 W IPCThreadState: Sending oneway calls to frozen process.
08-26 01:20:39.044   577   749 W IPCThreadState: Sending oneway calls to frozen process.
08-26 01:20:39.044   577   749 W IPCThreadState: Sending oneway calls to frozen process.
08-26 01:20:39.044   577   749 W IPCThreadState: Sending oneway calls to frozen process.
08-26 01:20:39.044   577   749 W IPCThreadState: Sending oneway calls to frozen process.
08-26 01:20:39.044   577   749 W IPCThreadState: Sending oneway calls to frozen process.
08-26 01:20:39.044   577   749 W IPCThreadState: Sending oneway calls to frozen process.
08-26 01:20:39.044   577   749 W IPCThreadState: Sending oneway calls to frozen process.
08-26 01:20:39.045   577   749 W IPCThreadState: Sending oneway calls to frozen process.
08-26 01:20:39.047   577   749 W IPCThreadState: Sending oneway calls to frozen process.
08-26 01:20:39.047   577   749 W IPCThreadState: Sending oneway calls to frozen process.
08-26 01:20:39.050   577   749 W IPCThreadState: Sending oneway calls to frozen process.
08-26 01:20:39.050   577   749 W IPCThreadState: Sending oneway calls to frozen process.
08-26 01:20:39.050   577   749 W IPCThreadState: Sending oneway calls to frozen process.
08-26 01:20:39.050   577   749 W IPCThreadState: Sending oneway calls to frozen process.
08-26 01:20:39.087  1393  2177 I BugleRcsEngine: No RCS Configuration was found in Bugle for simID: redacted-pii:sim_id[chars:20,last3:897] [CONTEXT log_prefix="ProvisioningEngineDataRetriever" thread_id=64 ]
08-26 01:20:48.601   577   646 W PackageManager: Not removing package com.google.android.trichromelibrary hosting lib com.google.android.trichromelibrary version 725809438 used by [VersionedPackage[com.google.android.webview/725809438]] for user 0
08-26 01:21:00.006  1346  1504 I AiAiEcho: Predicting[0]:  [CONTEXT sampling_count=5 ]
08-26 01:21:00.007  1346  1504 I AiAiEcho: EchoTargets: 
08-26 01:21:00.007  1346  1504 I AiAiEcho: Filtered by AiAi flag check: 
08-26 01:21:00.007  1346  1504 I AiAiEcho: [CONTEXT ratelimit_period="10 SECONDS" ]
08-26 01:21:00.007  1346  1504 I AiAiEcho: Ranked targets strategy: SORT, count: 0, ranking metadata:  [CONTEXT ratelimit_period="10 SECONDS" ]
08-26 01:21:00.008  1346  1504 I AiAiEcho: #remoteViewsTwiddler: feature disabled.
08-26 01:21:00.008  1346  1504 I AiAiEcho: Predicting[0]:  [CONTEXT sampling_count=5 ]
08-26 01:21:00.009  1346  1504 I AiAiEcho: EchoTargets: 
08-26 01:21:00.009  1346  1504 I AiAiEcho: Filtered by AiAi flag check: 
08-26 01:21:00.009  1346  1504 I AiAiEcho: [CONTEXT ratelimit_period="10 SECONDS" ]
08-26 01:21:00.010  1346  1504 I AiAiEcho: Ranked targets strategy: SORT, count: 0, ranking metadata:  [CONTEXT ratelimit_period="10 SECONDS" ]
08-26 01:21:00.011  1346  1504 I AiAiEcho: #remoteViewsTwiddler: feature disabled.
08-26 01:21:00.012  1346  1504 I AiAiEcho: #postPredictionTargets: Sending updates to UISurface lockscreen with targets# 0 (types=[])
08-26 01:21:00.013  1346  1504 I AiAiEcho: #postPredictionTargets: Sending updates to UISurface home with targets# 0 (types=[])
08-26 01:21:00.017  1107  1107 D SsBaseTemplateCard: No text view can be set up
08-26 01:21:00.018  1107  1107 D SsBaseTemplateCard: Passed-in item info is null
08-26 01:21:00.018  1107  1107 D SsBaseTemplateCard: Passed-in item info is null
08-26 01:21:00.018  1107  1107 D SsBaseTemplateCard: Passed-in item info is null
08-26 01:21:00.018  1107  1107 I SsBaseTemplateCard: Secondary card pane is null
08-26 01:21:00.030  1107  1443 D EGL_emulation: app_time_stats: avg=59972.47ms min=59972.47ms max=59972.47ms count=1
08-26 01:21:00.031   834   834 W PageIndicator: Total number of pages invalid: 0. Assuming 1 page.
08-26 01:21:00.049   834   998 D EGL_emulation: app_time_stats: avg=29994.08ms min=130.86ms max=59857.30ms count=2
08-26 01:21:09.120  1393  1970 I BugleRcsEngine: Connected state: [1], networkType: [WIFI] [CONTEXT thread_id=58 ]
08-26 01:21:09.120   577   749 W IPCThreadState: Sending oneway calls to frozen process.
08-26 01:21:09.120   577   749 W IPCThreadState: Sending oneway calls to frozen process.
08-26 01:21:09.121  1061  1411 I NullBinder: NullBinder for android.net.action.RECOMMEND_NETWORKS triggering remote TransactionTooLargeException due to Service without Chimera impl, calling uid: 1000, calling pid: 0
08-26 01:21:09.121  1061  1411 W .gms.persistent: Large reply transaction of 1056768 bytes, interface descriptor , code 1
08-26 01:21:09.121  2196  2417 D WM-NetworkStateTracker: Network capabilities changed: [ Transports: WIFI Capabilities: NOT_METERED&INTERNET&NOT_RESTRICTED&TRUSTED&NOT_VPN&VALIDATED&NOT_ROAMING&FOREGROUND&NOT_CONGESTED&NOT_SUSPENDED&NOT_VCN_MANAGED&NOT_BANDWIDTH_CONSTRAINED LinkUpBandwidth>=12000Kbps LinkDnBandwidth>=30000Kbps TransportInfo: <SSID: <unknown ssid>, BSSID: 02:00:00:00:00:00, MAC: 02:00:00:00:00:00, IP: /10.0.2.16, Security type: 0, Supplicant state: COMPLETED, Wi-Fi standard: legacy, RSSI: -50, Link speed: 1Mbps, Tx Link speed: 1Mbps, Max Supported Tx Link speed: 11Mbps, Rx Link speed: 2Mbps, Max Supported Rx Link speed: 11Mbps, Frequency: 2447MHz, Net ID: -1, Metered hint: false, score: 60, isUsable: true, CarrierMerged: false, SubscriptionId: -1, IsPrimary: -1, Trusted: true, Restricted: false, Ephemeral: false, OEM paid: false, OEM private: false, OSU AP: false, FQDN: <none>, Provider friendly name: <none>, Requesting package name: <none><none>MLO Information: , Is TID-To-Link negotiation supported by the AP: false, AP MLD Address: <none>, AP MLO Link Id: <none>, AP MLO Affiliated links: <none>, Vendor Data: <none>> SignalStrength: -50 UnderlyingNetworks: Null]
08-26 01:21:09.122   577   749 W IPCThreadState: Sending oneway calls to frozen process.
08-26 01:21:09.122   577   749 W IPCThreadState: Sending oneway calls to frozen process.
08-26 01:21:09.123   577   749 W IPCThreadState: Sending oneway calls to frozen process.
08-26 01:21:09.123   577   749 W IPCThreadState: Sending oneway calls to frozen process.
08-26 01:21:09.123   577   749 W IPCThreadState: Sending oneway calls to frozen process.
08-26 01:21:09.123  1393  2177 I BugleRcsEngine: handleMessage processing message:[NOTIFY_UPTIME_IGNORE_STATE_CHANGED] with [non-null]:RcsEngineImpl reference [CONTEXT log_prefix="RcsEngineImpl[DUAL_REG]:[bba92579-0eec]>Handler" thread_id=64 ]
08-26 01:21:09.126   577   749 W IPCThreadState: Sending oneway calls to frozen process.
08-26 01:21:09.129   577   749 W IPCThreadState: Sending oneway calls to frozen process.
08-26 01:21:09.129   577   749 W IPCThreadState: Sending oneway calls to frozen process.
08-26 01:21:09.129   577   749 W IPCThreadState: Sending oneway calls to frozen process.
08-26 01:21:09.129   577   749 W IPCThreadState: Sending oneway calls to frozen process.
08-26 01:21:09.129   577   749 W IPCThreadState: Sending oneway calls to frozen process.
08-26 01:21:09.129   577   749 W IPCThreadState: Sending oneway calls to frozen process.
08-26 01:21:09.130   577   749 W IPCThreadState: Sending oneway calls to frozen process.
08-26 01:21:09.130   577   749 W IPCThreadState: Sending oneway calls to frozen process.
08-26 01:21:09.130   577   749 W IPCThreadState: Sending oneway calls to frozen process.
08-26 01:21:09.130   577   749 W IPCThreadState: Sending oneway calls to frozen process.
08-26 01:21:09.130   577   749 W IPCThreadState: Sending oneway calls to frozen process.
08-26 01:21:09.137  1393  2177 I BugleRcsEngine: No RCS Configuration was found in Bugle for simID: redacted-pii:sim_id[chars:20,last3:897] [CONTEXT log_prefix="ProvisioningEngineDataRetriever" thread_id=64 ]
08-26 01:21:12.125  1061  2685 I NullBinder: NullBinder for android.net.action.RECOMMEND_NETWORKS triggering remote TransactionTooLargeException due to Service without Chimera impl, calling uid: 1000, calling pid: 0
08-26 01:21:12.125  1061  2685 W .gms.persistent: Large reply transaction of 1056768 bytes, interface descriptor , code 1
08-26 01:21:12.127   577   749 W IPCThreadState: Sending oneway calls to frozen process.
08-26 01:21:12.127   577   749 W IPCThreadState: Sending oneway calls to frozen process.
08-26 01:21:12.129  2196  2417 D WM-NetworkStateTracker: Network capabilities changed: [ Transports: WIFI Capabilities: NOT_METERED&INTERNET&NOT_RESTRICTED&TRUSTED&NOT_VPN&VALIDATED&NOT_ROAMING&FOREGROUND&NOT_CONGESTED&NOT_SUSPENDED&NOT_VCN_MANAGED&NOT_BANDWIDTH_CONSTRAINED LinkUpBandwidth>=12000Kbps LinkDnBandwidth>=30000Kbps TransportInfo: <SSID: <unknown ssid>, BSSID: 02:00:00:00:00:00, MAC: 02:00:00:00:00:00, IP: /10.0.2.16, Security type: 0, Supplicant state: COMPLETED, Wi-Fi standard: legacy, RSSI: -50, Link speed: 2Mbps, Tx Link speed: 2Mbps, Max Supported Tx Link speed: 11Mbps, Rx Link speed: 2Mbps, Max Supported Rx Link speed: 11Mbps, Frequency: 2447MHz, Net ID: -1, Metered hint: false, score: 60, isUsable: true, CarrierMerged: false, SubscriptionId: -1, IsPrimary: -1, Trusted: true, Restricted: false, Ephemeral: false, OEM paid: false, OEM private: false, OSU AP: false, FQDN: <none>, Provider friendly name: <none>, Requesting package name: <none><none>MLO Information: , Is TID-To-Link negotiation supported by the AP: false, AP MLD Address: <none>, AP MLO Link Id: <none>, AP MLO Affiliated links: <none>, Vendor Data: <none>> SignalStrength: -50 UnderlyingNetworks: Null]
08-26 01:21:12.130  1393  1970 I BugleRcsEngine: Connected state: [1], networkType: [WIFI] [CONTEXT thread_id=58 ]
08-26 01:21:12.132   577   749 W IPCThreadState: Sending oneway calls to frozen process.
08-26 01:21:12.132  1393  2177 I BugleRcsEngine: handleMessage processing message:[NOTIFY_UPTIME_IGNORE_STATE_CHANGED] with [non-null]:RcsEngineImpl reference [CONTEXT log_prefix="RcsEngineImpl[DUAL_REG]:[bba92579-0eec]>Handler" thread_id=64 ]
08-26 01:21:12.132   577   749 W IPCThreadState: Sending oneway calls to frozen process.
08-26 01:21:12.132   577   749 W IPCThreadState: Sending oneway calls to frozen process.
08-26 01:21:12.134   577   749 W IPCThreadState: Sending oneway calls to frozen process.
08-26 01:21:12.135   577   749 W IPCThreadState: Sending oneway calls to frozen process.
08-26 01:21:12.137   577   749 W IPCThreadState: Sending oneway calls to frozen process.
08-26 01:21:12.137   577   749 W IPCThreadState: Sending oneway calls to frozen process.
08-26 01:21:12.138   577   749 W IPCThreadState: Sending oneway calls to frozen process.
08-26 01:21:12.139  1393  2177 I BugleRcsEngine: No RCS Configuration was found in Bugle for simID: redacted-pii:sim_id[chars:20,last3:897] [CONTEXT log_prefix="ProvisioningEngineDataRetriever" thread_id=64 ]
08-26 01:21:12.141   577   749 W IPCThreadState: Sending oneway calls to frozen process.
08-26 01:21:12.141   577   749 W IPCThreadState: Sending oneway calls to frozen process.
08-26 01:21:12.141   577   749 W IPCThreadState: Sending oneway calls to frozen process.
08-26 01:21:12.142   577   749 W IPCThreadState: Sending oneway calls to frozen process.
08-26 01:21:12.142   577   749 W IPCThreadState: Sending oneway calls to frozen process.
08-26 01:21:12.142   577   749 W IPCThreadState: Sending oneway calls to frozen process.
08-26 01:21:12.143   577   749 W IPCThreadState: Sending oneway calls to frozen process.
08-26 01:21:12.144   577   749 W IPCThreadState: Sending oneway calls to frozen process.
08-26 01:21:12.145   577   749 W IPCThreadState: Sending oneway calls to frozen process.
08-26 01:21:42.239   577   749 W IPCThreadState: Sending oneway calls to frozen process.
08-26 01:21:42.241  1061  1411 I NullBinder: NullBinder for android.net.action.RECOMMEND_NETWORKS triggering remote TransactionTooLargeException due to Service without Chimera impl, calling uid: 1000, calling pid: 0
08-26 01:21:42.243   577   749 W IPCThreadState: Sending oneway calls to frozen process.
08-26 01:21:42.243  1393  2177 I BugleRcsEngine: handleMessage processing message:[NOTIFY_UPTIME_IGNORE_STATE_CHANGED] with [non-null]:RcsEngineImpl reference [CONTEXT log_prefix="RcsEngineImpl[DUAL_REG]:[bba92579-0eec]>Handler" thread_id=64 ]
08-26 01:21:42.245  2196  2417 D WM-NetworkStateTracker: Network capabilities changed: [ Transports: WIFI Capabilities: NOT_METERED&INTERNET&NOT_RESTRICTED&TRUSTED&NOT_VPN&VALIDATED&NOT_ROAMING&FOREGROUND&NOT_CONGESTED&NOT_SUSPENDED&NOT_VCN_MANAGED&NOT_BANDWIDTH_CONSTRAINED LinkUpBandwidth>=12000Kbps LinkDnBandwidth>=30000Kbps TransportInfo: <SSID: <unknown ssid>, BSSID: 02:00:00:00:00:00, MAC: 02:00:00:00:00:00, IP: /10.0.2.16, Security type: 0, Supplicant state: COMPLETED, Wi-Fi standard: legacy, RSSI: -50, Link speed: 1Mbps, Tx Link speed: 1Mbps, Max Supported Tx Link speed: 11Mbps, Rx Link speed: 2Mbps, Max Supported Rx Link speed: 11Mbps, Frequency: 2447MHz, Net ID: -1, Metered hint: false, score: 60, isUsable: true, CarrierMerged: false, SubscriptionId: -1, IsPrimary: -1, Trusted: true, Restricted: false, Ephemeral: false, OEM paid: false, OEM private: false, OSU AP: false, FQDN: <none>, Provider friendly name: <none>, Requesting package name: <none><none>MLO Information: , Is TID-To-Link negotiation supported by the AP: false, AP MLD Address: <none>, AP MLO Link Id: <none>, AP MLO Affiliated links: <none>, Vendor Data: <none>> SignalStrength: -50 UnderlyingNetworks: Null]
08-26 01:21:42.246  1393  1970 I BugleRcsEngine: Connected state: [1], networkType: [WIFI] [CONTEXT thread_id=58 ]
08-26 01:21:42.243  1061  1411 W .gms.persistent: Large reply transaction of 1056768 bytes, interface descriptor , code 1
08-26 01:21:42.253   577   749 W IPCThreadState: Sending oneway calls to frozen process.
08-26 01:21:42.255   577   749 W IPCThreadState: Sending oneway calls to frozen process.
08-26 01:21:42.255   577   749 W IPCThreadState: Sending oneway calls to frozen process.
08-26 01:21:42.255   577   749 W IPCThreadState: Sending oneway calls to frozen process.
08-26 01:21:42.255   577   749 W IPCThreadState: Sending oneway calls to frozen process.
08-26 01:21:42.258   577   749 W IPCThreadState: Sending oneway calls to frozen process.
08-26 01:21:42.259   577   749 W IPCThreadState: Sending oneway calls to frozen process.
08-26 01:21:42.260   577   749 W IPCThreadState: Sending oneway calls to frozen process.
08-26 01:21:42.262   577   749 W IPCThreadState: Sending oneway calls to frozen process.
08-26 01:21:42.262   577   749 W IPCThreadState: Sending oneway calls to frozen process.
08-26 01:21:42.263   577   749 W IPCThreadState: Sending oneway calls to frozen process.
08-26 01:21:42.263   577   749 W IPCThreadState: Sending oneway calls to frozen process.
08-26 01:21:42.265   577   749 W IPCThreadState: Sending oneway calls to frozen process.
08-26 01:21:42.270   577   749 W IPCThreadState: Sending oneway calls to frozen process.
08-26 01:21:42.275  1393  2177 I BugleRcsEngine: No RCS Configuration was found in Bugle for simID: redacted-pii:sim_id[chars:20,last3:897] [CONTEXT log_prefix="ProvisioningEngineDataRetriever" thread_id=64 ]
08-26 01:21:42.279   577   749 W IPCThreadState: Sending oneway calls to frozen process.
08-26 01:21:42.279   577   749 W IPCThreadState: Sending oneway calls to frozen process.
08-26 01:21:42.282   577   749 W IPCThreadState: Sending oneway calls to frozen process.
08-26 01:21:42.403   577   596 I system_server: Background concurrent mark compact GC freed 31MB AllocSpace bytes, 32(1376KB) LOS objects, 43% free, 31MB/55MB, paused 1.468ms,2.050ms total 178.546ms
08-26 01:21:42.408   577   597 I BpBinder: onLastStrongRef automatically unlinking death recipients: 
08-26 01:21:42.415   577   598 W system_server: ApkAssets: Deleting an ApkAssets object '<empty> and /data/app/~~c7nS3Ddu1rkEZ2R7zNW08Q==/com.google.android.tts-fsizE8orgcZdIbAyc6Vc5A==/base.apk' with 1 weak references
08-26 01:21:42.418   577   598 W system_server: ApkAssets: Deleting an ApkAssets object '<empty> and /data/app/~~c7nS3Ddu1rkEZ2R7zNW08Q==/com.google.android.tts-fsizE8orgcZdIbAyc6Vc5A==/split_config.en.apk' with 1 weak references
08-26 01:21:42.420   577   598 W system_server: ApkAssets: Deleting an ApkAssets object '<empty> and /data/app/~~c7nS3Ddu1rkEZ2R7zNW08Q==/com.google.android.tts-fsizE8orgcZdIbAyc6Vc5A==/split_config.x86_64.apk' with 1 weak references
08-26 01:21:42.421   577   598 W system_server: ApkAssets: Deleting an ApkAssets object '<empty> and /data/app/~~c7nS3Ddu1rkEZ2R7zNW08Q==/com.google.android.tts-fsizE8orgcZdIbAyc6Vc5A==/split_config.xxhdpi.apk' with 1 weak references
08-26 01:21:42.421   577   598 W system_server: ApkAssets: Deleting an ApkAssets object '<empty> and /data/app/~~JLLeSoxFH9gn-ejMFmU1hQ==/com.google.android.gms-6a32bMNWqYYlAuqwqAAiQw==/base.apk' with 1 weak references
08-26 01:21:42.422   577   598 W system_server: ApkAssets: Deleting an ApkAssets object '<empty> and /data/app/~~JLLeSoxFH9gn-ejMFmU1hQ==/com.google.android.gms-6a32bMNWqYYlAuqwqAAiQw==/split_AdsDynamite_installtime.apk' with 1 weak references
08-26 01:21:42.423   577   598 W system_server: ApkAssets: Deleting an ApkAssets object '<empty> and /data/app/~~JLLeSoxFH9gn-ejMFmU1hQ==/com.google.android.gms-6a32bMNWqYYlAuqwqAAiQw==/split_CronetDynamite_installtime.apk' with 1 weak references
08-26 01:21:42.423   577   598 W system_server: ApkAssets: Deleting an ApkAssets object '<empty> and /data/app/~~JLLeSoxFH9gn-ejMFmU1hQ==/com.google.android.gms-6a32bMNWqYYlAuqwqAAiQw==/split_DynamiteLoader_installtime.apk' with 1 weak references
08-26 01:21:42.423   577   598 W system_server: ApkAssets: Deleting an ApkAssets object '<empty> and /data/app/~~JLLeSoxFH9gn-ejMFmU1hQ==/com.google.android.gms-6a32bMNWqYYlAuqwqAAiQw==/split_DynamiteModulesA_installtime.apk' with 1 weak references
08-26 01:21:42.423   577   598 W system_server: ApkAssets: Deleting an ApkAssets object '<empty> and /data/app/~~JLLeSoxFH9gn-ejMFmU1hQ==/com.google.android.gms-6a32bMNWqYYlAuqwqAAiQw==/split_DynamiteModulesC_installtime.apk' with 1 weak references
08-26 01:21:42.423   577   598 W system_server: ApkAssets: Deleting an ApkAssets object '<empty> and /data/app/~~JLLeSoxFH9gn-ejMFmU1hQ==/com.google.android.gms-6a32bMNWqYYlAuqwqAAiQw==/split_GoogleCertificates_installtime.apk' with 1 weak references
08-26 01:21:42.423   577   598 W system_server: ApkAssets: Deleting an ApkAssets object '<empty> and /data/app/~~JLLeSoxFH9gn-ejMFmU1hQ==/com.google.android.gms-6a32bMNWqYYlAuqwqAAiQw==/split_MapsDynamite_installtime.apk' with 1 weak references
08-26 01:21:42.423   577   598 W system_server: ApkAssets: Deleting an ApkAssets object '<empty> and /data/app/~~JLLeSoxFH9gn-ejMFmU1hQ==/com.google.android.gms-6a32bMNWqYYlAuqwqAAiQw==/split_MeasurementDynamite_installtime.apk' with 1 weak references
08-26 01:21:42.424   577   598 W system_server: ApkAssets: Deleting an ApkAssets object '<empty> and /data/app/~~JLLeSoxFH9gn-ejMFmU1hQ==/com.google.android.gms-6a32bMNWqYYlAuqwqAAiQw==/split_all_locale_splits.apk' with 1 weak references
