08-26 11:59:46.586  1393  2177 I BugleRcsEngine: handleMessage processing message:[NOTIFY_UPTIME_IGNORE_STATE_CHANGED] with [non-null]:RcsEngineImpl reference [CONTEXT log_prefix="RcsEngineImpl[DUAL_REG]:[bba92579-0eec]>Handler" thread_id=64 ]
08-26 11:59:46.592  1393  1970 I BugleRcsEngine: Connected state: [1], networkType: [WIFI] [CONTEXT thread_id=58 ]
08-26 11:59:46.597   577   749 W IPCThreadState: Sending oneway calls to frozen process.
08-26 11:59:46.597   577   749 W IPCThreadState: Sending oneway calls to frozen process.
08-26 11:59:46.597   577   749 W IPCThreadState: Sending oneway calls to frozen process.
08-26 11:59:46.597   577   749 W IPCThreadState: Sending oneway calls to frozen process.
08-26 11:59:46.608  1393  2177 I BugleRcsEngine: No RCS Configuration was found in Bugle for simID: redacted-pii:sim_id[chars:20,last3:897] [CONTEXT log_prefix="ProvisioningEngineDataRetriever" thread_id=64 ]
08-26 11:59:46.615   577   749 W IPCThreadState: Sending oneway calls to frozen process.
08-26 11:59:46.615   577   749 W IPCThreadState: Sending oneway calls to frozen process.
08-26 11:59:46.616   577   749 W IPCThreadState: Sending oneway calls to frozen process.
08-26 11:59:46.619   577   749 W IPCThreadState: Sending oneway calls to frozen process.
08-26 11:59:46.619   577   749 W IPCThreadState: Sending oneway calls to frozen process.
08-26 11:59:46.619   577   749 W IPCThreadState: Sending oneway calls to frozen process.
08-26 11:59:46.620   577   749 W IPCThreadState: Sending oneway calls to frozen process.
08-26 11:59:46.620   577   749 W IPCThreadState: Sending oneway calls to frozen process.
08-26 11:59:46.641  1061  2163 I NullBinder: NullBinder for android.net.action.RECOMMEND_NETWORKS triggering remote TransactionTooLargeException due to Service without Chimera impl, calling uid: 1000, calling pid: 0
08-26 11:59:46.641  1061  2163 W .gms.persistent: Large reply transaction of 1056768 bytes, interface descriptor , code 1
08-26 11:59:49.599  1393  2177 I BugleRcsEngine: handleMessage processing message:[NOTIFY_UPTIME_IGNORE_STATE_CHANGED] with [non-null]:RcsEngineImpl reference [CONTEXT log_prefix="RcsEngineImpl[DUAL_REG]:[bba92579-0eec]>Handler" thread_id=64 ]
08-26 11:59:49.599  1393  1970 I BugleRcsEngine: Connected state: [1], networkType: [WIFI] [CONTEXT thread_id=58 ]
08-26 11:59:49.600  2196  2417 D WM-NetworkStateTracker: Network capabilities changed: [ Transports: WIFI Capabilities: NOT_METERED&INTERNET&NOT_RESTRICTED&TRUSTED&NOT_VPN&VALIDATED&NOT_ROAMING&FOREGROUND&NOT_CONGESTED&NOT_SUSPENDED&NOT_VCN_MANAGED&NOT_BANDWIDTH_CONSTRAINED LinkUpBandwidth>=12000Kbps LinkDnBandwidth>=30000Kbps TransportInfo: <SSID: <unknown ssid>, BSSID: 02:00:00:00:00:00, MAC: 02:00:00:00:00:00, IP: /10.0.2.16, Security type: 0, Supplicant state: COMPLETED, Wi-Fi standard: legacy, RSSI: -50, Link speed: 1Mbps, Tx Link speed: 1Mbps, Max Supported Tx Link speed: 11Mbps, Rx Link speed: 2Mbps, Max Supported Rx Link speed: 11Mbps, Frequency: 2447MHz, Net ID: -1, Metered hint: false, score: 60, isUsable: true, CarrierMerged: false, SubscriptionId: -1, IsPrimary: -1, Trusted: true, Restricted: false, Ephemeral: false, OEM paid: false, OEM private: false, OSU AP: false, FQDN: <none>, Provider friendly name: <none>, Requesting package name: <none><none>MLO Information: , Is TID-To-Link negotiation supported by the AP: false, AP MLD Address: <none>, AP MLO Link Id: <none>, AP MLO Affiliated links: <none>, Vendor Data: <none>> SignalStrength: -50 UnderlyingNetworks: Null]
08-26 11:59:49.622  1393  2177 I BugleRcsEngine: No RCS Configuration was found in Bugle for simID: redacted-pii:sim_id[chars:20,last3:897] [CONTEXT log_prefix="ProvisioningEngineDataRetriever" thread_id=64 ]
08-26 11:59:49.638   577   749 W IPCThreadState: Sending oneway calls to frozen process.
08-26 11:59:49.639   577   749 W IPCThreadState: Sending oneway calls to frozen process.
08-26 11:59:49.647   577   749 W IPCThreadState: Sending oneway calls to frozen process.
08-26 11:59:49.647   577   749 W IPCThreadState: Sending oneway calls to frozen process.
08-26 11:59:49.653   577   749 W IPCThreadState: Sending oneway calls to frozen process.
08-26 11:59:49.653   577   749 W IPCThreadState: Sending oneway calls to frozen process.
08-26 11:59:49.653   577   749 W IPCThreadState: Sending oneway calls to frozen process.
08-26 11:59:49.653   577   749 W IPCThreadState: Sending oneway calls to frozen process.
08-26 11:59:49.653   577   749 W IPCThreadState: Sending oneway calls to frozen process.
08-26 11:59:49.653   577   749 W IPCThreadState: Sending oneway calls to frozen process.
08-26 11:59:49.653   577   749 W IPCThreadState: Sending oneway calls to frozen process.
08-26 11:59:49.653   577   749 W IPCThreadState: Sending oneway calls to frozen process.
08-26 11:59:49.677  1061  1412 I NullBinder: NullBinder for android.net.action.RECOMMEND_NETWORKS triggering remote TransactionTooLargeException due to Service without Chimera impl, calling uid: 1000, calling pid: 0
08-26 11:59:49.677  1061  1412 W .gms.persistent: Large reply transaction of 1056768 bytes, interface descriptor , code 1
08-26 11:59:52.615  2196  2417 D WM-NetworkStateTracker: Network capabilities changed: [ Transports: WIFI Capabilities: NOT_METERED&INTERNET&NOT_RESTRICTED&TRUSTED&NOT_VPN&VALIDATED&NOT_ROAMING&FOREGROUND&NOT_CONGESTED&NOT_SUSPENDED&NOT_VCN_MANAGED&NOT_BANDWIDTH_CONSTRAINED LinkUpBandwidth>=12000Kbps LinkDnBandwidth>=30000Kbps TransportInfo: <SSID: <unknown ssid>, BSSID: 02:00:00:00:00:00, MAC: 02:00:00:00:00:00, IP: /10.0.2.16, Security type: 0, Supplicant state: COMPLETED, Wi-Fi standard: legacy, RSSI: -50, Link speed: 5Mbps, Tx Link speed: 5Mbps, Max Supported Tx Link speed: 11Mbps, Rx Link speed: 2Mbps, Max Supported Rx Link speed: 11Mbps, Frequency: 2447MHz, Net ID: -1, Metered hint: false, score: 60, isUsable: true, CarrierMerged: false, SubscriptionId: -1, IsPrimary: -1, Trusted: true, Restricted: false, Ephemeral: false, OEM paid: false, OEM private: false, OSU AP: false, FQDN: <none>, Provider friendly name: <none>, Requesting package name: <none><none>MLO Information: , Is TID-To-Link negotiation supported by the AP: false, AP MLD Address: <none>, AP MLO Link Id: <none>, AP MLO Affiliated links: <none>, Vendor Data: <none>> SignalStrength: -50 UnderlyingNetworks: Null]
08-26 11:59:52.615  1393  1970 I BugleRcsEngine: Connected state: [1], networkType: [WIFI] [CONTEXT thread_id=58 ]
08-26 11:59:52.617   577   749 W IPCThreadState: Sending oneway calls to frozen process.
08-26 11:59:52.618  1393  2177 I BugleRcsEngine: handleMessage processing message:[NOTIFY_UPTIME_IGNORE_STATE_CHANGED] with [non-null]:RcsEngineImpl reference [CONTEXT log_prefix="RcsEngineImpl[DUAL_REG]:[bba92579-0eec]>Handler" thread_id=64 ]
08-26 11:59:52.627   577   749 W IPCThreadState: Sending oneway calls to frozen process.
08-26 11:59:52.634   577   749 W IPCThreadState: Sending oneway calls to frozen process.
08-26 11:59:52.638   577   749 W IPCThreadState: Sending oneway calls to frozen process.
08-26 11:59:52.638   577   749 W IPCThreadState: Sending oneway calls to frozen process.
08-26 11:59:52.638   577   749 W IPCThreadState: Sending oneway calls to frozen process.
08-26 11:59:52.638   577   749 W IPCThreadState: Sending oneway calls to frozen process.
08-26 11:59:52.638   577   749 W IPCThreadState: Sending oneway calls to frozen process.
08-26 11:59:52.638   577   749 W IPCThreadState: Sending oneway calls to frozen process.
08-26 11:59:52.638   577   749 W IPCThreadState: Sending oneway calls to frozen process.
08-26 11:59:52.639   577   749 W IPCThreadState: Sending oneway calls to frozen process.
08-26 11:59:52.639   577   749 W IPCThreadState: Sending oneway calls to frozen process.
08-26 11:59:52.656  1393  2177 I BugleRcsEngine: No RCS Configuration was found in Bugle for simID: redacted-pii:sim_id[chars:20,last3:897] [CONTEXT log_prefix="ProvisioningEngineDataRetriever" thread_id=64 ]
08-26 11:59:52.676  1061  1412 I NullBinder: NullBinder for android.net.action.RECOMMEND_NETWORKS triggering remote TransactionTooLargeException due to Service without Chimera impl, calling uid: 1000, calling pid: 0
08-26 11:59:52.682  1061  1412 W .gms.persistent: Large reply transaction of 1056768 bytes, interface descriptor , code 1
08-26 11:59:55.623  2196  2417 D WM-NetworkStateTracker: Network capabilities changed: [ Transports: WIFI Capabilities: NOT_METERED&INTERNET&NOT_RESTRICTED&TRUSTED&NOT_VPN&VALIDATED&NOT_ROAMING&FOREGROUND&NOT_CONGESTED&NOT_SUSPENDED&NOT_VCN_MANAGED&NOT_BANDWIDTH_CONSTRAINED LinkUpBandwidth>=12000Kbps LinkDnBandwidth>=30000Kbps TransportInfo: <SSID: <unknown ssid>, BSSID: 02:00:00:00:00:00, MAC: 02:00:00:00:00:00, IP: /10.0.2.16, Security type: 0, Supplicant state: COMPLETED, Wi-Fi standard: legacy, RSSI: -50, Link speed: 11Mbps, Tx Link speed: 11Mbps, Max Supported Tx Link speed: 11Mbps, Rx Link speed: 2Mbps, Max Supported Rx Link speed: 11Mbps, Frequency: 2447MHz, Net ID: -1, Metered hint: false, score: 60, isUsable: true, CarrierMerged: false, SubscriptionId: -1, IsPrimary: -1, Trusted: true, Restricted: false, Ephemeral: false, OEM paid: false, OEM private: false, OSU AP: false, FQDN: <none>, Provider friendly name: <none>, Requesting package name: <none><none>MLO Information: , Is TID-To-Link negotiation supported by the AP: false, AP MLD Address: <none>, AP MLO Link Id: <none>, AP MLO Affiliated links: <none>, Vendor Data: <none>> SignalStrength: -50 UnderlyingNetworks: Null]
08-26 11:59:55.631   577   749 W IPCThreadState: Sending oneway calls to frozen process.
08-26 11:59:55.631   577   749 W IPCThreadState: Sending oneway calls to frozen process.
08-26 11:59:55.631   577   749 W IPCThreadState: Sending oneway calls to frozen process.
08-26 11:59:55.631   577   749 W IPCThreadState: Sending oneway calls to frozen process.
08-26 11:59:55.632   577   749 W IPCThreadState: Sending oneway calls to frozen process.
08-26 11:59:55.632   577   749 W IPCThreadState: Sending oneway calls to frozen process.
08-26 11:59:55.632   577   749 W IPCThreadState: Sending oneway calls to frozen process.
08-26 11:59:55.632   577   749 W IPCThreadState: Sending oneway calls to frozen process.
08-26 11:59:55.634   577   749 W IPCThreadState: Sending oneway calls to frozen process.
08-26 11:59:55.634   577   749 W IPCThreadState: Sending oneway calls to frozen process.
08-26 11:59:55.634   577   749 W IPCThreadState: Sending oneway calls to frozen process.
08-26 11:59:55.634   577   749 W IPCThreadState: Sending oneway calls to frozen process.
08-26 11:59:55.635  1393  1970 I BugleRcsEngine: Connected state: [1], networkType: [WIFI] [CONTEXT thread_id=58 ]
08-26 11:59:55.639  1393  2177 I BugleRcsEngine: handleMessage processing message:[NOTIFY_UPTIME_IGNORE_STATE_CHANGED] with [non-null]:RcsEngineImpl reference [CONTEXT log_prefix="RcsEngineImpl[DUAL_REG]:[bba92579-0eec]>Handler" thread_id=64 ]
08-26 11:59:55.659  1061  1412 I NullBinder: NullBinder for android.net.action.RECOMMEND_NETWORKS triggering remote TransactionTooLargeException due to Service without Chimera impl, calling uid: 1000, calling pid: 0
08-26 11:59:55.659  1061  1412 W .gms.persistent: Large reply transaction of 1056768 bytes, interface descriptor , code 1
08-26 11:59:55.677  1393  2177 I BugleRcsEngine: No RCS Configuration was found in Bugle for simID: redacted-pii:sim_id[chars:20,last3:897] [CONTEXT log_prefix="ProvisioningEngineDataRetriever" thread_id=64 ]
08-26 11:59:58.639  1393  2177 I BugleRcsEngine: handleMessage processing message:[NOTIFY_UPTIME_IGNORE_STATE_CHANGED] with [non-null]:RcsEngineImpl reference [CONTEXT log_prefix="RcsEngineImpl[DUAL_REG]:[bba92579-0eec]>Handler" thread_id=64 ]
08-26 11:59:58.639  1393  1970 I BugleRcsEngine: Connected state: [1], networkType: [WIFI] [CONTEXT thread_id=58 ]
08-26 11:59:58.639  2196  2417 D WM-NetworkStateTracker: Network capabilities changed: [ Transports: WIFI Capabilities: NOT_METERED&INTERNET&NOT_RESTRICTED&TRUSTED&NOT_VPN&VALIDATED&NOT_ROAMING&FOREGROUND&NOT_CONGESTED&NOT_SUSPENDED&NOT_VCN_MANAGED&NOT_BANDWIDTH_CONSTRAINED LinkUpBandwidth>=12000Kbps LinkDnBandwidth>=30000Kbps TransportInfo: <SSID: <unknown ssid>, BSSID: 02:00:00:00:00:00, MAC: 02:00:00:00:00:00, IP: /10.0.2.16, Security type: 0, Supplicant state: COMPLETED, Wi-Fi standard: legacy, RSSI: -50, Link speed: 1Mbps, Tx Link speed: 1Mbps, Max Supported Tx Link speed: 11Mbps, Rx Link speed: 2Mbps, Max Supported Rx Link speed: 11Mbps, Frequency: 2447MHz, Net ID: -1, Metered hint: false, score: 60, isUsable: true, CarrierMerged: false, SubscriptionId: -1, IsPrimary: -1, Trusted: true, Restricted: false, Ephemeral: false, OEM paid: false, OEM private: false, OSU AP: false, FQDN: <none>, Provider friendly name: <none>, Requesting package name: <none><none>MLO Information: , Is TID-To-Link negotiation supported by the AP: false, AP MLD Address: <none>, AP MLO Link Id: <none>, AP MLO Affiliated links: <none>, Vendor Data: <none>> SignalStrength: -50 UnderlyingNetworks: Null]
08-26 11:59:58.658   577   749 W IPCThreadState: Sending oneway calls to frozen process.
08-26 11:59:58.664   577   749 W IPCThreadState: Sending oneway calls to frozen process.
08-26 11:59:58.668   577   749 W IPCThreadState: Sending oneway calls to frozen process.
08-26 11:59:58.676   577   749 W IPCThreadState: Sending oneway calls to frozen process.
08-26 11:59:58.700  1393  2177 I BugleRcsEngine: No RCS Configuration was found in Bugle for simID: redacted-pii:sim_id[chars:20,last3:897] [CONTEXT log_prefix="ProvisioningEngineDataRetriever" thread_id=64 ]
08-26 11:59:58.700   577   749 W IPCThreadState: Sending oneway calls to frozen process.
08-26 11:59:58.700   577   749 W IPCThreadState: Sending oneway calls to frozen process.
08-26 11:59:58.700   577   749 W IPCThreadState: Sending oneway calls to frozen process.
08-26 11:59:58.701   577   749 W IPCThreadState: Sending oneway calls to frozen process.
08-26 11:59:58.704   577   749 W IPCThreadState: Sending oneway calls to frozen process.
08-26 11:59:58.707   577   749 W IPCThreadState: Sending oneway calls to frozen process.
08-26 11:59:58.707   577   749 W IPCThreadState: Sending oneway calls to frozen process.
08-26 11:59:58.707   577   749 W IPCThreadState: Sending oneway calls to frozen process.
08-26 11:59:58.729  1061  1412 I NullBinder: NullBinder for android.net.action.RECOMMEND_NETWORKS triggering remote TransactionTooLargeException due to Service without Chimera impl, calling uid: 1000, calling pid: 0
08-26 11:59:58.729  1061  1412 W .gms.persistent: Large reply transaction of 1056768 bytes, interface descriptor , code 1
08-26 12:00:00.013  1346  1504 I AiAiEcho: Predicting[0]:  [CONTEXT sampling_count=5 ]
08-26 12:00:00.013  1346  1504 I AiAiEcho: EchoTargets: 
08-26 12:00:00.013  1346  1504 I AiAiEcho: Filtered by AiAi flag check: 
08-26 12:00:00.013  1346  1504 I AiAiEcho: [CONTEXT ratelimit_period="10 SECONDS" ]
08-26 12:00:00.013  1346  1504 I AiAiEcho: Ranked targets strategy: SORT, count: 0, ranking metadata:  [CONTEXT ratelimit_period="10 SECONDS" ]
08-26 12:00:00.015  1346  1504 I AiAiEcho: #remoteViewsTwiddler: feature disabled.
08-26 12:00:00.029   577   623 D ActivityManager: sync unfroze 999 com.android.settings for 3
08-26 12:00:00.038  1346  1504 I AiAiEcho: Predicting[0]:  [CONTEXT sampling_count=5 ]
08-26 12:00:00.038  1346  1504 I AiAiEcho: EchoTargets: 
08-26 12:00:00.038  1346  1504 I AiAiEcho: Filtered by AiAi flag check: 
08-26 12:00:00.038  1346  1504 I AiAiEcho: [CONTEXT ratelimit_period="10 SECONDS" ]
08-26 12:00:00.038  1346  1504 I AiAiEcho: Ranked targets strategy: SORT, count: 0, ranking metadata:  [CONTEXT ratelimit_period="10 SECONDS" ]
08-26 12:00:00.038  1346  1504 I AiAiEcho: #remoteViewsTwiddler: feature disabled.
08-26 12:00:00.038  1346  1504 I AiAiEcho: #postPredictionTargets: Sending updates to UISurface lockscreen with targets# 0 (types=[])
08-26 12:00:00.038  1346  1504 I AiAiEcho: #postPredictionTargets: Sending updates to UISurface home with targets# 0 (types=[])
08-26 12:00:00.054   577   623 D ActivityManager: sync unfroze 16278 com.android.keychain for 10
08-26 12:00:00.056  1107  1107 D SsBaseTemplateCard: No text view can be set up
08-26 12:00:00.056  1107  1107 D SsBaseTemplateCard: Passed-in item info is null
08-26 12:00:00.056  1107  1107 D SsBaseTemplateCard: Passed-in item info is null
08-26 12:00:00.056  1107  1107 D SsBaseTemplateCard: Passed-in item info is null
08-26 12:00:00.056  1107  1107 I SsBaseTemplateCard: Secondary card pane is null
08-26 12:00:00.056 13925 13925 W PageIndicator: Total number of pages invalid: 0. Assuming 1 page.
08-26 12:00:00.123 13925 13963 D EGL_emulation: app_time_stats: avg=30028.48ms min=873.78ms max=59183.17ms count=2
08-26 12:00:00.160   999   999 D PeriodicJobReceiver: refresh periodic job from action=com.android.settings.battery.action.PERIODIC_JOB_UPDATE
08-26 12:00:00.160   999 15812 D BatteryUsageDataLoader: loadUsageDataSafely() in the AsyncTask
08-26 12:00:00.211   999   999 D PeriodicJobManager: schedule next alarm job at Aug 26, 2025, 13:00:00
08-26 12:00:00.212   577   975 W BatteryExternalStatsWorker: error reading Bluetooth stats: 11
08-26 12:00:00.247   577  1658 D TelephonyManager: requestModemActivityInfo: Sending result to app: ModemActivityInfo{ mTimestamp=47857138 mSleepTimeMs=0 mIdleTimeMs=47857011 mActivityStatsTechSpecificInfo=[{mRat=UNKNOWN,mFrequencyRange=UNKNOWN,mTxTimeMs[]=[0, 0, 0, 0, 0],mRxTimeMs=0}]}
08-26 12:00:00.399   577   631 D KernelCpuUidUserSysTimeReader: Removing uids 10222-10222
08-26 12:00:00.673   999 15812 W DataProcessor: shouldShowBatteryAttributionList(): 0.1
08-26 12:00:00.673   999 15812 W BatteryUsageDataLoader: getBatteryEntryList() returns null or empty content
08-26 12:00:00.673   999 15812 D BatteryUsageDataLoader: getBatteryUsageStats() in 512/ms
08-26 12:00:00.697   999 15812 D DatabaseUtils: insert() data into database with isFullChargeStart:false
08-26 12:00:00.736   999 15812 D DatabaseUtils: sendBatteryEntryData() size=1 in 63/ms
08-26 12:00:00.769   999 15812 D BatteryUsageContentProvider: getQueryUserId from uri: content://com.android.settings.battery.usage.provider/appUsageLatestTimestamp?userid=0
08-26 12:00:00.791   999 15812 D BatteryUsageContentProvider: getAppUsageLatestTimestamp() for user 0 in 19/ms
08-26 12:00:00.833   999 15812 D DatabaseUtils: getAppUsageStartTimestampOfUser() userId=0 latestTimestamp=Aug 26, 2025, 10:56:17 in 63/ms
08-26 12:00:00.880   999 15812 D DataProcessor: getAppUsageEventsForUser(): 0 from 1756230977327 to 1756234800760 in 42/ms
08-26 12:00:00.886   999 15812 D DataProcessor: getAppUsageEvents() for all unlocked users in 127/ms
08-26 12:00:00.943   999 15812 W DataProcessor: Read 12 relevant events (29 total) from UsageStatsManager
08-26 12:00:00.943   999 15812 D BatteryUsageDataLoader: loadAppUsageData() size=12 in 184/ms
08-26 12:00:01.046   999 15812 D DatabaseUtils: insert() app usage events data into database
08-26 12:00:01.046   999 15812 D DatabaseUtils: sendAppUsageEventData() size=12 in 103/ms
08-26 12:00:01.047   999 15812 D BatteryUsageContentProvider: getLastFullChargeTimestamp() in 0/ms
08-26 12:00:01.069   999 15812 D DatabaseUtils: getLastFullChargeTime() lastFullChargeTime=Dec 31, 1969, 17:00:00 in 23/ms
08-26 12:00:01.070   999 15812 D DatabaseUtils: getBatteryEvents for timestamp: 1755673200000
08-26 12:00:01.070   999 15812 D BatteryUsageContentProvider: getQueryBatteryEventTypes from uri: content://com.android.settings.battery.usage.provider/BatteryEvent?timestamp=1755673200000&batteryEventType=3%2C4
08-26 12:00:01.070   999 15812 D BatteryUsageContentProvider: getQueryTimestamp from uri: content://com.android.settings.battery.usage.provider/BatteryEvent?timestamp=1755673200000&batteryEventType=3%2C4
08-26 12:00:01.071   999 15812 W BatteryUsageContentProvider: getBatteryEvents() in 1/ms
08-26 12:00:01.087   999 15812 D DatabaseUtils: getBatteryEvents size=161 in 17/ms
08-26 12:00:01.088   999 15812 D DataProcessManager: getPeriodBatteryLevelData() startTimestamp=Aug 26, 2025, 10:00:00
08-26 12:00:01.088   999 15812 D DatabaseUtils: sixDaysAgoTimestamp: Aug 20, 2025, 00:00:00
08-26 12:00:01.088   999 15812 D BatteryUsageContentProvider: getQueryTimestamp from uri: content://com.android.settings.battery.usage.provider/batteryStateLatestTimestamp?timestamp=1756227600000
08-26 12:00:01.122   999 15812 D BatteryUsageContentProvider: getBatteryStateLatestTimestamp() no later than 1756227600000 in 0/ms
08-26 12:00:01.131   999 15812 D DatabaseUtils: getBatteryStateLatestTimestamp() batteryStateLatestTimestamp=Aug 26, 2025, 09:00:00 in 43/ms
08-26 12:00:01.142   999 15812 D BatteryUsageContentProvider: getQueryTimestamp from uri: content://com.android.settings.battery.usage.provider/BatteryState?timestamp=1756224000129
08-26 12:00:01.172   999 15812 D BatteryUsageContentProvider: getBatteryStates() after 1756224000129 in 21/ms
08-26 12:00:01.194   999 15812 D DatabaseUtils: getBatteryHistoryMap() size=4 in 63/ms
08-26 12:00:01.201   999 15812 D DataProcessor: getHistoryMapWithExpectedTimestamps() size=5 in 5/ms
08-26 12:00:01.202   999 15812 D DataProcessManager: execute getBatteryLevelData in 155/ms, batteryLevelRecordEvents.size=161
08-26 12:00:01.244   999 15812 D DatabaseUtils: insert() battery event data into database
08-26 12:00:01.245   999 15812 D DatabaseUtils: sendBatteryEventData() size=2 in 39/ms
08-26 12:00:01.245   999 15812 D BatteryUsageDataLoader: preprocessBatteryUsageSlots() batteryLevelData=dailyBatteryLevels: timestamps: [1756227600000, 1756234800000]; levels: [100, 100]; hourlyBatteryLevelsPerDay: [timestamps: [1756227600000, 1756234800000]; levels: [100, 100]] in 199/ms
08-26 12:00:01.245   999 15812 D BatteryUsageDataLoader: loadUsageDataSafely() in 1085/ms
08-26 12:00:01.275   999 15812 D DatabaseUtils: sixDaysAgoTimestamp: Aug 20, 2025, 00:00:00
08-26 12:00:01.279   999 15812 D BatteryUsageContentProvider: getQueryUserIds from uri: content://com.android.settings.battery.usage.provider/AppUsageEvent?timestamp=1756216800000&userid=0
08-26 12:00:01.279   999 15812 D BatteryUsageContentProvider: getQueryTimestamp from uri: content://com.android.settings.battery.usage.provider/AppUsageEvent?timestamp=1756216800000&userid=0
08-26 12:00:01.280   999 15812 W BatteryUsageContentProvider: getAppUsageEvents() in 1/ms
08-26 12:00:01.310   999 15812 D DatabaseUtils: getAppUsageEventForUser userId=0 size=59 in 36/ms
08-26 12:00:01.310   999 15812 D DataProcessManager: execute loadDatabaseAppUsageList size=59 in 36/ms
08-26 12:00:01.311   999 16630 D DatabaseUtils: getBatteryEvents for timestamp: 1756227600000
08-26 12:00:01.312   999 16630 D BatteryUsageContentProvider: getQueryBatteryEventTypes from uri: content://com.android.settings.battery.usage.provider/BatteryEvent?timestamp=1756227600000&batteryEventType=1%2C2
08-26 12:00:01.312   999 16630 D BatteryUsageContentProvider: getQueryTimestamp from uri: content://com.android.settings.battery.usage.provider/BatteryEvent?timestamp=1756227600000&batteryEventType=1%2C2
08-26 12:00:01.323   999 16630 W BatteryUsageContentProvider: getBatteryEvents() in 11/ms
08-26 12:00:01.329   999 16630 D DatabaseUtils: getBatteryEvents size=0 in 17/ms
08-26 12:00:01.329   999 16630 D DataProcessManager: execute loadPowerConnectionBatteryEventList size=0 in 19/ms
08-26 12:00:01.331   999   999 D DataProcessManager: batteryEventList is null or empty
08-26 12:00:01.414   999 16630 W PowerUsageFeatureProviderGoogleImpl: processBatteryReattributeData: disabled
08-26 12:00:01.414   999 16630 D DataProcessManager: execute generateFinalDataAndApplyCallback size=1 in 60/ms
08-26 12:00:01.471   999   999 E SmsApplication: com.google.android.apps.messaging lost android:read_cell_broadcasts:  (fixing)
08-26 12:00:01.471   577  1657 W AppOpService: Ignored setUidMode call for runtime permission app op: uid = 10140, code = READ_CELL_BROADCASTS, mode = allow, callingUid = 1000, oldMode = allow
08-26 12:00:01.503   577  1657 W AppOpService: Ignored setUidMode call for runtime permission app op: uid = 1001, code = READ_SMS, mode = allow, callingUid = 1000, oldMode = allow
08-26 12:00:01.511   577  1657 W AppOpService: Ignored setUidMode call for runtime permission app op: uid = 1001, code = RECEIVE_SMS, mode = allow, callingUid = 1000, oldMode = allow
08-26 12:00:01.513   577   894 W AppOpService: Ignored setUidMode call for runtime permission app op: uid = 1001, code = RECEIVE_WAP_PUSH, mode = allow, callingUid = 1000, oldMode = allow
08-26 12:00:01.515   577   894 W AppOpService: Ignored setUidMode call for runtime permission app op: uid = 1001, code = SEND_SMS, mode = allow, callingUid = 1000, oldMode = allow
08-26 12:00:01.524   577   894 W AppOpService: Ignored setUidMode call for runtime permission app op: uid = 1001, code = READ_CELL_BROADCASTS, mode = allow, callingUid = 1000, oldMode = allow
08-26 12:00:01.544   999   999 D DatabaseUtils: insert() battery usage slots data into database
08-26 12:00:01.544   999   999 D DatabaseUtils: sendBatteryUsageSlotData() size=1 in 14/ms
08-26 12:00:02.266   577  1657 D WifiNl80211Manager: Scan result ready event
08-26 12:00:02.266   577  1657 D WifiNative: Scan result ready event
08-26 12:00:02.298   577   742 I HalDevMgr: bestIfaceCreationProposal is null, requestIface=STA, existingIface=[name=wlan0 type=STA]
08-26 12:00:20.068   577   686 D ActivityManager: freezing 999 com.android.settings
08-26 12:00:20.076   577   686 D ActivityManager: freezing 16278 com.android.keychain
08-26 12:00:57.315   577   808 E ClipboardService: Denying clipboard access to com.android.chrome, application is not in focus nor is it a system service for user 0
08-26 12:00:57.329  1346  1551 I AiAiTranslate: C2T - not in a conversation
08-26 12:00:57.332 13925 13925 I ClipboardListener: Clipboard overlay suppressed.
08-26 12:00:57.395  1346  1551 W AiAiClearcutLogger: Trying to use Clearcut counters (disabled via policy). [CONTEXT ratelimit_period="1 HOURS" skipped=31 ]
08-26 12:01:00.004  1346  1504 I AiAiEcho: Predicting[0]:  [CONTEXT sampling_count=5 ]
08-26 12:01:00.004  1346  1504 I AiAiEcho: EchoTargets: 
08-26 12:01:00.004  1346  1504 I AiAiEcho: Filtered by AiAi flag check: 
08-26 12:01:00.004  1346  1504 I AiAiEcho: [CONTEXT ratelimit_period="10 SECONDS" ]
08-26 12:01:00.004  1346  1504 I AiAiEcho: Ranked targets strategy: SORT, count: 0, ranking metadata:  [CONTEXT ratelimit_period="10 SECONDS" ]
08-26 12:01:00.004  1346  1504 I AiAiEcho: #remoteViewsTwiddler: feature disabled.
08-26 12:01:00.006  1346  1504 I AiAiEcho: Predicting[0]:  [CONTEXT sampling_count=5 ]
08-26 12:01:00.006  1346  1504 I AiAiEcho: EchoTargets: 
08-26 12:01:00.006  1346  1504 I AiAiEcho: Filtered by AiAi flag check: 
08-26 12:01:00.006  1346  1504 I AiAiEcho: [CONTEXT ratelimit_period="10 SECONDS" ]
08-26 12:01:00.008  1346  1504 I AiAiEcho: Ranked targets strategy: SORT, count: 0, ranking metadata:  [CONTEXT ratelimit_period="10 SECONDS" ]
08-26 12:01:00.013  1346  1504 I AiAiEcho: #remoteViewsTwiddler: feature disabled.
08-26 12:01:00.013  1346  1504 I AiAiEcho: #postPredictionTargets: Sending updates to UISurface lockscreen with targets# 0 (types=[])
08-26 12:01:00.016  1346  1504 I AiAiEcho: #postPredictionTargets: Sending updates to UISurface home with targets# 0 (types=[])
08-26 12:01:00.018  1107  1107 D SsBaseTemplateCard: No text view can be set up
08-26 12:01:00.018  1107  1107 D SsBaseTemplateCard: Passed-in item info is null
08-26 12:01:00.018  1107  1107 D SsBaseTemplateCard: Passed-in item info is null
08-26 12:01:00.019  1107  1107 D SsBaseTemplateCard: Passed-in item info is null
08-26 12:01:00.019  1107  1107 I SsBaseTemplateCard: Secondary card pane is null
08-26 12:01:00.067 13925 13925 W PageIndicator: Total number of pages invalid: 0. Assuming 1 page.
08-26 12:01:00.080 13925 13963 D EGL_emulation: app_time_stats: avg=59956.85ms min=59956.85ms max=59956.85ms count=1
08-26 12:01:05.294   577   646 W PackageManager: Not removing package com.google.android.trichromelibrary hosting lib com.google.android.trichromelibrary version 725809438 used by [VersionedPackage[com.google.android.webview/725809438]] for user 0
08-26 12:01:17.573   577   808 E ClipboardService: Denying clipboard access to com.android.chrome, application is not in focus nor is it a system service for user 0
08-26 12:01:17.595  1346  1551 I AiAiTranslate: C2T - not in a conversation
08-26 12:01:17.606 13925 13925 I ClipboardListener: Clipboard overlay suppressed.
08-26 12:01:17.687  1346  1354 W ogle.android.as: ApkAssets: Deleting an ApkAssets object '<empty> and /product/app/Camera2/Camera2.apk' with 1 weak references
08-26 12:01:17.688  1346  1354 W ogle.android.as: ApkAssets: Deleting an ApkAssets object '<empty> and /system_ext/priv-app/SettingsGoogle/SettingsGoogle.apk' with 1 weak references
08-26 12:01:17.689  1346  1354 W ogle.android.as: ApkAssets: Deleting an ApkAssets object '/product/overlay/SettingsGoogle__sdk_gphone64_x86_64__auto_generated_rro_product.apk' with 1 weak references
08-26 12:01:17.696  1346  1354 W ogle.android.as: ApkAssets: Deleting an ApkAssets object '<empty> and /data/app/~~GNteirqMOuGE5IvO-7FV0A==/com.android.vending-0IySm_5U3Dhmqg3quI6BEg==/base.apk' with 1 weak references
08-26 12:01:17.696  1346  1354 W ogle.android.as: ApkAssets: Deleting an ApkAssets object '<empty> and /data/app/~~GNteirqMOuGE5IvO-7FV0A==/com.android.vending-0IySm_5U3Dhmqg3quI6BEg==/split_config.en.apk' with 1 weak references
08-26 12:01:17.696  1346  1354 W ogle.android.as: ApkAssets: Deleting an ApkAssets object '<empty> and /data/app/~~GNteirqMOuGE5IvO-7FV0A==/com.android.vending-0IySm_5U3Dhmqg3quI6BEg==/split_config.x86_64.apk' with 1 weak references
08-26 12:01:17.696  1346  1354 W ogle.android.as: ApkAssets: Deleting an ApkAssets object '<empty> and /data/app/~~GNteirqMOuGE5IvO-7FV0A==/com.android.vending-0IySm_5U3Dhmqg3quI6BEg==/split_phonesky_data_loader.apk' with 1 weak references
08-26 12:01:17.696  1346  1354 W ogle.android.as: ApkAssets: Deleting an ApkAssets object '<empty> and /data/app/~~GNteirqMOuGE5IvO-7FV0A==/com.android.vending-0IySm_5U3Dhmqg3quI6BEg==/split_phonesky_data_loader.config.x86_64.apk' with 1 weak references
08-26 12:01:17.697  1346  1354 W ogle.android.as: ApkAssets: Deleting an ApkAssets object '<empty> and /data/app/~~EN5_kZo_cz_AZpVQ3Zleyw==/com.google.android.apps.messaging-9fc39DB585VT4WH9RhFgdg==/base.apk' with 1 weak references
08-26 12:01:17.697  1346  1354 W ogle.android.as: ApkAssets: Deleting an ApkAssets object '<empty> and /data/app/~~EN5_kZo_cz_AZpVQ3Zleyw==/com.google.android.apps.messaging-9fc39DB585VT4WH9RhFgdg==/split_config.en.apk' with 1 weak references
08-26 12:01:17.697  1346  1354 W ogle.android.as: ApkAssets: Deleting an ApkAssets object '<empty> and /data/app/~~EN5_kZo_cz_AZpVQ3Zleyw==/com.google.android.apps.messaging-9fc39DB585VT4WH9RhFgdg==/split_config.x86_64.apk' with 1 weak references
08-26 12:01:17.697  1346  1354 W ogle.android.as: ApkAssets: Deleting an ApkAssets object '<empty> and /data/app/~~EN5_kZo_cz_AZpVQ3Zleyw==/com.google.android.apps.messaging-9fc39DB585VT4WH9RhFgdg==/split_config.xxhdpi.apk' with 1 weak references
08-26 12:01:17.697  1346  1354 W ogle.android.as: ApkAssets: Deleting an ApkAssets object '<empty> and /data/app/~~dPesJoVH9EE7KfKUm0najA==/com.google.android.dialer-rBst2tvEew2IKcXBcQQATQ==/base.apk' with 1 weak references
08-26 12:01:17.700  1346  1354 W ogle.android.as: ApkAssets: Deleting an ApkAssets object '<empty> and /product/priv-app/SafetyHubPrebuilt/SafetyHubPrebuilt.apk' with 1 weak references
08-26 12:01:17.703  1346  1354 W ogle.android.as: ApkAssets: Deleting an ApkAssets object '<empty> and /data/app/~~E5jofKLMbJqrFgkQ3ImRLQ==/com.google.android.googlequicksearchbox-oF3USt585jD961Kn4Si9OA==/base.apk' with 1 weak references
08-26 12:01:17.703  1346  1354 W ogle.android.as: ApkAssets: Deleting an ApkAssets object '<empty> and /data/app/~~E5jofKLMbJqrFgkQ3ImRLQ==/com.google.android.googlequicksearchbox-oF3USt585jD961Kn4Si9OA==/split_config.xxhdpi.apk' with 1 weak references
08-26 12:01:17.711  1346  1354 W ogle.android.as: ApkAssets: Deleting an ApkAssets object '<empty> and /data/app/~~E5jofKLMbJqrFgkQ3ImRLQ==/com.google.android.googlequicksearchbox-oF3USt585jD961Kn4Si9OA==/split_lens_ondevice_engine_play_ml_module.apk' with 1 weak references
08-26 12:01:17.723  1346  1354 W ogle.android.as: ApkAssets: Deleting an ApkAssets object '<empty> and /data/app/~~Oyl_BV3E0sgLQ2wgvb5zuA==/com.android.chrome-9GSvXWPRr8Gni-zV6RvNsg==/base.apk' with 1 weak references
08-26 12:01:17.726  1346  1354 W ogle.android.as: ApkAssets: Deleting an ApkAssets object '<empty> and /data/app/~~Oyl_BV3E0sgLQ2wgvb5zuA==/com.android.chrome-9GSvXWPRr8Gni-zV6RvNsg==/split_chrome.apk' with 1 weak references
08-26 12:01:17.736  1346  1354 W ogle.android.as: ApkAssets: Deleting an ApkAssets object '<empty> and /data/app/~~Oyl_BV3E0sgLQ2wgvb5zuA==/com.android.chrome-9GSvXWPRr8Gni-zV6RvNsg==/split_config.en.apk' with 1 weak references
08-26 12:01:17.736  1346  1354 W ogle.android.as: ApkAssets: Deleting an ApkAssets object '<empty> and /data/app/~~Oyl_BV3E0sgLQ2wgvb5zuA==/com.android.chrome-9GSvXWPRr8Gni-zV6RvNsg==/split_dev_ui.apk' with 1 weak references
08-26 12:01:17.736  1346  1354 W ogle.android.as: ApkAssets: Deleting an ApkAssets object '<empty> and /data/app/~~Oyl_BV3E0sgLQ2wgvb5zuA==/com.android.chrome-9GSvXWPRr8Gni-zV6RvNsg==/split_google3.apk' with 1 weak references
08-26 12:01:17.739  1346  1354 W ogle.android.as: ApkAssets: Deleting an ApkAssets object '<empty> and /data/app/~~Oyl_BV3E0sgLQ2wgvb5zuA==/com.android.chrome-9GSvXWPRr8Gni-zV6RvNsg==/split_stack_unwinder.apk' with 1 weak references
08-26 12:01:17.739  1346  1354 W ogle.android.as: ApkAssets: Deleting an ApkAssets object '<empty> and /data/app/~~Oyl_BV3E0sgLQ2wgvb5zuA==/com.android.chrome-9GSvXWPRr8Gni-zV6RvNsg==/split_test_dummy.apk' with 1 weak references
08-26 12:01:17.739  1346  1354 W ogle.android.as: ApkAssets: Deleting an ApkAssets object '<empty> and /data/app/~~Apj48RmtujST320ssPbB0Q==/com.google.android.trichromelibrary_725814338-Mc-HAI33_o62ErAXBkBiEw==/base.apk' with 1 weak references
08-26 12:01:17.739  1346  1354 W ogle.android.as: ApkAssets: Deleting an ApkAssets object '<empty> and /system_ext/priv-app/SystemUIGoogle/SystemUIGoogle.apk' with 1 weak references
08-26 12:01:17.739  1346  1354 W ogle.android.as: ApkAssets: Deleting an ApkAssets object '/vendor/overlay/SystemUIGoogle__sdk_gphone64_x86_64__auto_generated_rro_vendor.apk' with 1 weak references
08-26 12:01:17.740  1346  1354 W ogle.android.as: ApkAssets: Deleting an ApkAssets object '/product/overlay/SystemUIGoogle__sdk_gphone64_x86_64__auto_generated_rro_product.apk' with 1 weak references
08-26 12:01:17.740  1346  1354 W ogle.android.as: ApkAssets: Deleting an ApkAssets object '/product/overlay/SystemUIEmulationPixel9ProXL/SystemUIEmulationPixel9ProXLOverlay.apk' with 1 weak references
08-26 12:01:17.740  1346  1354 W ogle.android.as: ApkAssets: Deleting an ApkAssets object '<empty> and /data/app/~~mSC8mEa8x1IXKRfJ84zreA==/com.google.android.apps.docs-i-V493zMLWctA29D556Qpw==/base.apk' with 1 weak references
08-26 12:01:17.743  1346  1354 W ogle.android.as: ApkAssets: Deleting an ApkAssets object '<empty> and /data/app/~~mSC8mEa8x1IXKRfJ84zreA==/com.google.android.apps.docs-i-V493zMLWctA29D556Qpw==/split_config.en.apk' with 1 weak references
08-26 12:01:17.755  1346  1354 W ogle.android.as: ApkAssets: Deleting an ApkAssets object '<empty> and /data/app/~~mSC8mEa8x1IXKRfJ84zreA==/com.google.android.apps.docs-i-V493zMLWctA29D556Qpw==/split_config.x86_64.apk' with 1 weak references
08-26 12:01:17.755  1346  1354 W ogle.android.as: ApkAssets: Deleting an ApkAssets object '<empty> and /data/app/~~mSC8mEa8x1IXKRfJ84zreA==/com.google.android.apps.docs-i-V493zMLWctA29D556Qpw==/split_config.xxhdpi.apk' with 1 weak references
08-26 12:01:17.755  1346  1354 W ogle.android.as: ApkAssets: Deleting an ApkAssets object '<empty> and /data/app/~~mdtcrdGhSn-XdpRBeI7ZzA==/com.google.android.apps.maps-LBUPeGLWPZ-WC3KflHIrxw==/base.apk' with 1 weak references
08-26 12:01:17.755  1346  1354 W ogle.android.as: ApkAssets: Deleting an ApkAssets object '<empty> and /data/app/~~mdtcrdGhSn-XdpRBeI7ZzA==/com.google.android.apps.maps-LBUPeGLWPZ-WC3KflHIrxw==/split_config.en.apk' with 1 weak references
08-26 12:01:17.756  1346  1354 W ogle.android.as: ApkAssets: Deleting an ApkAssets object '<empty> and /data/app/~~mdtcrdGhSn-XdpRBeI7ZzA==/com.google.android.apps.maps-LBUPeGLWPZ-WC3KflHIrxw==/split_config.x86_64.apk' with 1 weak references
08-26 12:01:17.756  1346  1354 W ogle.android.as: ApkAssets: Deleting an ApkAssets object '<empty> and /data/app/~~mdtcrdGhSn-XdpRBeI7ZzA==/com.google.android.apps.maps-LBUPeGLWPZ-WC3KflHIrxw==/split_config.xxhdpi.apk' with 1 weak references
08-26 12:01:17.756  1346  1354 W ogle.android.as: ApkAssets: Deleting an ApkAssets object '<empty> and /data/app/~~N9G4j2jIx_KoVjRfseLBgQ==/com.google.android.apps.photos-GbJzMMIMXrr0DdUXtvWFZQ==/base.apk' with 1 weak references
08-26 12:01:17.756  1346  1354 W ogle.android.as: ApkAssets: Deleting an ApkAssets object '<empty> and /data/app/~~N9G4j2jIx_KoVjRfseLBgQ==/com.google.android.apps.photos-GbJzMMIMXrr0DdUXtvWFZQ==/split_config.en.apk' with 1 weak references
08-26 12:01:17.756  1346  1354 W ogle.android.as: ApkAssets: Deleting an ApkAssets object '<empty> and /data/app/~~N9G4j2jIx_KoVjRfseLBgQ==/com.google.android.apps.photos-GbJzMMIMXrr0DdUXtvWFZQ==/split_config.x86_64.apk' with 1 weak references
08-26 12:01:17.756  1346  1354 W ogle.android.as: ApkAssets: Deleting an ApkAssets object '<empty> and /data/app/~~N9G4j2jIx_KoVjRfseLBgQ==/com.google.android.apps.photos-GbJzMMIMXrr0DdUXtvWFZQ==/split_config.xxhdpi.apk' with 1 weak references
08-26 12:01:17.756  1346  1354 W ogle.android.as: ApkAssets: Deleting an ApkAssets object '<empty> and /data/app/~~22gHf9xQKo9JlRAXikjaYg==/com.google.android.apps.wellbeing-S-hAf0ntjhubdr5_UV284Q==/base.apk' with 1 weak references
08-26 12:01:17.756  1346  1354 W ogle.android.as: ApkAssets: Deleting an ApkAssets object '<empty> and /data/app/~~22gHf9xQKo9JlRAXikjaYg==/com.google.android.apps.wellbeing-S-hAf0ntjhubdr5_UV284Q==/split_config.xxhdpi.apk' with 1 weak references
08-26 12:01:17.757  1346  1354 W ogle.android.as: ApkAssets: Deleting an ApkAssets object '<empty> and /data/app/~~eTHBHHGBBXIae5eJrxSlzg==/com.google.android.apps.youtube.music-3lZZNxXhQHXZnfy4siLuGw==/base.apk' with 1 weak references
08-26 12:01:17.757  1346  1354 W ogle.android.as: ApkAssets: Deleting an ApkAssets object '<empty> and /data/app/~~eTHBHHGBBXIae5eJrxSlzg==/com.google.android.apps.youtube.music-3lZZNxXhQHXZnfy4siLuGw==/split_config.en.apk' with 1 weak references
08-26 12:01:17.757  1346  1354 W ogle.android.as: ApkAssets: Deleting an ApkAssets object '<empty> and /data/app/~~eTHBHHGBBXIae5eJrxSlzg==/com.google.android.apps.youtube.music-3lZZNxXhQHXZnfy4siLuGw==/split_config.xxhdpi.apk' with 1 weak references
08-26 12:01:17.757  1346  1354 W ogle.android.as: ApkAssets: Deleting an ApkAssets object '<empty> and /data/app/~~gIlSqoJmZzmNeMFcOlJ_bA==/com.google.android.calendar-7MS3_UUho3WLBQzC7dwIGw==/base.apk' with 1 weak references
08-26 12:01:17.757  1346  1354 W ogle.android.as: ApkAssets: Deleting an ApkAssets object '<empty> and /data/app/~~gIlSqoJmZzmNeMFcOlJ_bA==/com.google.android.calendar-7MS3_UUho3WLBQzC7dwIGw==/split_config.en.apk' with 1 weak references
08-26 12:01:17.757  1346  1354 W ogle.android.as: ApkAssets: Deleting an ApkAssets object '<empty> and /data/app/~~gIlSqoJmZzmNeMFcOlJ_bA==/com.google.android.calendar-7MS3_UUho3WLBQzC7dwIGw==/split_config.x86_64.apk' with 1 weak references
08-26 12:01:17.757  1346  1354 W ogle.android.as: ApkAssets: Deleting an ApkAssets object '<empty> and /data/app/~~gIlSqoJmZzmNeMFcOlJ_bA==/com.google.android.calendar-7MS3_UUho3WLBQzC7dwIGw==/split_config.xxhdpi.apk' with 1 weak references
08-26 12:01:17.757  1346  1354 W ogle.android.as: ApkAssets: Deleting an ApkAssets object '<empty> and /data/app/~~wjJZid8_TisxyHCSMf5dQQ==/com.google.android.contacts-UWYtWz0eBhGMZJcpcgR9UA==/base.apk' with 1 weak references
08-26 12:01:17.759  1346  1354 W ogle.android.as: ApkAssets: Deleting an ApkAssets object '<empty> and /data/app/~~wjJZid8_TisxyHCSMf5dQQ==/com.google.android.contacts-UWYtWz0eBhGMZJcpcgR9UA==/split_config.en.apk' with 1 weak references
08-26 12:01:17.760  1346  1354 W ogle.android.as: ApkAssets: Deleting an ApkAssets object '<empty> and /data/app/~~wjJZid8_TisxyHCSMf5dQQ==/com.google.android.contacts-UWYtWz0eBhGMZJcpcgR9UA==/split_config.x86_64.apk' with 1 weak references
08-26 12:01:17.760  1346  1354 W ogle.android.as: ApkAssets: Deleting an ApkAssets object '<empty> and /data/app/~~wjJZid8_TisxyHCSMf5dQQ==/com.google.android.contacts-UWYtWz0eBhGMZJcpcgR9UA==/split_config.xxhdpi.apk' with 1 weak references
08-26 12:01:17.760  1346  1354 W ogle.android.as: ApkAssets: Deleting an ApkAssets object '<empty> and /data/app/~~YomyGU7PwxBgz11z6qDQFA==/com.google.android.deskclock-qYX0_dFkTPlU93QHwcWuqw==/base.apk' with 1 weak references
08-26 12:01:17.765  1346  1354 W ogle.android.as: ApkAssets: Deleting an ApkAssets object '<empty> and /data/app/~~YomyGU7PwxBgz11z6qDQFA==/com.google.android.deskclock-qYX0_dFkTPlU93QHwcWuqw==/split_config.xxhdpi.apk' with 1 weak references
08-26 12:01:17.765  1346  1354 W ogle.android.as: ApkAssets: Deleting an ApkAssets object '<empty> and /data/app/~~LmB0AnPRAyhy9qJKJmzWrA==/com.google.android.gm-MoT-taBAQP5_WazzpONDzw==/base.apk' with 1 weak references
08-26 12:01:17.765  1346  1354 W ogle.android.as: ApkAssets: Deleting an ApkAssets object '<empty> and /data/app/~~LmB0AnPRAyhy9qJKJmzWrA==/com.google.android.gm-MoT-taBAQP5_WazzpONDzw==/split_config.en.apk' with 1 weak references
08-26 12:01:17.765  1346  1354 W ogle.android.as: ApkAssets: Deleting an ApkAssets object '<empty> and /data/app/~~LmB0AnPRAyhy9qJKJmzWrA==/com.google.android.gm-MoT-taBAQP5_WazzpONDzw==/split_config.x86_64.apk' with 1 weak references
08-26 12:01:17.765  1346  1354 W ogle.android.as: ApkAssets: Deleting an ApkAssets object '<empty> and /data/app/~~LmB0AnPRAyhy9qJKJmzWrA==/com.google.android.gm-MoT-taBAQP5_WazzpONDzw==/split_config.xxhdpi.apk' with 1 weak references
08-26 12:01:17.765  1346  1354 W ogle.android.as: ApkAssets: Deleting an ApkAssets object '<empty> and /product/priv-app/SettingsIntelligenceGooglePrebuilt/SettingsIntelligenceGooglePrebuilt.apk' with 1 weak references
08-26 12:01:17.765  1346  1354 W ogle.android.as: ApkAssets: Deleting an ApkAssets object '<empty> and /data/app/~~sT1Ra5wBMY2z_0HKnIqpZg==/com.google.android.youtube-n82LcE7KQznKyt3azLxgoA==/base.apk' with 1 weak references
08-26 12:01:17.771  1346  1354 W ogle.android.as: ApkAssets: Deleting an ApkAssets object '<empty> and /data/app/~~sT1Ra5wBMY2z_0HKnIqpZg==/com.google.android.youtube-n82LcE7KQznKyt3azLxgoA==/split_config.en.apk' with 1 weak references
08-26 12:01:17.771  1346  1354 W ogle.android.as: ApkAssets: Deleting an ApkAssets object '<empty> and /data/app/~~sT1Ra5wBMY2z_0HKnIqpZg==/com.google.android.youtube-n82LcE7KQznKyt3azLxgoA==/split_config.x86_64.apk' with 1 weak references
08-26 12:01:17.771  1346  1354 W ogle.android.as: ApkAssets: Deleting an ApkAssets object '<empty> and /data/app/~~sT1Ra5wBMY2z_0HKnIqpZg==/com.google.android.youtube-n82LcE7KQznKyt3azLxgoA==/split_config.xxhdpi.apk' with 1 weak references
08-26 12:01:17.771  1346  1354 W ogle.android.as: ApkAssets: Deleting an ApkAssets object '<empty> and /data/app/~~V6Nsa4wCf8e_Qz75DiCGUA==/com.skyfire.solarapp-nDu-558HoBanZAQL-nk0Wg==/base.apk' with 1 weak references
08-26 12:01:20.206   896  1922 D ApfFilter: (wlan0): Adding RA fe80::2 -> ff02::1 1800s fec0::/64 86400s/14400s DNS 1200000s fec0::3 
08-26 12:01:20.944 13925 13963 D EGL_emulation: app_time_stats: avg=10427.53ms min=889.23ms max=19965.83ms count=2
08-26 12:01:28.216  1061 16533 D StrictMode: StrictMode policy violation: android.os.strictmode.NonSdkApiUsedViolation: Ljava/net/Socket;->impl:Ljava/net/SocketImpl;
08-26 12:01:28.216  1061 16533 D StrictMode: 	at android.os.StrictMode.lambda$static$1(StrictMode.java:436)
08-26 12:01:28.216  1061 16533 D StrictMode: 	at android.os.StrictMode$$ExternalSyntheticLambda2.accept(D8$$SyntheticClass:0)
08-26 12:01:28.216  1061 16533 D StrictMode: 	at java.lang.Class.getDeclaredField(Native Method)
08-26 12:01:28.216  1061 16533 D StrictMode: 	at com.google.android.gms.org.conscrypt.Platform.getFileDescriptor(:com.google.android.gms@253031038@25.30.31 (260800-786424874):5)
08-26 12:01:28.216  1061 16533 D StrictMode: 	at com.google.android.gms.org.conscrypt.ConscryptFileDescriptorSocket$SSLOutputStream.write(:com.google.android.gms@253031038@25.30.31 (260800-786424874):9)
08-26 12:01:28.216  1061 16533 D StrictMode: 	at hcie.aA(:com.google.android.gms@253031038@25.30.31 (260800-786424874):8)
08-26 12:01:28.216  1061 16533 D StrictMode: 	at hcie.j(:com.google.android.gms@253031038@25.30.31 (260800-786424874):5)
08-26 12:01:28.216  1061 16533 D StrictMode: 	at brgx.call(:com.google.android.gms@253031038@25.30.31 (260800-786424874):32)
08-26 12:01:28.216  1061 16533 D StrictMode: 	at esyx.run(:com.google.android.gms@253031038@25.30.31 (260800-786424874):5)
08-26 12:01:28.216  1061 16533 D StrictMode: 	at badt.c(:com.google.android.gms@253031038@25.30.31 (260800-786424874):50)
08-26 12:01:28.216  1061 16533 D StrictMode: 	at badt.run(:com.google.android.gms@253031038@25.30.31 (260800-786424874):70)
08-26 12:01:28.216  1061 16533 D StrictMode: 	at java.util.concurrent.ThreadPoolExecutor.runWorker(ThreadPoolExecutor.java:1145)
08-26 12:01:28.216  1061 16533 D StrictMode: 	at java.util.concurrent.ThreadPoolExecutor$Worker.run(ThreadPoolExecutor.java:644)
08-26 12:01:28.216  1061 16533 D StrictMode: 	at bajl.run(:com.google.android.gms@253031038@25.30.31 (260800-786424874):8)
08-26 12:01:28.216  1061 16533 D StrictMode: 	at java.lang.Thread.run(Thread.java:1012)
08-26 12:01:28.216  1061 16436 I AlarmManager: setExactAndAllowWhileIdle [name: GCM_HB_ALARM type: 2 triggerAtMillis: 48005119]
08-26 12:01:28.230  1061 16436 W WakeLock: GCM_HB_ALARM release without a matched acquire!
08-26 12:01:28.299  1061 15047 D StrictMode: StrictMode policy violation: android.os.strictmode.NonSdkApiUsedViolation: Ljava/net/Socket;->impl:Ljava/net/SocketImpl;
08-26 12:01:28.299  1061 15047 D StrictMode: 	at android.os.StrictMode.lambda$static$1(StrictMode.java:436)
08-26 12:01:28.299  1061 15047 D StrictMode: 	at android.os.StrictMode$$ExternalSyntheticLambda2.accept(D8$$SyntheticClass:0)
08-26 12:01:28.299  1061 15047 D StrictMode: 	at java.lang.Class.getDeclaredField(Native Method)
08-26 12:01:28.299  1061 15047 D StrictMode: 	at com.google.android.gms.org.conscrypt.Platform.getFileDescriptor(:com.google.android.gms@253031038@25.30.31 (260800-786424874):5)
08-26 12:01:28.299  1061 15047 D StrictMode: 	at com.google.android.gms.org.conscrypt.ConscryptFileDescriptorSocket$SSLInputStream.read(:com.google.android.gms@253031038@25.30.31 (260800-786424874):10)
08-26 12:01:28.299  1061 15047 D StrictMode: 	at hcia.Y(:com.google.android.gms@253031038@25.30.31 (260800-786424874):1)
08-26 12:01:28.299  1061 15047 D StrictMode: 	at hcia.ac(:com.google.android.gms@253031038@25.30.31 (260800-786424874):66)
08-26 12:01:28.299  1061 15047 D StrictMode: 	at hcia.ab(:com.google.android.gms@253031038@25.30.31 (260800-786424874):1)
08-26 12:01:28.299  1061 15047 D StrictMode: 	at hcia.a(:com.google.android.gms@253031038@25.30.31 (260800-786424874):8)
08-26 12:01:28.299  1061 15047 D StrictMode: 	at bric.run(:com.google.android.gms@253031038@25.30.31 (260800-786424874):25)
08-26 12:01:28.299  1061 15047 D StrictMode: 	at badt.c(:com.google.android.gms@253031038@25.30.31 (260800-786424874):50)
08-26 12:01:28.299  1061 15047 D StrictMode: 	at badt.run(:com.google.android.gms@253031038@25.30.31 (260800-786424874):70)
08-26 12:01:28.299  1061 15047 D StrictMode: 	at java.util.concurrent.ThreadPoolExecutor.runWorker(ThreadPoolExecutor.java:1145)
08-26 12:01:28.299  1061 15047 D StrictMode: 	at java.util.concurrent.ThreadPoolExecutor$Worker.run(ThreadPoolExecutor.java:644)
08-26 12:01:28.299  1061 15047 D StrictMode: 	at bajl.run(:com.google.android.gms@253031038@25.30.31 (260800-786424874):8)
08-26 12:01:28.299  1061 15047 D StrictMode: 	at java.lang.Thread.run(Thread.java:1012)
08-26 12:01:28.323  1061 16533 I AlarmManager: setExactAndAllowWhileIdle [name: GCM_HB_ALARM type: 2 triggerAtMillis: 48295227]
08-26 12:01:29.036  2196  2417 D WM-NetworkStateTracker: Network capabilities changed: [ Transports: WIFI Capabilities: NOT_METERED&INTERNET&NOT_RESTRICTED&TRUSTED&NOT_VPN&VALIDATED&NOT_ROAMING&FOREGROUND&NOT_CONGESTED&NOT_SUSPENDED&NOT_VCN_MANAGED&NOT_BANDWIDTH_CONSTRAINED LinkUpBandwidth>=12000Kbps LinkDnBandwidth>=30000Kbps TransportInfo: <SSID: <unknown ssid>, BSSID: 02:00:00:00:00:00, MAC: 02:00:00:00:00:00, IP: /10.0.2.16, Security type: 0, Supplicant state: COMPLETED, Wi-Fi standard: legacy, RSSI: -50, Link speed: 5Mbps, Tx Link speed: 5Mbps, Max Supported Tx Link speed: 11Mbps, Rx Link speed: 2Mbps, Max Supported Rx Link speed: 11Mbps, Frequency: 2447MHz, Net ID: -1, Metered hint: false, score: 60, isUsable: true, CarrierMerged: false, SubscriptionId: -1, IsPrimary: -1, Trusted: true, Restricted: false, Ephemeral: false, OEM paid: false, OEM private: false, OSU AP: false, FQDN: <none>, Provider friendly name: <none>, Requesting package name: <none><none>MLO Information: , Is TID-To-Link negotiation supported by the AP: false, AP MLD Address: <none>, AP MLO Link Id: <none>, AP MLO Affiliated links: <none>, Vendor Data: <none>> SignalStrength: -50 UnderlyingNetworks: Null]
