08-26 23:03:19.503   905  1043 D DhcpClient: Broadcasting DHCPREQUEST ciaddr=0.0.0.0 request=10.0.2.16 serverid=null
08-26 23:03:19.512  1349  1697 I aewc    : (REDACTED) FCF SilentRingerChecker, ringer mode %d
08-26 23:03:19.512  1349  1697 I aevd    : FCF NotificationReadAccessEnabledChecker - isNotificationReadAccessEnabled
08-26 23:03:19.516   372   372 D Zygote  : Forked child process 2130
08-26 23:03:19.518  1303  1303 V MediaStore: Examining volume emulated;0 with name external_primary and state mounted
08-26 23:03:19.518  1303  1303 V MediaStore: Examining volume public:253,80 with name 0000-0000 and state mounted
08-26 23:03:19.518  2091  2091 W ziparchive: Unable to open '/data/app/~~GNteirqMOuGE5IvO-7FV0A==/com.android.vending-0IySm_5U3Dhmqg3quI6BEg==/split_config.en.dm': No such file or directory
08-26 23:03:19.518  2091  2091 W ziparchive: Unable to open '/data/app/~~GNteirqMOuGE5IvO-7FV0A==/com.android.vending-0IySm_5U3Dhmqg3quI6BEg==/split_config.en.dm': No such file or directory
08-26 23:03:19.519  2091  2091 W android.vending: Entry not found
08-26 23:03:19.519  2091  2091 W ziparchive: Unable to open '/data/app/~~GNteirqMOuGE5IvO-7FV0A==/com.android.vending-0IySm_5U3Dhmqg3quI6BEg==/split_config.x86_64.dm': No such file or directory
08-26 23:03:19.519  2091  2091 W ziparchive: Unable to open '/data/app/~~GNteirqMOuGE5IvO-7FV0A==/com.android.vending-0IySm_5U3Dhmqg3quI6BEg==/split_config.x86_64.dm': No such file or directory
08-26 23:03:19.519  2091  2091 W android.vending: Entry not found
08-26 23:03:19.519  1318  1633 I SP.AiAi : Registering text-classifier-annotator.272525175, url: https://gstatic.com/matchmaker/tclib_models/annotator/v803/en/superpacks_manifest.zip, constraints: *:*:*:*, flags: *, requested: 272525175, current: -1
08-26 23:03:19.520  2091  2091 W ziparchive: Unable to open '/data/app/~~GNteirqMOuGE5IvO-7FV0A==/com.android.vending-0IySm_5U3Dhmqg3quI6BEg==/split_phonesky_data_loader.dm': No such file or directory
08-26 23:03:19.520  2091  2091 W ziparchive: Unable to open '/data/app/~~GNteirqMOuGE5IvO-7FV0A==/com.android.vending-0IySm_5U3Dhmqg3quI6BEg==/split_phonesky_data_loader.dm': No such file or directory
08-26 23:03:19.520  2091  2091 W android.vending: Entry not found
08-26 23:03:19.520  1318  1633 I SP.AiAi : Registering text-classifier-actions.1140547708, url: https://gstatic.com/matchmaker/tclib_models/actions/v104/en-us/superpacks_manifest.zip, constraints: *:*:*:*, flags: *, requested: 1140547708, current: -1
08-26 23:03:19.520  2091  2091 W ziparchive: Unable to open '/data/app/~~GNteirqMOuGE5IvO-7FV0A==/com.android.vending-0IySm_5U3Dhmqg3quI6BEg==/split_phonesky_data_loader.config.x86_64.dm': No such file or directory
08-26 23:03:19.520  2091  2091 W ziparchive: Unable to open '/data/app/~~GNteirqMOuGE5IvO-7FV0A==/com.android.vending-0IySm_5U3Dhmqg3quI6BEg==/split_phonesky_data_loader.config.x86_64.dm': No such file or directory
08-26 23:03:19.520  2091  2091 W android.vending: Entry not found
08-26 23:03:19.520  1318  1633 I SP.AiAi : Registering text-classifier-langid.1941001461, url: https://gstatic.com/matchmaker/tclib_models/langid/v1/superpacks_manifest.zip, constraints: *:*:*:*, flags: *, requested: 1941001461, current: -1
08-26 23:03:19.522  2091  2091 D nativeloader: Configuring clns-7 for other apk /data/app/~~GNteirqMOuGE5IvO-7FV0A==/com.android.vending-0IySm_5U3Dhmqg3quI6BEg==/base.apk:/data/app/~~GNteirqMOuGE5IvO-7FV0A==/com.android.vending-0IySm_5U3Dhmqg3quI6BEg==/split_config.en.apk:/data/app/~~GNteirqMOuGE5IvO-7FV0A==/com.android.vending-0IySm_5U3Dhmqg3quI6BEg==/split_config.x86_64.apk:/data/app/~~GNteirqMOuGE5IvO-7FV0A==/com.android.vending-0IySm_5U3Dhmqg3quI6BEg==/split_phonesky_data_loader.apk:/data/app/~~GNteirqMOuGE5IvO-7FV0A==/com.android.vending-0IySm_5U3Dhmqg3quI6BEg==/split_phonesky_data_loader.config.x86_64.apk. target_sdk_version=35, uses_libraries=, library_path=/data/app/~~GNteirqMOuGE5IvO-7FV0A==/com.android.vending-0IySm_5U3Dhmqg3quI6BEg==/lib/x86_64:/data/app/~~GNteirqMOuGE5IvO-7FV0A==/com.android.vending-0IySm_5U3Dhmqg3quI6BEg==/base.apk!/lib/x86_64:/data/app/~~GNteirqMOuGE5IvO-7FV0A==/com.android.vending-0IySm_5U3Dhmqg3quI6BEg==/split_config.en.apk!/lib/x86_64:/data/app/~~GNteirqMOuGE5IvO-7FV0A==/com.android.vending-0IySm_5U3Dhmqg3quI6BEg==/split
08-26 23:03:19.525  2130  2130 I .adservices.api: Using CollectorTypeCMC GC.
08-26 23:03:19.526  2130  2130 W .adservices.api: Unexpected CPU variant for x86: x86_64.
08-26 23:03:19.526  2130  2130 W .adservices.api: Known variants: atom, sandybridge, silvermont, goldmont, goldmont-plus, goldmont-without-sha-xsaves, tremont, kabylake, default
08-26 23:03:19.526  1258  1787 I PhenotypeModule: PhenotypeModule.handleResult():380 fetchAndUpdate() : Success, hasFlags=true, fetchStatus=mve[reason=ON_CREATE, timestamp=1756274594776, isFullFetch=true, success=true, fetchedFlagsCount=1385, deletedFlagsCount=0, isEmpty=false, isDelta=false, totalTime=4729, failureMessage=null, registeredFormFactor=null, fetchedFormFactor=phone, serverToken=CAMScA1p15vyAAPvD8cZkgavBgetBPgB-gbDA6kEjAOvA40EsjfUBr8G7yTJEwP_BQfHCg-TBQ-CADIADd_w3QME2gQE1gAEAQS7FwQpBAEE3w8E_AMEogYEvQUEZwTHDw_kAgTTBA9ZBQwPkQYFBg-eBQQ=]
08-26 23:03:19.526  2091  2091 D CompatChangeReporter: Compat change id reported: 202956589; UID 10142; state: ENABLED
08-26 23:03:19.526  1258  1787 I PhenotypeModule: PhenotypeModule$2.onSuccess():195 Fetch at onCreate(): true
08-26 23:03:19.531  2130  2130 E .adservices.api: Not starting debugger since process cannot load the jdwp agent.
08-26 23:03:19.533  1349  1682 I aeuk    : (REDACTED) FCF System FeatureName to check: %s
08-26 23:03:19.535  1318  1456 I AiAiEcho: #postPredictionTargets: Sending updates to UISurface home with targets# 0 (types=[])
08-26 23:03:19.535  1318  1456 I AiAiEcho: #postPredictionTargets: Sending updates to UISurface home with targets# 0 (types=[])
08-26 23:03:19.539  1033  1042 I FontLog : (REDACTED) Pulling font file for id = %d, cache size = %d
08-26 23:03:19.540   574  1728 D ShortcutService: Getting shortcuts for launcher= com.google.android.asuser=0 pkg=null
08-26 23:03:19.541   828  1148 V ActivityThread: getPackageInfo() caused update to cached ApplicationInfo for package android
08-26 23:03:19.543  2130  2130 D nativeloader: Load libframework-connectivity-tiramisu-jni.so using APEX ns com_android_tethering for caller /apex/com.android.tethering/javalib/framework-connectivity-t.jar: ok
08-26 23:03:19.546  1349  1697 I aeuk    : (REDACTED) FCF System FeatureName to check: %s
08-26 23:03:19.561  1258  1258 I BaseClearcutAdapter: BaseClearcutAdapter.queryAndUpdateUserCheckboxOptIn():273 Checkbox = false
08-26 23:03:19.563  2091  2091 V GraphicsEnvironment: Currently set values for:
08-26 23:03:19.563  2091  2091 V GraphicsEnvironment:   angle_gl_driver_selection_pkgs=[]
08-26 23:03:19.563  2091  2091 V GraphicsEnvironment:   angle_gl_driver_selection_values=[]
08-26 23:03:19.563  2091  2091 V GraphicsEnvironment: Global.Settings values are invalid: number of packages: 0, number of values: 0
08-26 23:03:19.563  2091  2091 V GraphicsEnvironment: Neither updatable production driver nor prerelease driver is supported.
08-26 23:03:19.568  1349  1682 I aeuk    : (REDACTED) FCF: Device model check status : %s
08-26 23:03:19.572   574  1477 W PackageManager: Cannot suspend package "com.android.emulator.multidisplay": has OP_SYSTEM_EXEMPT_FROM_SUSPENSION set
08-26 23:03:19.572  1780  1915 I cmnc    : (REDACTED) Device Compliance Fetch time taken = %sms
08-26 23:03:19.572  1780  1915 I cmnc    : Device is compliant!
08-26 23:03:19.573  1780  1915 I cmnc    : Invoking "compliant" action...
08-26 23:03:19.577   574   594 D ConnectivityService: requestNetwork for uid/pid:1000/574 asUid: 10143 activeRequest: null callbackRequest: 77 [NetworkRequest [ REQUEST id=78, [ Capabilities: INTERNET&NOT_RESTRICTED&TRUSTED&NOT_VCN_MANAGED&NOT_BANDWIDTH_CONSTRAINED Uid: 10143 RequestorUid: 1000 RequestorPkg: android UnderlyingNetworks: Null] ]] callback flags: 0 order: 2147483647 isUidTracked: false
08-26 23:03:19.577   971   971 D CarrierKeyDownloadManager [0]: device fully unlocked, isRequiredToHandleUnlock = false, slotIndex = 0  hasActiveDataNetwork = false
08-26 23:03:19.577   503   503 W libgoldfish-rild: Multi-element reporting criteria are not supported with HIDL HAL
08-26 23:03:19.577   971   971 D IntentBroadcaster: Rebroadcasting intent android.intent.action.SIM_STATE_CHANGED NOT_READY for slotId 0
08-26 23:03:19.582   574   744 D ConnectivityService: NetReassign [no changes] [c 0] [a 0] [i 0]
08-26 23:03:19.583  1680  1874 I TrainerGrpcBindableService: Cancelling training succeeded [population=aiai/playstore/contentcapture, session=contentcapture]
08-26 23:03:19.583  1680  1874 W System.err: val in interceptor: null
08-26 23:03:19.583  1680  1874 I TrainerGrpcBindableService: Cancelling training succeeded [population=aiai/playstore/pecanconversationsessionevents, session=pecanconversationsessionevents]
08-26 23:03:19.583  1680  1874 W System.err: val in interceptor: null
08-26 23:03:19.586  1680  1874 I TrainerGrpcBindableService: Cancelling training succeeded [population=aiai/playstore/pecanconversationthreadevents, session=pecanconversationthreadevents]
08-26 23:03:19.586  1680  1874 W System.err: val in interceptor: null
08-26 23:03:19.588  1680  1874 I TrainerGrpcBindableService: Cancelling training succeeded [population=aiai/playstore/pecanmessageevents, session=pecanmessageevents]
08-26 23:03:19.588  1680  1874 W System.err: val in interceptor: null
08-26 23:03:19.591  1680  1874 I TrainerGrpcBindableService: Cancelling training succeeded [population=aiai/playstore/toastquery, session=toastquery]
08-26 23:03:19.593  1680  1874 W System.err: val in interceptor: null
08-26 23:03:19.593  1680  1874 I TrainerGrpcBindableService: Cancelling training succeeded [population=aiai/playstore/autofill, session=autofill]
08-26 23:03:19.594  1680  1874 W System.err: val in interceptor: null
08-26 23:03:19.595  1033  1779 W Settings: Setting airplane_mode_on has moved from android.provider.Settings.System to android.provider.Settings.Global, returning read-only value.
08-26 23:03:19.595  1680  1874 I TrainerGrpcBindableService: Cancelling training succeeded [population=aiai/playstore/pecansearchqueryevents, session=pecansearchqueryevents]
08-26 23:03:19.595  1680  1874 W System.err: val in interceptor: null
08-26 23:03:19.596  1680  1874 I TrainerGrpcBindableService: Cancelling training succeeded [population=aiai/playstore/search, session=search]
08-26 23:03:19.596  1680  1874 W System.err: val in interceptor: null
08-26 23:03:19.598  1680  1874 I TrainerGrpcBindableService: Cancelling training succeeded [population=aiai/playstore/livetranslate, session=livetranslate]
08-26 23:03:19.599  1680  1874 W System.err: val in interceptor: null
08-26 23:03:19.599  1680  1874 I TrainerGrpcBindableService: Cancelling training succeeded [population=aiai/playstore/pecanconversationfragmentevents, session=pecanconversationfragmentevents]
08-26 23:03:19.599  1680  1874 W System.err: val in interceptor: null
08-26 23:03:19.601  1033  1779 W SystemServiceRegistry: No service published for: wifirtt
08-26 23:03:19.601   905  1043 D DhcpClient: Received packet: 02:15:b2:00:00:00 ACK: your new IP /10.0.2.16, netmask /255.255.255.0, gateways [/10.0.2.2] DNS servers: /10.0.2.3 , lease time 86400, domain null
08-26 23:03:19.613   495   507 D installd: Found quota mount /dev/block/dm-46 at /data
08-26 23:03:19.613   495   507 D installd: Found quota mount /dev/block/dm-46 at /data/user/0
08-26 23:03:19.613   495   507 D installd: Found quota mount /dev/block/dm-46 at /mnt/pass_through/0/emulated
08-26 23:03:19.614  1303  1303 V MediaStore: Examining volume emulated;0 with name external_primary and state mounted
08-26 23:03:19.614  1303  1303 V MediaStore: Examining volume public:253,80 with name 0000-0000 and state mounted
08-26 23:03:19.614   495   507 D installd: Found storage mount /dev/block/dm-46 at /mnt/pass_through/0/emulated
08-26 23:03:19.614   495   507 D installd: Found storage mount /dev/block/vold/public:253,80 at /mnt/pass_through/0/0000-0000
08-26 23:03:19.614   495   507 D installd: Found storage mount  at /mnt/pass_through/0/0000-0000
08-26 23:03:19.614  1318  1619 E AiAiEcho: EchoSearch: SettingsFetcherImpl: DB already exists.
08-26 23:03:19.624  1033  1042 I FontLog : (REDACTED) Received query %s, URI %s
08-26 23:03:19.624  1033  1042 I FontLog : (REDACTED) Query [%s] resolved to %s
08-26 23:03:19.626  1033  1042 I FontLog : (REDACTED) Font PFD returned from cache for %s
08-26 23:03:19.626  1349  1697 I aeuk    : (REDACTED) FCF: Device model check status : %s
08-26 23:03:19.626  1349  1697 I afum    : (REDACTED) #SpokenNotif #isSupportedDeviceConnected: %s
08-26 23:03:19.626  1349  1697 I afem    : (REDACTED) #SpokenNotif #FCF: isSupportedDeviceConnected: %s
08-26 23:03:19.626  1349  1697 I aeux    : FCF Dnd Checker - isDndNonEnabled
08-26 23:03:19.629   905  1043 D IpClient.wlan0: set max DTIM multiplier to 2
08-26 23:03:19.629  1033  1042 I FontLog : (REDACTED) Fetch %s end status %s
08-26 23:03:19.639   905  1043 D DhcpClient: Confirmed lease: com.android.networkstack.android.net.DhcpResults@8587a94b DHCP server /10.0.2.2 Vendor info null lease 86400 seconds Servername 
08-26 23:03:19.642  1318  1633 I SP.AiAi : Starting garbage collection
08-26 23:03:19.645  1349  1682 I akfp    : (REDACTED) #maybeUpdateGeminiOnLockscreenSetting fallback to v0, persist=%s
08-26 23:03:19.646  1318  1633 I SP.AiAi : GC for 'global' (1) with ttl of 172800000 ms took 3 ms (2/1/0)
08-26 23:03:19.650  1483  1483 I chromium: [INFO:components/supervised_user/core/browser/android/content_filters_observer_bridge.cc:87] ContentFiltersObserverBridge not initialized: feature disabled
08-26 23:03:19.650  1483  1483 I chromium: [INFO:components/supervised_user/core/browser/android/content_filters_observer_bridge.cc:87] ContentFiltersObserverBridge not initialized: feature disabled
08-26 23:03:19.651  1033  2144 I FontLog : (REDACTED) Pulling font file for id = %d, cache size = %d
08-26 23:03:19.665  1349  1682 I aewc    : (REDACTED) FCF SilentRingerChecker, ringer mode %d
08-26 23:03:19.666  1349  1682 I aeud    : (REDACTED) #FCF: Notification Announcement enabled: %s
08-26 23:03:19.666  1349  1682 I aevd    : FCF NotificationReadAccessEnabledChecker - isNotificationReadAccessEnabled
08-26 23:03:19.666  1349  1682 I aeuk    : (REDACTED) FCF System FeatureName to check: %s
08-26 23:03:19.666  1349  1682 I aeuk    : (REDACTED) FCF: Device model check status : %s
08-26 23:03:19.667  1349  1682 I azjc    : (REDACTED) getInitialSimplifiedOobeViaDeeplinkUser: %b
08-26 23:03:19.667  1349  1682 I amle    : (REDACTED) isDeeplinkEnabled %s, isInitialSimplifiedOobeViaDeeplinkUser %s
08-26 23:03:19.667  1349  1682 I afbm    : User not OptedIn. Skipping Eligibility Checks.
08-26 23:03:19.667  1349  1682 I aezu    : Robin is not eligible or not opted-in
08-26 23:03:19.667  1349  1682 I aezu    : (REDACTED) Headphone Integration status: %s
08-26 23:03:19.669  1349  1770 I aeuk    : (REDACTED) FCF System FeatureName to check: %s
08-26 23:03:19.671   574  1481 E JobScheduler.JobStatus: App com.google.android.inputmethod.latin became active but still in NEVER bucket
08-26 23:03:19.671   574   700 D StorageManagerService: Volume emulated;0 broadcasting mounted to UserHandle{0}
08-26 23:03:19.671  1349  1770 I aeuk    : (REDACTED) FCF: Device model check status : %s
08-26 23:03:19.671  1349  1770 I aeuk    : (REDACTED) FCF System FeatureName to check: %s
08-26 23:03:19.671  1349  1770 I aeuk    : (REDACTED) FCF: Device model check status : %s
08-26 23:03:19.671  1349  1770 I afam    : (REDACTED) #evaluate: isEnabled = %s failure reasons: %s
08-26 23:03:19.672  1349  1770 I afao    : (REDACTED) #evaluate: isEnabled = %s failure reasons: %s
08-26 23:03:19.672  1349  1770 I aeuk    : (REDACTED) FCF System FeatureName to check: %s
08-26 23:03:19.672  1349  1770 I aeuk    : (REDACTED) FCF: Device model check status : %s
08-26 23:03:19.672  1349  1770 I afay    : (REDACTED) #evaluate: isEnabled[ = %s failure reasons: %s
08-26 23:03:19.672  1349  1770 I adga    : Not connecting: not eligible for ondevice ASR and fulfillment
08-26 23:03:19.673  1483  1483 W chromium: [WARNING:components/gcm_driver/instance_id/instance_id_android.cc:101] Non-zero TTL requested for InstanceID token, while TTLs are not supported by Android Firebase IID API.
08-26 23:03:19.680   574   618 W ActivityManager: Slow operation: 129ms so far, now at startProcess: done updating battery stats
08-26 23:03:19.680   574   618 W ActivityManager: Slow operation: 201ms so far, now at startProcess: building log message
08-26 23:03:19.680   574   618 I ActivityManager: Start proc 2130:com.google.android.adservices.api/u0a189 for service {com.google.android.adservices.api/com.android.adservices.measurement.MeasurementService}
08-26 23:03:19.680   574   618 W ActivityManager: Slow operation: 201ms so far, now at startProcess: starting to update pids map
08-26 23:03:19.681   574   618 W ActivityManager: Slow operation: 202ms so far, now at startProcess: done updating pids map
08-26 23:03:19.683   574   924 E JobScheduler.JobStatus: App com.google.android.inputmethod.latin became active but still in NEVER bucket
08-26 23:03:19.685  1483  1896 W InstanceID: Instance ID SDK is deprecated, com.android.chrome should update to use Firebase Instance ID
08-26 23:03:19.685   574   731 D WifiNetworkFactory: got request NetworkRequest [ REQUEST id=78, [ Capabilities: INTERNET&NOT_RESTRICTED&TRUSTED&NOT_VCN_MANAGED&NOT_BANDWIDTH_CONSTRAINED Uid: 10143 RequestorUid: 1000 RequestorPkg: android UnderlyingNetworks: Null] ]
08-26 23:03:19.686   574   731 D UntrustedWifiNetworkFactory: got request NetworkRequest [ REQUEST id=78, [ Capabilities: INTERNET&NOT_RESTRICTED&TRUSTED&NOT_VCN_MANAGED&NOT_BANDWIDTH_CONSTRAINED Uid: 10143 RequestorUid: 1000 RequestorPkg: android UnderlyingNetworks: Null] ]
08-26 23:03:19.686   574   731 D OemPaidWifiNetworkFactory: got request NetworkRequest [ REQUEST id=78, [ Capabilities: INTERNET&NOT_RESTRICTED&TRUSTED&NOT_VCN_MANAGED&NOT_BANDWIDTH_CONSTRAINED Uid: 10143 RequestorUid: 1000 RequestorPkg: android UnderlyingNetworks: Null] ]
08-26 23:03:19.686   574   731 D MultiInternetWifiNetworkFactory: got request NetworkRequest [ REQUEST id=78, [ Capabilities: INTERNET&NOT_RESTRICTED&TRUSTED&NOT_VCN_MANAGED&NOT_BANDWIDTH_CONSTRAINED Uid: 10143 RequestorUid: 1000 RequestorPkg: android UnderlyingNetworks: Null] ]
08-26 23:03:19.693  1349  1682 I akfp    : (REDACTED) #maybeUpdateGeminiOnLockscreenSetting fallback to v0, persist=%s
08-26 23:03:19.694   828   828 D NavigationModeController: ACTION_OVERLAY_CHANGED
08-26 23:03:19.694   828   828 D NavigationModeController: getCurrentUserContext: contextUser=0 currentUser=0
08-26 23:03:19.694   828   828 D NavigationModeController: getCurrentInteractionMode: mode=2 contextUser=0
08-26 23:03:19.694   828   828 D NavigationModeController: updateCurrentInteractionMode: mode=2
08-26 23:03:19.694   828   828 D NavigationModeController:   contextUser=0
08-26 23:03:19.694   828   828 D NavigationModeController:   assetPaths=
08-26 23:03:19.694   828   828 D NavigationModeController:     <empty> and /system/framework/framework-res.apk
08-26 23:03:19.695   828   828 D NavigationModeController:     /vendor/overlay/framework-res__sdk_gphone64_x86_64__auto_generated_rro_vendor.apk
08-26 23:03:19.695   828   828 D NavigationModeController:     /product/overlay/GoogleConfigOverlay.apk
08-26 23:03:19.695   828   828 D NavigationModeController:     /product/overlay/GoogleWebViewOverlay.apk
08-26 23:03:19.695   828   828 D NavigationModeController:     /product/overlay/LargeScreenConfigOverlay.apk
08-26 23:03:19.695   828   828 D NavigationModeController:     /product/overlay/PixelConfigOverlayCommon.apk
08-26 23:03:19.695   828   828 D NavigationModeController:     /product/overlay/framework-res__sdk_gphone64_x86_64__auto_generated_rro_product.apk
08-26 23:03:19.696   828   828 D NavigationModeController:     /product/overlay/RanchuCommonOverlay.apk
08-26 23:03:19.696   828   828 D NavigationModeController:     <empty> and /system_ext/priv-app/SystemUIGoogle/SystemUIGoogle.apk
08-26 23:03:19.696   828   828 D NavigationModeController:     /product/overlay/EmulationPixel9ProXL/EmulationPixel9ProXLOverlay.apk
08-26 23:03:19.696   828   828 D NavigationModeController:     /product/overlay/NavigationBarModeGestural/NavigationBarModeGesturalOverlay.apk
08-26 23:03:19.696   828   828 D NavigationModeController:     /vendor/overlay/SystemUIGoogle__sdk_gphone64_x86_64__auto_generated_rro_vendor.apk
08-26 23:03:19.696   828   828 D NavigationModeController:     /product/overlay/SystemUIGoogle__sdk_gphone64_x86_64__auto_generated_rro_product.apk
08-26 23:03:19.696   828   828 D NavigationModeController:     /product/overlay/SystemUIEmulationPixel9ProXL/SystemUIEmulationPixel9ProXLOverlay.apk
08-26 23:03:19.697   828   828 D NavigationModeController: getCurrentUserContext: contextUser=0 currentUser=0
08-26 23:03:19.702  1349  1682 I aeud    : (REDACTED) #FCF: Notification Announcement enabled: %s
08-26 23:03:19.708   574  1477 W PackageManager: Cannot suspend package "com.android.settings": has OP_SYSTEM_EXEMPT_FROM_SUSPENSION set
08-26 23:03:19.714   828   828 D NextClockAlarmCtlr: User unlock received
08-26 23:03:19.716   828   828 D PowerNotificationWarningsGoogleImpl: onReceive: android.intent.action.BATTERY_CHANGED
08-26 23:03:19.716   828   828 D IncompatibleChargerNotification: dispatchIntent: android.intent.action.BATTERY_CHANGED
08-26 23:03:19.717   828   828 I ThemeOverlayController: Wallpaper changed from background app, keep deferring color events. Accepting: true
08-26 23:03:19.721   574  1480 D ConnectivityService: requestNetwork for uid/pid:1000/574 asUid: 10140 activeRequest: null callbackRequest: 79 [NetworkRequest [ TRACK_DEFAULT id=80, [ Capabilities: INTERNET&NOT_RESTRICTED&TRUSTED&NOT_VCN_MANAGED&NOT_BANDWIDTH_CONSTRAINED Uid: 10140 RequestorUid: 1000 RequestorPkg: android UnderlyingNetworks: Null] ], NetworkRequest [ REQUEST id=81, [ Transports: SATELLITE Capabilities: INTERNET&TRUSTED&NOT_VCN_MANAGED Uid: 10140 RequestorUid: 1000 RequestorPkg: android UnderlyingNetworks: Null] ]] callback flags: 0 order: 2147483647 isUidTracked: false
08-26 23:03:19.722   574   731 E WifiStaIfaceAidlImpl: setDtimMultiplier failed with service-specific exception: android.os.ServiceSpecificException:  (code 4)
08-26 23:03:19.725  1362  1838 D BugleRcsEngine: log_saver already enabled
08-26 23:03:19.729   371   371 E Netd    : no such netId 100
08-26 23:03:19.730   371   371 E Netd    : no such netId 100
08-26 23:03:19.737  1101  1157 D LoaderTask: update icon cache
08-26 23:03:19.737  1349  1682 I dhvk    : (REDACTED) Initializing managed lifecycle(%s)
08-26 23:03:19.738  1349  1682 I dhvk    : (REDACTED) Initializing managed lifecycle(%s)
08-26 23:03:19.738  1349  1682 I aeju    : #registerBistoDevicesAvailabilityListener
08-26 23:03:19.738  1349  1682 I azjc    : (REDACTED) getInitialSimplifiedOobeViaDeeplinkUser: %b
08-26 23:03:19.738  1349  1682 I amle    : (REDACTED) isDeeplinkEnabled %s, isInitialSimplifiedOobeViaDeeplinkUser %s
08-26 23:03:19.738  1349  1682 I afbm    : User not OptedIn. Skipping Eligibility Checks.
08-26 23:03:19.738  1349  1770 I azjc    : (REDACTED) getInitialSimplifiedOobeViaDeeplinkUser: %b
08-26 23:03:19.739  1349  1682 I aezu    : Robin is not eligible or not opted-in
08-26 23:03:19.739  1349  1770 I amle    : (REDACTED) isDeeplinkEnabled %s, isInitialSimplifiedOobeViaDeeplinkUser %s
08-26 23:03:19.739  1349  1682 I aezu    : (REDACTED) Headphone Integration status: %s
08-26 23:03:19.739  1349  1682 I aier    : (REDACTED) #isRobinOnlyLocale checkedLocale:%s language:%s list:%s
08-26 23:03:19.744  1423  1568 D WM-SystemJobScheduler: Scheduling work ID 2b93c90a-6865-4169-8d42-edc1f1eb8df8Job ID 810
08-26 23:03:19.744  1780  1959 W System  : ClassLoader referenced unknown path: 
08-26 23:03:19.744  1780  1959 D nativeloader: Configuring clns-8 for other apk . target_sdk_version=36, uses_libraries=, library_path=/data/app/~~JLLeSoxFH9gn-ejMFmU1hQ==/com.google.android.gms-6a32bMNWqYYlAuqwqAAiQw==/lib/x86_64:/data/app/~~JLLeSoxFH9gn-ejMFmU1hQ==/com.google.android.gms-6a32bMNWqYYlAuqwqAAiQw==/base.apk!/lib/x86_64, permitted_path=/data:/mnt/expand:/data/user/0/com.google.android.gms
08-26 23:03:19.745  1349  1697 W aeux    : Notification Policy access not granted.
08-26 23:03:19.745  1349  1697 I aetr    : (REDACTED) #FCF: Assistant primary locale : %s
08-26 23:03:19.745  1349  1697 I aetr    : (REDACTED) #FCF: Assistant Primary locale check status : %s
08-26 23:03:19.745  1349  1697 I azjc    : (REDACTED) getInitialSimplifiedOobeViaDeeplinkUser: %b
08-26 23:03:19.746  1349  1697 I amle    : (REDACTED) isDeeplinkEnabled %s, isInitialSimplifiedOobeViaDeeplinkUser %s
08-26 23:03:19.748  1349  1682 I aeub    : (REDACTED) #FCF: Gemini on Lockscreen enabled: %s
08-26 23:03:19.748  1349  1682 I aeub    : (REDACTED) #FCF: Gemini on Lockscreen enabled: %s
08-26 23:03:19.748  1349  1682 I aezb    : (REDACTED) #evaluate: isEnabled = %s failure reasons: %s
08-26 23:03:19.749  1349  1682 I azjc    : (REDACTED) getInitialSimplifiedOobeViaDeeplinkUser: %b
08-26 23:03:19.749  1349  1682 I amle    : (REDACTED) isDeeplinkEnabled %s, isInitialSimplifiedOobeViaDeeplinkUser %s
08-26 23:03:19.749  1349  1682 I afbm    : User not OptedIn. Skipping Eligibility Checks.
08-26 23:03:19.749  1349  1682 I aezu    : Robin is not eligible or not opted-in
08-26 23:03:19.749  1349  1682 I aezu    : (REDACTED) Headphone Integration status: %s
08-26 23:03:19.749  1349  1583 I azjc    : (REDACTED) getInitialSimplifiedOobeViaDeeplinkUser: %b
08-26 23:03:19.749  1349  1682 I afet    : (REDACTED) #SpokenNotif #FCF evaluate: %s
08-26 23:03:19.749  1349  1583 I amle    : (REDACTED) isDeeplinkEnabled %s, isInitialSimplifiedOobeViaDeeplinkUser %s
08-26 23:03:19.749  1349  1682 I aezp    : Failure Reasons: 
08-26 23:03:19.749  1349  1682 I aezp    : SPOKEN_NOTIFICATIONS_SUPPORTED_HEADSET_NOT_CONNECTED
08-26 23:03:19.749  1349  1682 I aezp    : DND_FILTER_STATE_UNRECOGNIZED
08-26 23:03:19.749  1033  1033 D BoundBrokerSvc: onBind: Intent { act=com.google.android.gms.auth.aang.events.services.START dat=chimera-action:/... cmp=com.google.android.gms/.chimera.PersistentApiService }
08-26 23:03:19.749  1349  1682 I aezp    : NOTIFICATION_ANNOUNCEMENT_SETTINGS_DISABLED
08-26 23:03:19.749  1033  1033 D BoundBrokerSvc: Loading bound service for intent: Intent { act=com.google.android.gms.auth.aang.events.services.START dat=chimera-action:/... cmp=com.google.android.gms/.chimera.PersistentApiService }
08-26 23:03:19.750  1349  1682 I aezp    : NOTIFICATION_READ_ACCESS_DISABLED
08-26 23:03:19.750  1349  1682 I afet    : (REDACTED) NotificationAnnouncementChecker#evaluateInternal completed in %s millis
08-26 23:03:19.750  1349  1682 I afum    : (REDACTED) #SpokenNotif #isSupportedDeviceConnected: %s
08-26 23:03:19.750  1349  1682 I afem    : (REDACTED) #SpokenNotif #FCF: isSupportedDeviceConnected: %s
08-26 23:03:19.750  1349  1682 I afet    : (REDACTED) #FCF NotificationAnnouncementChecker#isHeadsetConnected %s
08-26 23:03:19.750  1349  1682 I afet    : (REDACTED) #SpokenNotif #FCF evaluate: %s
08-26 23:03:19.750  1349  1682 I aezp    : Failure Reasons: 
08-26 23:03:19.750  1349  1682 I aezp    : SPOKEN_NOTIFICATIONS_SUPPORTED_HEADSET_NOT_CONNECTED
08-26 23:03:19.750  1349  1682 I aezp    : DND_FILTER_STATE_UNRECOGNIZED
08-26 23:03:19.750  1349  1682 I aezp    : NOTIFICATION_ANNOUNCEMENT_SETTINGS_DISABLED
08-26 23:03:19.750  1349  1682 I aezp    : NOTIFICATION_READ_ACCESS_DISABLED
08-26 23:03:19.750  1101  1157 D LoaderTask: save shortcuts in icon cache
08-26 23:03:19.750  1349  1682 I afet    : (REDACTED) NotificationAnnouncementChecker#evaluateInternal completed in %s millis
08-26 23:03:19.750  1101  1157 D LoaderTask: step 2 complete
08-26 23:03:19.750  1487  2151 I 43-ServiceEntitlementIn: (REDACTED) [%s] onCreate
08-26 23:03:19.750  1349  1682 I aeuk    : (REDACTED) FCF System FeatureName to check: %s
08-26 23:03:19.751  1349  1583 I afbm    : User not OptedIn. Skipping Eligibility Checks.
08-26 23:03:19.751  1349  1682 I aeuk    : (REDACTED) FCF: Device model check status : %s
08-26 23:03:19.751  1349  1682 I aeuk    : (REDACTED) FCF System FeatureName to check: %s
08-26 23:03:19.751  1349  1682 I aeuk    : (REDACTED) FCF: Device model check status : %s
08-26 23:03:19.751  1349  1682 I aeuk    : (REDACTED) FCF System FeatureName to check: %s
08-26 23:03:19.751  1349  1682 I aeuk    : (REDACTED) FCF: Device model check status : %s
08-26 23:03:19.751  1349  1682 I azjc    : (REDACTED) getInitialSimplifiedOobeViaDeeplinkUser: %b
08-26 23:03:19.751  1349  1682 I amle    : (REDACTED) isDeeplinkEnabled %s, isInitialSimplifiedOobeViaDeeplinkUser %s
08-26 23:03:19.751  1349  1682 I afbm    : User not OptedIn. Skipping Eligibility Checks.
08-26 23:03:19.752  1349  1682 I aftm    : (REDACTED) evaluateNotificationAnnouncementCheckerConditions: %s
08-26 23:03:19.752  1349  1682 I aftm    : (REDACTED) evaluateNotificationAnnouncementCheckerConditions: %s
08-26 23:03:19.754   574  1726 D ShortcutService: Getting shortcuts for launcher= com.google.android.apps.nexuslauncheruser=0 pkg=null
08-26 23:03:19.758  1101  1157 D LoaderTask: loadDeepShortcuts
08-26 23:03:19.759  1487  2151 I constellation: [sim_state_checker] Handling intent Intent { act=android.intent.action.SIM_STATE_CHANGED flg=0x15000010 pkg=com.google.android.gms cmp=com.google.android.gms/.chimera.GmsIntentOperationService (has extras) }
08-26 23:03:19.759  1483  1483 I cr_SmsProviderGms: construction successfull LB5@d4aea7a, IB5@b3322b
08-26 23:03:19.759  1101  1157 D LoaderTask: bindDeepShortcuts
08-26 23:03:19.760  1101  1157 D LoaderTask: save deep shortcuts in icon cache
08-26 23:03:19.760  1780  1959 W chbox:googleapp: ClassLoaderContext classpath element checksum mismatch. expected=1809036108, found=201386749 (DLC[];PCL[base.apk*1809036108]{PCL[/system/framework/org.apache.http.legacy.jar*437079508]#PCL[/system/framework/com.android.media.remotedisplay.jar*2042759013]#PCL[/system/framework/com.android.location.provider.jar*3414091812]#PCL[/system_ext/framework/androidx.window.extensions.jar*1060046784]#PCL[/system_ext/framework/androidx.window.sidecar.jar*2147524027]} | DLC[];PCL[/data/app/~~E5jofKLMbJqrFgkQ3ImRLQ==/com.google.android.googlequicksearchbox-oF3USt585jD961Kn4Si9OA==/base.apk*201386749]{PCL[/system/framework/org.apache.http.legacy.jar*437079508]#PCL[/system_ext/framework/androidx.window.extensions.jar*1060046784]#PCL[/system_ext/framework/androidx.window.sidecar.jar*2147524027]})
08-26 23:03:19.763  1101  1157 D LoaderTask: step 3 complete
08-26 23:03:19.766  1349  1682 I aftm    : SpokenNotifications conditions are not satisfied, not registering observer
08-26 23:03:19.766   574  1479 E JobScheduler.JobStatus: App com.google.android.inputmethod.latin became active but still in NEVER bucket
08-26 23:03:19.772   574   744 D ConnectivityService: Setting DNS servers for network 100 to [/fec0::3]
08-26 23:03:19.780   574   924 E JobScheduler.JobStatus: App com.google.android.inputmethod.latin became active but still in NEVER bucket
08-26 23:03:19.781  1349  1682 I dhvk    : (REDACTED) Initializing managed lifecycle(%s)
08-26 23:03:19.783   574   901 W ParceledListSlice: Element #26 is 20024 bytes.
08-26 23:03:19.783   574   901 W ParceledListSlice: Element #27 is 20204 bytes.
08-26 23:03:19.784   574   901 W ParceledListSlice: Element #28 is 20464 bytes.
08-26 23:03:19.787   574   901 W ParceledListSlice: Element #29 is 19928 bytes.
08-26 23:03:19.809   828   828 W PageIndicator: Total number of pages invalid: 0. Assuming 1 page.
08-26 23:03:19.810   828   828 I Choreographer: Skipped 73 frames!  The application may be doing too much work on its main thread.
08-26 23:03:19.817  1349  1682 I aftm    : (REDACTED) SpokenNotifications status updated: %s
08-26 23:03:19.818  1349  1697 I aeuk    : (REDACTED) FCF System FeatureName to check: %s
08-26 23:03:19.818  1349  1697 I aeuk    : (REDACTED) FCF: Device model check status : %s
08-26 23:03:19.818  1349  1697 I afbq    : #isGeminiDefaultSystemFeatureEnabled: false
08-26 23:03:19.818  1349  1697 I dhbl    : (REDACTED) Invocations routing has changed
08-26 23:03:19.818  1349  1697 I dhbl    : %s
08-26 23:03:19.822  1487  2155 I 43-ServiceEntitlementIn: (REDACTED) [%s] Unavailable Open Gateway Interfaces (OGI) for 3P
08-26 23:03:19.822  1487  2155 I 43-ServiceEntitlementIn: (REDACTED) [%s] onDestroy
08-26 23:03:19.826  1349  1682 I aftm    : SpokenNotifications conditions are not satisfied, calling #unregisterNotificationListener
08-26 23:03:19.826  1349  1682 I aftm    : Unregistering the notification listener
08-26 23:03:19.826  1349  1682 I dkna    : #SpokenNotif #unregisterAutoReadNotificationListener()
08-26 23:03:19.834   905  1043 D IpClient/wlan0: addressUpdated: 10.0.2.16/24 on ifindex 16 flags 0x00000080 scope 0
08-26 23:03:19.840  1318  1634 I WM-WorkerWrapper: Worker result SUCCESS for Work [ id=87a59273-7cc4-435f-8066-11cb7ca8ad9e, tags={ com.google.android.apps.miphone.aiai.chronicle.impl.packagemonitor.PackageMonitoringWorker,PackageMonitoringWorker } ]
08-26 23:03:19.845  1101  1157 W PackageManager: Failure retrieving text 0x7f130786 in package com.android.systemui
08-26 23:03:19.845  1101  1157 W PackageManager: android.content.res.Resources$NotFoundException: String resource ID #0x7f130786
08-26 23:03:19.845  1101  1157 W PackageManager: 	at android.content.res.Resources.getText(Resources.java:466)
08-26 23:03:19.845  1101  1157 W PackageManager: 	at android.app.ApplicationPackageManager.getText(ApplicationPackageManager.java:2405)
08-26 23:03:19.845  1101  1157 W PackageManager: 	at android.appwidget.AppWidgetProviderInfo.loadDescription(AppWidgetProviderInfo.java:484)
08-26 23:03:19.845  1101  1157 W PackageManager: 	at com.android.launcher3.model.WidgetItem.<init>(go/retraceme 2855a437b73635ce9cad76b9289087e631bbb67fc90008a0da13d343a00e5041:4)
08-26 23:03:19.845  1101  1157 W PackageManager: 	at com.android.launcher3.model.WidgetsModel.update(go/retraceme 2855a437b73635ce9cad76b9289087e631bbb67fc90008a0da13d343a00e5041:72)
08-26 23:03:19.845  1101  1157 W PackageManager: 	at com.android.launcher3.model.LoaderTask.run(go/retraceme 2855a437b73635ce9cad76b9289087e631bbb67fc90008a0da13d343a00e5041:390)
08-26 23:03:19.845  1101  1157 W PackageManager: 	at android.os.Handler.handleCallback(Handler.java:959)
08-26 23:03:19.845  1101  1157 W PackageManager: 	at android.os.Handler.dispatchMessage(Handler.java:100)
08-26 23:03:19.845  1101  1157 W PackageManager: 	at android.os.Looper.loopOnce(Looper.java:232)
08-26 23:03:19.845  1101  1157 W PackageManager: 	at android.os.Looper.loop(Looper.java:317)
08-26 23:03:19.845  1101  1157 W PackageManager: 	at android.os.HandlerThread.run(HandlerThread.java:85)
08-26 23:03:19.847  1349  1682 I aejx    : #onBluetoothAudioInputDevicesChanged
08-26 23:03:19.847  1349  1682 W aftm    : Notification listener unregistration failed
08-26 23:03:19.847  1349  1682 I aeil    : (REDACTED) starting updateConfig, reason: %s
08-26 23:03:19.847  1349  1682 I dhvk    : (REDACTED) Initializing managed lifecycle(%s)
08-26 23:03:19.847  1349  1682 I dhvk    : (REDACTED) Initializing managed lifecycle(%s)
08-26 23:03:19.847  1349  1682 I aeka    : Try refreshing cohort for user
08-26 23:03:19.855  2087  2087 W ziparchive: Unable to open '/data/app/~~c7nS3Ddu1rkEZ2R7zNW08Q==/com.google.android.tts-fsizE8orgcZdIbAyc6Vc5A==/split_config.en.dm': No such file or directory
08-26 23:03:19.855  2087  2087 W ziparchive: Unable to open '/data/app/~~c7nS3Ddu1rkEZ2R7zNW08Q==/com.google.android.tts-fsizE8orgcZdIbAyc6Vc5A==/split_config.en.dm': No such file or directory
08-26 23:03:19.855  2087  2087 W gle.android.tts: Entry not found
08-26 23:03:19.856  2087  2087 W ziparchive: Unable to open '/data/app/~~c7nS3Ddu1rkEZ2R7zNW08Q==/com.google.android.tts-fsizE8orgcZdIbAyc6Vc5A==/split_config.x86_64.dm': No such file or directory
08-26 23:03:19.856  2087  2087 W ziparchive: Unable to open '/data/app/~~c7nS3Ddu1rkEZ2R7zNW08Q==/com.google.android.tts-fsizE8orgcZdIbAyc6Vc5A==/split_config.x86_64.dm': No such file or directory
08-26 23:03:19.856  2087  2087 W gle.android.tts: Entry not found
08-26 23:03:19.856   574   731 I WifiClientModeImpl[15125:wlan0]: Update current security type to 0
08-26 23:03:19.856  2087  2087 W ziparchive: Unable to open '/data/app/~~c7nS3Ddu1rkEZ2R7zNW08Q==/com.google.android.tts-fsizE8orgcZdIbAyc6Vc5A==/split_config.xxhdpi.dm': No such file or directory
08-26 23:03:19.856  2087  2087 W ziparchive: Unable to open '/data/app/~~c7nS3Ddu1rkEZ2R7zNW08Q==/com.google.android.tts-fsizE8orgcZdIbAyc6Vc5A==/split_config.xxhdpi.dm': No such file or directory
08-26 23:03:19.856  2087  2087 W gle.android.tts: Entry not found
08-26 23:03:19.857   574   731 W ContextImpl: Calling a method in the system process without a qualified user: android.app.ContextImpl.sendStickyBroadcast:1655 com.android.server.wifi.ClientModeImpl.sendNetworkChangeBroadcast:3121 com.android.server.wifi.ClientModeImpl.lambda$sendNetworkChangeBroadcastWithCurrentState$14:3098 com.android.server.wifi.ClientModeImpl.$r8$lambda$mtuS9ulugUkTxNA_sDDnAioo66w:0 com.android.server.wifi.ClientModeImpl$$ExternalSyntheticLambda13.send:0 
08-26 23:03:19.857  2087  2087 D nativeloader: Configuring clns-7 for other apk /data/app/~~c7nS3Ddu1rkEZ2R7zNW08Q==/com.google.android.tts-fsizE8orgcZdIbAyc6Vc5A==/base.apk:/data/app/~~c7nS3Ddu1rkEZ2R7zNW08Q==/com.google.android.tts-fsizE8orgcZdIbAyc6Vc5A==/split_config.en.apk:/data/app/~~c7nS3Ddu1rkEZ2R7zNW08Q==/com.google.android.tts-fsizE8orgcZdIbAyc6Vc5A==/split_config.x86_64.apk:/data/app/~~c7nS3Ddu1rkEZ2R7zNW08Q==/com.google.android.tts-fsizE8orgcZdIbAyc6Vc5A==/split_config.xxhdpi.apk. target_sdk_version=36, uses_libraries=, library_path=/data/app/~~c7nS3Ddu1rkEZ2R7zNW08Q==/com.google.android.tts-fsizE8orgcZdIbAyc6Vc5A==/lib/x86_64:/data/app/~~c7nS3Ddu1rkEZ2R7zNW08Q==/com.google.android.tts-fsizE8orgcZdIbAyc6Vc5A==/base.apk!/lib/x86_64:/data/app/~~c7nS3Ddu1rkEZ2R7zNW08Q==/com.google.android.tts-fsizE8orgcZdIbAyc6Vc5A==/split_config.en.apk!/lib/x86_64:/data/app/~~c7nS3Ddu1rkEZ2R7zNW08Q==/com.google.android.tts-fsizE8orgcZdIbAyc6Vc5A==/split_config.x86_64.apk!/lib/x86_64:/data/app/~~c7nS3Ddu1rkEZ2R7zNW08Q==/com.google.android.tts-fsizE8orgcZdIbAyc6V
08-26 23:03:19.865   574   600 W BLASTSyncEngine: Sync group 6 timeout
08-26 23:03:19.865   574   600 W BLASTSyncEngine: Sync group 6 timed-out because not ready. If you see this, please file a bug.
08-26 23:03:19.865   574   600 E Transition: #6 readiness timeout, used=false deferReadyDepth=0 group={}
08-26 23:03:19.873   574  1478 D ConnectivityService: requestNetwork for uid/pid:10146/1483 activeRequest: null callbackRequest: 82 [NetworkRequest [ REQUEST id=83, [ Capabilities: INTERNET&NOT_RESTRICTED&TRUSTED&NOT_VCN_MANAGED&NOT_BANDWIDTH_CONSTRAINED Uid: 10146 RequestorUid: 10146 RequestorPkg: com.android.chrome UnderlyingNetworks: Null] ]] callback flags: 0 order: 2147483647 isUidTracked: false
08-26 23:03:19.875  1423  1683 I akok    : Refreshing cohort details.
08-26 23:03:19.875  1483  2159 I CameraManagerGlobal: Connecting to camera service
08-26 23:03:19.875  1349  1695 I dpvf    : (REDACTED) AppFlow %s is about to be transmitted
08-26 23:03:19.875  1349  1695 I dpvf    : (REDACTED) AppFlow %s is about to be transmitted
08-26 23:03:19.884   828  1284 V WindowManagerShell: onTransitionReady(transaction=2465311228240)
08-26 23:03:19.888  2087  2087 V GraphicsEnvironment: Currently set values for:
08-26 23:03:19.888  2087  2087 V GraphicsEnvironment:   angle_gl_driver_selection_pkgs=[]
08-26 23:03:19.889  2087  2087 V GraphicsEnvironment:   angle_gl_driver_selection_values=[]
08-26 23:03:19.889  2087  2087 V GraphicsEnvironment: Global.Settings values are invalid: number of packages: 0, number of values: 0
08-26 23:03:19.889  2087  2087 V GraphicsEnvironment: Neither updatable production driver nor prerelease driver is supported.
08-26 23:03:19.896   574  1714 W ActivityManager: Slow operation: 138ms so far, now at attachApplicationLocked: after updateOomAdjLocked
08-26 23:03:19.898   574   593 W UserManagerService: Requested status bar icon for non-badged user 0
08-26 23:03:19.910   574   597 V WindowManager: Sent Transition (#6) createdAt=08-26 23:03:15.553 via request=TransitionRequestInfo { type = CHANGE, triggerTask = null, pipTask = null, remoteTransition = null, displayChange = DisplayChange { displayId = 0, startAbsBounds = Rect(0, 0 - 1344, 2992), endAbsBounds = Rect(0, 0 - 1344, 2992), startRotation = 0, endRotation = 0, physicalDisplayChanged = false }, flags = 0, debugId = 6 }
08-26 23:03:19.911   574   597 V WindowManager:     startWCT=WindowContainerTransaction { changes = {} hops = [] errorCallbackToken=null taskFragmentOrganizer=null }
08-26 23:03:19.911   574   597 V WindowManager:     info={id=6 t=CHANGE f=0x0 trk=3 r=[] c=[]}
08-26 23:03:19.911   828   859 V WindowManagerShell: onTransitionReady (#6) android.os.BinderProxy@a58b481: {id=6 t=CHANGE f=0x0 trk=3 r=[] c=[]}
08-26 23:03:19.911   828   859 V WindowManagerShell: No transition roots in (#6) android.os.BinderProxy@a58b481@3 so abort
08-26 23:03:19.912   574  1478 D FileUtils: Rounded bytes from 15917400064 to 16000000000
08-26 23:03:19.915  1318  1633 I SP.AiAi : Scheduling job with delay of 0s for {W:C:I:l, bg}, 5 candidates
08-26 23:03:19.919   828   859 V WindowManagerShell: Transition animation finished (aborted=true), notifying core (#6) android.os.BinderProxy@a58b481@3
08-26 23:03:19.929  1349  1770 I ddoi    : (REDACTED) isAppDefaultAssistant setting: %s
08-26 23:03:19.929  1349  1770 I ddoi    : (REDACTED) isAppDefaultAssistant defaultComponentName: %s
08-26 23:03:19.929   574   597 V WindowManager: Finish Transition (#6): created at 08-26 23:03:15.553 collect-started=2307.993ms request-sent=2748.062ms started=2785.108ms ready=-23553.452ms sent=4313.678ms finished=4370.527ms
08-26 23:03:19.929   828   859 V WindowManagerShell: Track 3 became idle
08-26 23:03:19.929  1349  1770 I alpt    : (REDACTED) DelegationStatus: %s
08-26 23:03:19.929   828   859 V WindowManagerShell: All active transition animations finished
08-26 23:03:19.929  1349  1770 I aeqo    : (REDACTED) Populated bump behaviors: %s
08-26 23:03:19.929  1349  1770 I aeqv    : (REDACTED) Client type %s set for %s
08-26 23:03:19.929  1349  1770 I aeqv    : (REDACTED) Client type %s set for %s
08-26 23:03:19.929  1349  1770 I aeqv    : (REDACTED) Client type %s set for %s
08-26 23:03:19.931   574   925 D SearchUiPerUserService: Creating SearchSessionInfo for session Id=com.google.android.apps.nexuslauncher:f575f095-90f3-4990-8ffd-43f0205e89b7,0
08-26 23:03:19.932   905  1043 D DhcpClient: Scheduling renewal in 43199s
08-26 23:03:19.932   905  1043 D DhcpClient: Scheduling rebind in 75599s
08-26 23:03:19.932   905  1043 D DhcpClient: Scheduling expiry in 86399s
08-26 23:03:19.933   574  1714 D SearchUiPerUserService: Storing callback for session Id=com.google.android.apps.nexuslauncher:f575f095-90f3-4990-8ffd-43f0205e89b7,0 and callback=android.os.BinderProxy@361a6cd
08-26 23:03:19.939  1423  1683 I akob    : Returning COHORT_NOT_DETERMINED for signed out user.
08-26 23:03:19.943   971   971 D CarrierSvcBindHelper: onHandleForceStop: [com.skyfire.solarapp]
08-26 23:03:19.944   574   908 W UserManagerService: Requested status bar icon for non-badged user 0
08-26 23:03:19.961   574   669 W BroadcastLoopers: Found previously unknown looper Thread[appscheduling.default,5,main]
08-26 23:03:19.965  1349  1695 I qwu     : no assistant invocation found, returning 0.
08-26 23:03:19.967  1423  1568 D WM-SystemJobScheduler: Scheduling work ID 762eb4a6-13c4-4a92-a166-64974d0d017cJob ID 910
08-26 23:03:19.967   971   971 D CarrierSvcBindHelper: No carrier app for: 0
08-26 23:03:19.968  1487  1487 D BoundBrokerSvc: onBind: Intent { act=com.google.android.gms.auth.key.retrieval.service.START dat=chimera-action:/... cmp=com.google.android.gms/.chimera.GmsApiService }
08-26 23:03:19.968  1487  1487 D BoundBrokerSvc: Loading bound service for intent: Intent { act=com.google.android.gms.auth.key.retrieval.service.START dat=chimera-action:/... cmp=com.google.android.gms/.chimera.GmsApiService }
08-26 23:03:19.970   574   908 W UserManagerService: Requested status bar icon for non-badged user 0
08-26 23:03:19.970  1349  1770 I qwu     : no assistant invocation found, returning max duration.
08-26 23:03:19.970   574   700 D StorageManagerService: Volume public:253,80 broadcasting mounted to UserHandle{0}
08-26 23:03:19.970  1349  1682 I dhkb    : (REDACTED) Platform configuration for connection(%s) has changed(@%s):%s
08-26 23:03:19.970  1349  1682 I dhhr    : (REDACTED) On platform configuration update(@%s) in connection(%s).
08-26 23:03:19.979  1362  1693 I BugleRcsEngine: Unexpected action: android.intent.action.SIM_STATE_CHANGED [CONTEXT log_prefix="(Sim)" thread_id=53 ]
08-26 23:03:19.980  1362  1693 I BugleRcsEngine: Unexpected action: android.intent.action.SIM_STATE_CHANGED [CONTEXT log_prefix="(Sim)" thread_id=53 ]
08-26 23:03:19.983   574  1477 W PackageManager: Cannot suspend package "com.android.location.fused": has OP_SYSTEM_EXEMPT_FROM_SUSPENSION set
08-26 23:03:19.989   971   971 I Telephony: Locale change; re-registering phone accounts.
08-26 23:03:20.004   828   828 W PageIndicator: Total number of pages invalid: 0. Assuming 1 page.
08-26 23:03:20.006   828   828 D StorageNotification: Notifying about public volume: VolumeInfo{public:253,80}:
08-26 23:03:20.006   828   828 D StorageNotification:     type=PUBLIC diskId=disk:253,80 partGuid= mountFlags=VISIBLE_FOR_WRITE 
08-26 23:03:20.006   828   828 D StorageNotification:     mountUserId=0 state=CHECKING 
08-26 23:03:20.006   828   828 D StorageNotification:     fsType=null fsUuid=null fsLabel=null 
08-26 23:03:20.006   828   828 D StorageNotification:     path=null internalPath=null 
08-26 23:03:20.006   828  1228 I HWUI    : Davey! duration=1324ms; Flags=0, FrameTimelineVsyncId=4184, IntendedVsync=26587314104, Vsync=27803980722, InputEventId=0, HandleInputStart=27810608800, AnimationStart=27810629400, PerformTraversalsStart=27811311900, DrawStart=27848644500, FrameDeadline=26603980770, FrameInterval=27810265500, FrameStartTime=16666666, SyncQueued=27849735000, SyncStart=27928577100, IssueDrawCommandsStart=27933912900, SwapBuffers=27973303400, FrameCompleted=27990604400, DequeueBufferDuration=5202800, QueueBufferDuration=10948200, GpuCompleted=27985108700, SwapBuffersCompleted=27990604400, DisplayPresentTime=0, CommandSubmissionCompleted=27973303400, 
08-26 23:03:20.007   971   971 I Telephony: PstnIncomingCallNotifier: Unregistering: [0]
08-26 23:03:20.008   971   971 D Telephony: Unregistering: Handler (com.android.internal.telephony.GsmCdmaPhone) {df4b011}
08-26 23:03:20.014   971   971 I Telephony: TelecomAccountRegistry: setupAccounts: Found 1 phones.  Attempting to register.
08-26 23:03:20.021   971   971 I Telephony: TelecomAccountRegistry: setupAccounts: Phone with subscription id 1
08-26 23:03:20.024   574   924 W BestClock: java.time.DateTimeException: Missing network time fix
08-26 23:03:20.025   574   924 W BestClock: java.time.DateTimeException: Missing network time fix
08-26 23:03:20.025   574   924 W BestClock: java.time.DateTimeException: Missing network time fix
08-26 23:03:20.025  1349  1682 I dhqs    : (REDACTED) On hotword consumer changed: %s.
08-26 23:03:20.025  1349  1682 I dhvk    : (REDACTED) Initializing managed lifecycle(%s)
08-26 23:03:20.025  1349  1682 I dhvk    : (REDACTED) Initializing managed lifecycle(%s)
08-26 23:03:20.026  1349  1682 I aekh    : #subscribeToHeadsetEventsForEarcons subscribing for headset events
08-26 23:03:20.030  1318  1456 I AiAiEcho: AppPredictionInputConnectorImpl#createPredictionSession
08-26 23:03:20.030  2130  2130 D ApplicationLoaders: Returning zygote-cached class loader: /system_ext/framework/androidx.window.extensions.jar
08-26 23:03:20.030  2130  2130 D ApplicationLoaders: Returning zygote-cached class loader: /system_ext/framework/androidx.window.sidecar.jar
08-26 23:03:20.030  2087  2087 I MultiDex: VM with version 2.1.0 has multidex support
08-26 23:03:20.033   971   971 V SimultaneousCallingTracker: Device is not simultaneous calling capable
08-26 23:03:20.035  1349  1697 I aier    : (REDACTED) #isRobinOnlyLocale checkedLocale:%s language:%s list:%s
08-26 23:03:20.035  1349  1697 I aeuk    : (REDACTED) FCF System FeatureName to check: %s
08-26 23:03:20.035  1349  1697 I aeuk    : (REDACTED) FCF: Device model check status : %s
08-26 23:03:20.035  1349  1697 I afam    : (REDACTED) #evaluate: isEnabled = %s failure reasons: %s
08-26 23:03:20.036  1349  1697 I aehh    : (REDACTED) #initialConfig Current Locale set to: %s
08-26 23:03:20.036  1349  1697 I aehh    : (REDACTED) #initialConfig Assistant is currently enabled: %s
08-26 23:03:20.040   574  1053 D CompatChangeReporter: Compat change id reported: 311208629; UID 10136; state: ENABLED
08-26 23:03:20.042  2087  2087 I MultiDex: Installing application
08-26 23:03:20.042  2087  2087 I MultiDex: VM has multidex support, MultiDex support library is disabled.
08-26 23:03:20.042  2087  2087 I MultiDex: Installing application
08-26 23:03:20.042  2087  2087 I MultiDex: VM has multidex support, MultiDex support library is disabled.
08-26 23:03:20.043  1349  1682 I dhvk    : (REDACTED) Initializing managed lifecycle(%s)
08-26 23:03:20.043  1349  1682 I dhvk    : (REDACTED) Initializing managed lifecycle(%s)
08-26 23:03:20.043  1349  1682 I aenu    : startRecordingInvocationStateUpdates
