--------- beginning of main
08-26 00:27:50.030   577   742 D WifiConfigStore: Writing to stores completed in 9 ms.
08-26 00:27:50.038  2167  2167 I Finsky  : [2] SCH: job service start with id 9588.
08-26 00:27:50.046  2167  6069 I Finsky  : [232] SCH: Satisfied jobs for 9588 are: 12-1
08-26 00:27:50.046  2167  6090 I Finsky  : [236] SCH: Job 12-1 starting
08-26 00:27:50.046  2167  2167 I Finsky  : [2] WM::SCH: Logging work start for 12-1
08-26 00:27:50.047  2167  2167 I Finsky  : [2] [ContentSync] job started
08-26 00:27:50.101  2167  6110 I Finsky  : [238] App states replicator found 22 unowned apps
08-26 00:27:50.105  2167  6110 I Finsky  : [238] Completed 0 account content syncs with 0 successful.
08-26 00:27:50.105  2167  2167 I Finsky  : [2] [ContentSync] Installation state replication succeeded.
08-26 00:27:50.105  2167  2167 I Finsky  : [2] SCH: jobFinished: 12-1. TimeElapsed: 59ms.
08-26 00:27:50.105  2167  2167 I Finsky  : [2] WM::SCH: Logging work end for 12-1
08-26 00:27:50.129  2167  2360 I Finsky  : [64] SCH: Scheduling phonesky job Id: 1-1337, CT: 1756173261386, Constraints: [{ L: 28876316, D: 72076316, C: CHARGING_NONE, I: IDLE_NONE, N: NET_ANY, B: BATTERY_ANY }]
08-26 00:27:50.135  2167  2355 I Finsky  : [62] SCH: Scheduling 1 system job(s)
08-26 00:27:50.135  2167  2355 I Finsky  : [62] SCH: Scheduling system job Id: 9593, L: 8867567, D: 52067567, C: false, I: false, N: 1
08-26 00:27:50.143  2167  6090 I Finsky  : [236] SCH: job service finished with id 9588.
08-26 00:27:50.160  2167  2167 I Finsky  : [2] Memory trim requested to level 40
08-26 00:27:50.160  2167  2167 I Finsky  : [2] Flushing in-memory image cache
--------- beginning of system
08-26 00:27:50.185   577   686 D ActivityManager: freezing 1240 com.google.android.permissioncontroller
08-26 00:27:50.190   577   749 D InetDiagMessage: Destroyed 0 sockets, proto=IPPROTO_TCP, family=AF_INET, states=14
08-26 00:27:50.191   577   749 D InetDiagMessage: Destroyed 0 sockets, proto=IPPROTO_TCP, family=AF_INET6, states=14
08-26 00:27:50.191   577   749 D InetDiagMessage: Destroyed live tcp sockets for uids={10207} in 2ms
08-26 00:27:50.241   577   686 D ActivityManager: freezing 4824 com.android.chrome
08-26 00:27:50.242   577   686 D ActivityManager: freezing 3556 com.google.android.adservices.api
08-26 00:27:50.248   577   749 D InetDiagMessage: Destroyed 0 sockets, proto=IPPROTO_TCP, family=AF_INET, states=14
08-26 00:27:50.251   577   749 D InetDiagMessage: Destroyed 0 sockets, proto=IPPROTO_TCP, family=AF_INET6, states=14
08-26 00:27:50.251   577   749 D InetDiagMessage: Destroyed live tcp sockets for uids={10146} in 4ms
08-26 00:27:50.325   577   749 D InetDiagMessage: Destroyed 0 sockets, proto=IPPROTO_TCP, family=AF_INET, states=14
08-26 00:27:50.327   577   749 D InetDiagMessage: Destroyed 0 sockets, proto=IPPROTO_TCP, family=AF_INET6, states=14
08-26 00:27:50.327   577   749 D InetDiagMessage: Destroyed live tcp sockets for uids={10189} in 3ms
08-26 00:27:50.567   577  1635 W AppOps  : Noting op not finished: uid 10144 pkg com.google.android.gms code 79 startTime of in progress event=1756186988712
08-26 00:27:50.572   577   984 W AppOps  : Noting op not finished: uid 10144 pkg com.google.android.gms code 113 startTime of in progress event=1756186955940
08-26 00:27:50.580   577   984 W AppOps  : Noting op not finished: uid 10144 pkg com.google.android.gms code 113 startTime of in progress event=1756186955940
08-26 00:27:50.587   577   984 W AppOps  : Noting op not finished: uid 10144 pkg com.google.android.gms code 113 startTime of in progress event=1756186955940
08-26 00:27:50.593  1061  1648 I ActivityScheduler: nextTriggerTime: 6565597, in 238100ms, detectorType: 39, FULL_TYPE alarmWindowMillis: 80000
08-26 00:27:51.230  1061  1073 I NullBinder: NullBinder for android.net.action.RECOMMEND_NETWORKS triggering remote TransactionTooLargeException due to Service without Chimera impl, calling uid: 1000, calling pid: 0
08-26 00:27:51.235  1061  1073 W .gms.persistent: Large reply transaction of 1056768 bytes, interface descriptor , code 1
08-26 00:27:51.237  2196  2417 D WM-NetworkStateTracker: Network capabilities changed: [ Transports: WIFI Capabilities: NOT_METERED&INTERNET&NOT_RESTRICTED&TRUSTED&NOT_VPN&VALIDATED&NOT_ROAMING&FOREGROUND&NOT_CONGESTED&NOT_SUSPENDED&NOT_VCN_MANAGED&NOT_BANDWIDTH_CONSTRAINED LinkUpBandwidth>=12000Kbps LinkDnBandwidth>=30000Kbps TransportInfo: <SSID: <unknown ssid>, BSSID: 02:00:00:00:00:00, MAC: 02:00:00:00:00:00, IP: /10.0.2.16, Security type: 0, Supplicant state: COMPLETED, Wi-Fi standard: legacy, RSSI: -50, Link speed: 1Mbps, Tx Link speed: 1Mbps, Max Supported Tx Link speed: 11Mbps, Rx Link speed: 2Mbps, Max Supported Rx Link speed: 11Mbps, Frequency: 2447MHz, Net ID: -1, Metered hint: false, score: 60, isUsable: true, CarrierMerged: false, SubscriptionId: -1, IsPrimary: -1, Trusted: true, Restricted: false, Ephemeral: false, OEM paid: false, OEM private: false, OSU AP: false, FQDN: <none>, Provider friendly name: <none>, Requesting package name: <none><none>MLO Information: , Is TID-To-Link negotiation supported by the AP: false, AP MLD Address: <none>, AP MLO Link Id: <none>, AP MLO Affiliated links: <none>, Vendor Data: <none>> SignalStrength: -50 UnderlyingNetworks: Null]
08-26 00:27:51.237  1393  1970 I BugleRcsEngine: Connected state: [1], networkType: [WIFI] [CONTEXT thread_id=58 ]
08-26 00:27:51.239  1393  2177 I BugleRcsEngine: handleMessage processing message:[NOTIFY_UPTIME_IGNORE_STATE_CHANGED] with [non-null]:RcsEngineImpl reference [CONTEXT log_prefix="RcsEngineImpl[DUAL_REG]:[bba92579-0eec]>Handler" thread_id=64 ]
08-26 00:27:51.243   577   749 W IPCThreadState: Sending oneway calls to frozen process.
08-26 00:27:51.243   577   749 W IPCThreadState: Sending oneway calls to frozen process.
08-26 00:27:51.244   577   749 W IPCThreadState: Sending oneway calls to frozen process.
08-26 00:27:51.244   577   749 W IPCThreadState: Sending oneway calls to frozen process.
08-26 00:27:51.244   577   749 W IPCThreadState: Sending oneway calls to frozen process.
08-26 00:27:51.244   577   749 W IPCThreadState: Sending oneway calls to frozen process.
08-26 00:27:51.244   577   749 W IPCThreadState: Sending oneway calls to frozen process.
08-26 00:27:51.246   577   749 W IPCThreadState: Sending oneway calls to frozen process.
08-26 00:27:51.246   577   749 W IPCThreadState: Sending oneway calls to frozen process.
08-26 00:27:51.253  1393  2177 I BugleRcsEngine: No RCS Configuration was found in Bugle for simID: redacted-pii:sim_id[chars:20,last3:897] [CONTEXT log_prefix="ProvisioningEngineDataRetriever" thread_id=64 ]
08-26 00:27:58.601   577   686 D ActivityManager: freezing 1491 com.google.android.gms
08-26 00:28:00.004  1346  1504 I AiAiEcho: Predicting[0]:  [CONTEXT sampling_count=5 ]
08-26 00:28:00.004  1346  1504 I AiAiEcho: EchoTargets: 
08-26 00:28:00.004  1346  1504 I AiAiEcho: Filtered by AiAi flag check: 
08-26 00:28:00.004  1346  1504 I AiAiEcho: [CONTEXT ratelimit_period="10 SECONDS" ]
08-26 00:28:00.005  1346  1504 I AiAiEcho: Ranked targets strategy: SORT, count: 0, ranking metadata:  [CONTEXT ratelimit_period="10 SECONDS" ]
08-26 00:28:00.005  1346  1504 I AiAiEcho: #remoteViewsTwiddler: feature disabled.
08-26 00:28:00.006  1346  1504 I AiAiEcho: Predicting[0]:  [CONTEXT sampling_count=5 ]
08-26 00:28:00.006  1346  1504 I AiAiEcho: EchoTargets: 
08-26 00:28:00.006  1346  1504 I AiAiEcho: Filtered by AiAi flag check: 
08-26 00:28:00.006  1346  1504 I AiAiEcho: [CONTEXT ratelimit_period="10 SECONDS" ]
08-26 00:28:00.006  1346  1504 I AiAiEcho: Ranked targets strategy: SORT, count: 0, ranking metadata:  [CONTEXT ratelimit_period="10 SECONDS" ]
08-26 00:28:00.007  1346  1504 I AiAiEcho: #remoteViewsTwiddler: feature disabled.
08-26 00:28:00.010  1346  1504 I AiAiEcho: #postPredictionTargets: Sending updates to UISurface lockscreen with targets# 0 (types=[])
08-26 00:28:00.010  1346  1504 I AiAiEcho: #postPredictionTargets: Sending updates to UISurface home with targets# 0 (types=[])
08-26 00:28:00.013  1107  1107 D SsBaseTemplateCard: No text view can be set up
08-26 00:28:00.014  1107  1107 D SsBaseTemplateCard: Passed-in item info is null
08-26 00:28:00.014  1107  1107 D SsBaseTemplateCard: Passed-in item info is null
08-26 00:28:00.014  1107  1107 D SsBaseTemplateCard: Passed-in item info is null
08-26 00:28:00.014  1107  1107 I SsBaseTemplateCard: Secondary card pane is null
08-26 00:28:00.027   834   834 W PageIndicator: Total number of pages invalid: 0. Assuming 1 page.
08-26 00:28:00.028  1107  1443 D EGL_emulation: app_time_stats: avg=1361.91ms min=2.66ms max=26827.59ms count=20
08-26 00:28:00.033   834   998 D EGL_emulation: app_time_stats: avg=2500.89ms min=1.92ms max=27065.90ms count=11
08-26 00:28:00.157   577   686 D ActivityManager: freezing 2167 com.android.vending
08-26 00:28:00.161   577   749 D InetDiagMessage: Destroyed 0 sockets, proto=IPPROTO_TCP, family=AF_INET, states=14
08-26 00:28:00.163   577   749 D InetDiagMessage: Destroyed 2 sockets, proto=IPPROTO_TCP, family=AF_INET6, states=14
08-26 00:28:00.163   577   749 D InetDiagMessage: Destroyed live tcp sockets for uids={10142} in 2ms
08-26 00:28:03.258   577   749 W IPCThreadState: Sending oneway calls to frozen process.
08-26 00:28:03.258   577   749 W IPCThreadState: Sending oneway calls to frozen process.
08-26 00:28:03.258  1061  1890 I NullBinder: NullBinder for android.net.action.RECOMMEND_NETWORKS triggering remote TransactionTooLargeException due to Service without Chimera impl, calling uid: 1000, calling pid: 0
08-26 00:28:03.258  1061  1890 W .gms.persistent: Large reply transaction of 1056768 bytes, interface descriptor , code 1
08-26 00:28:03.259   577   749 W IPCThreadState: Sending oneway calls to frozen process.
08-26 00:28:03.259   577   749 W IPCThreadState: Sending oneway calls to frozen process.
08-26 00:28:03.260  1393  2177 I BugleRcsEngine: handleMessage processing message:[NOTIFY_UPTIME_IGNORE_STATE_CHANGED] with [non-null]:RcsEngineImpl reference [CONTEXT log_prefix="RcsEngineImpl[DUAL_REG]:[bba92579-0eec]>Handler" thread_id=64 ]
08-26 00:28:03.260   577   749 W IPCThreadState: Sending oneway calls to frozen process.
08-26 00:28:03.260  1393  1970 I BugleRcsEngine: Connected state: [1], networkType: [WIFI] [CONTEXT thread_id=58 ]
08-26 00:28:03.261  2196  2417 D WM-NetworkStateTracker: Network capabilities changed: [ Transports: WIFI Capabilities: NOT_METERED&INTERNET&NOT_RESTRICTED&TRUSTED&NOT_VPN&VALIDATED&NOT_ROAMING&FOREGROUND&NOT_CONGESTED&NOT_SUSPENDED&NOT_VCN_MANAGED&NOT_BANDWIDTH_CONSTRAINED LinkUpBandwidth>=12000Kbps LinkDnBandwidth>=30000Kbps TransportInfo: <SSID: <unknown ssid>, BSSID: 02:00:00:00:00:00, MAC: 02:00:00:00:00:00, IP: /10.0.2.16, Security type: 0, Supplicant state: COMPLETED, Wi-Fi standard: legacy, RSSI: -50, Link speed: 11Mbps, Tx Link speed: 11Mbps, Max Supported Tx Link speed: 11Mbps, Rx Link speed: 2Mbps, Max Supported Rx Link speed: 11Mbps, Frequency: 2447MHz, Net ID: -1, Metered hint: false, score: 60, isUsable: true, CarrierMerged: false, SubscriptionId: -1, IsPrimary: -1, Trusted: true, Restricted: false, Ephemeral: false, OEM paid: false, OEM private: false, OSU AP: false, FQDN: <none>, Provider friendly name: <none>, Requesting package name: <none><none>MLO Information: , Is TID-To-Link negotiation supported by the AP: false, AP MLD Address: <none>, AP MLO Link Id: <none>, AP MLO Affiliated links: <none>, Vendor Data: <none>> SignalStrength: -50 UnderlyingNetworks: Null]
08-26 00:28:03.263   577   749 W IPCThreadState: Sending oneway calls to frozen process.
08-26 00:28:03.265   577   749 W IPCThreadState: Sending oneway calls to frozen process.
08-26 00:28:03.266   577   749 W IPCThreadState: Sending oneway calls to frozen process.
08-26 00:28:03.266   577   749 W IPCThreadState: Sending oneway calls to frozen process.
08-26 00:28:03.266   577   749 W IPCThreadState: Sending oneway calls to frozen process.
08-26 00:28:03.267   577   749 W IPCThreadState: Sending oneway calls to frozen process.
08-26 00:28:03.267   577   749 W IPCThreadState: Sending oneway calls to frozen process.
08-26 00:28:03.267   577   749 W IPCThreadState: Sending oneway calls to frozen process.
08-26 00:28:03.267   577   749 W IPCThreadState: Sending oneway calls to frozen process.
08-26 00:28:03.270  1393  2177 I BugleRcsEngine: No RCS Configuration was found in Bugle for simID: redacted-pii:sim_id[chars:20,last3:897] [CONTEXT log_prefix="ProvisioningEngineDataRetriever" thread_id=64 ]
08-26 00:28:06.267   577   749 W IPCThreadState: Sending oneway calls to frozen process.
08-26 00:28:06.267   577   749 W IPCThreadState: Sending oneway calls to frozen process.
08-26 00:28:06.267  2196  2417 D WM-NetworkStateTracker: Network capabilities changed: [ Transports: WIFI Capabilities: NOT_METERED&INTERNET&NOT_RESTRICTED&TRUSTED&NOT_VPN&VALIDATED&NOT_ROAMING&FOREGROUND&NOT_CONGESTED&NOT_SUSPENDED&NOT_VCN_MANAGED&NOT_BANDWIDTH_CONSTRAINED LinkUpBandwidth>=12000Kbps LinkDnBandwidth>=30000Kbps TransportInfo: <SSID: <unknown ssid>, BSSID: 02:00:00:00:00:00, MAC: 02:00:00:00:00:00, IP: /10.0.2.16, Security type: 0, Supplicant state: COMPLETED, Wi-Fi standard: legacy, RSSI: -50, Link speed: 1Mbps, Tx Link speed: 1Mbps, Max Supported Tx Link speed: 11Mbps, Rx Link speed: 2Mbps, Max Supported Rx Link speed: 11Mbps, Frequency: 2447MHz, Net ID: -1, Metered hint: false, score: 60, isUsable: true, CarrierMerged: false, SubscriptionId: -1, IsPrimary: -1, Trusted: true, Restricted: false, Ephemeral: false, OEM paid: false, OEM private: false, OSU AP: false, FQDN: <none>, Provider friendly name: <none>, Requesting package name: <none><none>MLO Information: , Is TID-To-Link negotiation supported by the AP: false, AP MLD Address: <none>, AP MLO Link Id: <none>, AP MLO Affiliated links: <none>, Vendor Data: <none>> SignalStrength: -50 UnderlyingNetworks: Null]
08-26 00:28:06.267   577   749 W IPCThreadState: Sending oneway calls to frozen process.
08-26 00:28:06.267   577   749 W IPCThreadState: Sending oneway calls to frozen process.
08-26 00:28:06.267   577   749 W IPCThreadState: Sending oneway calls to frozen process.
08-26 00:28:06.268   577   749 W IPCThreadState: Sending oneway calls to frozen process.
08-26 00:28:06.268   577   749 W IPCThreadState: Sending oneway calls to frozen process.
08-26 00:28:06.268   577   749 W IPCThreadState: Sending oneway calls to frozen process.
08-26 00:28:06.268   577   749 W IPCThreadState: Sending oneway calls to frozen process.
08-26 00:28:06.268   577   749 W IPCThreadState: Sending oneway calls to frozen process.
08-26 00:28:06.268   577   749 W IPCThreadState: Sending oneway calls to frozen process.
08-26 00:28:06.268   577   749 W IPCThreadState: Sending oneway calls to frozen process.
08-26 00:28:06.268   577   749 W IPCThreadState: Sending oneway calls to frozen process.
08-26 00:28:06.268   577   749 W IPCThreadState: Sending oneway calls to frozen process.
08-26 00:28:06.268  1061  2163 I NullBinder: NullBinder for android.net.action.RECOMMEND_NETWORKS triggering remote TransactionTooLargeException due to Service without Chimera impl, calling uid: 1000, calling pid: 0
08-26 00:28:06.271  1061  2163 W .gms.persistent: Large reply transaction of 1056768 bytes, interface descriptor , code 1
08-26 00:28:06.272  1393  1970 I BugleRcsEngine: Connected state: [1], networkType: [WIFI] [CONTEXT thread_id=58 ]
08-26 00:28:06.273  1393  2177 I BugleRcsEngine: handleMessage processing message:[NOTIFY_UPTIME_IGNORE_STATE_CHANGED] with [non-null]:RcsEngineImpl reference [CONTEXT log_prefix="RcsEngineImpl[DUAL_REG]:[bba92579-0eec]>Handler" thread_id=64 ]
08-26 00:28:06.278  1393  2177 I BugleRcsEngine: No RCS Configuration was found in Bugle for simID: redacted-pii:sim_id[chars:20,last3:897] [CONTEXT log_prefix="ProvisioningEngineDataRetriever" thread_id=64 ]
08-26 00:28:07.743  1061  5844 D StrictMode: StrictMode policy violation: android.os.strictmode.NonSdkApiUsedViolation: Ljava/net/Socket;->impl:Ljava/net/SocketImpl;
08-26 00:28:07.743  1061  5844 D StrictMode: 	at android.os.StrictMode.lambda$static$1(StrictMode.java:436)
08-26 00:28:07.743  1061  5844 D StrictMode: 	at android.os.StrictMode$$ExternalSyntheticLambda2.accept(D8$$SyntheticClass:0)
08-26 00:28:07.743  1061  5844 D StrictMode: 	at java.lang.Class.getDeclaredField(Native Method)
08-26 00:28:07.743  1061  5844 D StrictMode: 	at com.google.android.gms.org.conscrypt.Platform.getFileDescriptor(:com.google.android.gms@253031038@25.30.31 (260800-786424874):5)
08-26 00:28:07.743  1061  5844 D StrictMode: 	at com.google.android.gms.org.conscrypt.ConscryptFileDescriptorSocket$SSLInputStream.read(:com.google.android.gms@253031038@25.30.31 (260800-786424874):10)
08-26 00:28:07.743  1061  5844 D StrictMode: 	at hcia.Y(:com.google.android.gms@253031038@25.30.31 (260800-786424874):1)
08-26 00:28:07.743  1061  5844 D StrictMode: 	at hcia.ac(:com.google.android.gms@253031038@25.30.31 (260800-786424874):66)
08-26 00:28:07.743  1061  5844 D StrictMode: 	at hcia.ab(:com.google.android.gms@253031038@25.30.31 (260800-786424874):1)
08-26 00:28:07.743  1061  5844 D StrictMode: 	at hcia.a(:com.google.android.gms@253031038@25.30.31 (260800-786424874):8)
08-26 00:28:07.743  1061  5844 D StrictMode: 	at bric.run(:com.google.android.gms@253031038@25.30.31 (260800-786424874):25)
08-26 00:28:07.743  1061  5844 D StrictMode: 	at badt.c(:com.google.android.gms@253031038@25.30.31 (260800-786424874):50)
08-26 00:28:07.743  1061  5844 D StrictMode: 	at badt.run(:com.google.android.gms@253031038@25.30.31 (260800-786424874):70)
08-26 00:28:07.743  1061  5844 D StrictMode: 	at java.util.concurrent.ThreadPoolExecutor.runWorker(ThreadPoolExecutor.java:1145)
08-26 00:28:07.743  1061  5844 D StrictMode: 	at java.util.concurrent.ThreadPoolExecutor$Worker.run(ThreadPoolExecutor.java:644)
08-26 00:28:07.743  1061  5844 D StrictMode: 	at bajl.run(:com.google.android.gms@253031038@25.30.31 (260800-786424874):8)
08-26 00:28:07.743  1061  5844 D StrictMode: 	at java.lang.Thread.run(Thread.java:1012)
08-26 00:28:07.744  1061  2277 D StrictMode: StrictMode policy violation: android.os.strictmode.NonSdkApiUsedViolation: Ljava/net/Socket;->impl:Ljava/net/SocketImpl;
08-26 00:28:07.744  1061  2277 D StrictMode: 	at android.os.StrictMode.lambda$static$1(StrictMode.java:436)
08-26 00:28:07.744  1061  2277 D StrictMode: 	at android.os.StrictMode$$ExternalSyntheticLambda2.accept(D8$$SyntheticClass:0)
08-26 00:28:07.744  1061  2277 D StrictMode: 	at java.lang.Class.getDeclaredField(Native Method)
08-26 00:28:07.744  1061  2277 D StrictMode: 	at com.google.android.gms.org.conscrypt.Platform.getFileDescriptor(:com.google.android.gms@253031038@25.30.31 (260800-786424874):5)
08-26 00:28:07.744  1061  2277 D StrictMode: 	at com.google.android.gms.org.conscrypt.ConscryptFileDescriptorSocket$SSLOutputStream.write(:com.google.android.gms@253031038@25.30.31 (260800-786424874):9)
08-26 00:28:07.744  1061  2277 D StrictMode: 	at hcie.aA(:com.google.android.gms@253031038@25.30.31 (260800-786424874):8)
08-26 00:28:07.744  1061  2277 D StrictMode: 	at hcie.j(:com.google.android.gms@253031038@25.30.31 (260800-786424874):5)
08-26 00:28:07.744  1061  2277 D StrictMode: 	at brgx.call(:com.google.android.gms@253031038@25.30.31 (260800-786424874):32)
08-26 00:28:07.744  1061  2277 D StrictMode: 	at esyx.run(:com.google.android.gms@253031038@25.30.31 (260800-786424874):5)
08-26 00:28:07.744  1061  2277 D StrictMode: 	at badt.c(:com.google.android.gms@253031038@25.30.31 (260800-786424874):50)
08-26 00:28:07.744  1061  2277 D StrictMode: 	at badt.run(:com.google.android.gms@253031038@25.30.31 (260800-786424874):70)
08-26 00:28:07.744  1061  2277 D StrictMode: 	at java.util.concurrent.ThreadPoolExecutor.runWorker(ThreadPoolExecutor.java:1145)
08-26 00:28:07.744  1061  2277 D StrictMode: 	at java.util.concurrent.ThreadPoolExecutor$Worker.run(ThreadPoolExecutor.java:644)
08-26 00:28:07.744  1061  2277 D StrictMode: 	at bajl.run(:com.google.android.gms@253031038@25.30.31 (260800-786424874):8)
08-26 00:28:07.744  1061  2277 D StrictMode: 	at java.lang.Thread.run(Thread.java:1012)
08-26 00:28:07.750  1061  5849 I AlarmManager: setExactAndAllowWhileIdle [name: GCM_HB_ALARM type: 2 triggerAtMillis: 6694653]
08-26 00:28:07.752  1061  5849 I AlarmManager: setExactAndAllowWhileIdle [name: GCM_HB_ALARM type: 2 triggerAtMillis: 6694655]
08-26 00:28:12.587   577   686 D ActivityManager: freezing 999 com.android.settings
08-26 00:28:12.591   577   686 D ActivityManager: freezing 6010 com.android.keychain
08-26 00:28:20.130   834   998 D EGL_emulation: app_time_stats: avg=10048.38ms min=88.78ms max=20007.97ms count=2
08-26 00:28:29.223   577   984 W BatteryExternalStatsWorker: error reading Bluetooth stats: 11
08-26 00:28:32.962  4076  4905 I IPCThreadState: oneway function results for code 2 on binder at 0x7e30fbc6a0e0 will be dropped but finished with status UNKNOWN_TRANSACTION
08-26 00:28:38.106  1107  1898 I IPCThreadState: oneway function results for code 2 on binder at 0x7e30fbcb3850 will be dropped but finished with status UNKNOWN_TRANSACTION
08-26 00:28:38.119   577   984 I ActivityManager: Killing 5040:com.android.providers.calendar/u0a94 (adj 965): empty #17
08-26 00:28:38.140   577   625 I libprocessgroup: Removed cgroup /sys/fs/cgroup/uid_10094/pid_5040
08-26 00:28:38.142   371   371 I Zygote  : Process 5040 exited due to signal 9 (Killed)
08-26 00:28:38.147   577   612 D DisplayManagerService: Drop pending events for gone uid 10094
08-26 00:28:40.129   834   998 D EGL_emulation: app_time_stats: avg=19998.90ms min=19998.90ms max=19998.90ms count=1
08-26 00:28:42.409   577   749 W IPCThreadState: Sending oneway calls to frozen process.
08-26 00:28:42.411   577   749 W IPCThreadState: Sending oneway calls to frozen process.
08-26 00:28:42.414  2196  2417 D WM-NetworkStateTracker: Network capabilities changed: [ Transports: WIFI Capabilities: NOT_METERED&INTERNET&NOT_RESTRICTED&TRUSTED&NOT_VPN&VALIDATED&NOT_ROAMING&FOREGROUND&NOT_CONGESTED&NOT_SUSPENDED&NOT_VCN_MANAGED&NOT_BANDWIDTH_CONSTRAINED LinkUpBandwidth>=12000Kbps LinkDnBandwidth>=30000Kbps TransportInfo: <SSID: <unknown ssid>, BSSID: 02:00:00:00:00:00, MAC: 02:00:00:00:00:00, IP: /10.0.2.16, Security type: 0, Supplicant state: COMPLETED, Wi-Fi standard: legacy, RSSI: -50, Link speed: 2Mbps, Tx Link speed: 2Mbps, Max Supported Tx Link speed: 11Mbps, Rx Link speed: 2Mbps, Max Supported Rx Link speed: 11Mbps, Frequency: 2447MHz, Net ID: -1, Metered hint: false, score: 60, isUsable: true, CarrierMerged: false, SubscriptionId: -1, IsPrimary: -1, Trusted: true, Restricted: false, Ephemeral: false, OEM paid: false, OEM private: false, OSU AP: false, FQDN: <none>, Provider friendly name: <none>, Requesting package name: <none><none>MLO Information: , Is TID-To-Link negotiation supported by the AP: false, AP MLD Address: <none>, AP MLO Link Id: <none>, AP MLO Affiliated links: <none>, Vendor Data: <none>> SignalStrength: -50 UnderlyingNetworks: Null]
08-26 00:28:42.415  1393  2177 I BugleRcsEngine: handleMessage processing message:[NOTIFY_UPTIME_IGNORE_STATE_CHANGED] with [non-null]:RcsEngineImpl reference [CONTEXT log_prefix="RcsEngineImpl[DUAL_REG]:[bba92579-0eec]>Handler" thread_id=64 ]
08-26 00:28:42.416  1393  1970 I BugleRcsEngine: Connected state: [1], networkType: [WIFI] [CONTEXT thread_id=58 ]
08-26 00:28:42.422  1061  1412 I NullBinder: NullBinder for android.net.action.RECOMMEND_NETWORKS triggering remote TransactionTooLargeException due to Service without Chimera impl, calling uid: 1000, calling pid: 0
08-26 00:28:42.422  1061  1412 W .gms.persistent: Large reply transaction of 1056768 bytes, interface descriptor , code 1
08-26 00:28:42.426   577   749 W IPCThreadState: Sending oneway calls to frozen process.
08-26 00:28:42.427   577   749 W IPCThreadState: Sending oneway calls to frozen process.
08-26 00:28:42.427   577   749 W IPCThreadState: Sending oneway calls to frozen process.
08-26 00:28:42.428   577   749 W IPCThreadState: Sending oneway calls to frozen process.
08-26 00:28:42.429   577   749 W IPCThreadState: Sending oneway calls to frozen process.
08-26 00:28:42.429   577   749 W IPCThreadState: Sending oneway calls to frozen process.
08-26 00:28:42.429   577   749 W IPCThreadState: Sending oneway calls to frozen process.
08-26 00:28:42.429   577   749 W IPCThreadState: Sending oneway calls to frozen process.
08-26 00:28:42.434   577   749 W IPCThreadState: Sending oneway calls to frozen process.
08-26 00:28:42.435   577   749 W IPCThreadState: Sending oneway calls to frozen process.
08-26 00:28:42.438   577   749 W IPCThreadState: Sending oneway calls to frozen process.
08-26 00:28:42.440   577   749 W IPCThreadState: Sending oneway calls to frozen process.
08-26 00:28:42.445  1393  2177 I BugleRcsEngine: No RCS Configuration was found in Bugle for simID: redacted-pii:sim_id[chars:20,last3:897] [CONTEXT log_prefix="ProvisioningEngineDataRetriever" thread_id=64 ]
08-26 00:28:48.170   577   686 D ActivityManager: freezing 4076 com.google.android.googlequicksearchbox:googleapp
08-26 00:29:00.004  1346  1504 I AiAiEcho: Predicting[0]:  [CONTEXT sampling_count=5 ]
08-26 00:29:00.004  1346  1504 I AiAiEcho: EchoTargets: 
08-26 00:29:00.004  1346  1504 I AiAiEcho: Filtered by AiAi flag check: 
08-26 00:29:00.004  1346  1504 I AiAiEcho: [CONTEXT ratelimit_period="10 SECONDS" ]
08-26 00:29:00.004  1346  1504 I AiAiEcho: Ranked targets strategy: SORT, count: 0, ranking metadata:  [CONTEXT ratelimit_period="10 SECONDS" ]
08-26 00:29:00.004  1346  1504 I AiAiEcho: #remoteViewsTwiddler: feature disabled.
08-26 00:29:00.004  1346  1504 I AiAiEcho: Predicting[0]:  [CONTEXT sampling_count=5 ]
08-26 00:29:00.005  1346  1504 I AiAiEcho: EchoTargets: 
08-26 00:29:00.005  1346  1504 I AiAiEcho: Filtered by AiAi flag check: 
08-26 00:29:00.005  1346  1504 I AiAiEcho: [CONTEXT ratelimit_period="10 SECONDS" ]
08-26 00:29:00.006  1346  1504 I AiAiEcho: Ranked targets strategy: SORT, count: 0, ranking metadata:  [CONTEXT ratelimit_period="10 SECONDS" ]
08-26 00:29:00.006  1346  1504 I AiAiEcho: #remoteViewsTwiddler: feature disabled.
08-26 00:29:00.008  1346  1504 I AiAiEcho: #postPredictionTargets: Sending updates to UISurface lockscreen with targets# 0 (types=[])
08-26 00:29:00.008  1346  1504 I AiAiEcho: #postPredictionTargets: Sending updates to UISurface home with targets# 0 (types=[])
08-26 00:29:00.009  1107  1107 D SsBaseTemplateCard: No text view can be set up
08-26 00:29:00.010  1107  1107 D SsBaseTemplateCard: Passed-in item info is null
08-26 00:29:00.011  1107  1107 D SsBaseTemplateCard: Passed-in item info is null
08-26 00:29:00.011  1107  1107 D SsBaseTemplateCard: Passed-in item info is null
08-26 00:29:00.011  1107  1107 I SsBaseTemplateCard: Secondary card pane is null
08-26 00:29:00.024   834   834 W PageIndicator: Total number of pages invalid: 0. Assuming 1 page.
08-26 00:29:00.024  1107  1443 D EGL_emulation: app_time_stats: avg=59996.70ms min=59996.70ms max=59996.70ms count=1
08-26 00:29:00.029   834   998 D EGL_emulation: app_time_stats: avg=19899.45ms min=19899.45ms max=19899.45ms count=1
08-26 00:29:21.334   577   656 D WifiNl80211Manager: Scan result ready event
08-26 00:29:21.334   577   656 D WifiNative: Scan result ready event
08-26 00:29:21.348   577   742 I HalDevMgr: bestIfaceCreationProposal is null, requestIface=STA, existingIface=[name=wlan0 type=STA]
08-26 00:29:21.562   577   749 W IPCThreadState: Sending oneway calls to frozen process.
08-26 00:29:21.562   577   749 W IPCThreadState: Sending oneway calls to frozen process.
08-26 00:29:21.562  1061  2163 I NullBinder: NullBinder for android.net.action.RECOMMEND_NETWORKS triggering remote TransactionTooLargeException due to Service without Chimera impl, calling uid: 1000, calling pid: 0
08-26 00:29:21.562  1061  2163 W .gms.persistent: Large reply transaction of 1056768 bytes, interface descriptor , code 1
08-26 00:29:21.563  1393  2177 I BugleRcsEngine: handleMessage processing message:[NOTIFY_UPTIME_IGNORE_STATE_CHANGED] with [non-null]:RcsEngineImpl reference [CONTEXT log_prefix="RcsEngineImpl[DUAL_REG]:[bba92579-0eec]>Handler" thread_id=64 ]
08-26 00:29:21.566  1393  1970 I BugleRcsEngine: Connected state: [1], networkType: [WIFI] [CONTEXT thread_id=58 ]
08-26 00:29:21.566  2196  2417 D WM-NetworkStateTracker: Network capabilities changed: [ Transports: WIFI Capabilities: NOT_METERED&INTERNET&NOT_RESTRICTED&TRUSTED&NOT_VPN&VALIDATED&NOT_ROAMING&FOREGROUND&NOT_CONGESTED&NOT_SUSPENDED&NOT_VCN_MANAGED&NOT_BANDWIDTH_CONSTRAINED LinkUpBandwidth>=12000Kbps LinkDnBandwidth>=30000Kbps TransportInfo: <SSID: <unknown ssid>, BSSID: 02:00:00:00:00:00, MAC: 02:00:00:00:00:00, IP: /10.0.2.16, Security type: 0, Supplicant state: COMPLETED, Wi-Fi standard: legacy, RSSI: -50, Link speed: 1Mbps, Tx Link speed: 1Mbps, Max Supported Tx Link speed: 11Mbps, Rx Link speed: 2Mbps, Max Supported Rx Link speed: 11Mbps, Frequency: 2447MHz, Net ID: -1, Metered hint: false, score: 60, isUsable: true, CarrierMerged: false, SubscriptionId: -1, IsPrimary: -1, Trusted: true, Restricted: false, Ephemeral: false, OEM paid: false, OEM private: false, OSU AP: false, FQDN: <none>, Provider friendly name: <none>, Requesting package name: <none><none>MLO Information: , Is TID-To-Link negotiation supported by the AP: false, AP MLD Address: <none>, AP MLO Link Id: <none>, AP MLO Affiliated links: <none>, Vendor Data: <none>> SignalStrength: -50 UnderlyingNetworks: Null]
08-26 00:29:21.567   577   749 W IPCThreadState: Sending oneway calls to frozen process.
08-26 00:29:21.567   577   749 W IPCThreadState: Sending oneway calls to frozen process.
08-26 00:29:21.567   577   749 W IPCThreadState: Sending oneway calls to frozen process.
08-26 00:29:21.567   577   749 W IPCThreadState: Sending oneway calls to frozen process.
08-26 00:29:21.567   577   749 W IPCThreadState: Sending oneway calls to frozen process.
08-26 00:29:21.570   577   749 W IPCThreadState: Sending oneway calls to frozen process.
08-26 00:29:21.570   577   749 W IPCThreadState: Sending oneway calls to frozen process.
08-26 00:29:21.570   577   749 W IPCThreadState: Sending oneway calls to frozen process.
08-26 00:29:21.570   577   749 W IPCThreadState: Sending oneway calls to frozen process.
08-26 00:29:21.570   577   749 W IPCThreadState: Sending oneway calls to frozen process.
08-26 00:29:21.570   577   749 W IPCThreadState: Sending oneway calls to frozen process.
08-26 00:29:21.570   577   749 W IPCThreadState: Sending oneway calls to frozen process.
08-26 00:29:21.570   577   749 W IPCThreadState: Sending oneway calls to frozen process.
08-26 00:29:21.570   577   749 W IPCThreadState: Sending oneway calls to frozen process.
08-26 00:29:21.579  1393  2177 I BugleRcsEngine: No RCS Configuration was found in Bugle for simID: redacted-pii:sim_id[chars:20,last3:897] [CONTEXT log_prefix="ProvisioningEngineDataRetriever" thread_id=64 ]
08-26 00:30:00.008  1346  1504 I AiAiEcho: Predicting[0]:  [CONTEXT sampling_count=5 ]
08-26 00:30:00.008  1346  1504 I AiAiEcho: EchoTargets: 
08-26 00:30:00.008  1346  1504 I AiAiEcho: Filtered by AiAi flag check: 
08-26 00:30:00.008  1346  1504 I AiAiEcho: [CONTEXT ratelimit_period="10 SECONDS" ]
08-26 00:30:00.008  1346  1504 I AiAiEcho: Ranked targets strategy: SORT, count: 0, ranking metadata:  [CONTEXT ratelimit_period="10 SECONDS" ]
08-26 00:30:00.009  1346  1504 I AiAiEcho: #remoteViewsTwiddler: feature disabled.
08-26 00:30:00.009  1346  1504 I AiAiEcho: Predicting[0]:  [CONTEXT sampling_count=5 ]
08-26 00:30:00.009  1346  1504 I AiAiEcho: EchoTargets: 
08-26 00:30:00.009  1346  1504 I AiAiEcho: Filtered by AiAi flag check: 
08-26 00:30:00.009  1346  1504 I AiAiEcho: [CONTEXT ratelimit_period="10 SECONDS" ]
08-26 00:30:00.010  1346  1504 I AiAiEcho: Ranked targets strategy: SORT, count: 0, ranking metadata:  [CONTEXT ratelimit_period="10 SECONDS" ]
08-26 00:30:00.011  1346  1504 I AiAiEcho: #remoteViewsTwiddler: feature disabled.
08-26 00:30:00.013  1346  1504 I AiAiEcho: #postPredictionTargets: Sending updates to UISurface lockscreen with targets# 0 (types=[])
08-26 00:30:00.016  1346  1504 I AiAiEcho: #postPredictionTargets: Sending updates to UISurface home with targets# 0 (types=[])
08-26 00:30:00.019  1107  1107 D SsBaseTemplateCard: No text view can be set up
08-26 00:30:00.020  1107  1107 D SsBaseTemplateCard: Passed-in item info is null
08-26 00:30:00.021  1107  1107 D SsBaseTemplateCard: Passed-in item info is null
08-26 00:30:00.022  1107  1107 D SsBaseTemplateCard: Passed-in item info is null
08-26 00:30:00.022  1107  1107 I SsBaseTemplateCard: Secondary card pane is null
08-26 00:30:00.031   834   834 W PageIndicator: Total number of pages invalid: 0. Assuming 1 page.
08-26 00:30:00.033  1107  1443 D EGL_emulation: app_time_stats: avg=60008.25ms min=60008.25ms max=60008.25ms count=1
08-26 00:30:00.040   834   998 D EGL_emulation: app_time_stats: avg=30005.45ms min=94.41ms max=59916.48ms count=2
08-26 00:30:16.154   577   596 I system_server: Background concurrent mark compact GC freed 26MB AllocSpace bytes, 30(1288KB) LOS objects, 43% free, 31MB/55MB, paused 4.417ms,6.131ms total 364.370ms
08-26 00:30:16.156   577   597 I BpBinder: onLastStrongRef automatically unlinking death recipients: 
08-26 00:30:16.168   577   598 W system_server: ApkAssets: Deleting an ApkAssets object '<empty> and /system/priv-app/InputDevices/InputDevices.apk' with 1 weak references
08-26 00:30:16.170   577   598 W system_server: ApkAssets: Deleting an ApkAssets object '<empty> and /data/app/~~5pL1HSSQTA2wLHh3rrGoPQ==/com.google.android.inputmethod.latin-43cBJddsLg_7n3hu2dL0Og==/base.apk' with 1 weak references
08-26 00:30:16.170   577   598 W system_server: ApkAssets: Deleting an ApkAssets object '<empty> and /data/app/~~5pL1HSSQTA2wLHh3rrGoPQ==/com.google.android.inputmethod.latin-43cBJddsLg_7n3hu2dL0Og==/split_brella_feature_split.apk' with 1 weak references
08-26 00:30:16.170   577   598 W system_server: ApkAssets: Deleting an ApkAssets object '<empty> and /data/app/~~5pL1HSSQTA2wLHh3rrGoPQ==/com.google.android.inputmethod.latin-43cBJddsLg_7n3hu2dL0Og==/split_config.xxhdpi.apk' with 1 weak references
08-26 00:30:16.170   577   598 W system_server: ApkAssets: Deleting an ApkAssets object '<empty> and /data/app/~~5pL1HSSQTA2wLHh3rrGoPQ==/com.google.android.inputmethod.latin-43cBJddsLg_7n3hu2dL0Og==/split_dictation_feature_split.apk' with 1 weak references
08-26 00:30:16.170   577   598 W system_server: ApkAssets: Deleting an ApkAssets object '<empty> and /data/app/~~5pL1HSSQTA2wLHh3rrGoPQ==/com.google.android.inputmethod.latin-43cBJddsLg_7n3hu2dL0Og==/split_tenoranimation_feature_split.apk' with 1 weak references
08-26 00:30:16.171   577   598 W system_server: ApkAssets: Deleting an ApkAssets object '<empty> and /data/app/~~c7nS3Ddu1rkEZ2R7zNW08Q==/com.google.android.tts-fsizE8orgcZdIbAyc6Vc5A==/base.apk' with 1 weak references
08-26 00:30:16.171   577   598 W system_server: ApkAssets: Deleting an ApkAssets object '<empty> and /data/app/~~c7nS3Ddu1rkEZ2R7zNW08Q==/com.google.android.tts-fsizE8orgcZdIbAyc6Vc5A==/split_config.en.apk' with 1 weak references
08-26 00:30:16.171   577   598 W system_server: ApkAssets: Deleting an ApkAssets object '<empty> and /data/app/~~c7nS3Ddu1rkEZ2R7zNW08Q==/com.google.android.tts-fsizE8orgcZdIbAyc6Vc5A==/split_config.x86_64.apk' with 1 weak references
08-26 00:30:16.171   577   598 W system_server: ApkAssets: Deleting an ApkAssets object '<empty> and /data/app/~~c7nS3Ddu1rkEZ2R7zNW08Q==/com.google.android.tts-fsizE8orgcZdIbAyc6Vc5A==/split_config.xxhdpi.apk' with 1 weak references
08-26 00:30:16.172   577   598 W System  : A resource failed to call HardwareBuffer.close. 
08-26 00:30:16.173   577   598 W system_server: ApkAssets: Deleting an ApkAssets object '<empty> and /data/app/~~E5jofKLMbJqrFgkQ3ImRLQ==/com.google.android.googlequicksearchbox-oF3USt585jD961Kn4Si9OA==/base.apk' with 1 weak references
08-26 00:30:16.175   577   598 W system_server: ApkAssets: Deleting an ApkAssets object '<empty> and /data/app/~~E5jofKLMbJqrFgkQ3ImRLQ==/com.google.android.googlequicksearchbox-oF3USt585jD961Kn4Si9OA==/split_config.xxhdpi.apk' with 1 weak references
08-26 00:30:16.175   577   598 W system_server: ApkAssets: Deleting an ApkAssets object '<empty> and /data/app/~~E5jofKLMbJqrFgkQ3ImRLQ==/com.google.android.googlequicksearchbox-oF3USt585jD961Kn4Si9OA==/split_lens_ondevice_engine_play_ml_module.apk' with 1 weak references
08-26 00:30:18.545  6060  6060 I AidlLazyServiceRegistrar: Process has 0 (of 2 available) client(s) in use after notification android.system.virtualizationmaintenance has clients: 0
08-26 00:30:18.545  6060  6060 I AidlLazyServiceRegistrar: Trying to shut down the service. No clients in use for any service in process.
08-26 00:30:18.553  5969  5970 I AidlLazyServiceRegistrar: Process has 0 (of 1 available) client(s) in use after notification artd has clients: 0
08-26 00:30:18.554  5969  5970 I AidlLazyServiceRegistrar: Trying to shut down the service. No clients in use for any service in process.
08-26 00:30:18.571  5969  5970 I AidlLazyServiceRegistrar: Unregistered all clients and exiting
08-26 00:30:18.583  6060  6060 I AidlLazyServiceRegistrar: Unregistered all clients and exiting
08-26 00:30:32.543   577   646 W PackageManager: Not removing package com.google.android.trichromelibrary hosting lib com.google.android.trichromelibrary version 725809438 used by [VersionedPackage[com.google.android.webview/725809438]] for user 0
08-26 00:31:00.011  1346  1504 I AiAiEcho: Predicting[0]:  [CONTEXT sampling_count=5 ]
08-26 00:31:00.011  1346  1504 I AiAiEcho: EchoTargets: 
08-26 00:31:00.011  1346  1504 I AiAiEcho: Filtered by AiAi flag check: 
08-26 00:31:00.011  1346  1504 I AiAiEcho: [CONTEXT ratelimit_period="10 SECONDS" ]
08-26 00:31:00.011  1346  1504 I AiAiEcho: Ranked targets strategy: SORT, count: 0, ranking metadata:  [CONTEXT ratelimit_period="10 SECONDS" ]
08-26 00:31:00.013  1346  1504 I AiAiEcho: #remoteViewsTwiddler: feature disabled.
08-26 00:31:00.014  1346  1504 I AiAiEcho: Predicting[0]:  [CONTEXT sampling_count=5 ]
08-26 00:31:00.014  1346  1504 I AiAiEcho: EchoTargets: 
08-26 00:31:00.014  1346  1504 I AiAiEcho: Filtered by AiAi flag check: 
08-26 00:31:00.014  1346  1504 I AiAiEcho: [CONTEXT ratelimit_period="10 SECONDS" ]
08-26 00:31:00.015  1346  1504 I AiAiEcho: Ranked targets strategy: SORT, count: 0, ranking metadata:  [CONTEXT ratelimit_period="10 SECONDS" ]
08-26 00:31:00.015  1346  1504 I AiAiEcho: #remoteViewsTwiddler: feature disabled.
08-26 00:31:00.018  1346  1504 I AiAiEcho: #postPredictionTargets: Sending updates to UISurface lockscreen with targets# 0 (types=[])
08-26 00:31:00.024  1346  1504 I AiAiEcho: #postPredictionTargets: Sending updates to UISurface home with targets# 0 (types=[])
08-26 00:31:00.028  1107  1107 D SsBaseTemplateCard: No text view can be set up
08-26 00:31:00.028  1107  1107 D SsBaseTemplateCard: Passed-in item info is null
08-26 00:31:00.029  1107  1107 D SsBaseTemplateCard: Passed-in item info is null
08-26 00:31:00.029  1107  1107 D SsBaseTemplateCard: Passed-in item info is null
08-26 00:31:00.029  1107  1107 I SsBaseTemplateCard: Secondary card pane is null
08-26 00:31:00.035   834   834 W PageIndicator: Total number of pages invalid: 0. Assuming 1 page.
08-26 00:31:00.045   834   998 D EGL_emulation: app_time_stats: avg=60003.56ms min=60003.56ms max=60003.56ms count=1
08-26 00:31:00.051  1107  1443 D EGL_emulation: app_time_stats: avg=60018.34ms min=60018.34ms max=60018.34ms count=1
08-26 00:31:20.124   834   998 D EGL_emulation: app_time_stats: avg=10039.25ms min=81.19ms max=19997.30ms count=2
08-26 00:31:40.124   834   998 D EGL_emulation: app_time_stats: avg=20000.26ms min=20000.26ms max=20000.26ms count=1
08-26 00:31:56.698   896  1922 D ApfFilter: (wlan0): Ignoring RA RA fe80::2 -> ff02::1 1800s fec0::/64 86400s/14400s DNS 1200000s fec0::3  which matches RA fe80::2 -> ff02::1 1800s fec0::/64 86400s/14400s DNS 1200000s fec0::3 
08-26 00:32:00.004  1346  1504 I AiAiEcho: Predicting[0]:  [CONTEXT sampling_count=5 ]
08-26 00:32:00.004  1346  1504 I AiAiEcho: EchoTargets: 
08-26 00:32:00.004  1346  1504 I AiAiEcho: Filtered by AiAi flag check: 
08-26 00:32:00.004  1346  1504 I AiAiEcho: [CONTEXT ratelimit_period="10 SECONDS" ]
08-26 00:32:00.005  1346  1504 I AiAiEcho: Ranked targets strategy: SORT, count: 0, ranking metadata:  [CONTEXT ratelimit_period="10 SECONDS" ]
08-26 00:32:00.005  1346  1504 I AiAiEcho: #remoteViewsTwiddler: feature disabled.
08-26 00:32:00.005  1346  1504 I AiAiEcho: Predicting[0]:  [CONTEXT sampling_count=5 ]
08-26 00:32:00.005  1346  1504 I AiAiEcho: EchoTargets: 
08-26 00:32:00.005  1346  1504 I AiAiEcho: Filtered by AiAi flag check: 
08-26 00:32:00.005  1346  1504 I AiAiEcho: [CONTEXT ratelimit_period="10 SECONDS" ]
08-26 00:32:00.005  1346  1504 I AiAiEcho: Ranked targets strategy: SORT, count: 0, ranking metadata:  [CONTEXT ratelimit_period="10 SECONDS" ]
08-26 00:32:00.005  1346  1504 I AiAiEcho: #remoteViewsTwiddler: feature disabled.
08-26 00:32:00.006  1346  1504 I AiAiEcho: #postPredictionTargets: Sending updates to UISurface lockscreen with targets# 0 (types=[])
08-26 00:32:00.007  1346  1504 I AiAiEcho: #postPredictionTargets: Sending updates to UISurface home with targets# 0 (types=[])
08-26 00:32:00.009  1107  1107 D SsBaseTemplateCard: No text view can be set up
08-26 00:32:00.011  1107  1107 D SsBaseTemplateCard: Passed-in item info is null
08-26 00:32:00.011  1107  1107 D SsBaseTemplateCard: Passed-in item info is null
08-26 00:32:00.012  1107  1107 D SsBaseTemplateCard: Passed-in item info is null
08-26 00:32:00.012  1107  1107 I SsBaseTemplateCard: Secondary card pane is null
08-26 00:32:00.023   834   834 W PageIndicator: Total number of pages invalid: 0. Assuming 1 page.
08-26 00:32:00.027  1107  1443 D EGL_emulation: app_time_stats: avg=59975.57ms min=59975.57ms max=59975.57ms count=1
08-26 00:32:00.031   834   998 D EGL_emulation: app_time_stats: avg=19906.78ms min=19906.78ms max=19906.78ms count=1
08-26 00:32:01.184  1061  1890 I NullBinder: NullBinder for android.net.action.RECOMMEND_NETWORKS triggering remote TransactionTooLargeException due to Service without Chimera impl, calling uid: 1000, calling pid: 0
08-26 00:32:01.185  1061  1890 W .gms.persistent: Large reply transaction of 1056768 bytes, interface descriptor , code 1
08-26 00:32:01.186   577   749 W IPCThreadState: Sending oneway calls to frozen process.
08-26 00:32:01.186   577   749 W IPCThreadState: Sending oneway calls to frozen process.
08-26 00:32:01.186  2196  2417 D WM-NetworkStateTracker: Network capabilities changed: [ Transports: WIFI Capabilities: NOT_METERED&INTERNET&NOT_RESTRICTED&TRUSTED&NOT_VPN&VALIDATED&NOT_ROAMING&FOREGROUND&NOT_CONGESTED&NOT_SUSPENDED&NOT_VCN_MANAGED&NOT_BANDWIDTH_CONSTRAINED LinkUpBandwidth>=12000Kbps LinkDnBandwidth>=30000Kbps TransportInfo: <SSID: <unknown ssid>, BSSID: 02:00:00:00:00:00, MAC: 02:00:00:00:00:00, IP: /10.0.2.16, Security type: 0, Supplicant state: COMPLETED, Wi-Fi standard: legacy, RSSI: -50, Link speed: 2Mbps, Tx Link speed: 2Mbps, Max Supported Tx Link speed: 11Mbps, Rx Link speed: 2Mbps, Max Supported Rx Link speed: 11Mbps, Frequency: 2447MHz, Net ID: -1, Metered hint: false, score: 60, isUsable: true, CarrierMerged: false, SubscriptionId: -1, IsPrimary: -1, Trusted: true, Restricted: false, Ephemeral: false, OEM paid: false, OEM private: false, OSU AP: false, FQDN: <none>, Provider friendly name: <none>, Requesting package name: <none><none>MLO Information: , Is TID-To-Link negotiation supported by the AP: false, AP MLD Address: <none>, AP MLO Link Id: <none>, AP MLO Affiliated links: <none>, Vendor Data: <none>> SignalStrength: -50 UnderlyingNetworks: Null]
08-26 00:32:01.188   577   749 W IPCThreadState: Sending oneway calls to frozen process.
08-26 00:32:01.188   577   749 W IPCThreadState: Sending oneway calls to frozen process.
08-26 00:32:01.188   577   749 W IPCThreadState: Sending oneway calls to frozen process.
08-26 00:32:01.188   577   749 W IPCThreadState: Sending oneway calls to frozen process.
08-26 00:32:01.188   577   749 W IPCThreadState: Sending oneway calls to frozen process.
08-26 00:32:01.188   577   749 W IPCThreadState: Sending oneway calls to frozen process.
08-26 00:32:01.188   577   749 W IPCThreadState: Sending oneway calls to frozen process.
08-26 00:32:01.188   577   749 W IPCThreadState: Sending oneway calls to frozen process.
08-26 00:32:01.188   577   749 W IPCThreadState: Sending oneway calls to frozen process.
08-26 00:32:01.188   577   749 W IPCThreadState: Sending oneway calls to frozen process.
08-26 00:32:01.188   577   749 W IPCThreadState: Sending oneway calls to frozen process.
08-26 00:32:01.188   577   749 W IPCThreadState: Sending oneway calls to frozen process.
08-26 00:32:01.188   577   749 W IPCThreadState: Sending oneway calls to frozen process.
08-26 00:32:01.188   577   749 W IPCThreadState: Sending oneway calls to frozen process.
08-26 00:32:01.189  1393  1970 I BugleRcsEngine: Connected state: [1], networkType: [WIFI] [CONTEXT thread_id=58 ]
08-26 00:32:01.189  1393  2177 I BugleRcsEngine: handleMessage processing message:[NOTIFY_UPTIME_IGNORE_STATE_CHANGED] with [non-null]:RcsEngineImpl reference [CONTEXT log_prefix="RcsEngineImpl[DUAL_REG]:[bba92579-0eec]>Handler" thread_id=64 ]
08-26 00:32:01.196  1393  2177 I BugleRcsEngine: No RCS Configuration was found in Bugle for simID: redacted-pii:sim_id[chars:20,last3:897] [CONTEXT log_prefix="ProvisioningEngineDataRetriever" thread_id=64 ]
08-26 00:32:01.335   577   984 D WifiNl80211Manager: Scan result ready event
08-26 00:32:01.335   577   984 D WifiNative: Scan result ready event
08-26 00:32:01.345   577   742 I HalDevMgr: bestIfaceCreationProposal is null, requestIface=STA, existingIface=[name=wlan0 type=STA]
08-26 00:32:04.188  1061  2791 I NullBinder: NullBinder for android.net.action.RECOMMEND_NETWORKS triggering remote TransactionTooLargeException due to Service without Chimera impl, calling uid: 1000, calling pid: 0
08-26 00:32:04.188  1061  2791 W .gms.persistent: Large reply transaction of 1056768 bytes, interface descriptor , code 1
08-26 00:32:04.188   577   749 W IPCThreadState: Sending oneway calls to frozen process.
08-26 00:32:04.188   577   749 W IPCThreadState: Sending oneway calls to frozen process.
08-26 00:32:04.190  2196  2417 D WM-NetworkStateTracker: Network capabilities changed: [ Transports: WIFI Capabilities: NOT_METERED&INTERNET&NOT_RESTRICTED&TRUSTED&NOT_VPN&VALIDATED&NOT_ROAMING&FOREGROUND&NOT_CONGESTED&NOT_SUSPENDED&NOT_VCN_MANAGED&NOT_BANDWIDTH_CONSTRAINED LinkUpBandwidth>=12000Kbps LinkDnBandwidth>=30000Kbps TransportInfo: <SSID: <unknown ssid>, BSSID: 02:00:00:00:00:00, MAC: 02:00:00:00:00:00, IP: /10.0.2.16, Security type: 0, Supplicant state: COMPLETED, Wi-Fi standard: legacy, RSSI: -50, Link speed: 1Mbps, Tx Link speed: 1Mbps, Max Supported Tx Link speed: 11Mbps, Rx Link speed: 2Mbps, Max Supported Rx Link speed: 11Mbps, Frequency: 2447MHz, Net ID: -1, Metered hint: false, score: 60, isUsable: true, CarrierMerged: false, SubscriptionId: -1, IsPrimary: -1, Trusted: true, Restricted: false, Ephemeral: false, OEM paid: false, OEM private: false, OSU AP: false, FQDN: <none>, Provider friendly name: <none>, Requesting package name: <none><none>MLO Information: , Is TID-To-Link negotiation supported by the AP: false, AP MLD Address: <none>, AP MLO Link Id: <none>, AP MLO Affiliated links: <none>, Vendor Data: <none>> SignalStrength: -50 UnderlyingNetworks: Null]
08-26 00:32:04.191   577   749 W IPCThreadState: Sending oneway calls to frozen process.
08-26 00:32:04.191   577   749 W IPCThreadState: Sending oneway calls to frozen process.
08-26 00:32:04.191   577   749 W IPCThreadState: Sending oneway calls to frozen process.
08-26 00:32:04.191   577   749 W IPCThreadState: Sending oneway calls to frozen process.
08-26 00:32:04.191   577   749 W IPCThreadState: Sending oneway calls to frozen process.
08-26 00:32:04.193   577   749 W IPCThreadState: Sending oneway calls to frozen process.
08-26 00:32:04.194   577   749 W IPCThreadState: Sending oneway calls to frozen process.
08-26 00:32:04.194  1393  1970 I BugleRcsEngine: Connected state: [1], networkType: [WIFI] [CONTEXT thread_id=58 ]
08-26 00:32:04.194   577   749 W IPCThreadState: Sending oneway calls to frozen process.
08-26 00:32:04.194   577   749 W IPCThreadState: Sending oneway calls to frozen process.
08-26 00:32:04.194   577   749 W IPCThreadState: Sending oneway calls to frozen process.
08-26 00:32:04.194  1393  2177 I BugleRcsEngine: handleMessage processing message:[NOTIFY_UPTIME_IGNORE_STATE_CHANGED] with [non-null]:RcsEngineImpl reference [CONTEXT log_prefix="RcsEngineImpl[DUAL_REG]:[bba92579-0eec]>Handler" thread_id=64 ]
08-26 00:32:04.195   577   749 W IPCThreadState: Sending oneway calls to frozen process.
08-26 00:32:04.196   577   749 W IPCThreadState: Sending oneway calls to frozen process.
08-26 00:32:04.197   577   749 W IPCThreadState: Sending oneway calls to frozen process.
08-26 00:32:04.197   577   749 W IPCThreadState: Sending oneway calls to frozen process.
08-26 00:32:04.204  1393  2177 I BugleRcsEngine: No RCS Configuration was found in Bugle for simID: redacted-pii:sim_id[chars:20,last3:897] [CONTEXT log_prefix="ProvisioningEngineDataRetriever" thread_id=64 ]
08-26 00:32:22.239  1393  1970 I BugleRcsEngine: Connected state: [1], networkType: [WIFI] [CONTEXT thread_id=58 ]
08-26 00:32:22.240   577   749 W IPCThreadState: Sending oneway calls to frozen process.
08-26 00:32:22.240  1393  2177 I BugleRcsEngine: handleMessage processing message:[NOTIFY_UPTIME_IGNORE_STATE_CHANGED] with [non-null]:RcsEngineImpl reference [CONTEXT log_prefix="RcsEngineImpl[DUAL_REG]:[bba92579-0eec]>Handler" thread_id=64 ]
