08-26 01:22:54.558   577   749 W IPCThreadState: Sending oneway calls to frozen process.
08-26 01:22:54.558  1393  2177 I BugleRcsEngine: No RCS Configuration was found in Bugle for simID: redacted-pii:sim_id[chars:20,last3:897] [CONTEXT log_prefix="ProvisioningEngineDataRetriever" thread_id=64 ]
08-26 01:22:54.559  2196  2417 D WM-NetworkStateTracker: Network capabilities changed: [ Transports: WIFI Capabilities: NOT_METERED&INTERNET&NOT_RESTRICTED&TRUSTED&NOT_VPN&VALIDATED&NOT_ROAMING&FOREGROUND&NOT_CONGESTED&NOT_SUSPENDED&NOT_VCN_MANAGED&NOT_BANDWIDTH_CONSTRAINED LinkUpBandwidth>=12000Kbps LinkDnBandwidth>=30000Kbps TransportInfo: <SSID: <unknown ssid>, BSSID: 02:00:00:00:00:00, MAC: 02:00:00:00:00:00, IP: /10.0.2.16, Security type: 0, Supplicant state: COMPLETED, Wi-Fi standard: legacy, RSSI: -50, Link speed: 2Mbps, Tx Link speed: 2Mbps, Max Supported Tx Link speed: 11Mbps, Rx Link speed: 2Mbps, Max Supported Rx Link speed: 11Mbps, Frequency: 2447MHz, Net ID: -1, Metered hint: false, score: 60, isUsable: true, CarrierMerged: false, SubscriptionId: -1, IsPrimary: -1, Trusted: true, Restricted: false, Ephemeral: false, OEM paid: false, OEM private: false, OSU AP: false, FQDN: <none>, Provider friendly name: <none>, Requesting package name: <none><none>MLO Information: , Is TID-To-Link negotiation supported by the AP: false, AP MLD Address: <none>, AP MLO Link Id: <none>, AP MLO Affiliated links: <none>, Vendor Data: <none>> SignalStrength: -50 UnderlyingNetworks: Null]
08-26 01:22:54.559   577   749 W IPCThreadState: Sending oneway calls to frozen process.
08-26 01:22:54.560   577   749 W IPCThreadState: Sending oneway calls to frozen process.
08-26 01:22:54.560   577   749 W IPCThreadState: Sending oneway calls to frozen process.
08-26 01:22:54.560   577   749 W IPCThreadState: Sending oneway calls to frozen process.
08-26 01:22:54.560   577   749 W IPCThreadState: Sending oneway calls to frozen process.
08-26 01:22:54.560   577   749 W IPCThreadState: Sending oneway calls to frozen process.
08-26 01:22:54.560   577   749 W IPCThreadState: Sending oneway calls to frozen process.
08-26 01:22:54.560   577   749 W IPCThreadState: Sending oneway calls to frozen process.
08-26 01:22:54.560   577   749 W IPCThreadState: Sending oneway calls to frozen process.
08-26 01:22:54.560   577   749 W IPCThreadState: Sending oneway calls to frozen process.
08-26 01:22:54.560   577   749 W IPCThreadState: Sending oneway calls to frozen process.
08-26 01:22:54.560   577   749 W IPCThreadState: Sending oneway calls to frozen process.
08-26 01:22:54.560   577   749 W IPCThreadState: Sending oneway calls to frozen process.
08-26 01:22:54.560   577   749 W IPCThreadState: Sending oneway calls to frozen process.
08-26 01:22:54.655   577  1700 W AppOps  : Noting op not finished: uid 10144 pkg com.google.android.gms code 79 startTime of in progress event=1756186988712
08-26 01:22:54.660   577  1700 W AppOps  : Noting op not finished: uid 10144 pkg com.google.android.gms code 113 startTime of in progress event=1756186955940
08-26 01:22:54.667   577  1637 W AppOps  : Noting op not finished: uid 10144 pkg com.google.android.gms code 113 startTime of in progress event=1756186955940
08-26 01:22:54.675   577  1658 W AppOps  : Noting op not finished: uid 10144 pkg com.google.android.gms code 113 startTime of in progress event=1756186955940
08-26 01:22:54.681  1061  1648 I ActivityScheduler: nextTriggerTime: 9869684, in 238099ms, detectorType: 39, FULL_TYPE alarmWindowMillis: 80000
08-26 01:22:57.560   577   749 W IPCThreadState: Sending oneway calls to frozen process.
08-26 01:22:57.560   577   749 W IPCThreadState: Sending oneway calls to frozen process.
08-26 01:22:57.560   577   749 W IPCThreadState: Sending oneway calls to frozen process.
08-26 01:22:57.560   577   749 W IPCThreadState: Sending oneway calls to frozen process.
08-26 01:22:57.560   577   749 W IPCThreadState: Sending oneway calls to frozen process.
08-26 01:22:57.561   577   749 W IPCThreadState: Sending oneway calls to frozen process.
08-26 01:22:57.561   577   749 W IPCThreadState: Sending oneway calls to frozen process.
08-26 01:22:57.561   577   749 W IPCThreadState: Sending oneway calls to frozen process.
08-26 01:22:57.561   577   749 W IPCThreadState: Sending oneway calls to frozen process.
08-26 01:22:57.561   577   749 W IPCThreadState: Sending oneway calls to frozen process.
08-26 01:22:57.561   577   749 W IPCThreadState: Sending oneway calls to frozen process.
08-26 01:22:57.561   577   749 W IPCThreadState: Sending oneway calls to frozen process.
08-26 01:22:57.561   577   749 W IPCThreadState: Sending oneway calls to frozen process.
08-26 01:22:57.561   577   749 W IPCThreadState: Sending oneway calls to frozen process.
08-26 01:22:57.561   577   749 W IPCThreadState: Sending oneway calls to frozen process.
08-26 01:22:57.561   577   749 W IPCThreadState: Sending oneway calls to frozen process.
08-26 01:22:57.561   577   749 W IPCThreadState: Sending oneway calls to frozen process.
08-26 01:22:57.561   577   749 W IPCThreadState: Sending oneway calls to frozen process.
08-26 01:22:57.561   577   749 W IPCThreadState: Sending oneway calls to frozen process.
08-26 01:22:57.563  2196  2417 D WM-NetworkStateTracker: Network capabilities changed: [ Transports: WIFI Capabilities: NOT_METERED&INTERNET&NOT_RESTRICTED&TRUSTED&NOT_VPN&VALIDATED&NOT_ROAMING&FOREGROUND&NOT_CONGESTED&NOT_SUSPENDED&NOT_VCN_MANAGED&NOT_BANDWIDTH_CONSTRAINED LinkUpBandwidth>=12000Kbps LinkDnBandwidth>=30000Kbps TransportInfo: <SSID: <unknown ssid>, BSSID: 02:00:00:00:00:00, MAC: 02:00:00:00:00:00, IP: /10.0.2.16, Security type: 0, Supplicant state: COMPLETED, Wi-Fi standard: legacy, RSSI: -50, Link speed: 5Mbps, Tx Link speed: 5Mbps, Max Supported Tx Link speed: 11Mbps, Rx Link speed: 2Mbps, Max Supported Rx Link speed: 11Mbps, Frequency: 2447MHz, Net ID: -1, Metered hint: false, score: 60, isUsable: true, CarrierMerged: false, SubscriptionId: -1, IsPrimary: -1, Trusted: true, Restricted: false, Ephemeral: false, OEM paid: false, OEM private: false, OSU AP: false, FQDN: <none>, Provider friendly name: <none>, Requesting package name: <none><none>MLO Information: , Is TID-To-Link negotiation supported by the AP: false, AP MLD Address: <none>, AP MLO Link Id: <none>, AP MLO Affiliated links: <none>, Vendor Data: <none>> SignalStrength: -50 UnderlyingNetworks: Null]
08-26 01:22:57.566  1061  1071 I NullBinder: NullBinder for android.net.action.RECOMMEND_NETWORKS triggering remote TransactionTooLargeException due to Service without Chimera impl, calling uid: 1000, calling pid: 0
08-26 01:22:57.568  1393  2177 I BugleRcsEngine: handleMessage processing message:[NOTIFY_UPTIME_IGNORE_STATE_CHANGED] with [non-null]:RcsEngineImpl reference [CONTEXT log_prefix="RcsEngineImpl[DUAL_REG]:[bba92579-0eec]>Handler" thread_id=64 ]
08-26 01:22:57.571  1393  1970 I BugleRcsEngine: Connected state: [1], networkType: [WIFI] [CONTEXT thread_id=58 ]
08-26 01:22:57.572  1061  1071 W .gms.persistent: Large reply transaction of 1056768 bytes, interface descriptor , code 1
08-26 01:22:57.577  1393  2177 I BugleRcsEngine: No RCS Configuration was found in Bugle for simID: redacted-pii:sim_id[chars:20,last3:897] [CONTEXT log_prefix="ProvisioningEngineDataRetriever" thread_id=64 ]
08-26 01:22:58.419  2196  2196 D WM-DelayedWorkTracker: Scheduling work ef7ddce9-07ad-4f61-8f8a-0bf90d97fa22
08-26 01:22:58.419  2196  2196 D WM-GreedyScheduler: Starting tracking for ef7ddce9-07ad-4f61-8f8a-0bf90d97fa22
08-26 01:22:58.420  2196  2196 D WM-DelayedWorkTracker: Scheduling work 012cd78e-952d-4129-a4e7-e3f7a8dff527
08-26 01:22:58.420  2196  2196 D WM-GreedyScheduler: Starting tracking for 012cd78e-952d-4129-a4e7-e3f7a8dff527
08-26 01:22:58.422  2196  7208 D WM-GreedyScheduler: Constraints not met: Cancelling work ID WorkGenerationalId(workSpecId=ef7ddce9-07ad-4f61-8f8a-0bf90d97fa22, generation=129)
08-26 01:22:58.424  2196  7001 D WM-GreedyScheduler: Constraints met: Scheduling work ID WorkGenerationalId(workSpecId=012cd78e-952d-4129-a4e7-e3f7a8dff527, generation=129)
08-26 01:22:58.428  2196  7001 D WM-Processor: rvg: processing WorkGenerationalId(workSpecId=012cd78e-952d-4129-a4e7-e3f7a8dff527, generation=129)
08-26 01:22:58.429  2196  7001 D MddListenableWorkerFactory: createWorker for class: com.google.apps.tiktok.contrib.work.TikTokListenableWorker
08-26 01:22:58.435  2196  2196 D WM-WorkerWrapper: Starting work for com.google.apps.tiktok.contrib.work.TikTokListenableWorker
08-26 01:22:58.436  2196  2196 I SyncManagerImpl: #sync(). Running Synclets and scheduling next sync.
08-26 01:22:58.441  2196  2266 I SyncManagerImpl: Running synclets: [MmsGroupUpgradeSynclet]
08-26 01:22:58.446  2196  2356 I SyncManagerImpl: Starting synclet: MmsGroupUpgradeSynclet
08-26 01:22:58.453  2196  2794 I SyncManagerImpl: #sync() complete
08-26 01:22:58.453  2196  2263 I SyncManagerImpl: Completed sync. Scheduling next wakeup
08-26 01:22:58.453  2196  2263 I SyncWorkManagerPeriodic: Scheduling next periodic WorkManager workers
08-26 01:22:58.457  2196  7001 D WM-GreedyScheduler: Cancelling work ID fc4eff5a-0dd5-453b-a7bf-a11bebf5c859
08-26 01:22:58.461  2196  7001 D WM-SystemJobScheduler: Scheduling work ID fc4eff5a-0dd5-453b-a7bf-a11bebf5c859Job ID 2363
08-26 01:22:58.464  2196  7001 D WM-GreedyScheduler: Ignoring {WorkSpec: 15765613-cd31-4c14-9300-e8726823dd16}. Requires device idle.
08-26 01:22:58.464  2196  7001 D WM-GreedyScheduler: Ignoring {WorkSpec: 87bcd2e1-c44c-47c0-9614-0837033e4ff0}. Requires device idle.
08-26 01:22:58.464  2196  7001 D WM-GreedyScheduler: Ignoring {WorkSpec: 09667125-a0d2-48da-ae48-14a35f1091ca}. Requires device idle.
08-26 01:22:58.464  2196  7001 D WM-GreedyScheduler: Ignoring {WorkSpec: 9ea0df7b-c1cf-42e3-84ec-0fde44279645}. Requires device idle.
08-26 01:22:58.465  2196  7001 D WM-GreedyScheduler: Ignoring {WorkSpec: b3026d4e-5c30-454a-9776-98104a9de75d}. Requires device idle.
08-26 01:22:58.468  2196  7001 D WM-GreedyScheduler: Starting tracking for 7f1a68b0-2a68-454a-9ea4-bafe7d9e7080,df4de006-ef24-4691-aa6b-5c61a628a860,ef7ddce9-07ad-4f61-8f8a-0bf90d97fa22,6a1ffce9-1380-44ef-8675-13043f3bb2e2
08-26 01:22:58.475  2196  7208 D WM-GreedyScheduler: Cancelling work ID ef7ddce9-07ad-4f61-8f8a-0bf90d97fa22
08-26 01:22:58.480  2196  7208 D WM-SystemJobScheduler: Scheduling work ID ef7ddce9-07ad-4f61-8f8a-0bf90d97fa22Job ID 2364
08-26 01:22:58.492  2196  7208 D WM-GreedyScheduler: Ignoring {WorkSpec: 15765613-cd31-4c14-9300-e8726823dd16}. Requires device idle.
08-26 01:22:58.492  2196  7208 D WM-GreedyScheduler: Ignoring {WorkSpec: 87bcd2e1-c44c-47c0-9614-0837033e4ff0}. Requires device idle.
08-26 01:22:58.492  2196  7208 D WM-GreedyScheduler: Ignoring {WorkSpec: 09667125-a0d2-48da-ae48-14a35f1091ca}. Requires device idle.
08-26 01:22:58.492  2196  7208 D WM-GreedyScheduler: Ignoring {WorkSpec: 9ea0df7b-c1cf-42e3-84ec-0fde44279645}. Requires device idle.
08-26 01:22:58.493  2196  7208 D WM-GreedyScheduler: Ignoring {WorkSpec: b3026d4e-5c30-454a-9776-98104a9de75d}. Requires device idle.
08-26 01:22:58.493  2196  2196 D WM-SystemJobService: onStartJob for WorkGenerationalId(workSpecId=012cd78e-952d-4129-a4e7-e3f7a8dff527, generation=129)
08-26 01:22:58.494  2196  7208 D WM-GreedyScheduler: Starting tracking for 7f1a68b0-2a68-454a-9ea4-bafe7d9e7080,df4de006-ef24-4691-aa6b-5c61a628a860,6a1ffce9-1380-44ef-8675-13043f3bb2e2
08-26 01:22:58.498  2196  2268 I SyncWorkManagerPeriodic: Successfully scheduled next periodic workers
08-26 01:22:58.504  2196  7001 I WM-WorkerWrapper: Worker result SUCCESS for Work [ id=012cd78e-952d-4129-a4e7-e3f7a8dff527, tags={ com.google.apps.tiktok.contrib.work.TikTokListenableWorker,com.google.apps.tiktok.sync.impl.workmanager.SyncPeriodicWorker,TikTokWorker#com.google.apps.tiktok.sync.impl.workmanager.SyncPeriodicWorker } ]
08-26 01:22:58.509  2196  2196 D WM-Processor: rvg 012cd78e-952d-4129-a4e7-e3f7a8dff527 executed; reschedule = false
08-26 01:22:58.509  2196  2196 D WM-GreedyScheduler: Stopping tracking for WorkGenerationalId(workSpecId=012cd78e-952d-4129-a4e7-e3f7a8dff527, generation=129)
08-26 01:22:58.513  2196  2196 D WM-SystemJobService: 012cd78e-952d-4129-a4e7-e3f7a8dff527 executed on JobScheduler
08-26 01:22:58.522  2196  2196 D WM-SystemJobService: 012cd78e-952d-4129-a4e7-e3f7a8dff527 executed on JobScheduler
08-26 01:22:58.527  2196  7210 D WM-GreedyScheduler: Cancelling work ID 012cd78e-952d-4129-a4e7-e3f7a8dff527
08-26 01:22:58.532  2196  7210 D WM-SystemJobScheduler: Scheduling work ID 012cd78e-952d-4129-a4e7-e3f7a8dff527Job ID 2365
08-26 01:22:58.539  2196  7210 D WM-GreedyScheduler: Ignoring {WorkSpec: 15765613-cd31-4c14-9300-e8726823dd16}. Requires device idle.
08-26 01:22:58.539  2196  7210 D WM-GreedyScheduler: Ignoring {WorkSpec: 87bcd2e1-c44c-47c0-9614-0837033e4ff0}. Requires device idle.
08-26 01:22:58.539  2196  7210 D WM-GreedyScheduler: Ignoring {WorkSpec: 09667125-a0d2-48da-ae48-14a35f1091ca}. Requires device idle.
08-26 01:22:58.539  2196  7210 D WM-GreedyScheduler: Ignoring {WorkSpec: 9ea0df7b-c1cf-42e3-84ec-0fde44279645}. Requires device idle.
08-26 01:22:58.539  2196  7210 D WM-GreedyScheduler: Ignoring {WorkSpec: b3026d4e-5c30-454a-9776-98104a9de75d}. Requires device idle.
08-26 01:22:58.540  2196  7210 D WM-GreedyScheduler: Starting tracking for 7f1a68b0-2a68-454a-9ea4-bafe7d9e7080,df4de006-ef24-4691-aa6b-5c61a628a860,6a1ffce9-1380-44ef-8675-13043f3bb2e2
08-26 01:22:58.549  2196  7210 D WM-GreedyScheduler: Cancelling work ID 012cd78e-952d-4129-a4e7-e3f7a8dff527
08-26 01:22:58.551  2196  7210 D WM-GreedyScheduler: Ignoring {WorkSpec: 15765613-cd31-4c14-9300-e8726823dd16}. Requires device idle.
08-26 01:22:58.551  2196  7210 D WM-GreedyScheduler: Ignoring {WorkSpec: 87bcd2e1-c44c-47c0-9614-0837033e4ff0}. Requires device idle.
08-26 01:22:58.551  2196  7210 D WM-GreedyScheduler: Ignoring {WorkSpec: 09667125-a0d2-48da-ae48-14a35f1091ca}. Requires device idle.
08-26 01:22:58.551  2196  7210 D WM-GreedyScheduler: Ignoring {WorkSpec: 9ea0df7b-c1cf-42e3-84ec-0fde44279645}. Requires device idle.
08-26 01:22:58.552  2196  7210 D WM-GreedyScheduler: Ignoring {WorkSpec: b3026d4e-5c30-454a-9776-98104a9de75d}. Requires device idle.
08-26 01:22:58.554  2196  7210 D WM-GreedyScheduler: Starting tracking for 7f1a68b0-2a68-454a-9ea4-bafe7d9e7080,df4de006-ef24-4691-aa6b-5c61a628a860,6a1ffce9-1380-44ef-8675-13043f3bb2e2
08-26 01:23:00.006  1346  1504 I AiAiEcho: Predicting[0]:  [CONTEXT sampling_count=5 ]
08-26 01:23:00.011  1346  1504 I AiAiEcho: EchoTargets: 
08-26 01:23:00.011  1346  1504 I AiAiEcho: Filtered by AiAi flag check: 
08-26 01:23:00.011  1346  1504 I AiAiEcho: [CONTEXT ratelimit_period="10 SECONDS" ]
08-26 01:23:00.012  1346  1504 I AiAiEcho: Ranked targets strategy: SORT, count: 0, ranking metadata:  [CONTEXT ratelimit_period="10 SECONDS" ]
08-26 01:23:00.012  1346  1504 I AiAiEcho: #remoteViewsTwiddler: feature disabled.
08-26 01:23:00.013  1346  1504 I AiAiEcho: Predicting[0]:  [CONTEXT sampling_count=5 ]
08-26 01:23:00.015  1346  1504 I AiAiEcho: EchoTargets: 
08-26 01:23:00.015  1346  1504 I AiAiEcho: Filtered by AiAi flag check: 
08-26 01:23:00.015  1346  1504 I AiAiEcho: [CONTEXT ratelimit_period="10 SECONDS" ]
08-26 01:23:00.015  1346  1504 I AiAiEcho: Ranked targets strategy: SORT, count: 0, ranking metadata:  [CONTEXT ratelimit_period="10 SECONDS" ]
08-26 01:23:00.016  1346  1504 I AiAiEcho: #remoteViewsTwiddler: feature disabled.
08-26 01:23:00.019  1346  1504 I AiAiEcho: #postPredictionTargets: Sending updates to UISurface lockscreen with targets# 0 (types=[])
08-26 01:23:00.020  1346  1504 I AiAiEcho: #postPredictionTargets: Sending updates to UISurface home with targets# 0 (types=[])
08-26 01:23:00.026  1107  1107 D SsBaseTemplateCard: No text view can be set up
08-26 01:23:00.026  1107  1107 D SsBaseTemplateCard: Passed-in item info is null
08-26 01:23:00.026  1107  1107 D SsBaseTemplateCard: Passed-in item info is null
08-26 01:23:00.026  1107  1107 D SsBaseTemplateCard: Passed-in item info is null
08-26 01:23:00.027  1107  1107 I SsBaseTemplateCard: Secondary card pane is null
08-26 01:23:00.032   834   834 W PageIndicator: Total number of pages invalid: 0. Assuming 1 page.
08-26 01:23:00.041   834   998 D EGL_emulation: app_time_stats: avg=19833.60ms min=19833.60ms max=19833.60ms count=1
08-26 01:23:00.569  1061  1071 I NullBinder: NullBinder for android.net.action.RECOMMEND_NETWORKS triggering remote TransactionTooLargeException due to Service without Chimera impl, calling uid: 1000, calling pid: 0
08-26 01:23:00.569  1061  1071 W .gms.persistent: Large reply transaction of 1056768 bytes, interface descriptor , code 1
08-26 01:23:00.569  1393  1970 I BugleRcsEngine: Connected state: [1], networkType: [WIFI] [CONTEXT thread_id=58 ]
08-26 01:23:00.570  1393  2177 I BugleRcsEngine: handleMessage processing message:[NOTIFY_UPTIME_IGNORE_STATE_CHANGED] with [non-null]:RcsEngineImpl reference [CONTEXT log_prefix="RcsEngineImpl[DUAL_REG]:[bba92579-0eec]>Handler" thread_id=64 ]
08-26 01:23:00.571   577   749 W IPCThreadState: Sending oneway calls to frozen process.
08-26 01:23:00.571   577   749 W IPCThreadState: Sending oneway calls to frozen process.
08-26 01:23:00.574  2196  2417 D WM-NetworkStateTracker: Network capabilities changed: [ Transports: WIFI Capabilities: NOT_METERED&INTERNET&NOT_RESTRICTED&TRUSTED&NOT_VPN&VALIDATED&NOT_ROAMING&FOREGROUND&NOT_CONGESTED&NOT_SUSPENDED&NOT_VCN_MANAGED&NOT_BANDWIDTH_CONSTRAINED LinkUpBandwidth>=12000Kbps LinkDnBandwidth>=30000Kbps TransportInfo: <SSID: <unknown ssid>, BSSID: 02:00:00:00:00:00, MAC: 02:00:00:00:00:00, IP: /10.0.2.16, Security type: 0, Supplicant state: COMPLETED, Wi-Fi standard: legacy, RSSI: -50, Link speed: 1Mbps, Tx Link speed: 1Mbps, Max Supported Tx Link speed: 11Mbps, Rx Link speed: 2Mbps, Max Supported Rx Link speed: 11Mbps, Frequency: 2447MHz, Net ID: -1, Metered hint: false, score: 60, isUsable: true, CarrierMerged: false, SubscriptionId: -1, IsPrimary: -1, Trusted: true, Restricted: false, Ephemeral: false, OEM paid: false, OEM private: false, OSU AP: false, FQDN: <none>, Provider friendly name: <none>, Requesting package name: <none><none>MLO Information: , Is TID-To-Link negotiation supported by the AP: false, AP MLD Address: <none>, AP MLO Link Id: <none>, AP MLO Affiliated links: <none>, Vendor Data: <none>> SignalStrength: -50 UnderlyingNetworks: Null]
08-26 01:23:00.579   577   749 W IPCThreadState: Sending oneway calls to frozen process.
08-26 01:23:00.580   577   749 W IPCThreadState: Sending oneway calls to frozen process.
08-26 01:23:00.580   577   749 W IPCThreadState: Sending oneway calls to frozen process.
08-26 01:23:00.580   577   749 W IPCThreadState: Sending oneway calls to frozen process.
08-26 01:23:00.580   577   749 W IPCThreadState: Sending oneway calls to frozen process.
08-26 01:23:00.584   577   749 W IPCThreadState: Sending oneway calls to frozen process.
08-26 01:23:00.584   577   749 W IPCThreadState: Sending oneway calls to frozen process.
08-26 01:23:00.584   577   749 W IPCThreadState: Sending oneway calls to frozen process.
08-26 01:23:00.585   577   749 W IPCThreadState: Sending oneway calls to frozen process.
08-26 01:23:00.585  1393  2177 I BugleRcsEngine: No RCS Configuration was found in Bugle for simID: redacted-pii:sim_id[chars:20,last3:897] [CONTEXT log_prefix="ProvisioningEngineDataRetriever" thread_id=64 ]
08-26 01:23:00.585   577   749 W IPCThreadState: Sending oneway calls to frozen process.
08-26 01:23:00.587   577   749 W IPCThreadState: Sending oneway calls to frozen process.
08-26 01:23:00.590   577   749 W IPCThreadState: Sending oneway calls to frozen process.
08-26 01:23:00.590   577   749 W IPCThreadState: Sending oneway calls to frozen process.
08-26 01:23:00.590   577   749 W IPCThreadState: Sending oneway calls to frozen process.
08-26 01:23:00.590   577   749 W IPCThreadState: Sending oneway calls to frozen process.
08-26 01:23:00.590   577   749 W IPCThreadState: Sending oneway calls to frozen process.
08-26 01:23:00.590   577   749 W IPCThreadState: Sending oneway calls to frozen process.
08-26 01:23:11.298   577   808 E ClipboardService: Denying clipboard access to com.android.chrome, application is not in focus nor is it a system service for user 0
08-26 01:23:11.302   834   834 I ClipboardListener: Clipboard overlay suppressed.
08-26 01:23:11.303  1346  1551 I AiAiTranslate: C2T - not in a conversation
08-26 01:23:11.360  1346  1354 W ogle.android.as: ApkAssets: Deleting an ApkAssets object '<empty> and /product/app/Camera2/Camera2.apk' with 1 weak references
08-26 01:23:11.360  1346  1354 W ogle.android.as: ApkAssets: Deleting an ApkAssets object '<empty> and /system_ext/priv-app/SettingsGoogle/SettingsGoogle.apk' with 1 weak references
08-26 01:23:11.360  1346  1354 W ogle.android.as: ApkAssets: Deleting an ApkAssets object '/product/overlay/SettingsGoogle__sdk_gphone64_x86_64__auto_generated_rro_product.apk' with 1 weak references
08-26 01:23:11.360  1346  1354 W ogle.android.as: ApkAssets: Deleting an ApkAssets object '<empty> and /data/app/~~GNteirqMOuGE5IvO-7FV0A==/com.android.vending-0IySm_5U3Dhmqg3quI6BEg==/base.apk' with 1 weak references
08-26 01:23:11.360  1346  1354 W ogle.android.as: ApkAssets: Deleting an ApkAssets object '<empty> and /data/app/~~GNteirqMOuGE5IvO-7FV0A==/com.android.vending-0IySm_5U3Dhmqg3quI6BEg==/split_config.en.apk' with 1 weak references
08-26 01:23:11.360  1346  1354 W ogle.android.as: ApkAssets: Deleting an ApkAssets object '<empty> and /data/app/~~GNteirqMOuGE5IvO-7FV0A==/com.android.vending-0IySm_5U3Dhmqg3quI6BEg==/split_config.x86_64.apk' with 1 weak references
08-26 01:23:11.360  1346  1354 W ogle.android.as: ApkAssets: Deleting an ApkAssets object '<empty> and /data/app/~~GNteirqMOuGE5IvO-7FV0A==/com.android.vending-0IySm_5U3Dhmqg3quI6BEg==/split_phonesky_data_loader.apk' with 1 weak references
08-26 01:23:11.360  1346  1354 W ogle.android.as: ApkAssets: Deleting an ApkAssets object '<empty> and /data/app/~~GNteirqMOuGE5IvO-7FV0A==/com.android.vending-0IySm_5U3Dhmqg3quI6BEg==/split_phonesky_data_loader.config.x86_64.apk' with 1 weak references
08-26 01:23:11.361  1346  1354 W ogle.android.as: ApkAssets: Deleting an ApkAssets object '<empty> and /data/app/~~EN5_kZo_cz_AZpVQ3Zleyw==/com.google.android.apps.messaging-9fc39DB585VT4WH9RhFgdg==/base.apk' with 1 weak references
08-26 01:23:11.361  1346  1354 W ogle.android.as: ApkAssets: Deleting an ApkAssets object '<empty> and /data/app/~~EN5_kZo_cz_AZpVQ3Zleyw==/com.google.android.apps.messaging-9fc39DB585VT4WH9RhFgdg==/split_config.en.apk' with 1 weak references
08-26 01:23:11.362  1346  1354 W ogle.android.as: ApkAssets: Deleting an ApkAssets object '<empty> and /data/app/~~EN5_kZo_cz_AZpVQ3Zleyw==/com.google.android.apps.messaging-9fc39DB585VT4WH9RhFgdg==/split_config.x86_64.apk' with 1 weak references
08-26 01:23:11.362  1346  1354 W ogle.android.as: ApkAssets: Deleting an ApkAssets object '<empty> and /data/app/~~EN5_kZo_cz_AZpVQ3Zleyw==/com.google.android.apps.messaging-9fc39DB585VT4WH9RhFgdg==/split_config.xxhdpi.apk' with 1 weak references
08-26 01:23:11.363  1346  1354 W ogle.android.as: ApkAssets: Deleting an ApkAssets object '<empty> and /data/app/~~dPesJoVH9EE7KfKUm0najA==/com.google.android.dialer-rBst2tvEew2IKcXBcQQATQ==/base.apk' with 1 weak references
08-26 01:23:11.363  1346  1354 W ogle.android.as: ApkAssets: Deleting an ApkAssets object '<empty> and /product/priv-app/SafetyHubPrebuilt/SafetyHubPrebuilt.apk' with 1 weak references
08-26 01:23:11.363  1346  1354 W ogle.android.as: ApkAssets: Deleting an ApkAssets object '<empty> and /data/app/~~E5jofKLMbJqrFgkQ3ImRLQ==/com.google.android.googlequicksearchbox-oF3USt585jD961Kn4Si9OA==/base.apk' with 1 weak references
08-26 01:23:11.364  1346  1354 W ogle.android.as: ApkAssets: Deleting an ApkAssets object '<empty> and /data/app/~~E5jofKLMbJqrFgkQ3ImRLQ==/com.google.android.googlequicksearchbox-oF3USt585jD961Kn4Si9OA==/split_config.xxhdpi.apk' with 1 weak references
08-26 01:23:11.364  1346  1354 W ogle.android.as: ApkAssets: Deleting an ApkAssets object '<empty> and /data/app/~~E5jofKLMbJqrFgkQ3ImRLQ==/com.google.android.googlequicksearchbox-oF3USt585jD961Kn4Si9OA==/split_lens_ondevice_engine_play_ml_module.apk' with 1 weak references
08-26 01:23:11.366  1346  1354 W ogle.android.as: ApkAssets: Deleting an ApkAssets object '<empty> and /data/app/~~Oyl_BV3E0sgLQ2wgvb5zuA==/com.android.chrome-9GSvXWPRr8Gni-zV6RvNsg==/base.apk' with 1 weak references
08-26 01:23:11.367  1346  1354 W ogle.android.as: ApkAssets: Deleting an ApkAssets object '<empty> and /data/app/~~Oyl_BV3E0sgLQ2wgvb5zuA==/com.android.chrome-9GSvXWPRr8Gni-zV6RvNsg==/split_chrome.apk' with 1 weak references
08-26 01:23:11.367  1346  1354 W ogle.android.as: ApkAssets: Deleting an ApkAssets object '<empty> and /data/app/~~Oyl_BV3E0sgLQ2wgvb5zuA==/com.android.chrome-9GSvXWPRr8Gni-zV6RvNsg==/split_config.en.apk' with 1 weak references
08-26 01:23:11.367  1346  1354 W ogle.android.as: ApkAssets: Deleting an ApkAssets object '<empty> and /data/app/~~Oyl_BV3E0sgLQ2wgvb5zuA==/com.android.chrome-9GSvXWPRr8Gni-zV6RvNsg==/split_dev_ui.apk' with 1 weak references
08-26 01:23:11.367  1346  1354 W ogle.android.as: ApkAssets: Deleting an ApkAssets object '<empty> and /data/app/~~Oyl_BV3E0sgLQ2wgvb5zuA==/com.android.chrome-9GSvXWPRr8Gni-zV6RvNsg==/split_google3.apk' with 1 weak references
08-26 01:23:11.367  1346  1354 W ogle.android.as: ApkAssets: Deleting an ApkAssets object '<empty> and /data/app/~~Oyl_BV3E0sgLQ2wgvb5zuA==/com.android.chrome-9GSvXWPRr8Gni-zV6RvNsg==/split_stack_unwinder.apk' with 1 weak references
08-26 01:23:11.367  1346  1354 W ogle.android.as: ApkAssets: Deleting an ApkAssets object '<empty> and /data/app/~~Oyl_BV3E0sgLQ2wgvb5zuA==/com.android.chrome-9GSvXWPRr8Gni-zV6RvNsg==/split_test_dummy.apk' with 1 weak references
08-26 01:23:11.367  1346  1354 W ogle.android.as: ApkAssets: Deleting an ApkAssets object '<empty> and /data/app/~~Apj48RmtujST320ssPbB0Q==/com.google.android.trichromelibrary_725814338-Mc-HAI33_o62ErAXBkBiEw==/base.apk' with 1 weak references
08-26 01:23:11.368  1346  1354 W ogle.android.as: ApkAssets: Deleting an ApkAssets object '<empty> and /system_ext/priv-app/SystemUIGoogle/SystemUIGoogle.apk' with 1 weak references
08-26 01:23:11.368  1346  1354 W ogle.android.as: ApkAssets: Deleting an ApkAssets object '/vendor/overlay/SystemUIGoogle__sdk_gphone64_x86_64__auto_generated_rro_vendor.apk' with 1 weak references
08-26 01:23:11.369  1346  1354 W ogle.android.as: ApkAssets: Deleting an ApkAssets object '/product/overlay/SystemUIGoogle__sdk_gphone64_x86_64__auto_generated_rro_product.apk' with 1 weak references
08-26 01:23:11.370  1346  1354 W ogle.android.as: ApkAssets: Deleting an ApkAssets object '/product/overlay/SystemUIEmulationPixel9ProXL/SystemUIEmulationPixel9ProXLOverlay.apk' with 1 weak references
08-26 01:23:11.370  1346  1354 W ogle.android.as: ApkAssets: Deleting an ApkAssets object '<empty> and /data/app/~~mSC8mEa8x1IXKRfJ84zreA==/com.google.android.apps.docs-i-V493zMLWctA29D556Qpw==/base.apk' with 1 weak references
08-26 01:23:11.371  1346  1354 W ogle.android.as: ApkAssets: Deleting an ApkAssets object '<empty> and /data/app/~~mSC8mEa8x1IXKRfJ84zreA==/com.google.android.apps.docs-i-V493zMLWctA29D556Qpw==/split_config.en.apk' with 1 weak references
08-26 01:23:11.371  1346  1354 W ogle.android.as: ApkAssets: Deleting an ApkAssets object '<empty> and /data/app/~~mSC8mEa8x1IXKRfJ84zreA==/com.google.android.apps.docs-i-V493zMLWctA29D556Qpw==/split_config.x86_64.apk' with 1 weak references
08-26 01:23:11.371  1346  1354 W ogle.android.as: ApkAssets: Deleting an ApkAssets object '<empty> and /data/app/~~mSC8mEa8x1IXKRfJ84zreA==/com.google.android.apps.docs-i-V493zMLWctA29D556Qpw==/split_config.xxhdpi.apk' with 1 weak references
08-26 01:23:11.371  1346  1354 W ogle.android.as: ApkAssets: Deleting an ApkAssets object '<empty> and /data/app/~~mdtcrdGhSn-XdpRBeI7ZzA==/com.google.android.apps.maps-LBUPeGLWPZ-WC3KflHIrxw==/base.apk' with 1 weak references
08-26 01:23:11.371  1346  1354 W ogle.android.as: ApkAssets: Deleting an ApkAssets object '<empty> and /data/app/~~mdtcrdGhSn-XdpRBeI7ZzA==/com.google.android.apps.maps-LBUPeGLWPZ-WC3KflHIrxw==/split_config.en.apk' with 1 weak references
08-26 01:23:11.371  1346  1354 W ogle.android.as: ApkAssets: Deleting an ApkAssets object '<empty> and /data/app/~~mdtcrdGhSn-XdpRBeI7ZzA==/com.google.android.apps.maps-LBUPeGLWPZ-WC3KflHIrxw==/split_config.x86_64.apk' with 1 weak references
08-26 01:23:11.372  1346  1354 W ogle.android.as: ApkAssets: Deleting an ApkAssets object '<empty> and /data/app/~~mdtcrdGhSn-XdpRBeI7ZzA==/com.google.android.apps.maps-LBUPeGLWPZ-WC3KflHIrxw==/split_config.xxhdpi.apk' with 1 weak references
08-26 01:23:11.373  1346  1354 W ogle.android.as: ApkAssets: Deleting an ApkAssets object '<empty> and /data/app/~~N9G4j2jIx_KoVjRfseLBgQ==/com.google.android.apps.photos-GbJzMMIMXrr0DdUXtvWFZQ==/base.apk' with 1 weak references
08-26 01:23:11.374  1346  1354 W ogle.android.as: ApkAssets: Deleting an ApkAssets object '<empty> and /data/app/~~N9G4j2jIx_KoVjRfseLBgQ==/com.google.android.apps.photos-GbJzMMIMXrr0DdUXtvWFZQ==/split_config.en.apk' with 1 weak references
08-26 01:23:11.374  1346  1354 W ogle.android.as: ApkAssets: Deleting an ApkAssets object '<empty> and /data/app/~~N9G4j2jIx_KoVjRfseLBgQ==/com.google.android.apps.photos-GbJzMMIMXrr0DdUXtvWFZQ==/split_config.x86_64.apk' with 1 weak references
08-26 01:23:11.374  1346  1354 W ogle.android.as: ApkAssets: Deleting an ApkAssets object '<empty> and /data/app/~~N9G4j2jIx_KoVjRfseLBgQ==/com.google.android.apps.photos-GbJzMMIMXrr0DdUXtvWFZQ==/split_config.xxhdpi.apk' with 1 weak references
08-26 01:23:11.374  1346  1354 W ogle.android.as: ApkAssets: Deleting an ApkAssets object '<empty> and /data/app/~~22gHf9xQKo9JlRAXikjaYg==/com.google.android.apps.wellbeing-S-hAf0ntjhubdr5_UV284Q==/base.apk' with 1 weak references
08-26 01:23:11.375  1346  1354 W ogle.android.as: ApkAssets: Deleting an ApkAssets object '<empty> and /data/app/~~22gHf9xQKo9JlRAXikjaYg==/com.google.android.apps.wellbeing-S-hAf0ntjhubdr5_UV284Q==/split_config.xxhdpi.apk' with 1 weak references
08-26 01:23:11.375  1346  1354 W ogle.android.as: ApkAssets: Deleting an ApkAssets object '<empty> and /data/app/~~eTHBHHGBBXIae5eJrxSlzg==/com.google.android.apps.youtube.music-3lZZNxXhQHXZnfy4siLuGw==/base.apk' with 1 weak references
08-26 01:23:11.375  1346  1354 W ogle.android.as: ApkAssets: Deleting an ApkAssets object '<empty> and /data/app/~~eTHBHHGBBXIae5eJrxSlzg==/com.google.android.apps.youtube.music-3lZZNxXhQHXZnfy4siLuGw==/split_config.en.apk' with 1 weak references
08-26 01:23:11.376  1346  1354 W ogle.android.as: ApkAssets: Deleting an ApkAssets object '<empty> and /data/app/~~eTHBHHGBBXIae5eJrxSlzg==/com.google.android.apps.youtube.music-3lZZNxXhQHXZnfy4siLuGw==/split_config.xxhdpi.apk' with 1 weak references
08-26 01:23:11.376  1346  1354 W ogle.android.as: ApkAssets: Deleting an ApkAssets object '<empty> and /data/app/~~gIlSqoJmZzmNeMFcOlJ_bA==/com.google.android.calendar-7MS3_UUho3WLBQzC7dwIGw==/base.apk' with 1 weak references
08-26 01:23:11.376  1346  1354 W ogle.android.as: ApkAssets: Deleting an ApkAssets object '<empty> and /data/app/~~gIlSqoJmZzmNeMFcOlJ_bA==/com.google.android.calendar-7MS3_UUho3WLBQzC7dwIGw==/split_config.en.apk' with 1 weak references
08-26 01:23:11.376  1346  1354 W ogle.android.as: ApkAssets: Deleting an ApkAssets object '<empty> and /data/app/~~gIlSqoJmZzmNeMFcOlJ_bA==/com.google.android.calendar-7MS3_UUho3WLBQzC7dwIGw==/split_config.x86_64.apk' with 1 weak references
08-26 01:23:11.377  1346  1354 W ogle.android.as: ApkAssets: Deleting an ApkAssets object '<empty> and /data/app/~~gIlSqoJmZzmNeMFcOlJ_bA==/com.google.android.calendar-7MS3_UUho3WLBQzC7dwIGw==/split_config.xxhdpi.apk' with 1 weak references
08-26 01:23:11.377  1346  1354 W ogle.android.as: ApkAssets: Deleting an ApkAssets object '<empty> and /data/app/~~wjJZid8_TisxyHCSMf5dQQ==/com.google.android.contacts-UWYtWz0eBhGMZJcpcgR9UA==/base.apk' with 1 weak references
08-26 01:23:11.377  1346  1354 W ogle.android.as: ApkAssets: Deleting an ApkAssets object '<empty> and /data/app/~~wjJZid8_TisxyHCSMf5dQQ==/com.google.android.contacts-UWYtWz0eBhGMZJcpcgR9UA==/split_config.en.apk' with 1 weak references
08-26 01:23:11.377  1346  1354 W ogle.android.as: ApkAssets: Deleting an ApkAssets object '<empty> and /data/app/~~wjJZid8_TisxyHCSMf5dQQ==/com.google.android.contacts-UWYtWz0eBhGMZJcpcgR9UA==/split_config.x86_64.apk' with 1 weak references
08-26 01:23:11.377  1346  1354 W ogle.android.as: ApkAssets: Deleting an ApkAssets object '<empty> and /data/app/~~wjJZid8_TisxyHCSMf5dQQ==/com.google.android.contacts-UWYtWz0eBhGMZJcpcgR9UA==/split_config.xxhdpi.apk' with 1 weak references
08-26 01:23:11.378  1346  1354 W ogle.android.as: ApkAssets: Deleting an ApkAssets object '<empty> and /data/app/~~YomyGU7PwxBgz11z6qDQFA==/com.google.android.deskclock-qYX0_dFkTPlU93QHwcWuqw==/base.apk' with 1 weak references
08-26 01:23:11.378  1346  1354 W ogle.android.as: ApkAssets: Deleting an ApkAssets object '<empty> and /data/app/~~YomyGU7PwxBgz11z6qDQFA==/com.google.android.deskclock-qYX0_dFkTPlU93QHwcWuqw==/split_config.xxhdpi.apk' with 1 weak references
08-26 01:23:11.379  1346  1354 W ogle.android.as: ApkAssets: Deleting an ApkAssets object '<empty> and /data/app/~~LmB0AnPRAyhy9qJKJmzWrA==/com.google.android.gm-MoT-taBAQP5_WazzpONDzw==/base.apk' with 1 weak references
08-26 01:23:11.379  1346  1354 W ogle.android.as: ApkAssets: Deleting an ApkAssets object '<empty> and /data/app/~~LmB0AnPRAyhy9qJKJmzWrA==/com.google.android.gm-MoT-taBAQP5_WazzpONDzw==/split_config.en.apk' with 1 weak references
08-26 01:23:11.379  1346  1354 W ogle.android.as: ApkAssets: Deleting an ApkAssets object '<empty> and /data/app/~~LmB0AnPRAyhy9qJKJmzWrA==/com.google.android.gm-MoT-taBAQP5_WazzpONDzw==/split_config.x86_64.apk' with 1 weak references
08-26 01:23:11.379  1346  1354 W ogle.android.as: ApkAssets: Deleting an ApkAssets object '<empty> and /data/app/~~LmB0AnPRAyhy9qJKJmzWrA==/com.google.android.gm-MoT-taBAQP5_WazzpONDzw==/split_config.xxhdpi.apk' with 1 weak references
08-26 01:23:11.379  1346  1354 W ogle.android.as: ApkAssets: Deleting an ApkAssets object '<empty> and /product/priv-app/SettingsIntelligenceGooglePrebuilt/SettingsIntelligenceGooglePrebuilt.apk' with 1 weak references
08-26 01:23:11.379  1346  1354 W ogle.android.as: ApkAssets: Deleting an ApkAssets object '<empty> and /data/app/~~sT1Ra5wBMY2z_0HKnIqpZg==/com.google.android.youtube-n82LcE7KQznKyt3azLxgoA==/base.apk' with 1 weak references
08-26 01:23:11.379  1346  1354 W ogle.android.as: ApkAssets: Deleting an ApkAssets object '<empty> and /data/app/~~sT1Ra5wBMY2z_0HKnIqpZg==/com.google.android.youtube-n82LcE7KQznKyt3azLxgoA==/split_config.en.apk' with 1 weak references
08-26 01:23:11.380  1346  1354 W ogle.android.as: ApkAssets: Deleting an ApkAssets object '<empty> and /data/app/~~sT1Ra5wBMY2z_0HKnIqpZg==/com.google.android.youtube-n82LcE7KQznKyt3azLxgoA==/split_config.x86_64.apk' with 1 weak references
08-26 01:23:11.380  1346  1354 W ogle.android.as: ApkAssets: Deleting an ApkAssets object '<empty> and /data/app/~~sT1Ra5wBMY2z_0HKnIqpZg==/com.google.android.youtube-n82LcE7KQznKyt3azLxgoA==/split_config.xxhdpi.apk' with 1 weak references
08-26 01:23:11.380  1346  1354 W ogle.android.as: ApkAssets: Deleting an ApkAssets object '<empty> and /data/app/~~k55ygr2OHxqMjtmbMN0bzw==/com.skyfire.solarapp-fus84dOiFhIZwxeOlhs-KQ==/base.apk' with 1 weak references
08-26 01:23:42.687   577   749 W IPCThreadState: Sending oneway calls to frozen process.
08-26 01:23:42.687   577   749 W IPCThreadState: Sending oneway calls to frozen process.
08-26 01:23:42.690  1393  2177 I BugleRcsEngine: handleMessage processing message:[NOTIFY_UPTIME_IGNORE_STATE_CHANGED] with [non-null]:RcsEngineImpl reference [CONTEXT log_prefix="RcsEngineImpl[DUAL_REG]:[bba92579-0eec]>Handler" thread_id=64 ]
08-26 01:23:42.691  2196  2417 D WM-NetworkStateTracker: Network capabilities changed: [ Transports: WIFI Capabilities: NOT_METERED&INTERNET&NOT_RESTRICTED&TRUSTED&NOT_VPN&VALIDATED&NOT_ROAMING&FOREGROUND&NOT_CONGESTED&NOT_SUSPENDED&NOT_VCN_MANAGED&NOT_BANDWIDTH_CONSTRAINED LinkUpBandwidth>=12000Kbps LinkDnBandwidth>=30000Kbps TransportInfo: <SSID: <unknown ssid>, BSSID: 02:00:00:00:00:00, MAC: 02:00:00:00:00:00, IP: /10.0.2.16, Security type: 0, Supplicant state: COMPLETED, Wi-Fi standard: legacy, RSSI: -50, Link speed: 11Mbps, Tx Link speed: 11Mbps, Max Supported Tx Link speed: 11Mbps, Rx Link speed: 2Mbps, Max Supported Rx Link speed: 11Mbps, Frequency: 2447MHz, Net ID: -1, Metered hint: false, score: 60, isUsable: true, CarrierMerged: false, SubscriptionId: -1, IsPrimary: -1, Trusted: true, Restricted: false, Ephemeral: false, OEM paid: false, OEM private: false, OSU AP: false, FQDN: <none>, Provider friendly name: <none>, Requesting package name: <none><none>MLO Information: , Is TID-To-Link negotiation supported by the AP: false, AP MLD Address: <none>, AP MLO Link Id: <none>, AP MLO Affiliated links: <none>, Vendor Data: <none>> SignalStrength: -50 UnderlyingNetworks: Null]
08-26 01:23:42.691   577   749 W IPCThreadState: Sending oneway calls to frozen process.
08-26 01:23:42.691  1061  1071 I NullBinder: NullBinder for android.net.action.RECOMMEND_NETWORKS triggering remote TransactionTooLargeException due to Service without Chimera impl, calling uid: 1000, calling pid: 0
08-26 01:23:42.691  1061  1071 W .gms.persistent: Large reply transaction of 1056768 bytes, interface descriptor , code 1
08-26 01:23:42.691   577   749 W IPCThreadState: Sending oneway calls to frozen process.
08-26 01:23:42.691   577   749 W IPCThreadState: Sending oneway calls to frozen process.
08-26 01:23:42.691   577   749 W IPCThreadState: Sending oneway calls to frozen process.
08-26 01:23:42.691   577   749 W IPCThreadState: Sending oneway calls to frozen process.
08-26 01:23:42.692   577   749 W IPCThreadState: Sending oneway calls to frozen process.
08-26 01:23:42.692   577   749 W IPCThreadState: Sending oneway calls to frozen process.
08-26 01:23:42.692   577   749 W IPCThreadState: Sending oneway calls to frozen process.
08-26 01:23:42.692   577   749 W IPCThreadState: Sending oneway calls to frozen process.
08-26 01:23:42.692   577   749 W IPCThreadState: Sending oneway calls to frozen process.
08-26 01:23:42.692   577   749 W IPCThreadState: Sending oneway calls to frozen process.
08-26 01:23:42.692   577   749 W IPCThreadState: Sending oneway calls to frozen process.
08-26 01:23:42.692   577   749 W IPCThreadState: Sending oneway calls to frozen process.
08-26 01:23:42.692   577   749 W IPCThreadState: Sending oneway calls to frozen process.
08-26 01:23:42.692   577   749 W IPCThreadState: Sending oneway calls to frozen process.
08-26 01:23:42.692   577   749 W IPCThreadState: Sending oneway calls to frozen process.
08-26 01:23:42.692   577   749 W IPCThreadState: Sending oneway calls to frozen process.
08-26 01:23:42.694  1393  1970 I BugleRcsEngine: Connected state: [1], networkType: [WIFI] [CONTEXT thread_id=58 ]
08-26 01:23:42.700  1393  2177 I BugleRcsEngine: No RCS Configuration was found in Bugle for simID: redacted-pii:sim_id[chars:20,last3:897] [CONTEXT log_prefix="ProvisioningEngineDataRetriever" thread_id=64 ]
08-26 01:23:48.705  1061  1071 I NullBinder: NullBinder for android.net.action.RECOMMEND_NETWORKS triggering remote TransactionTooLargeException due to Service without Chimera impl, calling uid: 1000, calling pid: 0
08-26 01:23:48.705  1061  1071 W .gms.persistent: Large reply transaction of 1056768 bytes, interface descriptor , code 1
08-26 01:23:48.707   577   749 W IPCThreadState: Sending oneway calls to frozen process.
08-26 01:23:48.707   577   749 W IPCThreadState: Sending oneway calls to frozen process.
08-26 01:23:48.707  1393  2177 I BugleRcsEngine: handleMessage processing message:[NOTIFY_UPTIME_IGNORE_STATE_CHANGED] with [non-null]:RcsEngineImpl reference [CONTEXT log_prefix="RcsEngineImpl[DUAL_REG]:[bba92579-0eec]>Handler" thread_id=64 ]
08-26 01:23:48.708  1393  1970 I BugleRcsEngine: Connected state: [1], networkType: [WIFI] [CONTEXT thread_id=58 ]
08-26 01:23:48.712   577   749 W IPCThreadState: Sending oneway calls to frozen process.
08-26 01:23:48.712   577   749 W IPCThreadState: Sending oneway calls to frozen process.
08-26 01:23:48.714   577   749 W IPCThreadState: Sending oneway calls to frozen process.
08-26 01:23:48.715  2196  2417 D WM-NetworkStateTracker: Network capabilities changed: [ Transports: WIFI Capabilities: NOT_METERED&INTERNET&NOT_RESTRICTED&TRUSTED&NOT_VPN&VALIDATED&NOT_ROAMING&FOREGROUND&NOT_CONGESTED&NOT_SUSPENDED&NOT_VCN_MANAGED&NOT_BANDWIDTH_CONSTRAINED LinkUpBandwidth>=12000Kbps LinkDnBandwidth>=30000Kbps TransportInfo: <SSID: <unknown ssid>, BSSID: 02:00:00:00:00:00, MAC: 02:00:00:00:00:00, IP: /10.0.2.16, Security type: 0, Supplicant state: COMPLETED, Wi-Fi standard: legacy, RSSI: -50, Link speed: 1Mbps, Tx Link speed: 1Mbps, Max Supported Tx Link speed: 11Mbps, Rx Link speed: 2Mbps, Max Supported Rx Link speed: 11Mbps, Frequency: 2447MHz, Net ID: -1, Metered hint: false, score: 60, isUsable: true, CarrierMerged: false, SubscriptionId: -1, IsPrimary: -1, Trusted: true, Restricted: false, Ephemeral: false, OEM paid: false, OEM private: false, OSU AP: false, FQDN: <none>, Provider friendly name: <none>, Requesting package name: <none><none>MLO Information: , Is TID-To-Link negotiation supported by the AP: false, AP MLD Address: <none>, AP MLO Link Id: <none>, AP MLO Affiliated links: <none>, Vendor Data: <none>> SignalStrength: -50 UnderlyingNetworks: Null]
08-26 01:23:48.715   577   749 W IPCThreadState: Sending oneway calls to frozen process.
08-26 01:23:48.716  1393  2177 I BugleRcsEngine: No RCS Configuration was found in Bugle for simID: redacted-pii:sim_id[chars:20,last3:897] [CONTEXT log_prefix="ProvisioningEngineDataRetriever" thread_id=64 ]
08-26 01:23:48.717   577   749 W IPCThreadState: Sending oneway calls to frozen process.
08-26 01:23:48.720   577   749 W IPCThreadState: Sending oneway calls to frozen process.
08-26 01:23:48.722   577   749 W IPCThreadState: Sending oneway calls to frozen process.
08-26 01:23:48.722   577   749 W IPCThreadState: Sending oneway calls to frozen process.
08-26 01:23:48.723   577   749 W IPCThreadState: Sending oneway calls to frozen process.
08-26 01:23:48.723   577   749 W IPCThreadState: Sending oneway calls to frozen process.
08-26 01:23:48.724   577   749 W IPCThreadState: Sending oneway calls to frozen process.
08-26 01:23:48.724   577   749 W IPCThreadState: Sending oneway calls to frozen process.
08-26 01:23:48.724   577   749 W IPCThreadState: Sending oneway calls to frozen process.
08-26 01:23:48.724   577   749 W IPCThreadState: Sending oneway calls to frozen process.
08-26 01:23:48.724   577   749 W IPCThreadState: Sending oneway calls to frozen process.
08-26 01:23:48.724   577   749 W IPCThreadState: Sending oneway calls to frozen process.
08-26 01:23:48.725   577   749 W IPCThreadState: Sending oneway calls to frozen process.
08-26 01:23:57.730  1061  2685 I NullBinder: NullBinder for android.net.action.RECOMMEND_NETWORKS triggering remote TransactionTooLargeException due to Service without Chimera impl, calling uid: 1000, calling pid: 0
08-26 01:23:57.730  1061  2685 W .gms.persistent: Large reply transaction of 1056768 bytes, interface descriptor , code 1
08-26 01:23:57.733   577   749 W IPCThreadState: Sending oneway calls to frozen process.
08-26 01:23:57.733  1393  2177 I BugleRcsEngine: handleMessage processing message:[NOTIFY_UPTIME_IGNORE_STATE_CHANGED] with [non-null]:RcsEngineImpl reference [CONTEXT log_prefix="RcsEngineImpl[DUAL_REG]:[bba92579-0eec]>Handler" thread_id=64 ]
08-26 01:23:57.733   577   749 W IPCThreadState: Sending oneway calls to frozen process.
08-26 01:23:57.733  1393  1970 I BugleRcsEngine: Connected state: [1], networkType: [WIFI] [CONTEXT thread_id=58 ]
08-26 01:23:57.734  2196  2417 D WM-NetworkStateTracker: Network capabilities changed: [ Transports: WIFI Capabilities: NOT_METERED&INTERNET&NOT_RESTRICTED&TRUSTED&NOT_VPN&VALIDATED&NOT_ROAMING&FOREGROUND&NOT_CONGESTED&NOT_SUSPENDED&NOT_VCN_MANAGED&NOT_BANDWIDTH_CONSTRAINED LinkUpBandwidth>=12000Kbps LinkDnBandwidth>=30000Kbps TransportInfo: <SSID: <unknown ssid>, BSSID: 02:00:00:00:00:00, MAC: 02:00:00:00:00:00, IP: /10.0.2.16, Security type: 0, Supplicant state: COMPLETED, Wi-Fi standard: legacy, RSSI: -50, Link speed: 5Mbps, Tx Link speed: 5Mbps, Max Supported Tx Link speed: 11Mbps, Rx Link speed: 2Mbps, Max Supported Rx Link speed: 11Mbps, Frequency: 2447MHz, Net ID: -1, Metered hint: false, score: 60, isUsable: true, CarrierMerged: false, SubscriptionId: -1, IsPrimary: -1, Trusted: true, Restricted: false, Ephemeral: false, OEM paid: false, OEM private: false, OSU AP: false, FQDN: <none>, Provider friendly name: <none>, Requesting package name: <none><none>MLO Information: , Is TID-To-Link negotiation supported by the AP: false, AP MLD Address: <none>, AP MLO Link Id: <none>, AP MLO Affiliated links: <none>, Vendor Data: <none>> SignalStrength: -50 UnderlyingNetworks: Null]
08-26 01:23:57.735   577   749 W IPCThreadState: Sending oneway calls to frozen process.
08-26 01:23:57.735   577   749 W IPCThreadState: Sending oneway calls to frozen process.
08-26 01:23:57.735   577   749 W IPCThreadState: Sending oneway calls to frozen process.
08-26 01:23:57.737   577   749 W IPCThreadState: Sending oneway calls to frozen process.
08-26 01:23:57.737   577   749 W IPCThreadState: Sending oneway calls to frozen process.
08-26 01:23:57.740  1393  2177 I BugleRcsEngine: No RCS Configuration was found in Bugle for simID: redacted-pii:sim_id[chars:20,last3:897] [CONTEXT log_prefix="ProvisioningEngineDataRetriever" thread_id=64 ]
08-26 01:23:57.740   577   749 W IPCThreadState: Sending oneway calls to frozen process.
08-26 01:23:57.741   577   749 W IPCThreadState: Sending oneway calls to frozen process.
08-26 01:23:57.741   577   749 W IPCThreadState: Sending oneway calls to frozen process.
08-26 01:23:57.742   577   749 W IPCThreadState: Sending oneway calls to frozen process.
08-26 01:23:57.742   577   749 W IPCThreadState: Sending oneway calls to frozen process.
08-26 01:23:57.742   577   749 W IPCThreadState: Sending oneway calls to frozen process.
08-26 01:23:57.744   577   749 W IPCThreadState: Sending oneway calls to frozen process.
08-26 01:23:57.744   577   749 W IPCThreadState: Sending oneway calls to frozen process.
08-26 01:23:57.744   577   749 W IPCThreadState: Sending oneway calls to frozen process.
08-26 01:23:57.744   577   749 W IPCThreadState: Sending oneway calls to frozen process.
08-26 01:23:57.744   577   749 W IPCThreadState: Sending oneway calls to frozen process.
08-26 01:23:57.744   577   749 W IPCThreadState: Sending oneway calls to frozen process.
08-26 01:23:58.175   577   808 E ClipboardService: Denying clipboard access to com.android.chrome, application is not in focus nor is it a system service for user 0
08-26 01:23:58.176   834   834 I ClipboardListener: Clipboard overlay suppressed.
08-26 01:23:58.179  1346  1551 I AiAiTranslate: C2T - not in a conversation
08-26 01:23:58.398   577   808 E ClipboardService: Denying clipboard access to com.android.chrome, application is not in focus nor is it a system service for user 0
08-26 01:23:58.407  1346  1551 I AiAiTranslate: C2T - not in a conversation
08-26 01:23:58.407   834   834 I ClipboardListener: Clipboard overlay suppressed.
08-26 01:23:59.674   577   808 E ClipboardService: Denying clipboard access to com.android.chrome, application is not in focus nor is it a system service for user 0
08-26 01:23:59.677  1346  1551 I AiAiTranslate: C2T - not in a conversation
08-26 01:23:59.679   834   834 I ClipboardListener: Clipboard overlay suppressed.
08-26 01:24:00.005  1346  1504 I AiAiEcho: Predicting[0]:  [CONTEXT sampling_count=5 ]
08-26 01:24:00.006  1346  1504 I AiAiEcho: EchoTargets: 
08-26 01:24:00.006  1346  1504 I AiAiEcho: Filtered by AiAi flag check: 
08-26 01:24:00.006  1346  1504 I AiAiEcho: [CONTEXT ratelimit_period="10 SECONDS" ]
08-26 01:24:00.006  1346  1504 I AiAiEcho: Ranked targets strategy: SORT, count: 0, ranking metadata:  [CONTEXT ratelimit_period="10 SECONDS" ]
08-26 01:24:00.006  1346  1504 I AiAiEcho: #remoteViewsTwiddler: feature disabled.
08-26 01:24:00.006  1346  1504 I AiAiEcho: Predicting[0]:  [CONTEXT sampling_count=5 ]
08-26 01:24:00.006  1346  1504 I AiAiEcho: EchoTargets: 
08-26 01:24:00.006  1346  1504 I AiAiEcho: Filtered by AiAi flag check: 
08-26 01:24:00.006  1346  1504 I AiAiEcho: [CONTEXT ratelimit_period="10 SECONDS" ]
08-26 01:24:00.007  1346  1504 I AiAiEcho: Ranked targets strategy: SORT, count: 0, ranking metadata:  [CONTEXT ratelimit_period="10 SECONDS" ]
08-26 01:24:00.008  1346  1504 I AiAiEcho: #remoteViewsTwiddler: feature disabled.
08-26 01:24:00.010  1346  1504 I AiAiEcho: #postPredictionTargets: Sending updates to UISurface lockscreen with targets# 0 (types=[])
08-26 01:24:00.012  1346  1504 I AiAiEcho: #postPredictionTargets: Sending updates to UISurface home with targets# 0 (types=[])
08-26 01:24:00.015  1107  1107 D SsBaseTemplateCard: No text view can be set up
08-26 01:24:00.015  1107  1107 D SsBaseTemplateCard: Passed-in item info is null
08-26 01:24:00.015  1107  1107 D SsBaseTemplateCard: Passed-in item info is null
08-26 01:24:00.015  1107  1107 D SsBaseTemplateCard: Passed-in item info is null
08-26 01:24:00.015  1107  1107 I SsBaseTemplateCard: Secondary card pane is null
08-26 01:24:00.025   834   834 W PageIndicator: Total number of pages invalid: 0. Assuming 1 page.
08-26 01:24:00.030   834   998 D EGL_emulation: app_time_stats: avg=29993.71ms min=166.35ms max=59821.07ms count=2
