08-26 10:56:12.144 15674 15674 D nativeloader: Load libframework-connectivity-tiramisu-jni.so using APEX ns com_android_tethering for caller /apex/com.android.tethering/javalib/framework-connectivity-t.jar: ok
08-26 10:56:12.144   577   577 W Looper  : Slow dispatch took 153ms main h=com.android.server.accessibility.AccessibilityManagerService$MainHandler c=com.android.server.accessibility.AccessibilityManagerService$$ExternalSyntheticLambda3@d848e0b m=0
08-26 10:56:12.171  1346  1902 I AiAiTextClassifier: [VisualCortexAdapter]: provideRegistration: Registered Prominent Screen Entities for updates.
08-26 10:56:12.189  1346  1902 I AiAiTextClassifier: [VisualCortexAdapter]: provideRegistration: Registered Prominent Screen Entities for updates.
08-26 10:56:12.197  1346  1902 I AiAiTextClassifier: [VisualCortexAdapter]: provideRegistration: Registered Prominent Screen Entities for updates.
08-26 10:56:12.235   470   534 W IPCThreadState: Sending oneway calls to frozen process.
08-26 10:56:12.235   470   534 W IPCThreadState: Sending oneway calls to frozen process.
08-26 10:56:12.256   577  3661 W HWUI    : Failed to choose config with EGL_SWAP_BEHAVIOR_PRESERVED, retrying without...
08-26 10:56:12.277   577  3661 W HWUI    : Failed to initialize 101010-2 format, error = EGL_SUCCESS
08-26 10:56:12.283   577   612 W Looper  : Slow dispatch took 264ms android.ui h=com.android.server.am.ActivityManagerService$UiHandler c=com.android.server.am.UidObserverController$$ExternalSyntheticLambda0@9fbd816 m=0
08-26 10:56:12.346 13925 13976 V WindowManagerShell: onTransitionReady(transaction=2478196136817)
08-26 10:56:12.359 13925 13940 V WindowManagerShell: onTransitionReady (#117) android.os.BinderProxy@c596fe1: {id=117 t=OPEN f=0x0 trk=0 r=[0@Point(0, 0)] c=[{WCT{android.window.IWindowContainerToken$Stub$Proxy@1573a19} m=OPEN f=NONE leash=Surface(name=Task=131)/@0xdf28792 sb=Rect(0, 0 - 1344, 2992) eb=Rect(0, 0 - 1344, 2992) d=0 taskParent=-1},{WCT{android.window.IWindowContainerToken$Stub$Proxy@e2d8ade} m=TO_BACK f=SHOW_WALLPAPER leash=Surface(name=Task=1)/@0x27e6563 sb=Rect(0, 0 - 1344, 2992) eb=Rect(0, 0 - 1344, 2992) d=0 taskParent=-1}]}
08-26 10:56:12.360 13925 13940 V WindowManagerShell: Playing animation for (#117) android.os.BinderProxy@c596fe1@0
08-26 10:56:12.368 13925 13940 V WindowManagerShell:  try handler com.android.wm.shell.transition.DefaultMixedHandler@c2e4b15
08-26 10:56:12.368 13925 13940 V WindowManagerShell:  try handler com.android.wm.shell.keyguard.KeyguardTransitionHandler@1d48e2a
08-26 10:56:12.368 13925 13940 V WindowManagerShell:  try handler com.android.wm.shell.pip.PipTransition@94d841b
08-26 10:56:12.368 13925 13940 V WindowManagerShell:  try handler com.android.wm.shell.activityembedding.ActivityEmbeddingController@c23a9b8
08-26 10:56:12.368 13925 13940 V WindowManagerShell:  try handler com.android.wm.shell.recents.RecentsTransitionHandler@5358391
08-26 10:56:12.368 13925 13940 V ShellRecents: RecentsTransitionHandler.startAnimation: no controller found
08-26 10:56:12.368 13925 13940 V WindowManagerShell:  try handler com.android.wm.shell.splitscreen.StageCoordinator@90562f6
08-26 10:56:12.368 13925 13940 V WindowManagerShell:  try handler com.android.wm.shell.transition.RemoteTransitionHandler@bb646f7
08-26 10:56:12.376 13925 13940 V WindowManagerShell: Transition doesn't have explicit remote, search filters for match for {id=117 t=OPEN f=0x0 trk=0 r=[0@Point(0, 0)] c=[{WCT{android.window.IWindowContainerToken$Stub$Proxy@1573a19} m=OPEN f=NONE leash=Surface(name=Task=131)/@0xdf28792 sb=Rect(0, 0 - 1344, 2992) eb=Rect(0, 0 - 1344, 2992) d=0 taskParent=-1},{WCT{android.window.IWindowContainerToken$Stub$Proxy@e2d8ade} m=TO_BACK f=SHOW_WALLPAPER leash=Surface(name=Task=1)/@0x27e6563 sb=Rect(0, 0 - 1344, 2992) eb=Rect(0, 0 - 1344, 2992) d=0 taskParent=-1}]}
08-26 10:56:12.376 13925 13940 V WindowManagerShell:  Checking filter Pair{{types=[] flags=0x0] notFlags=0x0 checks=[{atype=undefined independent=true modes=[OPEN,TO_FRONT] flags=IN_TASK_WITH_EMBEDDED_ACTIVITY mustBeTask=false order=ANY topActivity=ComponentInfo{com.google.android.apps.nexuslauncher/com.google.android.apps.nexuslauncher.NexusLauncherActivity} launchCookie=null},{atype=undefined independent=true modes=[CLOSE,TO_BACK] flags=IN_TASK_WITH_EMBEDDED_ACTIVITY mustBeTask=false order=ANY topActivity=null launchCookie=null}]} RemoteTransition { remoteTransition = android.window.IRemoteTransition$Stub$Proxy@431c8a8, appThread = android.app.IApplicationThread$Stub$Proxy@e45cfc1, debugName = OverlaySwipeBack }}
08-26 10:56:12.408 15356 15452 W PlayCommon: [110] No account for auth token provided
08-26 10:56:12.409 15356 15452 I PlayCommon: [110] Connecting to server: https://play.googleapis.com/play/log?format=raw&proto_v2=true
08-26 10:56:12.411 13925 13940 V WindowManagerShell:  Checking filter Pair{{types=[] flags=0x0] notFlags=0x0 checks=[{atype=dream independent=true modes=[OPEN,TO_FRONT] flags=NONE mustBeTask=false order=ANY topActivity=null launchCookie=null},{atype=home independent=true modes=[CLOSE,TO_BACK] flags=NONE mustBeTask=false order=ANY topActivity=null launchCookie=null}]} RemoteTransition { remoteTransition = android.window.IRemoteTransition$Stub$Proxy@94c7366, appThread = android.app.IApplicationThread$Stub$Proxy@79a66a7, debugName = LauncherToDream }}
08-26 10:56:12.411 13925 13940 V WindowManagerShell:  Checking filter Pair{{types=[] flags=0x0] notFlags=0x100 checks=[{atype=home independent=true modes=[OPEN,TO_FRONT] flags=NONE mustBeTask=false order=TOP topActivity=ComponentInfo{com.google.android.apps.nexuslauncher/com.google.android.apps.nexuslauncher.NexusLauncherActivity} launchCookie=null},{atype=standard independent=true modes=[CLOSE,TO_BACK] flags=NONE mustBeTask=false order=ANY topActivity=null launchCookie=null}]} RemoteTransition { remoteTransition = android.window.IRemoteTransition$Stub$Proxy@42ec754, appThread = android.app.IApplicationThread$Stub$Proxy@79ea6fd, debugName = QuickstepLaunchHome }}
08-26 10:56:12.411 13925 13940 V WindowManagerShell:  Delegate animation for (#117) to null
08-26 10:56:12.411 13925 13940 V WindowManagerShell:  try handler com.android.wm.shell.transition.DefaultTransitionHandler@45a964
08-26 10:56:12.411 13925 13940 V WindowManagerShell: start default transition animation, info = {id=117 t=OPEN f=0x0 trk=0 r=[0@Point(0, 0)] c=[{WCT{android.window.IWindowContainerToken$Stub$Proxy@1573a19} m=OPEN f=NONE leash=Surface(name=Task=131)/@0xdf28792 sb=Rect(0, 0 - 1344, 2992) eb=Rect(0, 0 - 1344, 2992) d=0 taskParent=-1},{WCT{android.window.IWindowContainerToken$Stub$Proxy@e2d8ade} m=TO_BACK f=SHOW_WALLPAPER leash=Surface(name=Task=1)/@0x27e6563 sb=Rect(0, 0 - 1344, 2992) eb=Rect(0, 0 - 1344, 2992) d=0 taskParent=-1}]}
08-26 10:56:12.411 13925 13940 V WindowManagerShell: loadAnimation: anim=android.view.animation.AnimationSet@d985ed5 animAttr=0x13 type=OPEN isEntrance=false
08-26 10:56:12.412 13925 13940 V WindowManagerShell: loadAnimation: anim=android.view.animation.AnimationSet@38d1351 animAttr=0x12 type=OPEN isEntrance=true
08-26 10:56:12.431 13925 13940 V WindowManagerShell:  animated by com.android.wm.shell.transition.DefaultTransitionHandler@45a964
08-26 10:56:12.447  1107  1443 D EGL_emulation: app_time_stats: avg=44868.71ms min=2.91ms max=268966.88ms count=6
08-26 10:56:12.456   577   612 W Looper  : Slow delivery took 261ms android.ui h=android.os.Handler c=android.database.ContentObserver$$ExternalSyntheticLambda1@beb352c m=0
08-26 10:56:12.456   577   612 W Looper  : Slow dispatch took 173ms android.ui h=android.os.Handler c=android.database.ContentObserver$$ExternalSyntheticLambda1@beb352c m=0
08-26 10:56:12.510   577  1657 W UserManagerService: Requested status bar icon for non-badged user 0
08-26 10:56:12.544   577   611 V WindowManager: Sent Transition (#117) createdAt=08-26 10:56:11.332 via request=TransitionRequestInfo { type = OPEN, triggerTask = TaskInfo{userId=0 taskId=131 displayId=0 isRunning=true baseIntent=Intent { act=android.intent.action.MAIN cat=[android.intent.category.LAUNCHER] flg=0x10200000 cmp=com.skyfire.solarapp/.MainActivity } baseActivity=ComponentInfo{com.skyfire.solarapp/com.skyfire.solarapp.MainActivity} topActivity=ComponentInfo{com.skyfire.solarapp/com.skyfire.solarapp.MainActivity} origActivity=null realActivity=ComponentInfo{com.skyfire.solarapp/com.skyfire.solarapp.MainActivity} numActivities=1 lastActiveTime=44028244 supportsMultiWindow=true resizeMode=1 isResizeable=true minWidth=-1 minHeight=-1 defaultMinSize=220 token=WCT{RemoteToken{3e627db Task{9c81e74 #131 type=standard A=10222:com.skyfire.solarapp}}} topActivityType=1 pictureInPictureParams=null shouldDockBigOverlays=false launchIntoPipHostTaskId=-1 lastParentTaskIdBeforePip=-1 displayCutoutSafeInsets=Rect(0, 159 - 0, 0) topActivityInfo=ActivityInfo{785e278 com.skyfire.solarapp.MainActivity} launchCookies=[] positionInParent=Point(0, 0) parentTaskId=-1 isFocused=false isVisible=false isVisibleRequested=false isSleeping=false locusId=null displayAreaFeatureId=1 isTopActivityTransparent=false appCompatTaskInfo=AppCompatTaskInfo { topActivityInSizeCompat=false topActivityEligibleForLetterboxEducation= falseisLetterboxEducationEnabled= true isLetterboxDoubleTapEnabled= false topActivityEligibleForUserAspectRatioButton= false topActivityBoundsLetterboxed= false isFromLetterboxDoubleTap= false topActivityLetterboxVerticalPosition= -1 topActivityLetterboxHorizontalPosition= -1 topActivityLetterboxWidth=1344 topActivityLetterboxHeight=2992 isUserFullscreenOverrideEnabled=false isSystemFullscreenOverrideEnabled=false cameraCompatTaskInfo=CameraCompatTaskInfo { cameraCompatControlState=hidden freeformCameraCompatMode=inactive}}}, pipTask = null, remoteTransition = null, displayChange = null, flags = 0, debugId = 117 }
08-26 10:56:12.544   577   611 V WindowManager:     startWCT=WindowContainerTransaction { changes = {} hops = [] errorCallbackToken=null taskFragmentOrganizer=null }
08-26 10:56:12.544   577   611 V WindowManager:     info={id=117 t=OPEN f=0x0 trk=0 r=[0@Point(0, 0)] c=[
08-26 10:56:12.544   577   611 V WindowManager:         {WCT{RemoteToken{3e627db Task{9c81e74 #131 type=standard A=10222:com.skyfire.solarapp}}} m=OPEN f=NONE leash=Surface(name=Task=131)/@0x6c7023d sb=Rect(0, 0 - 1344, 2992) eb=Rect(0, 0 - 1344, 2992) d=0 taskParent=-1},
08-26 10:56:12.544   577   611 V WindowManager:         {WCT{RemoteToken{d4bf00e Task{d2936a3 #1 type=home}}} m=TO_BACK f=SHOW_WALLPAPER leash=Surface(name=Task=1)/@0x1124101 sb=Rect(0, 0 - 1344, 2992) eb=Rect(0, 0 - 1344, 2992) d=0 taskParent=-1}
08-26 10:56:12.544   577   611 V WindowManager:     ]}
08-26 10:56:12.544   577   611 W Looper  : Slow delivery took 220ms android.fg h=android.os.Handler c=com.android.server.wm.TransitionController$Logger@72ae24 m=0
08-26 10:56:12.551   577   657 W ActivityManager: Slow operation: 281ms so far, now at attachApplicationLocked: before bindApplication
08-26 10:56:12.556   577   657 W ActivityManager: Slow operation: 286ms so far, now at attachApplicationLocked: immediately before bindApplication
08-26 10:56:12.564 12047 12065 I Finsky  : [59] RECEIVER_PACKAGE_MONITOR#logWorkEndAndFinishGoAsync: SUCCESS
08-26 10:56:12.575   577   657 W ActivityManager: Slow operation: 305ms so far, now at attachApplicationLocked: immediately after bindApplication
08-26 10:56:12.575   577   657 W ActivityManager: Slow operation: 305ms so far, now at attachApplicationLocked: after updateLruProcessLocked
08-26 10:56:12.597 15356 15452 I PlayCommon: [110] Successfully uploaded logs.
08-26 10:56:12.636 13925 13963 D EGL_emulation: app_time_stats: avg=6267.73ms min=799.98ms max=11735.48ms count=2
08-26 10:56:12.636   577   657 W ActivityManager: Slow operation: 366ms so far, now at attachApplicationLocked: after updateOomAdjLocked
08-26 10:56:12.639   577   577 W Looper  : Drained
08-26 10:56:12.767   577   611 W Looper  : Drained
08-26 10:56:12.775  1107  1107 D StatsLog: LAUNCHER_ALLAPPS_COUNT
08-26 10:56:12.836 12047 15693 D TrafficStats: tagSocket(153) with statsTag=0xffffffff, statsUid=-1
08-26 10:56:12.840   577   600 V SafetySourceDataValidat: Package: com.android.vending has expected signature
08-26 10:56:12.840   577   600 V SafetySourceDataValidat: Package: com.android.vending has expected signature
08-26 10:56:12.844 15674 15674 D CompatChangeReporter: Compat change id reported: 242716250; UID 10222; state: ENABLED
08-26 10:56:12.846 12047 15642 D TrafficStats: tagSocket(144) with statsTag=0xffffffff, statsUid=-1
08-26 10:56:12.872   577   600 W ParceledListSlice: Element #26 is 20216 bytes.
08-26 10:56:12.872 12047 12047 I Finsky  : [2] Memory trim requested to level 40
08-26 10:56:12.872   577   600 W ParceledListSlice: Element #27 is 20396 bytes.
08-26 10:56:12.879   577  3555 E RoleControllerServiceImpl: Default/fallback role holder package doesn't qualify for the role, package: com.google.android.gms, role: android.app.role.WALLET
08-26 10:56:12.872 12047 12047 I Finsky  : [2] Flushing in-memory image cache
08-26 10:56:12.896 13925 13940 V WindowManagerShell: Transition animation finished (aborted=false), notifying core (#117) android.os.BinderProxy@c596fe1@0
08-26 10:56:12.897   577  1115 W ParceledListSlice: Element #28 is 20656 bytes.
08-26 10:56:12.897   577  1115 W ParceledListSlice: Element #29 is 20120 bytes.
08-26 10:56:12.897 15356 15414 I Finsky:background: [82] RECEIVER_ENGAGE_PACKAGE_CHANGED#logWorkEndAndFinishGoAsync: SKIPPED_PRECONDITIONS_UNMET
08-26 10:56:12.900  1346  1649 W PackageManager: Failure retrieving text 0x7f130786 in package com.android.systemui
08-26 10:56:12.900  1346  1649 W PackageManager: android.content.res.Resources$NotFoundException: String resource ID #0x7f130786
08-26 10:56:12.900  1346  1649 W PackageManager: 	at android.content.res.Resources.getText(Resources.java:466)
08-26 10:56:12.900  1346  1649 W PackageManager: 	at android.app.ApplicationPackageManager.getText(ApplicationPackageManager.java:2405)
08-26 10:56:12.900  1346  1649 W PackageManager: 	at android.appwidget.AppWidgetProviderInfo.loadDescription(AppWidgetProviderInfo.java:484)
08-26 10:56:12.900  1346  1649 W PackageManager: 	at kml.a(PG:341)
08-26 10:56:12.900  1346  1649 W PackageManager: 	at kmg.b(PG:39)
08-26 10:56:12.900  1346  1649 W PackageManager: 	at aaer.g(PG:13)
08-26 10:56:12.900  1346  1649 W PackageManager: 	at kotlinx.coroutines.DispatchedTask.run(PG:114)
08-26 10:56:12.900  1346  1649 W PackageManager: 	at java.util.concurrent.Executors$RunnableAdapter.call(Executors.java:487)
08-26 10:56:12.900  1346  1649 W PackageManager: 	at wqm.a(PG:3)
08-26 10:56:12.900  1346  1649 W PackageManager: 	at wpo.run(PG:21)
08-26 10:56:12.900  1346  1649 W PackageManager: 	at wqn.run(PG:5)
08-26 10:56:12.900  1346  1649 W PackageManager: 	at java.util.concurrent.Executors$RunnableAdapter.call(Executors.java:487)
08-26 10:56:12.900  1346  1649 W PackageManager: 	at java.util.concurrent.FutureTask.run(FutureTask.java:264)
08-26 10:56:12.900  1346  1649 W PackageManager: 	at java.util.concurrent.ScheduledThreadPoolExecutor$ScheduledFutureTask.run(ScheduledThreadPoolExecutor.java:307)
08-26 10:56:12.900  1346  1649 W PackageManager: 	at java.util.concurrent.ThreadPoolExecutor.runWorker(ThreadPoolExecutor.java:1145)
08-26 10:56:12.900  1346  1649 W PackageManager: 	at java.util.concurrent.ThreadPoolExecutor$Worker.run(ThreadPoolExecutor.java:644)
08-26 10:56:12.900  1346  1649 W PackageManager: 	at hqv.run(PG:221)
08-26 10:56:12.900  1346  1649 W PackageManager: 	at java.lang.Thread.run(Thread.java:1012)
08-26 10:56:12.903  1346  1649 I AiAiEcho: EchoSearch: WidgetFetcherImpl is initialized with [33] widgets [reason=package added for userId: 0]
08-26 10:56:12.915  1107  1107 D VRI[NexusLauncherActivity]: visibilityChanged oldVisibility=true newVisibility=false
08-26 10:56:12.916 13925 13940 V WindowManagerShell: Track 0 became idle
08-26 10:56:12.916 13925 13940 V WindowManagerShell: All active transition animations finished
08-26 10:56:12.925   577   612 W Looper  : Slow dispatch took 285ms android.ui h=com.android.server.am.ActivityManagerService$UiHandler c=com.android.server.am.UidObserverController$$ExternalSyntheticLambda0@9fbd816 m=0
08-26 10:56:12.943  1107  1107 D NexusLauncherModelDelegate: notifySmartspaceEvent: SmartspaceTargetEvent{mSmartspaceTarget=null, mSmartspaceActionId='null', mEventType=7}
08-26 10:56:12.960 15674 15674 D ApplicationLoaders: Returning zygote-cached class loader: /system/framework/org.apache.http.legacy.jar
08-26 10:56:12.964  1061  1061 D BoundBrokerSvc: onRebind: Intent { act=com.google.android.gms.libs.gmscorelogger.service.START dat=chimera-action:/... cmp=com.google.android.gms/.chimera.PersistentDirectBootAwareApiService }
08-26 10:56:12.964 15674 15674 W ziparchive: Unable to open '/data/app/~~vm_yt58k8Wr8vq83BwIbDw==/com.skyfire.solarapp-dKQveIH_pwodh9KASnwkAw==/base.dm': No such file or directory
08-26 10:56:12.964 15674 15674 W ziparchive: Unable to open '/data/app/~~vm_yt58k8Wr8vq83BwIbDw==/com.skyfire.solarapp-dKQveIH_pwodh9KASnwkAw==/base.dm': No such file or directory
08-26 10:56:12.982   577   611 V WindowManager: Finish Transition (#117): created at 08-26 10:56:11.332 collect-started=0.045ms request-sent=8.498ms started=423.436ms ready=890.04ms sent=991.431ms finished=1571.813ms
08-26 10:56:12.989  1061  1061 D StrictMode: StrictMode policy violation: android.os.strictmode.UnsafeIntentLaunchViolation: Launch of unsafe intent: Intent { act=com.google.android.gms.ENTIRE_PACKAGE_CHANGED dat=package: flg=0x5000010 pkg=com.google.android.gms cmp=com.google.android.gms/.chimera.GmsIntentOperationService (has extras) }
08-26 10:56:12.989  1061  1061 D StrictMode: 	at android.os.StrictMode.onUnsafeIntentLaunch(StrictMode.java:2386)
08-26 10:56:12.989  1061  1061 D StrictMode: 	at android.content.Intent.prepareToLeaveProcess(Intent.java:12559)
08-26 10:56:12.989  1061  1061 D StrictMode: 	at android.content.Intent.prepareToLeaveProcess(Intent.java:12472)
08-26 10:56:12.989  1061  1061 D StrictMode: 	at android.app.ContextImpl.startServiceCommon(ContextImpl.java:1959)
08-26 10:56:12.989  1061  1061 D StrictMode: 	at android.app.ContextImpl.startService(ContextImpl.java:1929)
08-26 10:56:12.989  1061  1061 D StrictMode: 	at android.content.ContextWrapper.startService(ContextWrapper.java:827)
08-26 10:56:12.989  1061  1061 D StrictMode: 	at android.content.ContextWrapper.startService(ContextWrapper.java:827)
08-26 10:56:12.989  1061  1061 D StrictMode: 	at android.content.ContextWrapper.startService(ContextWrapper.java:827)
08-26 10:56:12.989  1061  1061 D StrictMode: 	at bqlh.apply(:com.google.android.gms@253031038@25.30.31 (260800-786424874):5)
08-26 10:56:12.989  1061  1061 D StrictMode: 	at bqll.a(:com.google.android.gms@253031038@25.30.31 (260800-786424874):1)
08-26 10:56:12.989  1061  1061 D StrictMode: 	at bqll.startService(:com.google.android.gms@253031038@25.30.31 (260800-786424874):37)
08-26 10:56:12.989  1061  1061 D StrictMode: 	at wfj.c(:com.google.android.gms@253031038@25.30.31 (260800-786424874):69)
08-26 10:56:12.989  1061  1061 D StrictMode: 	at wfj.b(:com.google.android.gms@253031038@25.30.31 (260800-786424874):214)
08-26 10:56:12.989  1061  1061 D StrictMode: 	at auyy.onReceive(:com.google.android.gms@253031038@25.30.31 (260800-786424874):5)
08-26 10:56:12.989  1061  1061 D StrictMode: 	at ausw.a(:com.google.android.gms@253031038@25.30.31 (260800-786424874):34)
08-26 10:56:12.989  1061  1061 D StrictMode: 	at wah.onReceive(:com.google.android.gms@253031038@25.30.31 (260800-786424874):32)
08-26 10:56:12.989  1061  1061 D StrictMode: 	at azak.a(:com.google.android.gms@253031038@25.30.31 (260800-786424874):24)
08-26 10:56:12.989  1061  1061 D StrictMode: 	at azaj.call(:com.google.android.gms@253031038@25.30.31 (260800-786424874):9)
08-26 10:56:12.989  1061  1061 D StrictMode: 	at java.util.concurrent.FutureTask.run(FutureTask.java:264)
08-26 10:56:12.989  1061  1061 D StrictMode: 	at android.os.Handler.handleCallback(Handler.java:959)
08-26 10:56:12.989  1061  1061 D StrictMode: 	at android.os.Handler.dispatchMessage(Handler.java:100)
08-26 10:56:12.989  1061  1061 D StrictMode: 	at android.os.Looper.loopOnce(Looper.java:232)
08-26 10:56:12.989  1061  1061 D StrictMode: 	at android.os.Looper.loop(Looper.java:317)
08-26 10:56:12.989  1061  1061 D StrictMode: 	at android.app.ActivityThread.main(ActivityThread.java:8705)
08-26 10:56:12.989  1061  1061 D StrictMode: 	at java.lang.reflect.Method.invoke(Native Method)
08-26 10:56:12.989  1061  1061 D StrictMode: 	at com.android.internal.os.RuntimeInit$MethodAndArgsCaller.run(RuntimeInit.java:580)
08-26 10:56:12.989  1061  1061 D StrictMode: 	at com.android.internal.os.ZygoteInit.main(ZygoteInit.java:886)
08-26 10:56:12.992  1061  1686 W GmsStrictMode: UNSAFE_INTENT_LAUNCH [CONTEXT service_id=256 ]
08-26 10:56:12.992  1061  1686 W GmsStrictMode: android.os.strictmode.UnsafeIntentLaunchViolation: Launch of unsafe intent: Intent { act=com.google.android.gms.ENTIRE_PACKAGE_CHANGED dat=package: flg=0x5000010 pkg=com.google.android.gms cmp=com.google.android.gms/.chimera.GmsIntentOperationService (has extras) }
08-26 10:56:12.992  1061  1686 W GmsStrictMode: 	at android.os.StrictMode.onUnsafeIntentLaunch(StrictMode.java:2386)
08-26 10:56:12.992  1061  1686 W GmsStrictMode: 	at android.content.Intent.prepareToLeaveProcess(Intent.java:12559)
08-26 10:56:12.992  1061  1686 W GmsStrictMode: 	at android.content.Intent.prepareToLeaveProcess(Intent.java:12472)
08-26 10:56:12.992  1061  1686 W GmsStrictMode: 	at android.app.ContextImpl.startServiceCommon(ContextImpl.java:1959)
08-26 10:56:12.992  1061  1686 W GmsStrictMode: 	at android.app.ContextImpl.startService(ContextImpl.java:1929)
08-26 10:56:12.992  1061  1686 W GmsStrictMode: 	at android.content.ContextWrapper.startService(ContextWrapper.java:827)
08-26 10:56:12.992  1061  1686 W GmsStrictMode: 	at android.content.ContextWrapper.startService(ContextWrapper.java:827)
08-26 10:56:12.992  1061  1686 W GmsStrictMode: 	at android.content.ContextWrapper.startService(ContextWrapper.java:827)
08-26 10:56:12.992  1061  1686 W GmsStrictMode: 	at bqlh.apply(:com.google.android.gms@253031038@25.30.31 (260800-786424874):5)
08-26 10:56:12.992  1061  1686 W GmsStrictMode: 	at bqll.a(:com.google.android.gms@253031038@25.30.31 (260800-786424874):1)
08-26 10:56:12.992  1061  1686 W GmsStrictMode: 	at bqll.startService(:com.google.android.gms@253031038@25.30.31 (260800-786424874):37)
08-26 10:56:12.992  1061  1686 W GmsStrictMode: 	at wfj.c(:com.google.android.gms@253031038@25.30.31 (260800-786424874):69)
08-26 10:56:12.992  1061  1686 W GmsStrictMode: 	at wfj.b(:com.google.android.gms@253031038@25.30.31 (260800-786424874):214)
08-26 10:56:12.992  1061  1686 W GmsStrictMode: 	at auyy.onReceive(:com.google.android.gms@253031038@25.30.31 (260800-786424874):5)
08-26 10:56:12.992  1061  1686 W GmsStrictMode: 	at ausw.a(:com.google.android.gms@253031038@25.30.31 (260800-786424874):34)
08-26 10:56:12.992  1061  1686 W GmsStrictMode: 	at wah.onReceive(:com.google.android.gms@253031038@25.30.31 (260800-786424874):32)
08-26 10:56:12.992  1061  1686 W GmsStrictMode: 	at azak.a(:com.google.android.gms@253031038@25.30.31 (260800-786424874):24)
08-26 10:56:12.992  1061  1686 W GmsStrictMode: 	at azaj.call(:com.google.android.gms@253031038@25.30.31 (260800-786424874):9)
08-26 10:56:12.992  1061  1686 W GmsStrictMode: 	at java.util.concurrent.FutureTask.run(FutureTask.java:264)
08-26 10:56:12.992  1061  1686 W GmsStrictMode: 	at android.os.Handler.handleCallback(Handler.java:959)
08-26 10:56:12.992  1061  1686 W GmsStrictMode: 	at android.os.Handler.dispatchMessage(Handler.java:100)
08-26 10:56:12.992  1061  1686 W GmsStrictMode: 	at android.os.Looper.loopOnce(Looper.java:232)
08-26 10:56:12.992  1061  1686 W GmsStrictMode: 	at android.os.Looper.loop(Looper.java:317)
08-26 10:56:12.992  1061  1686 W GmsStrictMode: 	at android.app.ActivityThread.main(ActivityThread.java:8705)
08-26 10:56:12.992  1061  1686 W GmsStrictMode: 	at java.lang.reflect.Method.invoke(Native Method)
08-26 10:56:12.992  1061  1686 W GmsStrictMode: 	at com.android.internal.os.RuntimeInit$MethodAndArgsCaller.run(RuntimeInit.java:580)
08-26 10:56:12.992  1061  1686 W GmsStrictMode: 	at com.android.internal.os.ZygoteInit.main(ZygoteInit.java:886)
08-26 10:56:13.015  1061  1061 D StrictMode: StrictMode policy violation: android.os.strictmode.UnsafeIntentLaunchViolation: Launch of unsafe intent: Intent { act=com.google.android.gms.ENTIRE_PACKAGE_CHANGED dat=package: flg=0x5000010 pkg=com.google.android.gms cmp=com.google.android.gms/.chimera.PersistentIntentOperationService (has extras) }
08-26 10:56:13.015  1061  1061 D StrictMode: 	at android.os.StrictMode.onUnsafeIntentLaunch(StrictMode.java:2386)
08-26 10:56:13.015  1061  1061 D StrictMode: 	at android.content.Intent.prepareToLeaveProcess(Intent.java:12559)
08-26 10:56:13.015  1061  1061 D StrictMode: 	at android.content.Intent.prepareToLeaveProcess(Intent.java:12472)
08-26 10:56:13.015  1061  1061 D StrictMode: 	at android.app.ContextImpl.startServiceCommon(ContextImpl.java:1959)
08-26 10:56:13.015  1061  1061 D StrictMode: 	at android.app.ContextImpl.startService(ContextImpl.java:1929)
08-26 10:56:13.015  1061  1061 D StrictMode: 	at android.content.ContextWrapper.startService(ContextWrapper.java:827)
08-26 10:56:13.015  1061  1061 D StrictMode: 	at android.content.ContextWrapper.startService(ContextWrapper.java:827)
08-26 10:56:13.015  1061  1061 D StrictMode: 	at android.content.ContextWrapper.startService(ContextWrapper.java:827)
08-26 10:56:13.015  1061  1061 D StrictMode: 	at bqlh.apply(:com.google.android.gms@253031038@25.30.31 (260800-786424874):5)
08-26 10:56:13.015  1061  1061 D StrictMode: 	at bqll.a(:com.google.android.gms@253031038@25.30.31 (260800-786424874):1)
08-26 10:56:13.015  1061  1061 D StrictMode: 	at bqll.startService(:com.google.android.gms@253031038@25.30.31 (260800-786424874):37)
08-26 10:56:13.015  1061  1061 D StrictMode: 	at wfj.c(:com.google.android.gms@253031038@25.30.31 (260800-786424874):69)
08-26 10:56:13.015  1061  1061 D StrictMode: 	at wfj.b(:com.google.android.gms@253031038@25.30.31 (260800-786424874):214)
08-26 10:56:13.015  1061  1061 D StrictMode: 	at auyy.onReceive(:com.google.android.gms@253031038@25.30.31 (260800-786424874):5)
08-26 10:56:13.015  1061  1061 D StrictMode: 	at ausw.a(:com.google.android.gms@253031038@25.30.31 (260800-786424874):34)
08-26 10:56:13.015  1061  1061 D StrictMode: 	at wah.onReceive(:com.google.android.gms@253031038@25.30.31 (260800-786424874):32)
08-26 10:56:13.015  1061  1061 D StrictMode: 	at azak.a(:com.google.android.gms@253031038@25.30.31 (260800-786424874):24)
08-26 10:56:13.015  1061  1061 D StrictMode: 	at azaj.call(:com.google.android.gms@253031038@25.30.31 (260800-786424874):9)
08-26 10:56:13.015  1061  1061 D StrictMode: 	at java.util.concurrent.FutureTask.run(FutureTask.java:264)
08-26 10:56:13.015  1061  1061 D StrictMode: 	at android.os.Handler.handleCallback(Handler.java:959)
08-26 10:56:13.015  1061  1061 D StrictMode: 	at android.os.Handler.dispatchMessage(Handler.java:100)
08-26 10:56:13.015  1061  1061 D StrictMode: 	at android.os.Looper.loopOnce(Looper.java:232)
08-26 10:56:13.015  1061  1061 D StrictMode: 	at android.os.Looper.loop(Looper.java:317)
08-26 10:56:13.015  1061  1061 D StrictMode: 	at android.app.ActivityThread.main(ActivityThread.java:8705)
08-26 10:56:13.015  1061  1061 D StrictMode: 	at java.lang.reflect.Method.invoke(Native Method)
08-26 10:56:13.015  1061  1061 D StrictMode: 	at com.android.internal.os.RuntimeInit$MethodAndArgsCaller.run(RuntimeInit.java:580)
08-26 10:56:13.015  1061  1061 D StrictMode: 	at com.android.internal.os.ZygoteInit.main(ZygoteInit.java:886)
08-26 10:56:13.053 11683 15664 I Blockstore: (REDACTED) [DataStoreImpl] Clearing Blockstore Data for package %s
08-26 10:56:13.126 11683 15677 I Auth    : (REDACTED) [SupervisedAccountIntentOperationV2] onHandleIntent: %s
08-26 10:56:13.134   577   960 W UserManagerService: Requested status bar icon for non-badged user 0
08-26 10:56:13.174  1061  1751 W GmsStrictMode: UNSAFE_INTENT_LAUNCH [CONTEXT service_id=256 ]
08-26 10:56:13.174  1061  1751 W GmsStrictMode: android.os.strictmode.UnsafeIntentLaunchViolation: Launch of unsafe intent: Intent { act=com.google.android.gms.ENTIRE_PACKAGE_CHANGED dat=package: flg=0x5000010 pkg=com.google.android.gms cmp=com.google.android.gms/.chimera.PersistentIntentOperationService (has extras) }
08-26 10:56:13.174  1061  1751 W GmsStrictMode: 	at android.os.StrictMode.onUnsafeIntentLaunch(StrictMode.java:2386)
08-26 10:56:13.174  1061  1751 W GmsStrictMode: 	at android.content.Intent.prepareToLeaveProcess(Intent.java:12559)
08-26 10:56:13.174  1061  1751 W GmsStrictMode: 	at android.content.Intent.prepareToLeaveProcess(Intent.java:12472)
08-26 10:56:13.174  1061  1751 W GmsStrictMode: 	at android.app.ContextImpl.startServiceCommon(ContextImpl.java:1959)
08-26 10:56:13.174  1061  1751 W GmsStrictMode: 	at android.app.ContextImpl.startService(ContextImpl.java:1929)
08-26 10:56:13.174  1061  1751 W GmsStrictMode: 	at android.content.ContextWrapper.startService(ContextWrapper.java:827)
08-26 10:56:13.174  1061  1751 W GmsStrictMode: 	at android.content.ContextWrapper.startService(ContextWrapper.java:827)
08-26 10:56:13.174  1061  1751 W GmsStrictMode: 	at android.content.ContextWrapper.startService(ContextWrapper.java:827)
08-26 10:56:13.174  1061  1751 W GmsStrictMode: 	at bqlh.apply(:com.google.android.gms@253031038@25.30.31 (260800-786424874):5)
08-26 10:56:13.174  1061  1751 W GmsStrictMode: 	at bqll.a(:com.google.android.gms@253031038@25.30.31 (260800-786424874):1)
08-26 10:56:13.174  1061  1751 W GmsStrictMode: 	at bqll.startService(:com.google.android.gms@253031038@25.30.31 (260800-786424874):37)
08-26 10:56:13.174  1061  1751 W GmsStrictMode: 	at wfj.c(:com.google.android.gms@253031038@25.30.31 (260800-786424874):69)
08-26 10:56:13.174  1061  1751 W GmsStrictMode: 	at wfj.b(:com.google.android.gms@253031038@25.30.31 (260800-786424874):214)
08-26 10:56:13.174  1061  1751 W GmsStrictMode: 	at auyy.onReceive(:com.google.android.gms@253031038@25.30.31 (260800-786424874):5)
08-26 10:56:13.174  1061  1751 W GmsStrictMode: 	at ausw.a(:com.google.android.gms@253031038@25.30.31 (260800-786424874):34)
08-26 10:56:13.174  1061  1751 W GmsStrictMode: 	at wah.onReceive(:com.google.android.gms@253031038@25.30.31 (260800-786424874):32)
08-26 10:56:13.174  1061  1751 W GmsStrictMode: 	at azak.a(:com.google.android.gms@253031038@25.30.31 (260800-786424874):24)
08-26 10:56:13.174  1061  1751 W GmsStrictMode: 	at azaj.call(:com.google.android.gms@253031038@25.30.31 (260800-786424874):9)
08-26 10:56:13.174  1061  1751 W GmsStrictMode: 	at java.util.concurrent.FutureTask.run(FutureTask.java:264)
08-26 10:56:13.174  1061  1751 W GmsStrictMode: 	at android.os.Handler.handleCallback(Handler.java:959)
08-26 10:56:13.174  1061  1751 W GmsStrictMode: 	at android.os.Handler.dispatchMessage(Handler.java:100)
08-26 10:56:13.174  1061  1751 W GmsStrictMode: 	at android.os.Looper.loopOnce(Looper.java:232)
08-26 10:56:13.174  1061  1751 W GmsStrictMode: 	at android.os.Looper.loop(Looper.java:317)
08-26 10:56:13.174  1061  1751 W GmsStrictMode: 	at android.app.ActivityThread.main(ActivityThread.java:8705)
08-26 10:56:13.174  1061  1751 W GmsStrictMode: 	at java.lang.reflect.Method.invoke(Native Method)
08-26 10:56:13.174  1061  1751 W GmsStrictMode: 	at com.android.internal.os.RuntimeInit$MethodAndArgsCaller.run(RuntimeInit.java:580)
08-26 10:56:13.174  1061  1751 W GmsStrictMode: 	at com.android.internal.os.ZygoteInit.main(ZygoteInit.java:886)
08-26 10:56:13.204 11683 15664 I Blockstore: [DataStoreImpl] Keyless data not found or its IsLastInstallationData = false. [CONTEXT service_id=258 ]
08-26 10:56:13.315 11683 15677 I Dck     : (REDACTED) disableDckSupport: %s
08-26 10:56:13.323 15356 15363 W ding:background: Missing inline cache for java.lang.Object oqv.apply(java.lang.Object)
08-26 10:56:13.331 15356 15363 W ding:background: Missing inline cache for java.lang.Object oqv.apply(java.lang.Object)
08-26 10:56:13.331 15356 15363 W ding:background: Missing inline cache for java.lang.Object oqv.apply(java.lang.Object)
08-26 10:56:13.332 15356 15363 W ding:background: Missing inline cache for java.lang.Object oqv.apply(java.lang.Object)
08-26 10:56:13.332 15356 15363 W ding:background: Missing inline cache for java.lang.Object oqv.apply(java.lang.Object)
08-26 10:56:13.332 15356 15363 W ding:background: Missing inline cache for java.lang.Object oqv.apply(java.lang.Object)
08-26 10:56:13.332 15356 15363 W ding:background: Missing inline cache for java.lang.Object oqv.apply(java.lang.Object)
08-26 10:56:13.332 15356 15363 W ding:background: Missing inline cache for java.lang.Object oqv.apply(java.lang.Object)
08-26 10:56:13.332 15356 15363 W ding:background: Missing inline cache for java.lang.Object oqv.apply(java.lang.Object)
08-26 10:56:13.332 15356 15363 W ding:background: Missing inline cache for java.lang.Object oqv.apply(java.lang.Object)
08-26 10:56:13.332 15356 15363 W ding:background: Missing inline cache for java.lang.Object oqv.apply(java.lang.Object)
08-26 10:56:13.339  1061 15646 I Fitness : (REDACTED) FitCleanupIntentOperation received Intent %s
08-26 10:56:13.405 12047 12074 I Finsky  : [67] WM::SCH: Logging work initialize for 12-1
08-26 10:56:13.406   577  3555 E RoleControllerServiceImpl: Default/fallback role holder package doesn't qualify for the role, package: com.google.android.devicelockcontroller, role: android.app.role.SYSTEM_FINANCED_DEVICE_CONTROLLER
08-26 10:56:13.426   577   960 W UserManagerService: Requested status bar icon for non-badged user 0
08-26 10:56:13.478  1107  1443 D EGL_emulation: app_time_stats: avg=90.80ms min=8.75ms max=513.92ms count=10
08-26 10:56:13.550 11683 15677 W Dck     : [WirelessCapabilitiesFeatures] wccSysProp: 0 [CONTEXT service_id=289 ]
08-26 10:56:13.551 11683 15677 I Dck     : [WirelessCapabilitiesFeatures] wccMendel: 3 [CONTEXT service_id=289 ]
08-26 10:56:13.551 11683 15677 I Dck     : [WirelessCapabilitiesFeatures] deviceWccOverride: false [CONTEXT service_id=289 ]
08-26 10:56:13.551 11683 15677 I Dck     : [WirelessCapabilitiesFeatures] replaceSupportedWccWithWccOverride: true [CONTEXT service_id=289 ]
08-26 10:56:13.551 11683 15677 I Dck     : [WirelessCapabilitiesFeatures] wccOverride: not set [CONTEXT service_id=289 ]
08-26 10:56:13.551 11683 15677 I Dck     : (REDACTED) [WirelessCapabilitiesFeatures] wcc: %s
08-26 10:56:13.551 11683 15677 I Dck     : Dck module condition - hasWccSupport: false [CONTEXT service_id=289 ]
08-26 10:56:13.551 11683 15677 I Dck     : Dck module condition - downloadAllowed: false [CONTEXT service_id=289 ]
08-26 10:56:13.551 11683 15677 W Dck     : Dck module not eligible for asynchronous downloading [CONTEXT service_id=289 ]
08-26 10:56:13.586 12047 12074 I Finsky  : [67] WM::SCH: Logging work initialize for 37-137
08-26 10:56:13.743 11683 11706 I Icing   : IndexChimeraService.getServiceInterface callingPackage=com.google.android.gms componentName=AppsCorpus serviceId=36
08-26 10:56:13.796  1107  1169 D PackageUpdatedTask: Package updated: mOp=UPDATE packages=[com.skyfire.solarapp]
08-26 10:56:13.812 11683 15664 I NearbyDiscovery: (REDACTED) processGrantSlicePermission: %s
08-26 10:56:13.813 15674 15674 D nativeloader: Configuring clns-7 for other apk /data/app/~~vm_yt58k8Wr8vq83BwIbDw==/com.skyfire.solarapp-dKQveIH_pwodh9KASnwkAw==/base.apk. target_sdk_version=34, uses_libraries=, library_path=/data/app/~~vm_yt58k8Wr8vq83BwIbDw==/com.skyfire.solarapp-dKQveIH_pwodh9KASnwkAw==/lib/x86_64:/data/app/~~vm_yt58k8Wr8vq83BwIbDw==/com.skyfire.solarapp-dKQveIH_pwodh9KASnwkAw==/base.apk!/lib/x86_64, permitted_path=/data:/mnt/expand:/data/user/0/com.skyfire.solarapp
08-26 10:56:13.854 15674 15674 V GraphicsEnvironment: Currently set values for:
08-26 10:56:13.857 15674 15674 V GraphicsEnvironment:   angle_gl_driver_selection_pkgs=[]
08-26 10:56:13.857 15674 15674 V GraphicsEnvironment:   angle_gl_driver_selection_values=[]
08-26 10:56:13.857 15674 15674 V GraphicsEnvironment: Global.Settings values are invalid: number of packages: 0, number of values: 0
08-26 10:56:13.857 15674 15674 V GraphicsEnvironment: Neither updatable production driver nor prerelease driver is supported.
08-26 10:56:13.936  1061 15636 I ProximityAuth: [RecentAppsMediator] Package added: (user=UserHandle{0}) com.skyfire.solarapp
08-26 10:56:13.959  1061 15646 I Fitness : (REDACTED) OnPackageChangedOperation got intent: %s
08-26 10:56:13.968  1061 15645 W GCM     : Unexpected forwarded intent: Intent { act=android.intent.action.PACKAGE_ADDED dat=package: flg=0x4000010 pkg=com.google.android.gms cmp=com.google.android.gms/.chimera.PersistentIntentOperationService (has extras) }
08-26 10:56:13.984  1061 15709 W NetworkScheduler: Unexpected forwarded intent: Intent { act=android.intent.action.PACKAGE_ADDED dat=package: flg=0x4000010 pkg=com.google.android.gms cmp=com.google.android.gms/.chimera.PersistentIntentOperationService (has extras) }
08-26 10:56:14.003 11683 11683 D BoundBrokerSvc: onBind: Intent { act=com.google.android.gms.common.BIND_SHARED_PREFS pkg=com.google.android.gms }
08-26 10:56:14.003 11683 11683 D BoundBrokerSvc: Loading bound service for intent: Intent { act=com.google.android.gms.common.BIND_SHARED_PREFS pkg=com.google.android.gms }
08-26 10:56:14.038 12047 12087 I Finsky  : [80] SCH: Scheduling phonesky job Id: 12-1, CT: 1756230971303, Constraints: [{ L: 15000, D: 86400000, C: CHARGING_NONE, I: IDLE_NONE, N: NET_ANY, B: BATTERY_ANY }]
08-26 10:56:14.039 15674 15674 D WM-WrkMgrInitializer: Initializing WorkManager with default configuration.
08-26 10:56:14.083  1061 15646 I Fitness : (REDACTED) FitCleanupIntentOperation received Intent %s
08-26 10:56:14.124 15356 15356 I Finsky:background: [2] Memory trim requested to level 40
08-26 10:56:14.136   577   612 W Looper  : Drained
08-26 10:56:14.171 12047 12075 I Finsky  : [68] SCH: Scheduling 1 system job(s)
08-26 10:56:14.171 12047 12075 I Finsky  : [68] SCH: Scheduling system job Id: 9807, L: 12132, D: 57563562, C: false, I: false, N: 1
08-26 10:56:14.312 12047 12072 I Finsky  : [65] [ContentSync] finished, scheduled=true
08-26 10:56:14.312 12047 12079 I Finsky  : [72] SCH: Scheduling phonesky job Id: 37-137, CT: 1756230971844, Constraints: [{ L: 0, D: 0, C: CHARGING_NONE, I: IDLE_NONE, N: NET_NONE, B: BATTERY_ANY }, { L: 0, D: 0, C: CHARGING_NONE, I: IDLE_NONE, N: NET_NONE, B: BATTERY_ANY }]
08-26 10:56:14.316 15674 15674 V SoLoader: Init System Loader delegate
08-26 10:56:14.334   577  1115 W OptProp : Cannot read opt property android.window.PROPERTY_COMPAT_ENABLE_FAKE_FOCUS
08-26 10:56:14.376   577   676 D IntervalStats: Unable to parse usage stats packages: [251, 252, 253, 254]
08-26 10:56:14.376   577   676 D IntervalStats: Unable to parse usage stats packages: [256, 258]
08-26 10:56:14.406 12047 12085 I Finsky  : [78] SCH: Scheduling 1 system job(s)
08-26 10:56:14.406 12047 12085 I Finsky  : [78] SCH: Scheduling expedited system job 9806
08-26 10:56:14.416   577   676 D IntervalStats: Unable to parse usage stats packages: [262, 263, 264, 265, 266]
08-26 10:56:14.417   577   676 D IntervalStats: Unable to parse event packages: [266]
08-26 10:56:14.462   577   676 D IntervalStats: Unable to parse usage stats packages: [266]
08-26 10:56:14.462   577   676 D IntervalStats: Unable to parse event packages: [266]
08-26 10:56:14.463   577   676 D IntervalStats: Unable to parse usage stats packages: [266, 268, 269, 270, 271, 272, 273]
08-26 10:56:14.463   577   676 D IntervalStats: Unable to parse event packages: [273]
08-26 10:56:14.468   577   676 D IntervalStats: Unable to parse usage stats packages: [273, 274, 275, 276, 277, 278]
08-26 10:56:14.468   577   676 D IntervalStats: Unable to parse event packages: [278]
08-26 10:56:14.497 12047 12047 I Finsky  : [2] SCH: job service start with id 9806.
08-26 10:56:14.506  1107  1107 D StatsLog: LAUNCHER_ALLAPPS_COUNT
08-26 10:56:14.568   577  1418 E TaskPersister: File error accessing recents directory (directory doesn't exist?).
08-26 10:56:14.637 11683 11729 I Icing   : IndexChimeraService.getServiceInterface callingPackage=com.google.android.gms componentName=null serviceId=30
08-26 10:56:14.693 12047 15667 I Finsky  : [248] SCH: Satisfied jobs for 9806 are: 37-137
08-26 10:56:14.694  2196  2417 D WM-NetworkStateTracker: Network capabilities changed: [ Transports: WIFI Capabilities: NOT_METERED&INTERNET&NOT_RESTRICTED&TRUSTED&NOT_VPN&VALIDATED&NOT_ROAMING&FOREGROUND&NOT_CONGESTED&NOT_SUSPENDED&NOT_VCN_MANAGED&NOT_BANDWIDTH_CONSTRAINED LinkUpBandwidth>=12000Kbps LinkDnBandwidth>=30000Kbps TransportInfo: <SSID: <unknown ssid>, BSSID: 02:00:00:00:00:00, MAC: 02:00:00:00:00:00, IP: /10.0.2.16, Security type: 0, Supplicant state: COMPLETED, Wi-Fi standard: legacy, RSSI: -50, Link speed: 2Mbps, Tx Link speed: 2Mbps, Max Supported Tx Link speed: 11Mbps, Rx Link speed: 2Mbps, Max Supported Rx Link speed: 11Mbps, Frequency: 2447MHz, Net ID: -1, Metered hint: false, score: 60, isUsable: true, CarrierMerged: false, SubscriptionId: -1, IsPrimary: -1, Trusted: true, Restricted: false, Ephemeral: false, OEM paid: false, OEM private: false, OSU AP: false, FQDN: <none>, Provider friendly name: <none>, Requesting package name: <none><none>MLO Information: , Is TID-To-Link negotiation supported by the AP: false, AP MLD Address: <none>, AP MLO Link Id: <none>, AP MLO Affiliated links: <none>, Vendor Data: <none>> SignalStrength: -50 UnderlyingNetworks: Null]
08-26 10:56:14.695  1393  1970 I BugleRcsEngine: Connected state: [1], networkType: [WIFI] [CONTEXT thread_id=58 ]
08-26 10:56:14.697   577   749 W IPCThreadState: Sending oneway calls to frozen process.
08-26 10:56:14.697   577   749 W IPCThreadState: Sending oneway calls to frozen process.
08-26 10:56:14.704   577   749 W IPCThreadState: Sending oneway calls to frozen process.
08-26 10:56:14.704   577   749 W IPCThreadState: Sending oneway calls to frozen process.
08-26 10:56:14.704   577   749 W IPCThreadState: Sending oneway calls to frozen process.
08-26 10:56:14.704   577   749 W IPCThreadState: Sending oneway calls to frozen process.
08-26 10:56:14.705   577   749 W IPCThreadState: Sending oneway calls to frozen process.
08-26 10:56:14.705  1393  2177 I BugleRcsEngine: handleMessage processing message:[NOTIFY_UPTIME_IGNORE_STATE_CHANGED] with [non-null]:RcsEngineImpl reference [CONTEXT log_prefix="RcsEngineImpl[DUAL_REG]:[bba92579-0eec]>Handler" thread_id=64 ]
08-26 10:56:14.712 12047 15720 I Finsky  : [251] SCH: Job 37-137 starting
08-26 10:56:14.722 12047 12047 I Finsky  : [2] WM::SCH: Logging work start for 37-137
08-26 10:56:14.724 12047 12047 I Finsky  : [2] Received an install/uninstall event for package com.skyfire.solarapp
08-26 10:56:14.744 12047 12047 I Finsky  : [2] SCH: jobFinished: 37-137. TimeElapsed: 22ms.
08-26 10:56:14.748 12047 12047 I Finsky  : [2] WM::SCH: Logging work end for 37-137
08-26 10:56:14.795 12047 12085 I Finsky  : [78] Not an active Cubes user. Ignoring package install/uninstall event.
08-26 10:56:14.804  1061  2164 I NullBinder: NullBinder for android.net.action.RECOMMEND_NETWORKS triggering remote TransactionTooLargeException due to Service without Chimera impl, calling uid: 1000, calling pid: 0
08-26 10:56:14.808  1061  2164 W .gms.persistent: Large reply transaction of 1056768 bytes, interface descriptor , code 1
08-26 10:56:14.835  1393  2177 I BugleRcsEngine: No RCS Configuration was found in Bugle for simID: redacted-pii:sim_id[chars:20,last3:897] [CONTEXT log_prefix="ProvisioningEngineDataRetriever" thread_id=64 ]
08-26 10:56:14.859 15674 15674 D AppCompatDelegate: Checking for metadata for AppLocalesMetadataHolderService : Service not found
08-26 10:56:14.936 11683 11711 I Icing   : Usage reports ok 1, Failed Usage reports 0, indexed 0, rejected 0
08-26 10:56:15.052   577   749 D InetDiagMessage: Destroyed 0 sockets, proto=IPPROTO_TCP, family=AF_INET, states=14
08-26 10:56:15.058   577   749 D InetDiagMessage: Destroyed 0 sockets, proto=IPPROTO_TCP, family=AF_INET6, states=14
08-26 10:56:15.058   577   749 D InetDiagMessage: Destroyed live tcp sockets for uids={10189} in 7ms
08-26 10:56:15.072   577   749 D InetDiagMessage: Destroyed 0 sockets, proto=IPPROTO_TCP, family=AF_INET, states=14
08-26 10:56:15.078   577   749 D InetDiagMessage: Destroyed 0 sockets, proto=IPPROTO_TCP, family=AF_INET6, states=14
08-26 10:56:15.078   577   749 D InetDiagMessage: Destroyed live tcp sockets for uids={20189} in 20ms
08-26 10:56:15.183 12047 12079 I Finsky  : [72] SCH: Scheduling phonesky job Id: 26-1414141414, CT: 1756216462742, Constraints: [{ L: 43200000, D: 44100000, C: CHARGING_NONE, I: IDLE_NONE, N: NET_NONE, B: BATTERY_ANY }]
08-26 10:56:15.223   577   646 I AppsFilter: interaction: PackageSetting{907859 com.android.microdroid.empty_payload/10200} -> PackageSetting{5894ed6 com.skyfire.solarapp/10222} BLOCKED
08-26 10:56:15.265   988   988 D CarrierSvcBindHelper: onPackageModified: com.skyfire.solarapp
08-26 10:56:15.284 12047 12075 I Finsky  : [68] SCH: Scheduling 1 system job(s)
08-26 10:56:15.294   988   988 D CarrierSvcBindHelper: No carrier app for: 0
08-26 10:56:15.294 12047 12075 W JobInfo : Job 'com.android.vending/com.google.android.finsky.scheduler.process.mainimpl.PhoneskyJobServiceMain#9811' has a deadline with no functional constraints. The deadline won't improve job execution latency. Consider removing the deadline.
08-26 10:56:15.295 12047 12075 I Finsky  : [68] SCH: Scheduling system job Id: 9811, L: 28687457, D: 29587457, C: false, I: false, N: 0
08-26 10:56:15.298   577  1657 W JobInfo : Job 'com.android.vending/com.google.android.finsky.scheduler.process.mainimpl.PhoneskyJobServiceMain#9811' has a deadline with no functional constraints. The deadline won't improve job execution latency. Consider removing the deadline.
08-26 10:56:15.306 15674 15674 D nativeloader: Load /data/app/~~vm_yt58k8Wr8vq83BwIbDw==/com.skyfire.solarapp-dKQveIH_pwodh9KASnwkAw==/base.apk!/lib/x86_64/libhermes.so using ns clns-7 from class loader (caller=/data/app/~~vm_yt58k8Wr8vq83BwIbDw==/com.skyfire.solarapp-dKQveIH_pwodh9KASnwkAw==/base.apk): ok
08-26 10:56:15.318 15674 15674 D nativeloader: Load /data/app/~~vm_yt58k8Wr8vq83BwIbDw==/com.skyfire.solarapp-dKQveIH_pwodh9KASnwkAw==/base.apk!/lib/x86_64/libhermes_executor.so using ns clns-7 from class loader (caller=/data/app/~~vm_yt58k8Wr8vq83BwIbDw==/com.skyfire.solarapp-dKQveIH_pwodh9KASnwkAw==/base.apk): ok
08-26 10:56:15.346 13925 13925 D ControlsListingControllerImpl: ServiceConfig reloaded, count: 0
08-26 10:56:15.411   577   794 D ShortcutService: received package broadcast intent: Intent { act=android.intent.action.PACKAGE_CHANGED dat=package: flg=0x45000010 (has extras) }
08-26 10:56:15.414   577   794 D ShortcutService: changing package: com.skyfire.solarapp userId0
08-26 10:56:15.419   577   689 I RoleService: Granting default roles...
08-26 10:56:15.435   577   794 D ShortcutService: handlePackageChanged: com.skyfire.solarapp user=0
08-26 10:56:15.435   577   794 D ShortcutService: rescanPackageIfNeeded 0@com.skyfire.solarapp, forceRescan=true , isNewApp=true
08-26 10:56:15.438   577   794 D ShortcutService: Package com.skyfire.solarapp has 0 manifest shortcut(s), and 0 share target(s)
08-26 10:56:15.440 12047 15720 I Finsky  : [251] SCH: job service finished with id 9806.
08-26 10:56:15.475   988   988 E SmsApplication: com.google.android.apps.messaging lost android:read_cell_broadcasts:  (fixing)
08-26 10:56:15.475   577  1657 W AppOpService: Ignored setUidMode call for runtime permission app op: uid = 10140, code = READ_CELL_BROADCASTS, mode = allow, callingUid = 1001, oldMode = allow
08-26 10:56:15.477   577   577 W Looper  : Slow dispatch took 157ms main h=android.app.ActivityThread$H c=android.app.LoadedApk$ReceiverDispatcher$Args$$ExternalSyntheticLambda0@8354812 m=0
08-26 10:56:15.477   577   577 W Looper  : Slow delivery took 217ms main h=android.app.ActivityThread$H c=android.app.LoadedApk$ReceiverDispatcher$Args$$ExternalSyntheticLambda0@a915be3 m=0
08-26 10:56:15.479   988   988 E CellBroadcastUtils: getDefaultCellBroadcastReceiverPackageName: no package found
08-26 10:56:15.490   577   894 W AppOpService: Ignored setUidMode call for runtime permission app op: uid = 1001, code = READ_SMS, mode = allow, callingUid = 1001, oldMode = allow
08-26 10:56:15.493   577  3555 W Role    : Default holder doesn't have required signing certificate: com.google.android.retaildemo:6547c73dee150c103980bfdffe55cc9a011d785dd694a5f99afd8205bcaf1f80
08-26 10:56:15.494   577  3555 E RoleControllerServiceImpl: Default/fallback role holder package doesn't qualify for the role, package: com.google.android.gms.supervision, role: android.app.role.SYSTEM_SUPERVISION
08-26 10:56:15.498 10685 13783 I PermissionControllerServiceImpl: Updating user sensitive for uid 10222
08-26 10:56:15.505   577   577 W Looper  : Drained
08-26 10:56:15.508 12047 12047 I Finsky  : [2] Memory trim requested to level 40
08-26 10:56:15.508 12047 12047 I Finsky  : [2] Flushing in-memory image cache
08-26 10:56:15.520   577  1705 W AppOpService: Ignored setUidMode call for runtime permission app op: uid = 1001, code = RECEIVE_SMS, mode = allow, callingUid = 1001, oldMode = allow
08-26 10:56:15.553   577  3555 W Role    : Default holder doesn't have required signing certificate: com.google.android.apps.work.clouddpc:23962F4B43B9857638EA66F4D419518EAE282491ACDA4B94707BD59003C45E58
08-26 10:56:15.568   577  1705 W AppOpService: Ignored setUidMode call for runtime permission app op: uid = 1001, code = RECEIVE_WAP_PUSH, mode = allow, callingUid = 1001, oldMode = allow
