08-26 01:22:32.819   577  1637 I AppsFilter: interaction: PackageSetting{4c546d5 com.skyfire.solarapp/10213} -> PackageSetting{83c080 com.android.internal.emulation.pixel_6a/10023} BLOCKED
08-26 01:22:32.819   577  1637 I AppsFilter: interaction: PackageSetting{4c546d5 com.skyfire.solarapp/10213} -> PackageSetting{fc026b9 com.android.internal.emulation.pixel_7a/10027} BLOCKED
08-26 01:22:32.826   577  1637 I AppsFilter: interaction: PackageSetting{4c546d5 com.skyfire.solarapp/10213} -> PackageSetting{cb30afe com.android.internal.emulation.pixel_8a/10028} BLOCKED
08-26 01:22:32.826   577  1637 I AppsFilter: interaction: PackageSetting{4c546d5 com.skyfire.solarapp/10213} -> PackageSetting{409425f com.google.android.overlay.googlewebview/10040} BLOCKED
08-26 01:22:32.826   577  1637 I AppsFilter: interaction: PackageSetting{4c546d5 com.skyfire.solarapp/10213} -> PackageSetting{769499d com.google.android.apps.safetyhub/10139} BLOCKED
08-26 01:22:32.826   577  1637 I AppsFilter: interaction: PackageSetting{4c546d5 com.skyfire.solarapp/10213} -> PackageSetting{8b05e12 com.google.android.hotspot2.osulogin/10195} BLOCKED
08-26 01:22:32.826   577  1637 I AppsFilter: interaction: PackageSetting{4c546d5 com.skyfire.solarapp/10213} -> PackageSetting{3adb9e3 com.android.simappdialog/10124} BLOCKED
08-26 01:22:32.826   577  1637 I AppsFilter: interaction: PackageSetting{4c546d5 com.skyfire.solarapp/10213} -> PackageSetting{329a57b com.android.internal.display.cutout.emulation.hole/10010} BLOCKED
08-26 01:22:32.826   577  1637 I AppsFilter: interaction: PackageSetting{4c546d5 com.skyfire.solarapp/10213} -> PackageSetting{1491f98 com.android.internal.display.cutout.emulation.tall/10009} BLOCKED
08-26 01:22:32.826   577  1637 I AppsFilter: interaction: PackageSetting{4c546d5 com.skyfire.solarapp/10213} -> PackageSetting{b52f3f1 com.android.internal.systemui.navbar.threebutton/10045} BLOCKED
08-26 01:22:32.826   577  1637 I AppsFilter: interaction: PackageSetting{4c546d5 com.skyfire.solarapp/10213} -> PackageSetting{60b7bd6 com.android.internal.ranchu.commonoverlay/10047} BLOCKED
08-26 01:22:32.826   577  1637 I AppsFilter: interaction: PackageSetting{4c546d5 com.skyfire.solarapp/10213} -> PackageSetting{231e57 com.android.systemui.auto_generated_rro_vendor__/10088} BLOCKED
08-26 01:22:32.826   577  1637 I AppsFilter: interaction: PackageSetting{4c546d5 com.skyfire.solarapp/10213} -> PackageSetting{82d7fe0 com.google.android.deskclock/10159} BLOCKED
08-26 01:22:32.826   577  1637 I AppsFilter: interaction: PackageSetting{4c546d5 com.skyfire.solarapp/10213} -> PackageSetting{391de2d com.android.internal.systemui.navbar.twobutton/10043} BLOCKED
08-26 01:22:32.826   577  1637 I AppsFilter: interaction: PackageSetting{4c546d5 com.skyfire.solarapp/10213} -> PackageSetting{f95e299 com.google.android.as/10136} BLOCKED
08-26 01:22:32.826   577  1637 I AppsFilter: interaction: PackageSetting{4c546d5 com.skyfire.solarapp/10213} -> PackageSetting{932495e com.android.compos.payload/10192} BLOCKED
08-26 01:22:32.826   577  1637 I AppsFilter: interaction: PackageSetting{4c546d5 com.skyfire.solarapp/10213} -> PackageSetting{84849b0 com.android.systemui.emulation.pixel_3/10053} BLOCKED
08-26 01:22:32.826   577  1637 I AppsFilter: interaction: PackageSetting{4c546d5 com.skyfire.solarapp/10213} -> PackageSetting{b5b3029 com.android.systemui.emulation.pixel_4/10057} BLOCKED
08-26 01:22:32.826   577  1637 I AppsFilter: interaction: PackageSetting{4c546d5 com.skyfire.solarapp/10213} -> PackageSetting{7362fae com.android.systemui.emulation.pixel_5/10060} BLOCKED
08-26 01:22:32.826   577  1637 I AppsFilter: interaction: PackageSetting{4c546d5 com.skyfire.solarapp/10213} -> PackageSetting{32d814f com.android.systemui.emulation.pixel_6/10061} BLOCKED
08-26 01:22:32.826   577  1637 I AppsFilter: interaction: PackageSetting{4c546d5 com.skyfire.solarapp/10213} -> PackageSetting{9e050dc com.android.systemui.emulation.pixel_7/10064} BLOCKED
08-26 01:22:32.826   577  1637 I AppsFilter: interaction: PackageSetting{4c546d5 com.skyfire.solarapp/10213} -> PackageSetting{34da5e5 com.android.systemui.emulation.pixel_8/10067} BLOCKED
08-26 01:22:32.826   577  1637 I AppsFilter: interaction: PackageSetting{4c546d5 com.skyfire.solarapp/10213} -> PackageSetting{4b998ba com.android.systemui.emulation.pixel_9/10070} BLOCKED
08-26 01:22:32.826   577  1637 I AppsFilter: interaction: PackageSetting{4c546d5 com.skyfire.solarapp/10213} -> PackageSetting{978113f com.android.printspooler/10126} BLOCKED
08-26 01:22:32.826   577  1637 I AppsFilter: interaction: PackageSetting{4c546d5 com.skyfire.solarapp/10213} -> PackageSetting{38f9ec8 com.google.android.connectivity.resources.goldfish.overlay/10090} BLOCKED
08-26 01:22:32.826   577  1637 I AppsFilter: interaction: PackageSetting{4c546d5 com.skyfire.solarapp/10213} -> PackageSetting{31aba0c com.android.dreams.basic/10112} BLOCKED
08-26 01:22:32.826   577  1637 I AppsFilter: interaction: PackageSetting{4c546d5 com.skyfire.solarapp/10213} -> PackageSetting{9d88686 com.google.android.networkstack.tethering.emulator/10034} BLOCKED
08-26 01:22:32.826   577  1637 I AppsFilter: interaction: PackageSetting{4c546d5 com.skyfire.solarapp/10213} -> PackageSetting{bd24b47 com.android.providers.settings.auto_generated_rro_product__/10050} BLOCKED
08-26 01:22:32.826   577  1637 I AppsFilter: interaction: PackageSetting{4c546d5 com.skyfire.solarapp/10213} -> PackageSetting{8590f55 com.google.android.as.oss/10129} BLOCKED
08-26 01:22:32.826   577  1637 I AppsFilter: interaction: PackageSetting{4c546d5 com.skyfire.solarapp/10213} -> PackageSetting{f53ac9d com.android.traceur.auto_generated_rro_product__/10081} BLOCKED
08-26 01:22:32.826   577  1637 I AppsFilter: interaction: PackageSetting{4c546d5 com.skyfire.solarapp/10213} -> PackageSetting{3a68512 com.android.internal.emulation.pixel_9_pro_fold/10035} BLOCKED
08-26 01:22:32.826   577  1637 I AppsFilter: interaction: PackageSetting{4c546d5 com.skyfire.solarapp/10213} -> PackageSetting{1559d6a com.google.android.devicelockcontroller/10191} BLOCKED
08-26 01:22:32.826   577  1637 I AppsFilter: interaction: PackageSetting{4c546d5 com.skyfire.solarapp/10213} -> PackageSetting{166825b com.google.android.dialer/10138} BLOCKED
08-26 01:22:32.826   577  1637 I AppsFilter: interaction: PackageSetting{4c546d5 com.skyfire.solarapp/10213} -> PackageSetting{f437599 com.android.internal.emulation.pixel_3/10013} BLOCKED
08-26 01:22:32.826   577  1637 I AppsFilter: interaction: PackageSetting{4c546d5 com.skyfire.solarapp/10213} -> PackageSetting{ae3e05e com.android.internal.emulation.pixel_4/10016} BLOCKED
08-26 01:22:32.826   577  1637 I AppsFilter: interaction: PackageSetting{4c546d5 com.skyfire.solarapp/10213} -> PackageSetting{8175c3f com.android.internal.emulation.pixel_5/10020} BLOCKED
08-26 01:22:32.826   577  1637 I AppsFilter: interaction: PackageSetting{4c546d5 com.skyfire.solarapp/10213} -> PackageSetting{7c7a90c com.android.internal.emulation.pixel_6/10019} BLOCKED
08-26 01:22:32.826   577  1637 I AppsFilter: interaction: PackageSetting{4c546d5 com.skyfire.solarapp/10213} -> PackageSetting{ccd255 com.android.internal.emulation.pixel_7/10021} BLOCKED
08-26 01:22:32.826   577  1637 I AppsFilter: interaction: PackageSetting{4c546d5 com.skyfire.solarapp/10213} -> PackageSetting{209a46a com.android.internal.emulation.pixel_8/10025} BLOCKED
08-26 01:22:32.826   577  1637 I AppsFilter: interaction: PackageSetting{4c546d5 com.skyfire.solarapp/10213} -> PackageSetting{22f7d5b com.android.internal.emulation.pixel_9/10030} BLOCKED
08-26 01:22:32.826   577  1637 I AppsFilter: interaction: PackageSetting{4c546d5 com.skyfire.solarapp/10213} -> PackageSetting{1bf6af8 com.google.android.captiveportallogin/10116} BLOCKED
08-26 01:22:32.827   577  1637 I AppsFilter: interaction: PackageSetting{4c546d5 com.skyfire.solarapp/10213} -> PackageSetting{4553ed1 android.auto_generated_characteristics_rro/10083} BLOCKED
08-26 01:22:32.827   577  1637 I AppsFilter: interaction: PackageSetting{4c546d5 com.skyfire.solarapp/10213} -> PackageSetting{4e84bd1 com.google.android.appsearch.apk/10198} BLOCKED
08-26 01:22:32.827   577  1637 I AppsFilter: interaction: PackageSetting{4c546d5 com.skyfire.solarapp/10213} -> PackageSetting{2a82636 com.android.musicfx/10105} BLOCKED
08-26 01:22:32.827   577  1637 I AppsFilter: interaction: PackageSetting{4c546d5 com.skyfire.solarapp/10213} -> PackageSetting{100e937 com.google.android.markup/10153} BLOCKED
08-26 01:22:32.827   577  1637 I AppsFilter: interaction: PackageSetting{4c546d5 com.skyfire.solarapp/10213} -> PackageSetting{bfc3ea4 com.google.android.rkpdapp/10197} BLOCKED
08-26 01:22:32.827   577  1637 I AppsFilter: interaction: PackageSetting{4c546d5 com.skyfire.solarapp/10213} -> PackageSetting{c54d40d com.google.android.contacts/10149} BLOCKED
08-26 01:22:32.827   577  1637 I AppsFilter: interaction: PackageSetting{4c546d5 com.skyfire.solarapp/10213} -> PackageSetting{ffe3cd3 com.android.server.telecom.auto_generated_rro_product__/10078} BLOCKED
08-26 01:22:32.827   577  1637 I AppsFilter: interaction: PackageSetting{4c546d5 com.skyfire.solarapp/10213} -> PackageSetting{3fa6010 com.android.phone.auto_generated_characteristics_rro/10076} BLOCKED
08-26 01:22:32.827   577  1637 I AppsFilter: interaction: PackageSetting{4c546d5 com.skyfire.solarapp/10213} -> PackageSetting{73ff709 com.google.android.overlay.googleconfig/10039} BLOCKED
08-26 01:22:32.827   577  1637 I AppsFilter: interaction: PackageSetting{4c546d5 com.skyfire.solarapp/10213} -> PackageSetting{7c86fc2 com.android.chrome/10146} BLOCKED
08-26 01:22:32.827   577  1637 I AppsFilter: interaction: PackageSetting{4c546d5 com.skyfire.solarapp/10213} -> PackageSetting{d65d32f com.android.bips.auto_generated_rro_product__/10003} BLOCKED
08-26 01:22:32.827   577  1637 I AppsFilter: interaction: PackageSetting{4c546d5 com.skyfire.solarapp/10213} -> PackageSetting{470e1d3 com.google.android.apps.customization.pixel/10155} BLOCKED
08-26 01:22:32.827   577  1637 I AppsFilter: interaction: PackageSetting{4c546d5 com.skyfire.solarapp/10213} -> PackageSetting{510a110 com.google.android.tag/10108} BLOCKED
08-26 01:22:32.827   577  1637 I AppsFilter: interaction: PackageSetting{4c546d5 com.skyfire.solarapp/10213} -> PackageSetting{50bfc1a com.google.android.overlay.permissioncontroller/10036} BLOCKED
08-26 01:22:32.827   577  1637 I AppsFilter: interaction: PackageSetting{4c546d5 com.skyfire.solarapp/10213} -> PackageSetting{b87a409 com.google.android.partnersetup/10137} BLOCKED
08-26 01:22:32.827   577  1637 I AppsFilter: interaction: PackageSetting{4c546d5 com.skyfire.solarapp/10213} -> PackageSetting{4b1c60e com.google.android.apps.wallpaper.nexus/10154} BLOCKED
08-26 01:22:32.827   577  1637 I AppsFilter: interaction: PackageSetting{4c546d5 com.skyfire.solarapp/10213} -> PackageSetting{6ddc82f com.google.android.apps.nexuslauncher/10176} BLOCKED
08-26 01:22:32.827   577  1637 I AppsFilter: interaction: PackageSetting{4c546d5 com.skyfire.solarapp/10213} -> PackageSetting{2ddbfe6 com.android.theme.font.notoserifsource/10037} BLOCKED
08-26 01:22:32.827   577  1637 I AppsFilter: interaction: PackageSetting{4c546d5 com.skyfire.solarapp/10213} -> PackageSetting{2c6be3c com.google.android.safetycenter.resources/10206} BLOCKED
08-26 01:22:32.827   577  1637 I AppsFilter: interaction: PackageSetting{4c546d5 com.skyfire.solarapp/10213} -> PackageSetting{1cc27d4 com.android.internal.display.cutout.emulation.waterfall/10008} BLOCKED
08-26 01:22:32.827   577  1637 I AppsFilter: interaction: PackageSetting{4c546d5 com.skyfire.solarapp/10213} -> PackageSetting{a07bd7d com.android.internal.systemui.navbar.transparent/10082} BLOCKED
08-26 01:22:32.827   577  1637 I AppsFilter: interaction: PackageSetting{4c546d5 com.skyfire.solarapp/10213} -> PackageSetting{afd77c5 com.google.android.connectivity.resources/10204} BLOCKED
08-26 01:22:32.827   577  1637 I AppsFilter: interaction: PackageSetting{4c546d5 com.skyfire.solarapp/10213} -> PackageSetting{c2000c3 com.android.providers.contacts.auto_generated_rro_product__/10004} BLOCKED
08-26 01:22:32.827   577  1637 I AppsFilter: interaction: PackageSetting{4c546d5 com.skyfire.solarapp/10213} -> PackageSetting{fc8351a com.google.android.feedback/10172} BLOCKED
08-26 01:22:32.827   577  1637 I AppsFilter: interaction: PackageSetting{4c546d5 com.skyfire.solarapp/10213} -> PackageSetting{488b84b com.google.android.printservice.recommendation/10121} BLOCKED
08-26 01:22:32.827   577  1637 I AppsFilter: interaction: PackageSetting{4c546d5 com.skyfire.solarapp/10213} -> PackageSetting{dd21ff9 com.google.android.calendar/10150} BLOCKED
08-26 01:22:32.827   577  1637 I AppsFilter: interaction: PackageSetting{4c546d5 com.skyfire.solarapp/10213} -> PackageSetting{b5f8228 com.google.android.documentsui/10099} BLOCKED
08-26 01:22:32.827   577  1637 I AppsFilter: interaction: PackageSetting{4c546d5 com.skyfire.solarapp/10213} -> PackageSetting{377e61f com.android.systemui.emulation.pixel_3a_xl/10056} BLOCKED
08-26 01:22:32.827   577  1637 I AppsFilter: interaction: PackageSetting{4c546d5 com.skyfire.solarapp/10213} -> PackageSetting{d249d6c com.android.systemui.emulation.pixel_6_pro/10062} BLOCKED
08-26 01:22:32.827   577  1637 I AppsFilter: interaction: PackageSetting{4c546d5 com.skyfire.solarapp/10213} -> PackageSetting{e161f35 com.android.systemui.emulation.pixel_7_pro/10065} BLOCKED
08-26 01:22:32.827   577  1637 I AppsFilter: interaction: PackageSetting{4c546d5 com.skyfire.solarapp/10213} -> PackageSetting{4eb9fca com.android.systemui.emulation.pixel_8_pro/10068} BLOCKED
08-26 01:22:32.827   577  1637 I AppsFilter: interaction: PackageSetting{4c546d5 com.skyfire.solarapp/10213} -> PackageSetting{33ec53b com.android.systemui.emulation.pixel_9_pro/10071} BLOCKED
08-26 01:22:32.827   577  1637 I AppsFilter: interaction: PackageSetting{4c546d5 com.skyfire.solarapp/10213} -> PackageSetting{8742458 com.android.carrierconfig.auto_generated_rro_product__/10000} BLOCKED
08-26 01:22:32.827   577  1637 I AppsFilter: interaction: PackageSetting{4c546d5 com.skyfire.solarapp/10213} -> PackageSetting{9679b1 com.android.devicediagnostics.auto_generated_rro_product__/10006} BLOCKED
08-26 01:22:32.827   577  1637 I AppsFilter: interaction: PackageSetting{4c546d5 com.skyfire.solarapp/10213} -> PackageSetting{442cb41 com.android.providers.partnerbookmarks/10123} BLOCKED
08-26 01:22:32.827   577  1637 I AppsFilter: interaction: PackageSetting{4c546d5 com.skyfire.solarapp/10213} -> PackageSetting{fa488e6 com.android.wallpaper.livepicker/10103} BLOCKED
08-26 01:22:32.827   577  1637 I AppsFilter: interaction: PackageSetting{4c546d5 com.skyfire.solarapp/10213} -> PackageSetting{e332e04 com.android.providers.telephony.auto_generated_rro_product__/10080} BLOCKED
08-26 01:22:32.827   577  1637 I AppsFilter: interaction: PackageSetting{4c546d5 com.skyfire.solarapp/10213} -> PackageSetting{ee7ffed com.android.phone.auto_generated_rro_vendor__/10087} BLOCKED
08-26 01:22:32.827   577  1637 I AppsFilter: interaction: PackageSetting{4c546d5 com.skyfire.solarapp/10213} -> PackageSetting{2a88e27 com.android.imsserviceentitlement/10132} BLOCKED
08-26 01:22:32.827   577  1637 I AppsFilter: interaction: PackageSetting{4c546d5 com.skyfire.solarapp/10213} -> PackageSetting{ef2a0b3 com.android.internal.emulation.pixel_9_pro_xl/10032} BLOCKED
08-26 01:22:32.827   577  1637 I AppsFilter: interaction: PackageSetting{4c546d5 com.skyfire.solarapp/10213} -> PackageSetting{63e98d4 com.google.android.healthconnect.controller/10186} BLOCKED
08-26 01:22:32.827   577  1637 I AppsFilter: interaction: PackageSetting{4c546d5 com.skyfire.solarapp/10213} -> PackageSetting{151ade9 com.android.internal.emulation.pixel_2_xl/10011} BLOCKED
08-26 01:22:32.827   577  1637 I AppsFilter: interaction: PackageSetting{4c546d5 com.skyfire.solarapp/10213} -> PackageSetting{dfa3a6e com.android.internal.emulation.pixel_3_xl/10014} BLOCKED
08-26 01:22:32.827   577  1637 I AppsFilter: interaction: PackageSetting{4c546d5 com.skyfire.solarapp/10213} -> PackageSetting{6c950f com.android.internal.emulation.pixel_4_xl/10022} BLOCKED
08-26 01:22:32.827   577  1637 I AppsFilter: interaction: PackageSetting{4c546d5 com.skyfire.solarapp/10213} -> PackageSetting{c40399c com.android.internal.emulation.pixel_fold/10033} BLOCKED
08-26 01:22:32.827   577  1637 I AppsFilter: interaction: PackageSetting{4c546d5 com.skyfire.solarapp/10213} -> PackageSetting{32fda7d com.android.bookmarkprovider/10111} BLOCKED
08-26 01:22:32.827   577  1637 I AppsFilter: interaction: PackageSetting{4c546d5 com.skyfire.solarapp/10213} -> PackageSetting{9938f7a com.google.android.overlay.pixelconfigcommon/10048} BLOCKED
08-26 01:22:32.827   577  1637 I AppsFilter: interaction: PackageSetting{4c546d5 com.skyfire.solarapp/10213} -> PackageSetting{be7732b com.android.systemui.accessibility.accessibilitymenu.auto_generated_rro_product__/10001} BLOCKED
08-26 01:22:32.827   577  1637 I AppsFilter: interaction: PackageSetting{4c546d5 com.skyfire.solarapp/10213} -> PackageSetting{4e55388 com.android.systemui.emulation.pixel_3a/10055} BLOCKED
08-26 01:22:32.827   577  1637 I AppsFilter: interaction: PackageSetting{4c546d5 com.skyfire.solarapp/10213} -> PackageSetting{8483121 com.android.systemui.emulation.pixel_4a/10059} BLOCKED
08-26 01:22:32.827   577  1637 I AppsFilter: interaction: PackageSetting{4c546d5 com.skyfire.solarapp/10213} -> PackageSetting{63b2946 com.android.systemui.emulation.pixel_6a/10063} BLOCKED
08-26 01:22:32.828   577  1637 I AppsFilter: interaction: PackageSetting{4c546d5 com.skyfire.solarapp/10213} -> PackageSetting{fe81707 com.android.systemui.emulation.pixel_7a/10066} BLOCKED
08-26 01:22:32.828   577  1637 I AppsFilter: interaction: PackageSetting{4c546d5 com.skyfire.solarapp/10213} -> PackageSetting{3402034 com.android.systemui.emulation.pixel_8a/10069} BLOCKED
08-26 01:22:32.828   577  1637 I AppsFilter: interaction: PackageSetting{4c546d5 com.skyfire.solarapp/10213} -> PackageSetting{9a04d72 com.google.android.settings.intelligence/10141} BLOCKED
08-26 01:22:32.828   577  1637 I AppsFilter: interaction: PackageSetting{4c546d5 com.skyfire.solarapp/10213} -> PackageSetting{74b0ed9 com.google.android.projection.gearhead/10130} BLOCKED
08-26 01:22:32.828   577  1637 I AppsFilter: interaction: PackageSetting{4c546d5 com.skyfire.solarapp/10213} -> PackageSetting{905e5c3 com.google.android.uwb.resources/10205} BLOCKED
08-26 01:22:32.828   577  1637 I AppsFilter: interaction: PackageSetting{4c546d5 com.skyfire.solarapp/10213} -> PackageSetting{e51a09e com.android.cts.ctsshim/10185} BLOCKED
08-26 01:22:32.828   577  1637 I AppsFilter: interaction: PackageSetting{4c546d5 com.skyfire.solarapp/10213} -> PackageSetting{b566e40 com.google.android.wifi.resources/10194} BLOCKED
08-26 01:22:32.828   577  1637 I AppsFilter: interaction: PackageSetting{4c546d5 com.skyfire.solarapp/10213} -> PackageSetting{ee4a179 com.google.android.wifi.dialog/10196} BLOCKED
08-26 01:22:32.828   577  1637 I AppsFilter: interaction: PackageSetting{4c546d5 com.skyfire.solarapp/10213} -> PackageSetting{d21cebe com.android.wallpaper/10178} BLOCKED
08-26 01:22:32.828   577  1637 I AppsFilter: interaction: PackageSetting{4c546d5 com.skyfire.solarapp/10213} -> PackageSetting{d59b413 com.android.microdroid.empty_payload/10200} BLOCKED
08-26 01:22:32.828   577  1637 I AppsFilter: interaction: PackageSetting{4c546d5 com.skyfire.solarapp/10213} -> PackageSetting{9571b1f com.google.android.apps.wallpaper/10181} BLOCKED
08-26 01:22:32.828   577  1637 I AppsFilter: interaction: PackageSetting{4c546d5 com.skyfire.solarapp/10213} -> PackageSetting{d542e6c com.google.android.odad/10135} BLOCKED
08-26 01:22:32.828   577  1637 I AppsFilter: interaction: PackageSetting{4c546d5 com.skyfire.solarapp/10213} -> PackageSetting{d5341cc com.android.settings.auto_generated_rro_product__/10049} BLOCKED
08-26 01:22:32.828   577  1637 I AppsFilter: interaction: PackageSetting{4c546d5 com.skyfire.solarapp/10213} -> PackageSetting{a475c15 com.android.systemui.emulation.pixel_9_pro_xl/10073} BLOCKED
08-26 01:22:32.828   577  1637 I AppsFilter: interaction: PackageSetting{4c546d5 com.skyfire.solarapp/10213} -> PackageSetting{baecb2a com.android.companiondevicemanager.auto_generated_characteristics_rro/10002} BLOCKED
08-26 01:22:32.828   577  1637 I AppsFilter: interaction: PackageSetting{4c546d5 com.skyfire.solarapp/10213} -> PackageSetting{7cf7d1b com.android.internal.systemui.navbar.gestural/10044} BLOCKED
08-26 01:22:32.828   577  1637 I AppsFilter: interaction: PackageSetting{4c546d5 com.skyfire.solarapp/10213} -> PackageSetting{684dc35 com.google.android.apps.youtube.music/10165} BLOCKED
08-26 01:22:32.828   577  1637 I AppsFilter: interaction: PackageSetting{4c546d5 com.skyfire.solarapp/10213} -> PackageSetting{7a818ca com.android.bluetoothmidiservice/10110} BLOCKED
08-26 01:22:32.828   577  1637 I AppsFilter: interaction: PackageSetting{4c546d5 com.skyfire.solarapp/10213} -> PackageSetting{2c66ff6 com.android.storagemanager.auto_generated_rro_product__/10052} BLOCKED
08-26 01:22:32.828   577  1637 I AppsFilter: interaction: PackageSetting{4c546d5 com.skyfire.solarapp/10213} -> PackageSetting{5c4a3b com.google.android.cellbroadcastreceiver/10193} BLOCKED
08-26 01:22:32.828   577  1637 I AppsFilter: interaction: PackageSetting{4c546d5 com.skyfire.solarapp/10213} -> PackageSetting{c45fe64 com.android.phone.auto_generated_rro_product__/10077} BLOCKED
08-26 01:22:32.828   577  1637 I AppsFilter: interaction: PackageSetting{4c546d5 com.skyfire.solarapp/10213} -> PackageSetting{2a7f8cd com.android.systemui.emulation.pixel_9_pro_fold/10072} BLOCKED
08-26 01:22:32.828   577  1637 I AppsFilter: interaction: PackageSetting{4c546d5 com.skyfire.solarapp/10213} -> PackageSetting{ae19582 android.auto_generated_rro_product__/10084} BLOCKED
08-26 01:22:32.828   577  1637 I AppsFilter: interaction: PackageSetting{4c546d5 com.skyfire.solarapp/10213} -> PackageSetting{a8bc558 com.google.android.inputmethod.latin/10156} BLOCKED
08-26 01:22:32.828   577  1637 I AppsFilter: interaction: PackageSetting{4c546d5 com.skyfire.solarapp/10213} -> PackageSetting{e969cd0 android.auto_generated_rro_vendor__/10089} BLOCKED
08-26 01:22:32.828   577  1637 I AppsFilter: interaction: PackageSetting{4c546d5 com.skyfire.solarapp/10213} -> PackageSetting{db406b1 com.google.android.apps.restore/10134} BLOCKED
08-26 01:22:32.859  7104  7160 I kyfire.solarapp: Waiting for a blocking GC ClassLinker
08-26 01:22:32.867  7104  7111 I kyfire.solarapp: NativeAlloc concurrent mark compact GC freed 2028KB AllocSpace bytes, 0(0B) LOS objects, 49% free, 5427KB/10MB, paused 8.115ms,3.140ms total 62.859ms
08-26 01:22:32.867  7104  7160 I kyfire.solarapp: WaitForGcToComplete blocked ClassLinker on NativeAlloc for 8.261ms
08-26 01:22:32.895  7104  7160 I cr_WVCFactoryProvider: version=139.0.7258.94 (725809438) minSdkVersion=29 multiprocess=true packageId=2 splits=<none>
08-26 01:22:32.911  7104  7160 D nativeloader: Load /data/app/~~M8bY9BBXNPs7ndpUzwEDZQ==/com.google.android.trichromelibrary_725809438-xWRwlI3sfw2mSl-_O2_dZg==/base.apk!/lib/x86_64/libmonochrome_64.so using ns clns-9 from class loader (caller=/data/app/~~WsaBSGivgT2g44gFK7-xOQ==/com.google.android.webview-fMTA1trrs4T4Ps40a1zs3Q==/base.apk): ok
08-26 01:22:32.920  7104  7160 D nativeloader: Load /system/lib64/libwebviewchromium_plat_support.so using ns clns-9 from class loader (caller=/data/app/~~WsaBSGivgT2g44gFK7-xOQ==/com.google.android.webview-fMTA1trrs4T4Ps40a1zs3Q==/base.apk): ok
08-26 01:22:32.929  7104  7167 I chromium: [0826/012232.928063:INFO:android_webview/browser/variations/variations_seed_loader.cc:67] Failed to open file for reading.: No such file or directory (2)
08-26 01:22:32.931  7104  7167 I chromium: [0826/012232.931286:INFO:android_webview/browser/variations/variations_seed_loader.cc:67] Failed to open file for reading.: No such file or directory (2)
08-26 01:22:32.940  7104  7160 I cr_LibraryLoader: Successfully loaded native library
08-26 01:22:32.943  7104  7160 I cr_CachingUmaRecorder: Flushed 13 samples from 13 histograms, 0 samples were dropped.
08-26 01:22:32.944   577  1700 D CompatChangeReporter: Compat change id reported: 151861875; UID 10162; state: ENABLED
08-26 01:22:32.944   577  1700 V GrammaticalInflectionUtils: AttributionSource: android.content.AttributionSource@f8ca2e1a does not have READ_SYSTEM_GRAMMATICAL_GENDER permission.
08-26 01:22:32.959   371   371 D Zygote  : Forked child process 7171
08-26 01:22:32.962   577   624 I ActivityManager: Start proc 7171:com.google.android.webview:webview_service/u0a162 for service {com.google.android.webview/org.chromium.android_webview.services.VariationsSeedServer}
08-26 01:22:32.992  7171  7171 I webview_service: Using CollectorTypeCMC GC.
08-26 01:22:32.994  7171  7171 W webview_service: Unexpected CPU variant for x86: x86_64.
08-26 01:22:32.994  7171  7171 W webview_service: Known variants: atom, sandybridge, silvermont, goldmont, goldmont-plus, goldmont-without-sha-xsaves, tremont, kabylake, default
08-26 01:22:32.999  7171  7171 E webview_service: Not starting debugger since process cannot load the jdwp agent.
08-26 01:22:33.009  7171  7171 D nativeloader: Load libframework-connectivity-tiramisu-jni.so using APEX ns com_android_tethering for caller /apex/com.android.tethering/javalib/framework-connectivity-t.jar: ok
08-26 01:22:33.044  7104  7182 D TrafficStats: tagSocket(138) with statsTag=0xffffffff, statsUid=-1
08-26 01:22:33.045  7171  7171 W ziparchive: Unable to open '/data/app/~~M8bY9BBXNPs7ndpUzwEDZQ==/com.google.android.trichromelibrary_725809438-xWRwlI3sfw2mSl-_O2_dZg==/base.dm': No such file or directory
08-26 01:22:33.046  7171  7171 W ziparchive: Unable to open '/data/app/~~M8bY9BBXNPs7ndpUzwEDZQ==/com.google.android.trichromelibrary_725809438-xWRwlI3sfw2mSl-_O2_dZg==/base.dm': No such file or directory
08-26 01:22:33.046  7171  7171 W webview_service: Entry not found
08-26 01:22:33.046  7171  7171 D nativeloader: Configuring clns-7 for other apk /data/app/~~M8bY9BBXNPs7ndpUzwEDZQ==/com.google.android.trichromelibrary_725809438-xWRwlI3sfw2mSl-_O2_dZg==/base.apk. target_sdk_version=35, uses_libraries=ALL, library_path=/data/app/~~WsaBSGivgT2g44gFK7-xOQ==/com.google.android.webview-fMTA1trrs4T4Ps40a1zs3Q==/lib/x86_64:/data/app/~~WsaBSGivgT2g44gFK7-xOQ==/com.google.android.webview-fMTA1trrs4T4Ps40a1zs3Q==/base.apk!/lib/x86_64:/data/app/~~M8bY9BBXNPs7ndpUzwEDZQ==/com.google.android.trichromelibrary_725809438-xWRwlI3sfw2mSl-_O2_dZg==/base.apk!/lib/x86_64, permitted_path=/data:/mnt/expand:/data/user/0/com.google.android.webview
08-26 01:22:33.047  7171  7171 D ApplicationLoaders: Returning zygote-cached class loader: /system_ext/framework/androidx.window.extensions.jar
08-26 01:22:33.055  7171  7171 D nativeloader: Configuring clns-8 for other apk /data/app/~~WsaBSGivgT2g44gFK7-xOQ==/com.google.android.webview-fMTA1trrs4T4Ps40a1zs3Q==/base.apk. target_sdk_version=35, uses_libraries=, library_path=/data/app/~~WsaBSGivgT2g44gFK7-xOQ==/com.google.android.webview-fMTA1trrs4T4Ps40a1zs3Q==/lib/x86_64:/data/app/~~WsaBSGivgT2g44gFK7-xOQ==/com.google.android.webview-fMTA1trrs4T4Ps40a1zs3Q==/base.apk!/lib/x86_64:/data/app/~~M8bY9BBXNPs7ndpUzwEDZQ==/com.google.android.trichromelibrary_725809438-xWRwlI3sfw2mSl-_O2_dZg==/base.apk!/lib/x86_64, permitted_path=/data:/mnt/expand:/data/user/0/com.google.android.webview
08-26 01:22:33.056  7171  7171 D CompatChangeReporter: Compat change id reported: 202956589; UID 10162; state: ENABLED
08-26 01:22:33.061  7171  7171 V GraphicsEnvironment: Currently set values for:
08-26 01:22:33.062  7171  7171 V GraphicsEnvironment:   angle_gl_driver_selection_pkgs=[]
08-26 01:22:33.062  7171  7171 V GraphicsEnvironment:   angle_gl_driver_selection_values=[]
08-26 01:22:33.062  7171  7171 V GraphicsEnvironment: Global.Settings values are invalid: number of packages: 0, number of values: 0
08-26 01:22:33.062  7171  7171 V GraphicsEnvironment: Neither updatable production driver nor prerelease driver is supported.
08-26 01:22:33.071  7171  7171 I LoadedApk: No resource references to update in package com.google.android.trichromelibrary
08-26 01:22:33.071  7171  7171 I cr_WebViewApkApp: version=139.0.7258.94 (725809438) minSdkVersion=29 processName=com.google.android.webview:webview_service splits=<none>
08-26 01:22:33.084   577  1700 D CompatChangeReporter: Compat change id reported: 261072174; UID 10213; state: ENABLED
08-26 01:22:33.097   577  1700 D CompatChangeReporter: Compat change id reported: 311208629; UID 10162; state: ENABLED
08-26 01:22:33.223  7104  7159 V AsyncStorageExpoMigration: No scoped database found
08-26 01:22:33.488  7104  7159 I ReactNativeJS: Running "skyfire" with {"rootTag":11}
08-26 01:22:33.492  7104  7190 D TrafficStats: tagSocket(136) with statsTag=0xffffffff, statsUid=-1
08-26 01:22:33.611  7104  7159 I ReactNativeJS: '[PhotoNotesModal]', 'useSpeechToText: loaded OK'
08-26 01:22:33.620   577   686 D ActivityManager: freezing 2167 com.android.vending
08-26 01:22:33.626   577   749 D InetDiagMessage: Destroyed 0 sockets, proto=IPPROTO_TCP, family=AF_INET, states=14
08-26 01:22:33.629   577   749 D InetDiagMessage: Destroyed 0 sockets, proto=IPPROTO_TCP, family=AF_INET6, states=14
08-26 01:22:33.632   577   749 D InetDiagMessage: Destroyed live tcp sockets for uids={10142} in 7ms
08-26 01:22:33.697  7104  7159 D nativeloader: Load /data/app/~~k55ygr2OHxqMjtmbMN0bzw==/com.skyfire.solarapp-fus84dOiFhIZwxeOlhs-KQ==/base.apk!/lib/x86_64/libreanimated.so using ns clns-7 from class loader (caller=/data/app/~~k55ygr2OHxqMjtmbMN0bzw==/com.skyfire.solarapp-fus84dOiFhIZwxeOlhs-KQ==/base.apk): ok
08-26 01:22:33.697  7104  7159 W kyfire.solarapp: CheckJNI: method to register "installJSIBindings" not in the given class. This is slow, consider changing your RegisterNatives calls.
08-26 01:22:33.707  7104  7159 D nativeloader: Load /data/app/~~k55ygr2OHxqMjtmbMN0bzw==/com.skyfire.solarapp-fus84dOiFhIZwxeOlhs-KQ==/base.apk!/lib/x86_64/libturbomodulejsijni.so using ns clns-7 from class loader (caller=/data/app/~~k55ygr2OHxqMjtmbMN0bzw==/com.skyfire.solarapp-fus84dOiFhIZwxeOlhs-KQ==/base.apk): ok
08-26 01:22:33.801  7104  7159 D nativeloader: Load /data/app/~~k55ygr2OHxqMjtmbMN0bzw==/com.skyfire.solarapp-fus84dOiFhIZwxeOlhs-KQ==/base.apk!/lib/x86_64/librnscreens.so using ns clns-7 from class loader (caller=/data/app/~~k55ygr2OHxqMjtmbMN0bzw==/com.skyfire.solarapp-fus84dOiFhIZwxeOlhs-KQ==/base.apk!classes2.dex): ok
08-26 01:22:33.911  7104  7160 W unknown:ViewManagerPropertyUpdater: Could not find generated setter for class com.swmansion.rnscreens.ScreensShadowNode
08-26 01:22:33.917  7104  7113 W kyfire.solarapp: ApkAssets: Deleting an ApkAssets object '<empty> and /data/app/~~WsaBSGivgT2g44gFK7-xOQ==/com.google.android.webview-fMTA1trrs4T4Ps40a1zs3Q==/base.apk' with 1 weak references
08-26 01:22:34.075  7104  7159 E ReactNativeJS: 'Error: Requiring unknown module "undefined". If you are sure the module exists, try restarting Metro. You may also want to run `yarn` or `npm install`., js engine: hermes', '\n    at PhotoNotesModal (http://10.0.2.2:8081/index.bundle//&platform=android&dev=true&lazy=true&minify=false&app=com.skyfire.solarapp&modulesOnly=false&runModule=true:273515:23)\n    at PhotoCaptureProvider (http://10.0.2.2:8081/index.bundle//&platform=android&dev=true&lazy=true&minify=false&app=com.skyfire.solarapp&modulesOnly=false&runModule=true:273224:24)\n    at Provider (http://10.0.2.2:8081/index.bundle//&platform=android&dev=true&lazy=true&minify=false&app=com.skyfire.solarapp&modulesOnly=false&runModule=true:170156:22)\n    at App\n    at RCTView\n    at View (http://10.0.2.2:8081/index.bundle//&platform=android&dev=true&lazy=true&minify=false&app=com.skyfire.solarapp&modulesOnly=false&runModule=true:64379:43)\n    at RCTView\n    at View (http://10.0.2.2:8081/index.bundle//&platform=android&dev=true&lazy=true&minify=false&app=com.skyfire.solarapp&modulesOnly=false&runModule=true:64379:43)\n    at AppContainer (http://10.0.2.2:8081/index.bundle//&platform=android&dev=true&lazy=true&minify=false&app=com.skyfire.solarapp&modulesOnly=false&runModule=true:64252:25)\n    at skyfire(RootComponent) (http://10.0.2.2:8081/index.bundle//&platform=android&dev=true&lazy=true&minify=false&app=com.skyfire.solarapp&modulesOnly=false&runModule=true:117694:28)'
08-26 01:22:34.081  7104  7159 E ReactNativeJS: 'Error: Requiring unknown module "undefined". If you are sure the module exists, try restarting Metro. You may also want to run `yarn` or `npm install`., js engine: hermes', '\n    at PhotoNotesModal (http://10.0.2.2:8081/index.bundle//&platform=android&dev=true&lazy=true&minify=false&app=com.skyfire.solarapp&modulesOnly=false&runModule=true:273515:23)\n    at PhotoCaptureProvider (http://10.0.2.2:8081/index.bundle//&platform=android&dev=true&lazy=true&minify=false&app=com.skyfire.solarapp&modulesOnly=false&runModule=true:273224:24)\n    at Provider (http://10.0.2.2:8081/index.bundle//&platform=android&dev=true&lazy=true&minify=false&app=com.skyfire.solarapp&modulesOnly=false&runModule=true:170156:22)\n    at App\n    at RCTView\n    at View (http://10.0.2.2:8081/index.bundle//&platform=android&dev=true&lazy=true&minify=false&app=com.skyfire.solarapp&modulesOnly=false&runModule=true:64379:43)\n    at RCTView\n    at View (http://10.0.2.2:8081/index.bundle//&platform=android&dev=true&lazy=true&minify=false&app=com.skyfire.solarapp&modulesOnly=false&runModule=true:64379:43)\n    at AppContainer (http://10.0.2.2:8081/index.bundle//&platform=android&dev=true&lazy=true&minify=false&app=com.skyfire.solarapp&modulesOnly=false&runModule=true:64252:25)\n    at skyfire(RootComponent) (http://10.0.2.2:8081/index.bundle//&platform=android&dev=true&lazy=true&minify=false&app=com.skyfire.solarapp&modulesOnly=false&runModule=true:117694:28)'
08-26 01:22:34.111  7104  7159 E ReactNativeJS: TypeError: Cannot read property 'ICONS' of undefined
08-26 01:22:34.111  7104  7159 E ReactNativeJS: 
08-26 01:22:34.111  7104  7159 E ReactNativeJS: This error is located at:
08-26 01:22:34.111  7104  7159 E ReactNativeJS:     in PhotoNotesModal (created by PhotoCaptureProvider)
08-26 01:22:34.111  7104  7159 E ReactNativeJS:     in PhotoCaptureProvider (created by App)
08-26 01:22:34.111  7104  7159 E ReactNativeJS:     in Provider (created by App)
08-26 01:22:34.111  7104  7159 E ReactNativeJS:     in App
08-26 01:22:34.111  7104  7159 E ReactNativeJS:     in RCTView (created by View)
08-26 01:22:34.111  7104  7159 E ReactNativeJS:     in View (created by AppContainer)
08-26 01:22:34.111  7104  7159 E ReactNativeJS:     in RCTView (created by View)
08-26 01:22:34.111  7104  7159 E ReactNativeJS:     in View (created by AppContainer)
08-26 01:22:34.111  7104  7159 E ReactNativeJS:     in AppContainer
08-26 01:22:34.111  7104  7159 E ReactNativeJS:     in skyfire(RootComponent), js engine: hermes
08-26 01:22:34.115  7104  7159 E ReactNativeJS: TypeError: Cannot read property 'ICONS' of undefined
08-26 01:22:34.115  7104  7159 E ReactNativeJS: 
08-26 01:22:34.115  7104  7159 E ReactNativeJS: This error is located at:
08-26 01:22:34.115  7104  7159 E ReactNativeJS:     in PhotoNotesModal (created by PhotoCaptureProvider)
08-26 01:22:34.115  7104  7159 E ReactNativeJS:     in PhotoCaptureProvider (created by App)
08-26 01:22:34.115  7104  7159 E ReactNativeJS:     in Provider (created by App)
08-26 01:22:34.115  7104  7159 E ReactNativeJS:     in App
08-26 01:22:34.115  7104  7159 E ReactNativeJS:     in RCTView (created by View)
08-26 01:22:34.115  7104  7159 E ReactNativeJS:     in View (created by AppContainer)
08-26 01:22:34.115  7104  7159 E ReactNativeJS:     in RCTView (created by View)
08-26 01:22:34.115  7104  7159 E ReactNativeJS:     in View (created by AppContainer)
08-26 01:22:34.115  7104  7159 E ReactNativeJS:     in AppContainer
08-26 01:22:34.115  7104  7159 E ReactNativeJS:     in skyfire(RootComponent), js engine: hermes
08-26 01:22:34.121  7104  7160 D CompatChangeReporter: Compat change id reported: 289878283; UID 10213; state: ENABLED
08-26 01:22:34.140  7104  7192 D TrafficStats: tagSocket(140) with statsTag=0xffffffff, statsUid=-1
08-26 01:22:34.143  7104  7193 D TrafficStats: tagSocket(142) with statsTag=0xffffffff, statsUid=-1
08-26 01:22:34.147  7104  7194 D TrafficStats: tagSocket(144) with statsTag=0xffffffff, statsUid=-1
08-26 01:22:34.152  7104  7195 D TrafficStats: tagSocket(141) with statsTag=0xffffffff, statsUid=-1
08-26 01:22:34.245   577  1700 D CoreBackPreview: Window{ad60ca0 u0 com.skyfire.solarapp/com.skyfire.solarapp.MainActivity}: Setting back callback OnBackInvokedCallbackInfo{mCallback=android.window.IOnBackInvokedCallback$Stub$Proxy@41bc42a, mPriority=0, mIsAnimationCallback=false}
08-26 01:22:34.365   577   703 I ImeTracker: com.skyfire.solarapp:4dfe4e61: onRequestHide at ORIGIN_SERVER reason HIDE_UNSPECIFIED_WINDOW fromUser false
08-26 01:22:34.365   577   703 I ImeTracker: com.skyfire.solarapp:4dfe4e61: onCancelled at PHASE_SERVER_SHOULD_HIDE
08-26 01:22:34.368  1258  1258 I GoogleInputMethodService: GoogleInputMethodService.onFinishInput():2054 
08-26 01:22:34.378  1258  1258 I Module  : DeviceLockedStatusModuleProvider$Module.updateDeviceLockedStatus():100 repeatCheckTimes = 0, locked = false
08-26 01:22:34.382  1258  1258 I GoogleInputMethodService: GoogleInputMethodService.onStartInput():1315 onStartInput(EditorInfo{EditorInfo{packageName=com.skyfire.solarapp, inputType=0, inputTypeString=NULL, enableLearning=false, autoCorrection=false, autoComplete=false, imeOptions=0, privateImeOptions=null, actionName=UNSPECIFIED, actionLabel=null, initialSelStart=-1, initialSelEnd=-1, initialCapsMode=0, label=null, fieldId=0, fieldName=null, extras=null, hintText=null, hintLocales=[]}}, false)
08-26 01:22:34.387  1258  1258 I Module  : DeviceLockedStatusModuleProvider$Module.updateDeviceLockedStatus():100 repeatCheckTimes = 1, locked = false
08-26 01:22:34.398   577  1637 W PackageConfigPersister: App-specific configuration not found for packageName: com.skyfire.solarapp and userId: 0
08-26 01:22:34.501  7104  7104 W kyfire.solarapp: Accessing hidden field Landroid/widget/HorizontalScrollView;->mScroller:Landroid/widget/OverScroller; (unsupported, reflection, allowed)
08-26 01:22:34.712  7104  7104 W kyfire.solarapp: Accessing hidden field Landroid/widget/ScrollView;->mScroller:Landroid/widget/OverScroller; (unsupported, reflection, allowed)
08-26 01:22:34.733  7104  7160 D nativeloader: Load /data/app/~~k55ygr2OHxqMjtmbMN0bzw==/com.skyfire.solarapp-fus84dOiFhIZwxeOlhs-KQ==/base.apk!/lib/x86_64/libreact_featureflagsjni.so using ns clns-7 from class loader (caller=/data/app/~~k55ygr2OHxqMjtmbMN0bzw==/com.skyfire.solarapp-fus84dOiFhIZwxeOlhs-KQ==/base.apk): ok
08-26 01:22:34.935  7104  7201 D TrafficStats: tagSocket(149) with statsTag=0xffffffff, statsUid=-1
08-26 01:22:34.941  7104  7200 D TrafficStats: tagSocket(152) with statsTag=0xffffffff, statsUid=-1
08-26 01:22:34.961  7104  7201 D nativeloader: Load /data/app/~~k55ygr2OHxqMjtmbMN0bzw==/com.skyfire.solarapp-fus84dOiFhIZwxeOlhs-KQ==/base.apk!/lib/x86_64/libimagepipeline.so using ns clns-7 from class loader (caller=/data/app/~~k55ygr2OHxqMjtmbMN0bzw==/com.skyfire.solarapp-fus84dOiFhIZwxeOlhs-KQ==/base.apk): ok
08-26 01:22:36.474  7104  7123 D EGL_emulation: app_time_stats: avg=87.23ms min=2.12ms max=1065.99ms count=22
08-26 01:22:37.434   577   676 I UsageStatsService: User[0] Flushing usage stats to disk
08-26 01:22:38.117   577   749 D InetDiagMessage: Destroyed 0 sockets, proto=IPPROTO_TCP, family=AF_INET, states=14
08-26 01:22:38.118   577   749 D InetDiagMessage: Destroyed 0 sockets, proto=IPPROTO_TCP, family=AF_INET6, states=14
08-26 01:22:38.118   577   749 D InetDiagMessage: Destroyed live tcp sockets for uids={10162} in 1ms
08-26 01:22:38.120   577   749 D InetDiagMessage: Destroyed 0 sockets, proto=IPPROTO_TCP, family=AF_INET, states=14
08-26 01:22:38.121   577   749 D InetDiagMessage: Destroyed 0 sockets, proto=IPPROTO_TCP, family=AF_INET6, states=14
08-26 01:22:38.121   577   749 D InetDiagMessage: Destroyed live tcp sockets for uids={20162} in 3ms
08-26 01:22:40.207   834   998 D EGL_emulation: app_time_stats: avg=19970.63ms min=19970.63ms max=19970.63ms count=1
08-26 01:22:41.398   577  1700 D WifiNl80211Manager: Scan result ready event
08-26 01:22:41.398   577  1700 D WifiNative: Scan result ready event
08-26 01:22:41.409   577   742 I HalDevMgr: bestIfaceCreationProposal is null, requestIface=STA, existingIface=[name=wlan0 type=STA]
08-26 01:22:43.152   577   686 D ActivityManager: freezing 7171 com.google.android.webview:webview_service
08-26 01:22:43.155   577   749 D InetDiagMessage: Destroyed 0 sockets, proto=IPPROTO_TCP, family=AF_INET, states=14
08-26 01:22:43.156   577   749 D InetDiagMessage: Destroyed 0 sockets, proto=IPPROTO_TCP, family=AF_INET6, states=14
08-26 01:22:43.156   577   749 D InetDiagMessage: Destroyed live tcp sockets for uids={10162} in 3ms
08-26 01:22:48.539  1061  2163 I NullBinder: NullBinder for android.net.action.RECOMMEND_NETWORKS triggering remote TransactionTooLargeException due to Service without Chimera impl, calling uid: 1000, calling pid: 0
08-26 01:22:48.539  1061  2163 W .gms.persistent: Large reply transaction of 1056768 bytes, interface descriptor , code 1
08-26 01:22:48.540   577   749 W IPCThreadState: Sending oneway calls to frozen process.
08-26 01:22:48.540   577   749 W IPCThreadState: Sending oneway calls to frozen process.
08-26 01:22:48.540  2196  2417 D WM-NetworkStateTracker: Network capabilities changed: [ Transports: WIFI Capabilities: NOT_METERED&INTERNET&NOT_RESTRICTED&TRUSTED&NOT_VPN&VALIDATED&NOT_ROAMING&FOREGROUND&NOT_CONGESTED&NOT_SUSPENDED&NOT_VCN_MANAGED&NOT_BANDWIDTH_CONSTRAINED LinkUpBandwidth>=12000Kbps LinkDnBandwidth>=30000Kbps TransportInfo: <SSID: <unknown ssid>, BSSID: 02:00:00:00:00:00, MAC: 02:00:00:00:00:00, IP: /10.0.2.16, Security type: 0, Supplicant state: COMPLETED, Wi-Fi standard: legacy, RSSI: -50, Link speed: 11Mbps, Tx Link speed: 11Mbps, Max Supported Tx Link speed: 11Mbps, Rx Link speed: 2Mbps, Max Supported Rx Link speed: 11Mbps, Frequency: 2447MHz, Net ID: -1, Metered hint: false, score: 60, isUsable: true, CarrierMerged: false, SubscriptionId: -1, IsPrimary: -1, Trusted: true, Restricted: false, Ephemeral: false, OEM paid: false, OEM private: false, OSU AP: false, FQDN: <none>, Provider friendly name: <none>, Requesting package name: <none><none>MLO Information: , Is TID-To-Link negotiation supported by the AP: false, AP MLD Address: <none>, AP MLO Link Id: <none>, AP MLO Affiliated links: <none>, Vendor Data: <none>> SignalStrength: -50 UnderlyingNetworks: Null]
08-26 01:22:48.542   577   749 W IPCThreadState: Sending oneway calls to frozen process.
08-26 01:22:48.542   577   749 W IPCThreadState: Sending oneway calls to frozen process.
08-26 01:22:48.542   577   749 W IPCThreadState: Sending oneway calls to frozen process.
08-26 01:22:48.542  1393  1970 I BugleRcsEngine: Connected state: [1], networkType: [WIFI] [CONTEXT thread_id=58 ]
08-26 01:22:48.542   577   749 W IPCThreadState: Sending oneway calls to frozen process.
08-26 01:22:48.542   577   749 W IPCThreadState: Sending oneway calls to frozen process.
08-26 01:22:48.543  1393  2177 I BugleRcsEngine: handleMessage processing message:[NOTIFY_UPTIME_IGNORE_STATE_CHANGED] with [non-null]:RcsEngineImpl reference [CONTEXT log_prefix="RcsEngineImpl[DUAL_REG]:[bba92579-0eec]>Handler" thread_id=64 ]
08-26 01:22:48.544   577   749 W IPCThreadState: Sending oneway calls to frozen process.
08-26 01:22:48.544   577   749 W IPCThreadState: Sending oneway calls to frozen process.
08-26 01:22:48.544   577   749 W IPCThreadState: Sending oneway calls to frozen process.
08-26 01:22:48.545   577   749 W IPCThreadState: Sending oneway calls to frozen process.
08-26 01:22:48.546   577   749 W IPCThreadState: Sending oneway calls to frozen process.
08-26 01:22:48.546   577   749 W IPCThreadState: Sending oneway calls to frozen process.
08-26 01:22:48.547   577   749 W IPCThreadState: Sending oneway calls to frozen process.
08-26 01:22:48.547   577   749 W IPCThreadState: Sending oneway calls to frozen process.
08-26 01:22:48.547   577   749 W IPCThreadState: Sending oneway calls to frozen process.
08-26 01:22:48.547   577   749 W IPCThreadState: Sending oneway calls to frozen process.
08-26 01:22:48.547   577   749 W IPCThreadState: Sending oneway calls to frozen process.
08-26 01:22:48.547   577   749 W IPCThreadState: Sending oneway calls to frozen process.
08-26 01:22:48.559  1393  2177 I BugleRcsEngine: No RCS Configuration was found in Bugle for simID: redacted-pii:sim_id[chars:20,last3:897] [CONTEXT log_prefix="ProvisioningEngineDataRetriever" thread_id=64 ]
08-26 01:22:51.544   577   749 W IPCThreadState: Sending oneway calls to frozen process.
08-26 01:22:51.544   577   749 W IPCThreadState: Sending oneway calls to frozen process.
08-26 01:22:51.545   577   749 W IPCThreadState: Sending oneway calls to frozen process.
08-26 01:22:51.545  2196  2417 D WM-NetworkStateTracker: Network capabilities changed: [ Transports: WIFI Capabilities: NOT_METERED&INTERNET&NOT_RESTRICTED&TRUSTED&NOT_VPN&VALIDATED&NOT_ROAMING&FOREGROUND&NOT_CONGESTED&NOT_SUSPENDED&NOT_VCN_MANAGED&NOT_BANDWIDTH_CONSTRAINED LinkUpBandwidth>=12000Kbps LinkDnBandwidth>=30000Kbps TransportInfo: <SSID: <unknown ssid>, BSSID: 02:00:00:00:00:00, MAC: 02:00:00:00:00:00, IP: /10.0.2.16, Security type: 0, Supplicant state: COMPLETED, Wi-Fi standard: legacy, RSSI: -50, Link speed: 1Mbps, Tx Link speed: 1Mbps, Max Supported Tx Link speed: 11Mbps, Rx Link speed: 2Mbps, Max Supported Rx Link speed: 11Mbps, Frequency: 2447MHz, Net ID: -1, Metered hint: false, score: 60, isUsable: true, CarrierMerged: false, SubscriptionId: -1, IsPrimary: -1, Trusted: true, Restricted: false, Ephemeral: false, OEM paid: false, OEM private: false, OSU AP: false, FQDN: <none>, Provider friendly name: <none>, Requesting package name: <none><none>MLO Information: , Is TID-To-Link negotiation supported by the AP: false, AP MLD Address: <none>, AP MLO Link Id: <none>, AP MLO Affiliated links: <none>, Vendor Data: <none>> SignalStrength: -50 UnderlyingNetworks: Null]
08-26 01:22:51.545   577   749 W IPCThreadState: Sending oneway calls to frozen process.
08-26 01:22:51.545   577   749 W IPCThreadState: Sending oneway calls to frozen process.
08-26 01:22:51.545   577   749 W IPCThreadState: Sending oneway calls to frozen process.
08-26 01:22:51.545   577   749 W IPCThreadState: Sending oneway calls to frozen process.
08-26 01:22:51.546  1393  1970 I BugleRcsEngine: Connected state: [1], networkType: [WIFI] [CONTEXT thread_id=58 ]
08-26 01:22:51.546  1393  2177 I BugleRcsEngine: handleMessage processing message:[NOTIFY_UPTIME_IGNORE_STATE_CHANGED] with [non-null]:RcsEngineImpl reference [CONTEXT log_prefix="RcsEngineImpl[DUAL_REG]:[bba92579-0eec]>Handler" thread_id=64 ]
08-26 01:22:51.546  1061  2163 I NullBinder: NullBinder for android.net.action.RECOMMEND_NETWORKS triggering remote TransactionTooLargeException due to Service without Chimera impl, calling uid: 1000, calling pid: 0
08-26 01:22:51.546  1061  2163 W .gms.persistent: Large reply transaction of 1056768 bytes, interface descriptor , code 1
08-26 01:22:51.547   577   749 W IPCThreadState: Sending oneway calls to frozen process.
08-26 01:22:51.548   577   749 W IPCThreadState: Sending oneway calls to frozen process.
08-26 01:22:51.548   577   749 W IPCThreadState: Sending oneway calls to frozen process.
08-26 01:22:51.548   577   749 W IPCThreadState: Sending oneway calls to frozen process.
08-26 01:22:51.550   577   749 W IPCThreadState: Sending oneway calls to frozen process.
08-26 01:22:51.551   577   749 W IPCThreadState: Sending oneway calls to frozen process.
08-26 01:22:51.552   577   749 W IPCThreadState: Sending oneway calls to frozen process.
08-26 01:22:51.552   577   749 W IPCThreadState: Sending oneway calls to frozen process.
08-26 01:22:51.552   577   749 W IPCThreadState: Sending oneway calls to frozen process.
08-26 01:22:51.554   577   749 W IPCThreadState: Sending oneway calls to frozen process.
08-26 01:22:51.555   577   749 W IPCThreadState: Sending oneway calls to frozen process.
08-26 01:22:51.555   577   749 W IPCThreadState: Sending oneway calls to frozen process.
08-26 01:22:51.557  1393  2177 I BugleRcsEngine: No RCS Configuration was found in Bugle for simID: redacted-pii:sim_id[chars:20,last3:897] [CONTEXT log_prefix="ProvisioningEngineDataRetriever" thread_id=64 ]
08-26 01:22:54.138  1061  6669 I FrewleTileCacheManagerV: (REDACTED) Fetched %d AP models from cache
08-26 01:22:54.152  1061  1561 I FusedLocation: (REDACTED) location delivery to %s blocked - too close
08-26 01:22:54.553   577   749 W IPCThreadState: Sending oneway calls to frozen process.
08-26 01:22:54.554   577   749 W IPCThreadState: Sending oneway calls to frozen process.
08-26 01:22:54.555  1393  1970 I BugleRcsEngine: Connected state: [1], networkType: [WIFI] [CONTEXT thread_id=58 ]
08-26 01:22:54.556  1393  2177 I BugleRcsEngine: handleMessage processing message:[NOTIFY_UPTIME_IGNORE_STATE_CHANGED] with [non-null]:RcsEngineImpl reference [CONTEXT log_prefix="RcsEngineImpl[DUAL_REG]:[bba92579-0eec]>Handler" thread_id=64 ]
08-26 01:22:54.556  1061  2115 I NullBinder: NullBinder for android.net.action.RECOMMEND_NETWORKS triggering remote TransactionTooLargeException due to Service without Chimera impl, calling uid: 1000, calling pid: 0
08-26 01:22:54.556  1061  2115 W .gms.persistent: Large reply transaction of 1056768 bytes, interface descriptor , code 1
08-26 01:22:54.558   577   749 W IPCThreadState: Sending oneway calls to frozen process.
08-26 01:22:54.558   577   749 W IPCThreadState: Sending oneway calls to frozen process.
