08-26 00:32:45.791   577   655 D FileSystemUtils: Size after punching holes st_blocks: 335392, st_blksize: 4096, st_size: 171712026
08-26 00:32:45.791   577   655 D FileSystemUtils: Extra field length: 443,  Size before punching holes st_blocks: 335392, st_blksize: 4096, st_size: 171712026
08-26 00:32:45.791   577   655 D FileSystemUtils: Skipping punching apk as extra field length is less than block size
08-26 00:32:45.791   577   655 W NativeLibraryHelper: Failed to punch apk : /data/app/vmdl1874451825.tmp/base.apk at extra field
08-26 00:32:45.791   577   655 D FileSystemUtils: Punching holes in file: /data/app/vmdl1874451825.tmp/base.apk programHeaderOffset: 64 programHeaderNum: 9
08-26 00:32:45.791   577   655 D FileSystemUtils: Total number of LOAD segments 2
08-26 00:32:45.791   577   655 D FileSystemUtils: Size before punching holes st_blocks: 335392, st_blksize: 4096, st_size: 171712026
08-26 00:32:45.791   577   655 D FileSystemUtils: Size after punching holes st_blocks: 335392, st_blksize: 4096, st_size: 171712026
08-26 00:32:45.791   577   655 D FileSystemUtils: Extra field length: 1390,  Size before punching holes st_blocks: 335392, st_blksize: 4096, st_size: 171712026
08-26 00:32:45.791   577   655 D FileSystemUtils: Skipping punching apk as extra field length is less than block size
08-26 00:32:45.791   577   655 W NativeLibraryHelper: Failed to punch apk : /data/app/vmdl1874451825.tmp/base.apk at extra field
08-26 00:32:45.791   577   655 D FileSystemUtils: Punching holes in file: /data/app/vmdl1874451825.tmp/base.apk programHeaderOffset: 64 programHeaderNum: 10
08-26 00:32:45.791   577   655 D FileSystemUtils: Total number of LOAD segments 3
08-26 00:32:45.792   577   655 D FileSystemUtils: Size before punching holes st_blocks: 335392, st_blksize: 4096, st_size: 171712026
08-26 00:32:45.792   577   655 D FileSystemUtils: Size after punching holes st_blocks: 335392, st_blksize: 4096, st_size: 171712026
08-26 00:32:45.792   577   655 D FileSystemUtils: Extra field length: 3790,  Size before punching holes st_blocks: 335392, st_blksize: 4096, st_size: 171712026
08-26 00:32:45.792   577   655 D FileSystemUtils: Skipping punching apk as extra field length is less than block size
08-26 00:32:45.792   577   655 W NativeLibraryHelper: Failed to punch apk : /data/app/vmdl1874451825.tmp/base.apk at extra field
08-26 00:32:45.792   577   655 D FileSystemUtils: Punching holes in file: /data/app/vmdl1874451825.tmp/base.apk programHeaderOffset: 64 programHeaderNum: 10
08-26 00:32:45.792   577   655 D FileSystemUtils: Total number of LOAD segments 3
08-26 00:32:45.792   577   655 D FileSystemUtils: Size before punching holes st_blocks: 335392, st_blksize: 4096, st_size: 171712026
08-26 00:32:45.792   577   655 D FileSystemUtils: Size after punching holes st_blocks: 335392, st_blksize: 4096, st_size: 171712026
08-26 00:32:45.792   577   655 D FileSystemUtils: Extra field length: 1743,  Size before punching holes st_blocks: 335392, st_blksize: 4096, st_size: 171712026
08-26 00:32:45.792   577   655 D FileSystemUtils: Skipping punching apk as extra field length is less than block size
08-26 00:32:45.792   577   655 W NativeLibraryHelper: Failed to punch apk : /data/app/vmdl1874451825.tmp/base.apk at extra field
08-26 00:32:45.792   577   655 D FileSystemUtils: Punching holes in file: /data/app/vmdl1874451825.tmp/base.apk programHeaderOffset: 64 programHeaderNum: 10
08-26 00:32:45.792   577   655 D FileSystemUtils: Total number of LOAD segments 3
08-26 00:32:45.792   577   655 D FileSystemUtils: Size before punching holes st_blocks: 335392, st_blksize: 4096, st_size: 171712026
08-26 00:32:45.792   577   655 D FileSystemUtils: Size after punching holes st_blocks: 335392, st_blksize: 4096, st_size: 171712026
08-26 00:32:45.792   577   655 D FileSystemUtils: Extra field length: 658,  Size before punching holes st_blocks: 335392, st_blksize: 4096, st_size: 171712026
08-26 00:32:45.792   577   655 D FileSystemUtils: Skipping punching apk as extra field length is less than block size
08-26 00:32:45.792   577   655 W NativeLibraryHelper: Failed to punch apk : /data/app/vmdl1874451825.tmp/base.apk at extra field
08-26 00:32:45.792   577   655 D FileSystemUtils: Punching holes in file: /data/app/vmdl1874451825.tmp/base.apk programHeaderOffset: 64 programHeaderNum: 10
08-26 00:32:45.792   577   655 D FileSystemUtils: Total number of LOAD segments 3
08-26 00:32:45.792   577   655 D FileSystemUtils: Size before punching holes st_blocks: 335392, st_blksize: 4096, st_size: 171712026
08-26 00:32:45.793   577   655 D FileSystemUtils: Size after punching holes st_blocks: 335392, st_blksize: 4096, st_size: 171712026
08-26 00:32:45.793   577   655 D FileSystemUtils: Extra field length: 2258,  Size before punching holes st_blocks: 335392, st_blksize: 4096, st_size: 171712026
08-26 00:32:45.793   577   655 D FileSystemUtils: Skipping punching apk as extra field length is less than block size
08-26 00:32:45.793   577   655 W NativeLibraryHelper: Failed to punch apk : /data/app/vmdl1874451825.tmp/base.apk at extra field
08-26 00:32:45.793   577   655 D FileSystemUtils: Punching holes in file: /data/app/vmdl1874451825.tmp/base.apk programHeaderOffset: 64 programHeaderNum: 10
08-26 00:32:45.793   577   655 D FileSystemUtils: Total number of LOAD segments 3
08-26 00:32:45.793   577   655 D FileSystemUtils: Size before punching holes st_blocks: 335392, st_blksize: 4096, st_size: 171712026
08-26 00:32:45.793   577   655 D FileSystemUtils: Size after punching holes st_blocks: 335392, st_blksize: 4096, st_size: 171712026
08-26 00:32:45.793   577   655 D FileSystemUtils: Extra field length: 1892,  Size before punching holes st_blocks: 335392, st_blksize: 4096, st_size: 171712026
08-26 00:32:45.793   577   655 D FileSystemUtils: Skipping punching apk as extra field length is less than block size
08-26 00:32:45.793   577   655 W NativeLibraryHelper: Failed to punch apk : /data/app/vmdl1874451825.tmp/base.apk at extra field
08-26 00:32:45.793   577   655 D FileSystemUtils: Punching holes in file: /data/app/vmdl1874451825.tmp/base.apk programHeaderOffset: 64 programHeaderNum: 10
08-26 00:32:45.793   577   655 D FileSystemUtils: Total number of LOAD segments 3
08-26 00:32:45.793   577   655 D FileSystemUtils: Size before punching holes st_blocks: 335392, st_blksize: 4096, st_size: 171712026
08-26 00:32:45.793   577   655 D FileSystemUtils: Size after punching holes st_blocks: 335392, st_blksize: 4096, st_size: 171712026
08-26 00:32:45.793   577   655 D FileSystemUtils: Extra field length: 1391,  Size before punching holes st_blocks: 335392, st_blksize: 4096, st_size: 171712026
08-26 00:32:45.793   577   655 D FileSystemUtils: Skipping punching apk as extra field length is less than block size
08-26 00:32:45.793   577   655 W NativeLibraryHelper: Failed to punch apk : /data/app/vmdl1874451825.tmp/base.apk at extra field
08-26 00:32:45.793   577   655 D FileSystemUtils: Punching holes in file: /data/app/vmdl1874451825.tmp/base.apk programHeaderOffset: 64 programHeaderNum: 10
08-26 00:32:45.793   577   655 D FileSystemUtils: Total number of LOAD segments 3
08-26 00:32:45.793   577   655 D FileSystemUtils: Size before punching holes st_blocks: 335392, st_blksize: 4096, st_size: 171712026
08-26 00:32:45.793   577   655 D FileSystemUtils: Size after punching holes st_blocks: 335392, st_blksize: 4096, st_size: 171712026
08-26 00:32:45.793   577   655 D FileSystemUtils: Extra field length: 2379,  Size before punching holes st_blocks: 335392, st_blksize: 4096, st_size: 171712026
08-26 00:32:45.793   577   655 D FileSystemUtils: Skipping punching apk as extra field length is less than block size
08-26 00:32:45.793   577   655 W NativeLibraryHelper: Failed to punch apk : /data/app/vmdl1874451825.tmp/base.apk at extra field
08-26 00:32:45.793   577   655 D FileSystemUtils: Punching holes in file: /data/app/vmdl1874451825.tmp/base.apk programHeaderOffset: 64 programHeaderNum: 10
08-26 00:32:45.793   577   655 D FileSystemUtils: Total number of LOAD segments 3
08-26 00:32:45.793   577   655 D FileSystemUtils: Size before punching holes st_blocks: 335392, st_blksize: 4096, st_size: 171712026
08-26 00:32:45.794   577   655 D FileSystemUtils: Size after punching holes st_blocks: 335392, st_blksize: 4096, st_size: 171712026
08-26 00:32:45.794   577   655 D FileSystemUtils: Extra field length: 3708,  Size before punching holes st_blocks: 335392, st_blksize: 4096, st_size: 171712026
08-26 00:32:45.794   577   655 D FileSystemUtils: Skipping punching apk as extra field length is less than block size
08-26 00:32:45.794   577   655 W NativeLibraryHelper: Failed to punch apk : /data/app/vmdl1874451825.tmp/base.apk at extra field
08-26 00:32:45.794   577   655 D FileSystemUtils: Punching holes in file: /data/app/vmdl1874451825.tmp/base.apk programHeaderOffset: 64 programHeaderNum: 10
08-26 00:32:45.794   577   655 D FileSystemUtils: Total number of LOAD segments 3
08-26 00:32:45.794   577   655 D FileSystemUtils: Size before punching holes st_blocks: 335392, st_blksize: 4096, st_size: 171712026
08-26 00:32:45.794   577   655 D FileSystemUtils: Size after punching holes st_blocks: 335392, st_blksize: 4096, st_size: 171712026
08-26 00:32:45.794   577   655 D FileSystemUtils: Extra field length: 3635,  Size before punching holes st_blocks: 335392, st_blksize: 4096, st_size: 171712026
08-26 00:32:45.794   577   655 D FileSystemUtils: Skipping punching apk as extra field length is less than block size
08-26 00:32:45.794   577   655 W NativeLibraryHelper: Failed to punch apk : /data/app/vmdl1874451825.tmp/base.apk at extra field
08-26 00:32:45.794   577   655 D FileSystemUtils: Punching holes in file: /data/app/vmdl1874451825.tmp/base.apk programHeaderOffset: 64 programHeaderNum: 10
08-26 00:32:45.794   577   655 D FileSystemUtils: Total number of LOAD segments 3
08-26 00:32:45.794   577   655 D FileSystemUtils: Size before punching holes st_blocks: 335392, st_blksize: 4096, st_size: 171712026
08-26 00:32:45.794   577   655 D FileSystemUtils: Size after punching holes st_blocks: 335392, st_blksize: 4096, st_size: 171712026
08-26 00:32:45.794   577   655 D FileSystemUtils: Extra field length: 3742,  Size before punching holes st_blocks: 335392, st_blksize: 4096, st_size: 171712026
08-26 00:32:45.794   577   655 D FileSystemUtils: Skipping punching apk as extra field length is less than block size
08-26 00:32:45.794   577   655 W NativeLibraryHelper: Failed to punch apk : /data/app/vmdl1874451825.tmp/base.apk at extra field
08-26 00:32:45.794   577   655 D FileSystemUtils: Punching holes in file: /data/app/vmdl1874451825.tmp/base.apk programHeaderOffset: 64 programHeaderNum: 10
08-26 00:32:45.794   577   655 D FileSystemUtils: Total number of LOAD segments 3
08-26 00:32:45.794   577   655 D FileSystemUtils: Size before punching holes st_blocks: 335392, st_blksize: 4096, st_size: 171712026
08-26 00:32:45.794   577   655 D FileSystemUtils: Size after punching holes st_blocks: 335392, st_blksize: 4096, st_size: 171712026
08-26 00:32:45.794   577   655 D FileSystemUtils: Extra field length: 689,  Size before punching holes st_blocks: 335392, st_blksize: 4096, st_size: 171712026
08-26 00:32:45.794   577   655 D FileSystemUtils: Skipping punching apk as extra field length is less than block size
08-26 00:32:45.795   577   655 W NativeLibraryHelper: Failed to punch apk : /data/app/vmdl1874451825.tmp/base.apk at extra field
08-26 00:32:45.795   577   655 D FileSystemUtils: Punching holes in file: /data/app/vmdl1874451825.tmp/base.apk programHeaderOffset: 64 programHeaderNum: 10
08-26 00:32:45.795   577   655 D FileSystemUtils: Total number of LOAD segments 3
08-26 00:32:45.795   577   655 D FileSystemUtils: Size before punching holes st_blocks: 335392, st_blksize: 4096, st_size: 171712026
08-26 00:32:45.795   577   655 D FileSystemUtils: Size after punching holes st_blocks: 335392, st_blksize: 4096, st_size: 171712026
08-26 00:32:45.795   577   655 D FileSystemUtils: Extra field length: 1608,  Size before punching holes st_blocks: 335392, st_blksize: 4096, st_size: 171712026
08-26 00:32:45.795   577   655 D FileSystemUtils: Skipping punching apk as extra field length is less than block size
08-26 00:32:45.795   577   655 W NativeLibraryHelper: Failed to punch apk : /data/app/vmdl1874451825.tmp/base.apk at extra field
08-26 00:32:45.795   577   655 D FileSystemUtils: Punching holes in file: /data/app/vmdl1874451825.tmp/base.apk programHeaderOffset: 64 programHeaderNum: 10
08-26 00:32:45.795   577   655 D FileSystemUtils: Total number of LOAD segments 3
08-26 00:32:45.795   577   655 D FileSystemUtils: Size before punching holes st_blocks: 335392, st_blksize: 4096, st_size: 171712026
08-26 00:32:45.795   577   655 D FileSystemUtils: Size after punching holes st_blocks: 335392, st_blksize: 4096, st_size: 171712026
08-26 00:32:45.795   577   655 D FileSystemUtils: Extra field length: 1604,  Size before punching holes st_blocks: 335392, st_blksize: 4096, st_size: 171712026
08-26 00:32:45.795   577   655 D FileSystemUtils: Skipping punching apk as extra field length is less than block size
08-26 00:32:45.795   577   655 W NativeLibraryHelper: Failed to punch apk : /data/app/vmdl1874451825.tmp/base.apk at extra field
08-26 00:32:45.795   577   655 D FileSystemUtils: Punching holes in file: /data/app/vmdl1874451825.tmp/base.apk programHeaderOffset: 64 programHeaderNum: 10
08-26 00:32:45.795   577   655 D FileSystemUtils: Total number of LOAD segments 3
08-26 00:32:45.795   577   655 D FileSystemUtils: Size before punching holes st_blocks: 335392, st_blksize: 4096, st_size: 171712026
08-26 00:32:45.795   577   655 D FileSystemUtils: Size after punching holes st_blocks: 335392, st_blksize: 4096, st_size: 171712026
08-26 00:32:45.795   577   655 D FileSystemUtils: Extra field length: 1398,  Size before punching holes st_blocks: 335392, st_blksize: 4096, st_size: 171712026
08-26 00:32:45.795   577   655 D FileSystemUtils: Skipping punching apk as extra field length is less than block size
08-26 00:32:45.795   577   655 W NativeLibraryHelper: Failed to punch apk : /data/app/vmdl1874451825.tmp/base.apk at extra field
08-26 00:32:45.795   577   655 D FileSystemUtils: Punching holes in file: /data/app/vmdl1874451825.tmp/base.apk programHeaderOffset: 64 programHeaderNum: 9
08-26 00:32:45.795   577   655 D FileSystemUtils: Total number of LOAD segments 2
08-26 00:32:45.795   577   655 D FileSystemUtils: Size before punching holes st_blocks: 335392, st_blksize: 4096, st_size: 171712026
08-26 00:32:45.795   577   655 D FileSystemUtils: Size after punching holes st_blocks: 335392, st_blksize: 4096, st_size: 171712026
08-26 00:32:45.795   577   655 D FileSystemUtils: Extra field length: 474,  Size before punching holes st_blocks: 335392, st_blksize: 4096, st_size: 171712026
08-26 00:32:45.795   577   655 D FileSystemUtils: Skipping punching apk as extra field length is less than block size
08-26 00:32:45.795   577   655 W NativeLibraryHelper: Failed to punch apk : /data/app/vmdl1874451825.tmp/base.apk at extra field
08-26 00:32:45.795   577   655 D FileSystemUtils: Punching holes in file: /data/app/vmdl1874451825.tmp/base.apk programHeaderOffset: 64 programHeaderNum: 10
08-26 00:32:45.796   577   655 D FileSystemUtils: Total number of LOAD segments 3
08-26 00:32:45.796   577   655 D FileSystemUtils: Size before punching holes st_blocks: 335392, st_blksize: 4096, st_size: 171712026
08-26 00:32:45.796   577   655 D FileSystemUtils: Size after punching holes st_blocks: 335392, st_blksize: 4096, st_size: 171712026
08-26 00:32:45.796   577   655 D FileSystemUtils: Extra field length: 213,  Size before punching holes st_blocks: 335392, st_blksize: 4096, st_size: 171712026
08-26 00:32:45.796   577   655 D FileSystemUtils: Skipping punching apk as extra field length is less than block size
08-26 00:32:45.796   577   655 W NativeLibraryHelper: Failed to punch apk : /data/app/vmdl1874451825.tmp/base.apk at extra field
08-26 00:32:45.796   577   655 D FileSystemUtils: Punching holes in file: /data/app/vmdl1874451825.tmp/base.apk programHeaderOffset: 64 programHeaderNum: 10
08-26 00:32:45.796   577   655 D FileSystemUtils: Total number of LOAD segments 3
08-26 00:32:45.796   577   655 D FileSystemUtils: Size before punching holes st_blocks: 335392, st_blksize: 4096, st_size: 171712026
08-26 00:32:45.798   577   655 D FileSystemUtils: Size after punching holes st_blocks: 335392, st_blksize: 4096, st_size: 171712026
08-26 00:32:45.798   577   655 D FileSystemUtils: Extra field length: 2913,  Size before punching holes st_blocks: 335392, st_blksize: 4096, st_size: 171712026
08-26 00:32:45.798   577   655 D FileSystemUtils: Skipping punching apk as extra field length is less than block size
08-26 00:32:45.798   577   655 W NativeLibraryHelper: Failed to punch apk : /data/app/vmdl1874451825.tmp/base.apk at extra field
08-26 00:32:45.798   577   655 D FileSystemUtils: Punching holes in file: /data/app/vmdl1874451825.tmp/base.apk programHeaderOffset: 64 programHeaderNum: 10
08-26 00:32:45.798   577   655 D FileSystemUtils: Total number of LOAD segments 3
08-26 00:32:45.799   577   655 D FileSystemUtils: Size before punching holes st_blocks: 335392, st_blksize: 4096, st_size: 171712026
08-26 00:32:45.799   577   655 D FileSystemUtils: Size after punching holes st_blocks: 335392, st_blksize: 4096, st_size: 171712026
08-26 00:32:45.800   577   655 D FileSystemUtils: Extra field length: 1062,  Size before punching holes st_blocks: 335392, st_blksize: 4096, st_size: 171712026
08-26 00:32:45.800   577   655 D FileSystemUtils: Skipping punching apk as extra field length is less than block size
08-26 00:32:45.800   577   655 W NativeLibraryHelper: Failed to punch apk : /data/app/vmdl1874451825.tmp/base.apk at extra field
08-26 00:32:45.800   577   655 D FileSystemUtils: Punching holes in file: /data/app/vmdl1874451825.tmp/base.apk programHeaderOffset: 64 programHeaderNum: 10
08-26 00:32:45.800   577   655 D FileSystemUtils: Total number of LOAD segments 3
08-26 00:32:45.800   577   655 D FileSystemUtils: Size before punching holes st_blocks: 335392, st_blksize: 4096, st_size: 171712026
08-26 00:32:45.800   577   655 D FileSystemUtils: Size after punching holes st_blocks: 335392, st_blksize: 4096, st_size: 171712026
08-26 00:32:45.800   577   655 D FileSystemUtils: Extra field length: 3469,  Size before punching holes st_blocks: 335392, st_blksize: 4096, st_size: 171712026
08-26 00:32:45.801   577   655 D FileSystemUtils: Skipping punching apk as extra field length is less than block size
08-26 00:32:45.801   577   655 W NativeLibraryHelper: Failed to punch apk : /data/app/vmdl1874451825.tmp/base.apk at extra field
08-26 00:32:45.802   577   655 D FileSystemUtils: Punching holes in file: /data/app/vmdl1874451825.tmp/base.apk programHeaderOffset: 64 programHeaderNum: 8
08-26 00:32:45.802   577   655 D FileSystemUtils: Total number of LOAD segments 2
08-26 00:32:45.802   577   655 D FileSystemUtils: Size before punching holes st_blocks: 335392, st_blksize: 4096, st_size: 171712026
08-26 00:32:45.802   577   655 D FileSystemUtils: Size after punching holes st_blocks: 335392, st_blksize: 4096, st_size: 171712026
08-26 00:32:45.802   577   655 D FileSystemUtils: Extra field length: 2132,  Size before punching holes st_blocks: 335392, st_blksize: 4096, st_size: 171712026
08-26 00:32:45.802   577   655 D FileSystemUtils: Skipping punching apk as extra field length is less than block size
08-26 00:32:45.802   577   655 W NativeLibraryHelper: Failed to punch apk : /data/app/vmdl1874451825.tmp/base.apk at extra field
08-26 00:32:45.802   577   655 D FileSystemUtils: Punching holes in file: /data/app/vmdl1874451825.tmp/base.apk programHeaderOffset: 64 programHeaderNum: 10
08-26 00:32:45.802   577   655 D FileSystemUtils: Total number of LOAD segments 3
08-26 00:32:45.802   577   655 D FileSystemUtils: Size before punching holes st_blocks: 335392, st_blksize: 4096, st_size: 171712026
08-26 00:32:45.803   577   655 D FileSystemUtils: Size after punching holes st_blocks: 335392, st_blksize: 4096, st_size: 171712026
08-26 00:32:45.803   577   655 D FileSystemUtils: Extra field length: 184,  Size before punching holes st_blocks: 335392, st_blksize: 4096, st_size: 171712026
08-26 00:32:45.803   577   655 D FileSystemUtils: Skipping punching apk as extra field length is less than block size
08-26 00:32:45.803   577   655 W NativeLibraryHelper: Failed to punch apk : /data/app/vmdl1874451825.tmp/base.apk at extra field
08-26 00:32:45.803   577   655 D FileSystemUtils: Punching holes in file: /data/app/vmdl1874451825.tmp/base.apk programHeaderOffset: 64 programHeaderNum: 10
08-26 00:32:45.803   577   655 D FileSystemUtils: Total number of LOAD segments 3
08-26 00:32:45.803   577   655 D FileSystemUtils: Size before punching holes st_blocks: 335392, st_blksize: 4096, st_size: 171712026
08-26 00:32:45.803   577   655 D FileSystemUtils: Size after punching holes st_blocks: 335392, st_blksize: 4096, st_size: 171712026
08-26 00:32:45.803   577   655 D FileSystemUtils: Extra field length: 1968,  Size before punching holes st_blocks: 335392, st_blksize: 4096, st_size: 171712026
08-26 00:32:45.803   577   655 D FileSystemUtils: Skipping punching apk as extra field length is less than block size
08-26 00:32:45.803   577   655 W NativeLibraryHelper: Failed to punch apk : /data/app/vmdl1874451825.tmp/base.apk at extra field
08-26 00:32:45.803   577   655 D FileSystemUtils: Punching holes in file: /data/app/vmdl1874451825.tmp/base.apk programHeaderOffset: 64 programHeaderNum: 10
08-26 00:32:45.803   577   655 D FileSystemUtils: Total number of LOAD segments 3
08-26 00:32:45.803   577   655 D FileSystemUtils: Size before punching holes st_blocks: 335392, st_blksize: 4096, st_size: 171712026
08-26 00:32:45.803   577   655 D FileSystemUtils: Size after punching holes st_blocks: 335392, st_blksize: 4096, st_size: 171712026
08-26 00:32:45.803   577   655 D FileSystemUtils: Extra field length: 3853,  Size before punching holes st_blocks: 335392, st_blksize: 4096, st_size: 171712026
08-26 00:32:45.803   577   655 D FileSystemUtils: Skipping punching apk as extra field length is less than block size
08-26 00:32:45.803   577   655 W NativeLibraryHelper: Failed to punch apk : /data/app/vmdl1874451825.tmp/base.apk at extra field
08-26 00:32:45.803   577   655 D FileSystemUtils: Punching holes in file: /data/app/vmdl1874451825.tmp/base.apk programHeaderOffset: 64 programHeaderNum: 10
08-26 00:32:45.803   577   655 D FileSystemUtils: Total number of LOAD segments 3
08-26 00:32:45.803   577   655 D FileSystemUtils: Size before punching holes st_blocks: 335392, st_blksize: 4096, st_size: 171712026
08-26 00:32:45.803   577   655 D FileSystemUtils: Size after punching holes st_blocks: 335392, st_blksize: 4096, st_size: 171712026
08-26 00:32:45.803   577   655 D FileSystemUtils: Extra field length: 3635,  Size before punching holes st_blocks: 335392, st_blksize: 4096, st_size: 171712026
08-26 00:32:45.803   577   655 D FileSystemUtils: Skipping punching apk as extra field length is less than block size
08-26 00:32:45.803   577   655 W NativeLibraryHelper: Failed to punch apk : /data/app/vmdl1874451825.tmp/base.apk at extra field
08-26 00:32:45.804   577   655 D FileSystemUtils: Punching holes in file: /data/app/vmdl1874451825.tmp/base.apk programHeaderOffset: 64 programHeaderNum: 10
08-26 00:32:45.804   577   655 D FileSystemUtils: Total number of LOAD segments 3
08-26 00:32:45.804   577   655 D FileSystemUtils: Size before punching holes st_blocks: 335392, st_blksize: 4096, st_size: 171712026
08-26 00:32:45.804   577   655 D FileSystemUtils: Size after punching holes st_blocks: 335392, st_blksize: 4096, st_size: 171712026
08-26 00:32:45.804   577   655 D FileSystemUtils: Extra field length: 3422,  Size before punching holes st_blocks: 335392, st_blksize: 4096, st_size: 171712026
08-26 00:32:45.804   577   655 D FileSystemUtils: Skipping punching apk as extra field length is less than block size
08-26 00:32:45.804   577   655 W NativeLibraryHelper: Failed to punch apk : /data/app/vmdl1874451825.tmp/base.apk at extra field
08-26 00:32:45.804   577   655 D FileSystemUtils: Punching holes in file: /data/app/vmdl1874451825.tmp/base.apk programHeaderOffset: 64 programHeaderNum: 10
08-26 00:32:45.804   577   655 D FileSystemUtils: Total number of LOAD segments 3
08-26 00:32:45.804   577   655 D FileSystemUtils: Size before punching holes st_blocks: 335392, st_blksize: 4096, st_size: 171712026
08-26 00:32:45.804   577   655 D FileSystemUtils: Size after punching holes st_blocks: 335392, st_blksize: 4096, st_size: 171712026
08-26 00:32:45.804   577   655 D FileSystemUtils: Extra field length: 836,  Size before punching holes st_blocks: 335392, st_blksize: 4096, st_size: 171712026
08-26 00:32:45.804   577   655 D FileSystemUtils: Skipping punching apk as extra field length is less than block size
08-26 00:32:45.804   577   655 W NativeLibraryHelper: Failed to punch apk : /data/app/vmdl1874451825.tmp/base.apk at extra field
08-26 00:32:45.805   577   655 D FileSystemUtils: Punching holes in file: /data/app/vmdl1874451825.tmp/base.apk programHeaderOffset: 64 programHeaderNum: 10
08-26 00:32:45.805   577   655 D FileSystemUtils: Total number of LOAD segments 3
08-26 00:32:45.805   577   655 D FileSystemUtils: Size before punching holes st_blocks: 335392, st_blksize: 4096, st_size: 171712026
08-26 00:32:45.805   577   655 D FileSystemUtils: Size after punching holes st_blocks: 335392, st_blksize: 4096, st_size: 171712026
08-26 00:32:45.806   577   655 D FileSystemUtils: Extra field length: 1360,  Size before punching holes st_blocks: 335392, st_blksize: 4096, st_size: 171712026
08-26 00:32:45.806   577   655 D FileSystemUtils: Skipping punching apk as extra field length is less than block size
08-26 00:32:45.806   577   655 W NativeLibraryHelper: Failed to punch apk : /data/app/vmdl1874451825.tmp/base.apk at extra field
08-26 00:32:45.806   577   655 D FileSystemUtils: Punching holes in file: /data/app/vmdl1874451825.tmp/base.apk programHeaderOffset: 64 programHeaderNum: 10
08-26 00:32:45.806   577   655 D FileSystemUtils: Total number of LOAD segments 3
08-26 00:32:45.806   577   655 D FileSystemUtils: Size before punching holes st_blocks: 335392, st_blksize: 4096, st_size: 171712026
08-26 00:32:45.806   577   655 D FileSystemUtils: Size after punching holes st_blocks: 335392, st_blksize: 4096, st_size: 171712026
08-26 00:32:45.806   577   655 D FileSystemUtils: Extra field length: 3829,  Size before punching holes st_blocks: 335392, st_blksize: 4096, st_size: 171712026
08-26 00:32:45.806   577   655 D FileSystemUtils: Skipping punching apk as extra field length is less than block size
08-26 00:32:45.806   577   655 W NativeLibraryHelper: Failed to punch apk : /data/app/vmdl1874451825.tmp/base.apk at extra field
08-26 00:32:45.806   577   655 W IPCThreadState: Sending oneway calls to frozen process.
08-26 00:32:45.819   577   646 I PackageManager: Integrity check passed for file:///data/app/vmdl1874451825.tmp
08-26 00:32:45.832   577   646 W PackageManager: Skipping provider name com.skyfire.solarapp.provider (in package com.skyfire.solarapp): name already used by com.skyfire.solarapp
08-26 00:32:45.839   577   611 E AppOps  : Trying to set mode for unknown uid 10212.
08-26 00:32:45.839   577   611 E AppOpService: Blocked setUidMode call for runtime permission app op: uid = 10212, code = CAMERA, mode = ignore, callingUid = 1000, oldMode = allow
08-26 00:32:45.839   577   611 E AppOpService: java.lang.RuntimeException
08-26 00:32:45.839   577   611 E AppOpService: 	at com.android.server.permission.access.appop.AppOpService.setUidMode(AppOpService.kt:268)
08-26 00:32:45.839   577   611 E AppOpService: 	at com.android.server.appop.AppOpsCheckingServiceTracingDecorator.setUidMode(AppOpsCheckingServiceTracingDecorator.java:120)
08-26 00:32:45.839   577   611 E AppOpService: 	at com.android.server.appop.AppOpsService.setUidMode(AppOpsService.java:2076)
08-26 00:32:45.839   577   611 E AppOpService: 	at com.android.server.appop.AppOpsService.-$$Nest$msetUidMode(AppOpsService.java:0)
08-26 00:32:45.839   577   611 E AppOpService: 	at com.android.server.appop.AppOpsService$AppOpsManagerInternalImpl.setUidModeFromPermissionPolicy(AppOpsService.java:7125)
08-26 00:32:45.839   577   611 E AppOpService: 	at com.android.server.policy.PermissionPolicyService$PermissionToOpSynchroniser.setUidMode(PermissionPolicyService.java:1112)
08-26 00:32:45.839   577   611 E AppOpService: 	at com.android.server.policy.PermissionPolicyService$PermissionToOpSynchroniser.setUidModeIgnored(PermissionPolicyService.java:1090)
08-26 00:32:45.839   577   611 E AppOpService: 	at com.android.server.policy.PermissionPolicyService$PermissionToOpSynchroniser.syncPackages(PermissionPolicyService.java:898)
08-26 00:32:45.839   577   611 E AppOpService: 	at com.android.server.policy.PermissionPolicyService$PermissionToOpSynchroniser.-$$Nest$msyncPackages(PermissionPolicyService.java:0)
08-26 00:32:45.839   577   611 E AppOpService: 	at com.android.server.policy.PermissionPolicyService.synchronizeUidPermissionsAndAppOps(PermissionPolicyService.java:690)
08-26 00:32:45.839   577   611 E AppOpService: 	at com.android.server.policy.PermissionPolicyService.$r8$lambda$g9YhLNd1OZQfuSCyT_yO-G8mZv0(PermissionPolicyService.java:0)
08-26 00:32:45.839   577   611 E AppOpService: 	at com.android.server.policy.PermissionPolicyService$$ExternalSyntheticLambda4.accept(R8$$SyntheticClass:0)
08-26 00:32:45.839   577   611 E AppOpService: 	at com.android.internal.util.function.pooled.PooledLambdaImpl.doInvoke(PooledLambdaImpl.java:281)
08-26 00:32:45.839   577   611 E AppOpService: 	at com.android.internal.util.function.pooled.PooledLambdaImpl.invoke(PooledLambdaImpl.java:204)
08-26 00:32:45.839   577   611 E AppOpService: 	at com.android.internal.util.function.pooled.OmniFunction.run(OmniFunction.java:87)
08-26 00:32:45.839   577   611 E AppOpService: 	at android.os.Handler.handleCallback(Handler.java:959)
08-26 00:32:45.839   577   611 E AppOpService: 	at android.os.Handler.dispatchMessage(Handler.java:100)
08-26 00:32:45.839   577   611 E AppOpService: 	at android.os.Looper.loopOnce(Looper.java:232)
08-26 00:32:45.839   577   611 E AppOpService: 	at android.os.Looper.loop(Looper.java:317)
08-26 00:32:45.839   577   611 E AppOpService: 	at android.os.HandlerThread.run(HandlerThread.java:85)
08-26 00:32:45.839   577   611 E AppOpService: 	at com.android.server.ServiceThread.run(ServiceThread.java:46)
08-26 00:32:45.840   577   611 V StorageManagerService: Package null does not have legacy storage
08-26 00:32:45.874  1327  1632 D MediaGrants: Removed 0 media_grants for 0 user for [com.skyfire.solarapp]. Reason: Mode changed: android:read_external_storage
08-26 00:32:45.916  6141  6141 I artd    : Starting artd
08-26 00:32:45.917  6141  6141 I AidlLazyServiceRegistrar: Registering service artd
08-26 00:32:45.923  6141  6142 I AidlLazyServiceRegistrar: Process has 1 (of 1 available) client(s) in use after notification artd has clients: 1
08-26 00:32:45.925   577   646 V BackupManagerService: [UserID:0] restoreAtInstall pkg=com.skyfire.solarapp token=4 restoreSet=0
08-26 00:32:45.933   577   646 D ActivityManager: sync unfroze 1491 com.google.android.gms for 6
08-26 00:32:45.967   577   577 I TransportConnection: BackupTransportService#6: Notifying [BMS.restoreAtInstall] transport = BackupTransportClient
08-26 00:32:45.967   577  1619 W ProcessStats: Tracking association SourceState{10f7046 system/1000 ImpFg #3923} whose proc state 5 is better than process ProcessState{957d1ee com.google.android.gms/10144 pkg=com.google.android.gms} proc state 14 (85 skipped)
08-26 00:32:45.967  1491  1491 D BoundBrokerSvc: onUnbind: Intent { act=com.google.android.gms.common.BIND_SHARED_PREFS pkg=com.google.android.gms }
08-26 00:32:45.971  1491  1491 I Backup  : [GmsBackupAccountManager] Backup account not found in gmscore.
08-26 00:32:45.975  1491  3028 W AndroidBackupEventsLogg: Flag disabled, logging without sampling [CONTEXT service_id=229 ]
08-26 00:32:45.975  1491  3028 I AndroidBackupEventsLogg: (REDACTED) Logging without sampling %s
08-26 00:32:45.978  1491  3028 W AndroidBackupEventsLogg: Flag disabled, logging without sampling [CONTEXT service_id=229 ]
08-26 00:32:45.978  1491  3028 I AndroidBackupEventsLogg: (REDACTED) Logging without sampling %s
08-26 00:32:45.979   577  1619 D BackupTransportManager: [UserID:0] Transport com.google.android.gms/.backup.BackupTransportService updated its attributes
08-26 00:32:45.981   577   646 V BackupManagerService: [UserID:0] Finishing install immediately
08-26 00:32:45.983   577   646 I AppsFilter: interaction: PackageSetting{336fb05 com.android.microdroid.empty_payload/10200} -> PackageSetting{e3cd624 com.skyfire.solarapp/10212} BLOCKED
08-26 00:32:45.984   577   646 D PackageInstallerSession: Marking session 1874451825 as applied
08-26 00:32:45.994  1061  6148 W ChimeraUtils: Module com.google.android.gms.backup_base missing resource null(0)
08-26 00:32:46.001  1107  1169 D SessionCommitReceiver: Removing PromiseIcon for package: com.skyfire.solarapp, install reason: 0, alreadyAddedPromiseIcon: false
08-26 00:32:46.004   577   802 I SdkSandboxManager: No SDKs used. Skipping SDK data reconcilation for CallingInfo{mUid=10212, mPackageName='com.skyfire.solarapp, mAppProcessToken='null'}
08-26 00:32:46.007   988   988 D CarrierSvcBindHelper: onPackageAdded: com.skyfire.solarapp
08-26 00:32:46.009   577   755 D CompatChangeReporter: Compat change id reported: 297989574; UID 1000; state: ENABLED
08-26 00:32:46.010   577   613 E AtomicFile: Failed to rename /data/system/install_sessions.xml.new to /data/system/install_sessions.xml
08-26 00:32:46.010   577   623 D ActivityManager: sync unfroze 1240 com.google.android.permissioncontroller for 3
08-26 00:32:46.012   577   755 E AppOps  : attributionTag VCN not declared in manifest of android
08-26 00:32:46.019   577   623 D ActivityManager: sync unfroze 5561 com.google.android.packageinstaller for 3
08-26 00:32:46.020   577   740 D CompatChangeReporter: Compat change id reported: 262645982; UID 10212; state: ENABLED
08-26 00:32:46.033   577   577 D TransparencyService: Not an update. Skipping...
08-26 00:32:46.037   988   988 D CarrierSvcBindHelper: No carrier app for: 0
08-26 00:32:46.053  1240  1240 I SafetyLabelChangedBroadcastReceiver: received broadcast packageName: com.skyfire.solarapp, current user: UserHandle{0}, packageChangeEvent: NEW_INSTALL, intent user: UserHandle{0}
08-26 00:32:46.065   577   623 D ActivityManager: sync unfroze 3556 com.google.android.adservices.api for 3
08-26 00:32:46.078   988   988 E SmsApplication: com.google.android.apps.messaging lost android:read_cell_broadcasts:  (fixing)
08-26 00:32:46.080   577  1708 W AppOpService: Ignored setUidMode call for runtime permission app op: uid = 10140, code = READ_CELL_BROADCASTS, mode = allow, callingUid = 1001, oldMode = allow
08-26 00:32:46.083   577   689 I RoleService: Granting default roles...
08-26 00:32:46.097   577   794 D ShortcutService: received package broadcast intent: Intent { act=android.intent.action.PACKAGE_ADDED dat=package: flg=0x4000010 (has extras) }
08-26 00:32:46.097   577   794 D ShortcutService: adding package: com.skyfire.solarapp userId0
08-26 00:32:46.097   577   794 D ShortcutService: handlePackageAdded: com.skyfire.solarapp user=0
08-26 00:32:46.097   577   794 D ShortcutService: rescanPackageIfNeeded 0@com.skyfire.solarapp, forceRescan=true , isNewApp=true
08-26 00:32:46.097   577   794 D ShortcutService: Package com.skyfire.solarapp has 0 manifest shortcut(s), and 0 share target(s)
08-26 00:32:46.104  1240  5225 I PermissionControllerServiceImpl: Updating user sensitive for uid 10212
08-26 00:32:46.119   577   577 I AppsFilter: interaction: PackageSetting{bf8c6e3 com.android.microdroid.empty_payload/10200} -> PackageSetting{c1808e0 com.skyfire.solarapp/10212} BLOCKED
08-26 00:32:46.121   988   988 E CellBroadcastUtils: getDefaultCellBroadcastReceiverPackageName: no package found
08-26 00:32:46.126   577  1708 W AppOpService: Ignored setUidMode call for runtime permission app op: uid = 1001, code = READ_SMS, mode = allow, callingUid = 1001, oldMode = allow
08-26 00:32:46.127   577  3555 W Role    : Default holder doesn't have required signing certificate: com.google.android.retaildemo:6547c73dee150c103980bfdffe55cc9a011d785dd694a5f99afd8205bcaf1f80
08-26 00:32:46.130   577  3555 E RoleControllerServiceImpl: Default/fallback role holder package doesn't qualify for the role, package: com.google.android.gms.supervision, role: android.app.role.SYSTEM_SUPERVISION
08-26 00:32:46.133   577  3555 W Role    : Default holder doesn't have required signing certificate: com.google.android.apps.work.clouddpc:23962F4B43B9857638EA66F4D419518EAE282491ACDA4B94707BD59003C45E58
08-26 00:32:46.139   577   656 W AppOpService: Ignored setUidMode call for runtime permission app op: uid = 1001, code = RECEIVE_SMS, mode = allow, callingUid = 1001, oldMode = allow
08-26 00:32:46.143   577   656 W AppOpService: Ignored setUidMode call for runtime permission app op: uid = 1001, code = RECEIVE_WAP_PUSH, mode = allow, callingUid = 1001, oldMode = allow
08-26 00:32:46.152   577   794 D ShortcutService: received package broadcast intent: Intent { act=android.intent.action.PACKAGE_CHANGED dat=package: flg=0x5000010 (has extras) }
08-26 00:32:46.153   577   794 D ShortcutService: changing package: com.skyfire.solarapp userId0
08-26 00:32:46.153   577   794 D ShortcutService: handlePackageChanged: com.skyfire.solarapp user=0
08-26 00:32:46.153   577   794 D ShortcutService: rescanPackageIfNeeded 0@com.skyfire.solarapp, forceRescan=true , isNewApp=true
08-26 00:32:46.153   577   794 D ShortcutService: Package com.skyfire.solarapp has 0 manifest shortcut(s), and 0 share target(s)
08-26 00:32:46.164   577   622 W MagnificationConnectionManager: requestConnection duplicated request: connect=false, mConnectionState=DISCONNECTED
08-26 00:32:46.166   577   656 W AppOpService: Ignored setUidMode call for runtime permission app op: uid = 1001, code = SEND_SMS, mode = allow, callingUid = 1001, oldMode = allow
08-26 00:32:46.171   577   656 W AppOpService: Ignored setUidMode call for runtime permission app op: uid = 1001, code = READ_CELL_BROADCASTS, mode = allow, callingUid = 1001, oldMode = allow
08-26 00:32:46.181   988  1185 D ImsResolver: maybeAddedImsService, packageName: com.skyfire.solarapp
08-26 00:32:46.191   577   577 W IPCThreadState: Sending oneway calls to frozen process.
08-26 00:32:46.191   577   577 W IPCThreadState: Sending oneway calls to frozen process.
08-26 00:32:46.191   577   577 W IPCThreadState: Sending oneway calls to frozen process.
08-26 00:32:46.191   577   577 W IPCThreadState: Sending oneway calls to frozen process.
08-26 00:32:46.191   577   577 W IPCThreadState: Sending oneway calls to frozen process.
08-26 00:32:46.206  1240  4455 I PermissionControllerServiceImpl: Updating user sensitive for uid 10212
08-26 00:32:46.208   988   988 D CarrierSvcBindHelper: onPackageModified: com.skyfire.solarapp
08-26 00:32:46.208   988   988 D CarrierSvcBindHelper: No carrier app for: 0
08-26 00:32:46.220   988   988 E SmsApplication: com.google.android.apps.messaging lost android:read_cell_broadcasts:  (fixing)
08-26 00:32:46.220   577   622 W PackageManager: Failed registering loading progress callback. Package is fully loaded.
08-26 00:32:46.221   577  1657 W AppOpService: Ignored setUidMode call for runtime permission app op: uid = 10140, code = READ_CELL_BROADCASTS, mode = allow, callingUid = 1001, oldMode = allow
08-26 00:32:46.221  1107  1169 D PackageUpdatedTask: Package updated: mOp=ADD packages=[com.skyfire.solarapp]
08-26 00:32:46.228   988   988 E CellBroadcastUtils: getDefaultCellBroadcastReceiverPackageName: no package found
08-26 00:32:46.239  1346  1346 I AiAiEcho: AppFetcherImplV2 updateApps package:[com.skyfire.solarapp], userId:[0], reason:[package is added.].
08-26 00:32:46.257   577   984 W AppOpService: Ignored setUidMode call for runtime permission app op: uid = 1001, code = READ_SMS, mode = allow, callingUid = 1001, oldMode = allow
08-26 00:32:46.263   577   984 W AppOpService: Ignored setUidMode call for runtime permission app op: uid = 1001, code = RECEIVE_SMS, mode = allow, callingUid = 1001, oldMode = allow
08-26 00:32:46.264   577   984 W AppOpService: Ignored setUidMode call for runtime permission app op: uid = 1001, code = RECEIVE_WAP_PUSH, mode = allow, callingUid = 1001, oldMode = allow
08-26 00:32:46.269   577  1629 W AppOpService: Ignored setUidMode call for runtime permission app op: uid = 1001, code = SEND_SMS, mode = allow, callingUid = 1001, oldMode = allow
08-26 00:32:46.271   577  1629 W AppOpService: Ignored setUidMode call for runtime permission app op: uid = 1001, code = READ_CELL_BROADCASTS, mode = allow, callingUid = 1001, oldMode = allow
08-26 00:32:46.292  1107  1107 D StatsLog: LAUNCHER_ALLAPPS_COUNT
08-26 00:32:46.300   988  1185 D ImsResolver: maybeAddedImsService, packageName: com.skyfire.solarapp
08-26 00:32:46.312   577   622 W MagnificationConnectionManager: requestConnection duplicated request: connect=false, mConnectionState=DISCONNECTED
08-26 00:32:46.316  1346  1346 I AiAiEcho: AppFetcherImpl onPackageChanged com.skyfire.solarapp.
08-26 00:32:46.316   577   577 W IPCThreadState: Sending oneway calls to frozen process.
08-26 00:32:46.316   577   577 W IPCThreadState: Sending oneway calls to frozen process.
08-26 00:32:46.316   577   577 W IPCThreadState: Sending oneway calls to frozen process.
08-26 00:32:46.326   577   577 W IPCThreadState: Sending oneway calls to frozen process.
08-26 00:32:46.327   577   577 W IPCThreadState: Sending oneway calls to frozen process.
08-26 00:32:46.330  1346  6157 I AiAiEcho: AppIndexer Package:[com.skyfire.solarapp] UserProfile:[0] Enabled:[true].
08-26 00:32:46.330  1346  6157 I AiAiEcho: AppFetcherImplV2 updateApps package:[com.skyfire.solarapp], userId:[0], reason:[package is updated.].
08-26 00:32:46.360   577   596 I system_server: Background concurrent mark compact GC freed 8728KB AllocSpace bytes, 17(348KB) LOS objects, 42% free, 32MB/56MB, paused 4.327ms,2.747ms total 374.918ms
08-26 00:32:46.361  1107  1169 D PackageUpdatedTask: Package updated: mOp=UPDATE packages=[com.skyfire.solarapp]
08-26 00:32:46.370   577  3555 E RoleControllerServiceImpl: Default/fallback role holder package doesn't qualify for the role, package: com.google.android.gms, role: android.app.role.WALLET
08-26 00:32:46.378   577  1619 D ShortcutService: Getting shortcuts for launcher= com.google.android.asuser=0 pkg=null
08-26 00:32:46.379   577  3555 E RoleControllerServiceImpl: Default/fallback role holder package doesn't qualify for the role, package: com.google.android.devicelockcontroller, role: android.app.role.SYSTEM_FINANCED_DEVICE_CONTROLLER
08-26 00:32:46.383  1491  1497 W gle.android.gms: ApkAssets: Deleting an ApkAssets object '<empty> and /system_ext/priv-app/SettingsGoogle/SettingsGoogle.apk' with 1 weak references
08-26 00:32:46.384  1491  1497 W gle.android.gms: ApkAssets: Deleting an ApkAssets object '/product/overlay/SettingsGoogle__sdk_gphone64_x86_64__auto_generated_rro_product.apk' with 1 weak references
08-26 00:32:46.390   577   598 W System  : A resource failed to call close. 
08-26 00:32:46.390   577   598 W system_server: ApkAssets: Deleting an ApkAssets object '<empty> and /data/app/~~JLLeSoxFH9gn-ejMFmU1hQ==/com.google.android.gms-6a32bMNWqYYlAuqwqAAiQw==/base.apk' with 1 weak references
08-26 00:32:46.391   577   598 W system_server: ApkAssets: Deleting an ApkAssets object '<empty> and /data/app/~~JLLeSoxFH9gn-ejMFmU1hQ==/com.google.android.gms-6a32bMNWqYYlAuqwqAAiQw==/split_AdsDynamite_installtime.apk' with 1 weak references
08-26 00:32:46.391   577   598 W system_server: ApkAssets: Deleting an ApkAssets object '<empty> and /data/app/~~JLLeSoxFH9gn-ejMFmU1hQ==/com.google.android.gms-6a32bMNWqYYlAuqwqAAiQw==/split_CronetDynamite_installtime.apk' with 1 weak references
08-26 00:32:46.392   577   598 W system_server: ApkAssets: Deleting an ApkAssets object '<empty> and /data/app/~~JLLeSoxFH9gn-ejMFmU1hQ==/com.google.android.gms-6a32bMNWqYYlAuqwqAAiQw==/split_DynamiteLoader_installtime.apk' with 1 weak references
08-26 00:32:46.392   577   598 W system_server: ApkAssets: Deleting an ApkAssets object '<empty> and /data/app/~~JLLeSoxFH9gn-ejMFmU1hQ==/com.google.android.gms-6a32bMNWqYYlAuqwqAAiQw==/split_DynamiteModulesA_installtime.apk' with 1 weak references
08-26 00:32:46.392   577   598 W system_server: ApkAssets: Deleting an ApkAssets object '<empty> and /data/app/~~JLLeSoxFH9gn-ejMFmU1hQ==/com.google.android.gms-6a32bMNWqYYlAuqwqAAiQw==/split_DynamiteModulesC_installtime.apk' with 1 weak references
08-26 00:32:46.392   577   598 W system_server: ApkAssets: Deleting an ApkAssets object '<empty> and /data/app/~~JLLeSoxFH9gn-ejMFmU1hQ==/com.google.android.gms-6a32bMNWqYYlAuqwqAAiQw==/split_GoogleCertificates_installtime.apk' with 1 weak references
08-26 00:32:46.392   577   598 W system_server: ApkAssets: Deleting an ApkAssets object '<empty> and /data/app/~~JLLeSoxFH9gn-ejMFmU1hQ==/com.google.android.gms-6a32bMNWqYYlAuqwqAAiQw==/split_MapsDynamite_installtime.apk' with 1 weak references
08-26 00:32:46.392   577   598 W system_server: ApkAssets: Deleting an ApkAssets object '<empty> and /data/app/~~JLLeSoxFH9gn-ejMFmU1hQ==/com.google.android.gms-6a32bMNWqYYlAuqwqAAiQw==/split_MeasurementDynamite_installtime.apk' with 1 weak references
08-26 00:32:46.392   577   598 W system_server: ApkAssets: Deleting an ApkAssets object '<empty> and /data/app/~~JLLeSoxFH9gn-ejMFmU1hQ==/com.google.android.gms-6a32bMNWqYYlAuqwqAAiQw==/split_all_locale_splits.apk' with 1 weak references
08-26 00:32:46.392   577   598 W system_server: ApkAssets: Deleting an ApkAssets object '<empty> and /data/app/~~JLLeSoxFH9gn-ejMFmU1hQ==/com.google.android.gms-6a32bMNWqYYlAuqwqAAiQw==/split_config.en.apk' with 1 weak references
08-26 00:32:46.392   577   598 W system_server: ApkAssets: Deleting an ApkAssets object '<empty> and /data/app/~~JLLeSoxFH9gn-ejMFmU1hQ==/com.google.android.gms-6a32bMNWqYYlAuqwqAAiQw==/split_config.xxhdpi.apk' with 1 weak references
08-26 00:32:46.392   577   598 W system_server: ApkAssets: Deleting an ApkAssets object '<empty> and /system/priv-app/InputDevices/InputDevices.apk' with 1 weak references
08-26 00:32:46.392   577   598 W system_server: ApkAssets: Deleting an ApkAssets object '<empty> and /data/app/~~c7nS3Ddu1rkEZ2R7zNW08Q==/com.google.android.tts-fsizE8orgcZdIbAyc6Vc5A==/base.apk' with 1 weak references
08-26 00:32:46.392   577   598 W system_server: ApkAssets: Deleting an ApkAssets object '<empty> and /data/app/~~c7nS3Ddu1rkEZ2R7zNW08Q==/com.google.android.tts-fsizE8orgcZdIbAyc6Vc5A==/split_config.en.apk' with 1 weak references
08-26 00:32:46.393   577   598 W system_server: ApkAssets: Deleting an ApkAssets object '<empty> and /data/app/~~c7nS3Ddu1rkEZ2R7zNW08Q==/com.google.android.tts-fsizE8orgcZdIbAyc6Vc5A==/split_config.x86_64.apk' with 1 weak references
08-26 00:32:46.393   577   598 W system_server: ApkAssets: Deleting an ApkAssets object '<empty> and /data/app/~~c7nS3Ddu1rkEZ2R7zNW08Q==/com.google.android.tts-fsizE8orgcZdIbAyc6Vc5A==/split_config.xxhdpi.apk' with 1 weak references
08-26 00:32:46.393   577   598 W system_server: ApkAssets: Deleting an ApkAssets object '<empty> and /data/app/~~LmB0AnPRAyhy9qJKJmzWrA==/com.google.android.gm-MoT-taBAQP5_WazzpONDzw==/base.apk' with 1 weak references
08-26 00:32:46.395   577   598 W system_server: ApkAssets: Deleting an ApkAssets object '<empty> and /data/app/~~LmB0AnPRAyhy9qJKJmzWrA==/com.google.android.gm-MoT-taBAQP5_WazzpONDzw==/split_config.en.apk' with 1 weak references
08-26 00:32:46.395   577   598 W system_server: ApkAssets: Deleting an ApkAssets object '<empty> and /data/app/~~LmB0AnPRAyhy9qJKJmzWrA==/com.google.android.gm-MoT-taBAQP5_WazzpONDzw==/split_config.x86_64.apk' with 1 weak references
08-26 00:32:46.395   577   598 W system_server: ApkAssets: Deleting an ApkAssets object '<empty> and /data/app/~~LmB0AnPRAyhy9qJKJmzWrA==/com.google.android.gm-MoT-taBAQP5_WazzpONDzw==/split_config.xxhdpi.apk' with 1 weak references
08-26 00:32:46.395   577   598 W system_server: ApkAssets: Deleting an ApkAssets object '<empty> and /system_ext/app/AccessibilityMenu/AccessibilityMenu.apk' with 1 weak references
08-26 00:32:46.396   577   598 W system_server: ApkAssets: Deleting an ApkAssets object '/product/overlay/AccessibilityMenu__sdk_gphone64_x86_64__auto_generated_rro_product.apk' with 1 weak references
08-26 00:32:46.398   577   598 W system_server: ApkAssets: Deleting an ApkAssets object '<empty> and /product/app/talkback/talkback.apk' with 1 weak references
08-26 00:32:46.398   577   598 W system_server: ApkAssets: Deleting an ApkAssets object '/vendor/overlay/EmulatorTalkBackOverlay/EmulatorTalkBackOverlay.apk' with 1 weak references
08-26 00:32:46.415  1107  1107 D StatsLog: LAUNCHER_ALLAPPS_COUNT
08-26 00:32:46.427   577   984 W ParceledListSlice: Element #26 is 20024 bytes.
08-26 00:32:46.427   577   984 W ParceledListSlice: Element #27 is 20204 bytes.
08-26 00:32:46.427   577   984 W ParceledListSlice: Element #28 is 20464 bytes.
08-26 00:32:46.428   577   600 W ParceledListSlice: Element #29 is 19928 bytes.
08-26 00:32:46.429  1346  1649 W PackageManager: Failure retrieving text 0x7f130786 in package com.android.systemui
08-26 00:32:46.429  1346  1649 W PackageManager: android.content.res.Resources$NotFoundException: String resource ID #0x7f130786
08-26 00:32:46.429  1346  1649 W PackageManager: 	at android.content.res.Resources.getText(Resources.java:466)
