08-26 11:58:05.936   577  3555 E RoleControllerServiceImpl: Default/fallback role holder package doesn't qualify for the role, package: com.google.android.devicelockcontroller, role: android.app.role.SYSTEM_FINANCED_DEVICE_CONTROLLER
08-26 11:58:05.940 16325 16355 I Finsky:background: [65] Stats for Executor: bgExecutor tjc@fc506ad[Running, pool size = 4, active threads = 0, queued tasks = 0, completed tasks = 40]
08-26 11:58:05.940 16325 16355 I Finsky:background: [65] Stats for Executor: LightweightExecutor tjc@5babde2[Running, pool size = 3, active threads = 0, queued tasks = 0, completed tasks = 11]
08-26 11:58:05.940 16325 16355 I Finsky:background: [65] Stats for Executor: BlockingExecutor tjc@529e573[Running, pool size = 0, active threads = 0, queued tasks = 0, completed tasks = 1]
08-26 11:58:05.955   577  1657 W AppOpService: Ignored setUidMode call for runtime permission app op: uid = 1001, code = SEND_SMS, mode = allow, callingUid = 1001, oldMode = allow
08-26 11:58:05.976   577   622 W MagnificationConnectionManager: requestConnection duplicated request: connect=false, mConnectionState=DISCONNECTED
08-26 11:58:05.988   577  1700 W AppOpService: Ignored setUidMode call for runtime permission app op: uid = 1001, code = READ_CELL_BROADCASTS, mode = allow, callingUid = 1001, oldMode = allow
08-26 11:58:05.988  1346  1346 I AiAiEcho: AppFetcherImpl onPackageChanged com.skyfire.solarapp.
08-26 11:58:05.991  1346 16473 I AiAiEcho: AppIndexer Package:[com.skyfire.solarapp] UserProfile:[0] Enabled:[true].
08-26 11:58:05.991  1346 16473 I AiAiEcho: AppFetcherImplV2 updateApps package:[com.skyfire.solarapp], userId:[0], reason:[package is updated.].
08-26 11:58:06.009  1107  1107 D StatsLog: LAUNCHER_ALLAPPS_COUNT
08-26 11:58:06.033   577  1698 W ContentProviderHelper: Slow operation: 150ms so far, now at getContentProviderImpl: after updateOomAdj
08-26 11:58:06.033   577  1698 W ContentProviderHelper: Slow operation: 150ms so far, now at getContentProviderImpl: done!
08-26 11:58:06.039 12047 12047 I Finsky  : [2] Memory trim requested to level 40
08-26 11:58:06.048  1061 16466 I Fitness : (REDACTED) OnPackageChangedOperation got intent: %s
08-26 11:58:06.065   577   577 W Looper  : Slow dispatch took 140ms main h=android.app.ActivityThread$H c=android.app.LoadedApk$ReceiverDispatcher$Args$$ExternalSyntheticLambda0@74a8f90 m=0
08-26 11:58:06.081 12047 12047 I Finsky  : [2] Flushing in-memory image cache
08-26 11:58:06.092   577   577 W Looper  : Slow delivery took 321ms main h=android.app.ActivityThread$H c=android.app.LoadedApk$ReceiverDispatcher$Args$$ExternalSyntheticLambda0@bdd3089 m=0
08-26 11:58:06.093   988  1185 D ImsResolver: maybeAddedImsService, packageName: com.skyfire.solarapp
08-26 11:58:06.107 16325 16410 I PlayCommon: [109] Preparing logs for uploading
08-26 11:58:06.137 12047 12047 I Finsky  : [2] Memory trim requested to level 40
08-26 11:58:06.143 16476 16476 D AndroidRuntime: >>>>>> START com.android.internal.os.RuntimeInit uid 2000 <<<<<<
08-26 11:58:06.152 16476 16476 I AndroidRuntime: Using default boot image
08-26 11:58:06.156 16476 16476 I AndroidRuntime: Leaving lock profiling enabled
08-26 11:58:06.168 16476 16476 I app_process: Using CollectorTypeCMC GC.
08-26 11:58:06.171 12047 12047 I Finsky  : [2] Flushing in-memory image cache
08-26 11:58:06.184 12047 12047 I Finsky  : [2] aerf - Received: android.intent.action.PACKAGE_ADDED, [WZBU4Q5YR5UQRB63TyWgxRk-s7VoNsQbQr9te-mvS1o]
08-26 11:58:06.196 12047 12092 I PlayCommon: [82] Preparing logs for uploading
08-26 11:58:06.200 16325 16325 I Finsky:background: [2] Memory trim requested to level 40
08-26 11:58:06.209 12047 12092 W PlayCommon: [82] No account for auth token provided
08-26 11:58:06.211 12047 12092 I PlayCommon: [82] Connecting to server: https://play.googleapis.com/play/log?format=raw&proto_v2=true
08-26 11:58:06.219   577   577 W IPCThreadState: Sending oneway calls to frozen process.
08-26 11:58:06.219   577   577 W IPCThreadState: Sending oneway calls to frozen process.
08-26 11:58:06.228   577   577 W IPCThreadState: Sending oneway calls to frozen process.
08-26 11:58:06.233  1107  1443 D EGL_emulation: app_time_stats: avg=6144.37ms min=6144.37ms max=6144.37ms count=1
08-26 11:58:06.234  1107  1169 D PackageUpdatedTask: Package updated: mOp=UPDATE packages=[com.skyfire.solarapp]
08-26 11:58:06.237 16325 16325 I Finsky:background: [2] aeqv - Received: android.intent.action.PACKAGE_ADDED, [WZBU4Q5YR5UQRB63TyWgxRk-s7VoNsQbQr9te-mvS1o]
08-26 11:58:06.260   577   656 W ParceledListSlice: Element #26 is 20216 bytes.
08-26 11:58:06.260   577   656 W ParceledListSlice: Element #27 is 20396 bytes.
08-26 11:58:06.262   577   656 W ParceledListSlice: Element #28 is 20656 bytes.
08-26 11:58:06.262   577   656 W ParceledListSlice: Element #29 is 20120 bytes.
08-26 11:58:06.263  1346  1649 W PackageManager: Failure retrieving text 0x7f130786 in package com.android.systemui
08-26 11:58:06.263  1346  1649 W PackageManager: android.content.res.Resources$NotFoundException: String resource ID #0x7f130786
08-26 11:58:06.263  1346  1649 W PackageManager: 	at android.content.res.Resources.getText(Resources.java:466)
08-26 11:58:06.263  1346  1649 W PackageManager: 	at android.app.ApplicationPackageManager.getText(ApplicationPackageManager.java:2405)
08-26 11:58:06.263  1346  1649 W PackageManager: 	at android.appwidget.AppWidgetProviderInfo.loadDescription(AppWidgetProviderInfo.java:484)
08-26 11:58:06.263  1346  1649 W PackageManager: 	at kml.a(PG:341)
08-26 11:58:06.263  1346  1649 W PackageManager: 	at kmg.b(PG:39)
08-26 11:58:06.263  1346  1649 W PackageManager: 	at aaer.g(PG:13)
08-26 11:58:06.263  1346  1649 W PackageManager: 	at kotlinx.coroutines.DispatchedTask.run(PG:114)
08-26 11:58:06.263  1346  1649 W PackageManager: 	at java.util.concurrent.Executors$RunnableAdapter.call(Executors.java:487)
08-26 11:58:06.263  1346  1649 W PackageManager: 	at wqm.a(PG:3)
08-26 11:58:06.263  1346  1649 W PackageManager: 	at wpo.run(PG:21)
08-26 11:58:06.263  1346  1649 W PackageManager: 	at wqn.run(PG:5)
08-26 11:58:06.263  1346  1649 W PackageManager: 	at java.util.concurrent.Executors$RunnableAdapter.call(Executors.java:487)
08-26 11:58:06.263  1346  1649 W PackageManager: 	at java.util.concurrent.FutureTask.run(FutureTask.java:264)
08-26 11:58:06.263  1346  1649 W PackageManager: 	at java.util.concurrent.ScheduledThreadPoolExecutor$ScheduledFutureTask.run(ScheduledThreadPoolExecutor.java:307)
08-26 11:58:06.263  1346  1649 W PackageManager: 	at java.util.concurrent.ThreadPoolExecutor.runWorker(ThreadPoolExecutor.java:1145)
08-26 11:58:06.263  1346  1649 W PackageManager: 	at java.util.concurrent.ThreadPoolExecutor$Worker.run(ThreadPoolExecutor.java:644)
08-26 11:58:06.263  1346  1649 W PackageManager: 	at hqv.run(PG:221)
08-26 11:58:06.263  1346  1649 W PackageManager: 	at java.lang.Thread.run(Thread.java:1012)
08-26 11:58:06.267  1346  1649 I AiAiEcho: EchoSearch: WidgetFetcherImpl is initialized with [33] widgets [reason=package added for userId: 0]
08-26 11:58:06.317 10685 13783 I PermissionControllerServiceImpl: Updating user sensitive for uid 10223
08-26 11:58:06.320   988   988 D CarrierSvcBindHelper: onPackageModified: com.skyfire.solarapp
08-26 11:58:06.320   988   988 D CarrierSvcBindHelper: No carrier app for: 0
08-26 11:58:06.320   577   577 W Looper  : Slow dispatch took 101ms main h=com.android.server.accessibility.AccessibilityManagerService$MainHandler c=com.android.server.accessibility.AccessibilityManagerService$$ExternalSyntheticLambda3@807bea7 m=0
08-26 11:58:06.345   988   988 E SmsApplication: com.google.android.apps.messaging lost android:read_cell_broadcasts:  (fixing)
08-26 11:58:06.345   577   894 W AppOpService: Ignored setUidMode call for runtime permission app op: uid = 10140, code = READ_CELL_BROADCASTS, mode = allow, callingUid = 1001, oldMode = allow
08-26 11:58:06.375   988   988 E CellBroadcastUtils: getDefaultCellBroadcastReceiverPackageName: no package found
08-26 11:58:06.436   577   577 W Looper  : Drained
08-26 11:58:06.437   577  1629 W AppOpService: Ignored setUidMode call for runtime permission app op: uid = 1001, code = READ_SMS, mode = allow, callingUid = 1001, oldMode = allow
08-26 11:58:06.470 16476 16476 D nativeloader: InitDefaultPublicLibraries for_preload=1: libandroid.so:libaaudio.so:libamidi.so:libbinder_ndk.so:libc.so:libcamera2ndk.so:libdl.so:libEGL.so:libGLESv1_CM.so:libGLESv2.so:libGLESv3.so:libicu.so:libicui18n.so:libicuuc.so:libjnigraphics.so:liblog.so:libmediandk.so:libm.so:libnativehelper.so:libnativewindow.so:libOpenMAXAL.so:libOpenSLES.so:libRS.so:libstdc++.so:libsync.so:libvulkan.so:libwebviewchromium_plat_support.so:libz.so
08-26 11:58:06.495   577  1657 W AppOpService: Ignored setUidMode call for runtime permission app op: uid = 1001, code = RECEIVE_SMS, mode = allow, callingUid = 1001, oldMode = allow
08-26 11:58:06.495   577  1657 W AppOpService: Ignored setUidMode call for runtime permission app op: uid = 1001, code = RECEIVE_WAP_PUSH, mode = allow, callingUid = 1001, oldMode = allow
08-26 11:58:06.497   577  1657 W AppOpService: Ignored setUidMode call for runtime permission app op: uid = 1001, code = SEND_SMS, mode = allow, callingUid = 1001, oldMode = allow
08-26 11:58:06.499   577  1629 W AppOpService: Ignored setUidMode call for runtime permission app op: uid = 1001, code = READ_CELL_BROADCASTS, mode = allow, callingUid = 1001, oldMode = allow
08-26 11:58:06.510 16476 16476 D nativeloader: Load libicu_jni.so using APEX ns com_android_art for caller /apex/com.android.art/javalib/core-oj.jar: ok
08-26 11:58:06.510 16476 16476 D app_process: u_setTimeZoneFilesDirectory("/apex/com.android.tzdata/etc/tz/versioned/8/icu") succeeded. 
08-26 11:58:06.511 16476 16476 D app_process: I18n APEX ICU file found: /apex/com.android.i18n/etc/icu/icudt75l.dat
08-26 11:58:06.513 16476 16476 D nativeloader: Load libjavacore.so using APEX ns com_android_art for caller /apex/com.android.art/javalib/core-oj.jar: ok
08-26 11:58:06.531 16476 16476 D nativeloader: Load libopenjdk.so using APEX ns com_android_art for caller /apex/com.android.art/javalib/core-oj.jar: ok
08-26 11:58:06.546 12047 12092 D TrafficStats: tagSocket(144) with statsTag=0x6900, statsUid=-1
08-26 11:58:06.547 16476 16476 W app_process: Unexpected CPU variant for x86: x86_64.
08-26 11:58:06.547 16476 16476 W app_process: Known variants: atom, sandybridge, silvermont, goldmont, goldmont-plus, goldmont-without-sha-xsaves, tremont, kabylake, default
08-26 11:58:06.554   988  1185 D ImsResolver: maybeAddedImsService, packageName: com.skyfire.solarapp
08-26 11:58:06.629 16325 16488 I Finsky:background: [115] Wrote row to frosting DB: 941
08-26 11:58:06.671 16476 16476 D nativeloader: Load libframework-connectivity-tiramisu-jni.so using APEX ns com_android_tethering for caller /apex/com.android.tethering/javalib/framework-connectivity-t.jar: ok
08-26 11:58:06.672 16476 16476 D AndroidRuntime: Calling main entry com.android.commands.monkey.Monkey
08-26 11:58:06.679 16476 16476 W Monkey  : args: [-p, com.skyfire.solarapp, -c, android.intent.category.LAUNCHER, 1]
08-26 11:58:06.691 16476 16476 W Monkey  :  arg: "-p"
08-26 11:58:06.692 16476 16476 W Monkey  :  arg: "com.skyfire.solarapp"
08-26 11:58:06.695 16476 16476 W Monkey  :  arg: "-c"
08-26 11:58:06.695 16476 16476 W Monkey  :  arg: "android.intent.category.LAUNCHER"
08-26 11:58:06.696 16476 16476 W Monkey  :  arg: "1"
08-26 11:58:06.696 16476 16476 W Monkey  : data="com.skyfire.solarapp"
08-26 11:58:06.704 16476 16476 W Monkey  : data="android.intent.category.LAUNCHER"
08-26 11:58:06.743  1107  1107 D StatsLog: LAUNCHER_ALLAPPS_COUNT
08-26 11:58:06.804 16325 16410 I PlayCommon: [109] Connecting to server for timestamp: https://play.googleapis.com/play/log/timestamp
08-26 11:58:06.812   577  1705 W ActivityManager: registerReceiverWithFeature: no app for null
08-26 11:58:06.863  1061 16466 I Fitness : (REDACTED) FitCleanupIntentOperation received Intent %s
08-26 11:58:06.891 16325 16410 D TrafficStats: tagSocket(134) with statsTag=0xffffffff, statsUid=-1
08-26 11:58:06.899 12047 12047 I Finsky  : [2] DTU: Received onPackageAdded, replacing: false
08-26 11:58:06.913 12047 12047 I Finsky  : [2] Clearing split related stale data.
08-26 11:58:06.996  2196  2417 D WM-NetworkStateTracker: Network capabilities changed: [ Transports: WIFI Capabilities: NOT_METERED&INTERNET&NOT_RESTRICTED&TRUSTED&NOT_VPN&VALIDATED&NOT_ROAMING&FOREGROUND&NOT_CONGESTED&NOT_SUSPENDED&NOT_VCN_MANAGED&NOT_BANDWIDTH_CONSTRAINED LinkUpBandwidth>=12000Kbps LinkDnBandwidth>=30000Kbps TransportInfo: <SSID: <unknown ssid>, BSSID: 02:00:00:00:00:00, MAC: 02:00:00:00:00:00, IP: /10.0.2.16, Security type: 0, Supplicant state: COMPLETED, Wi-Fi standard: legacy, RSSI: -50, Link speed: 2Mbps, Tx Link speed: 2Mbps, Max Supported Tx Link speed: 11Mbps, Rx Link speed: 2Mbps, Max Supported Rx Link speed: 11Mbps, Frequency: 2447MHz, Net ID: -1, Metered hint: false, score: 60, isUsable: true, CarrierMerged: false, SubscriptionId: -1, IsPrimary: -1, Trusted: true, Restricted: false, Ephemeral: false, OEM paid: false, OEM private: false, OSU AP: false, FQDN: <none>, Provider friendly name: <none>, Requesting package name: <none><none>MLO Information: , Is TID-To-Link negotiation supported by the AP: false, AP MLD Address: <none>, AP MLO Link Id: <none>, AP MLO Affiliated links: <none>, Vendor Data: <none>> SignalStrength: -50 UnderlyingNetworks: Null]
08-26 11:58:06.996   577   601 W ActivityTaskManager: callingPackage for (uid=2000, pid=16476) has no WPC
08-26 11:58:07.003   577   749 W IPCThreadState: Sending oneway calls to frozen process.
08-26 11:58:07.003   577   749 W IPCThreadState: Sending oneway calls to frozen process.
08-26 11:58:07.017   577   601 W OptProp : Cannot read opt property android.window.PROPERTY_COMPAT_ALLOW_USER_ASPECT_RATIO_OVERRIDE
08-26 11:58:07.017   577   601 W OptProp : Cannot read opt property android.window.PROPERTY_COMPAT_ALLOW_USER_ASPECT_RATIO_FULLSCREEN_OVERRIDE
08-26 11:58:07.017   577   601 W OptProp : Cannot read opt property android.window.PROPERTY_COMPAT_ALLOW_ORIENTATION_OVERRIDE
08-26 11:58:07.048   577   601 V GrammaticalInflectionUtils: AttributionSource: android.content.AttributionSource@60e1cbfd does not have READ_SYSTEM_GRAMMATICAL_GENDER permission.
08-26 11:58:07.086   577   601 W OptProp : Cannot read opt property android.window.PROPERTY_COMPAT_ALLOW_RESIZEABLE_ACTIVITY_OVERRIDES
08-26 11:58:07.088   577   601 W OptProp : Cannot read opt property android.window.PROPERTY_COMPAT_ALLOW_MIN_ASPECT_RATIO_OVERRIDE
08-26 11:58:07.114   577   749 W IPCThreadState: Sending oneway calls to frozen process.
08-26 11:58:07.114   577   749 W IPCThreadState: Sending oneway calls to frozen process.
08-26 11:58:07.114   577   749 W IPCThreadState: Sending oneway calls to frozen process.
08-26 11:58:07.114   577   749 W IPCThreadState: Sending oneway calls to frozen process.
08-26 11:58:07.119   577   749 W IPCThreadState: Sending oneway calls to frozen process.
08-26 11:58:07.148  1393  1970 I BugleRcsEngine: Connected state: [1], networkType: [WIFI] [CONTEXT thread_id=58 ]
08-26 11:58:07.156  1061  1412 I NullBinder: NullBinder for android.net.action.RECOMMEND_NETWORKS triggering remote TransactionTooLargeException due to Service without Chimera impl, calling uid: 1000, calling pid: 0
08-26 11:58:07.156  1061  1412 W .gms.persistent: Large reply transaction of 1056768 bytes, interface descriptor , code 1
08-26 11:58:07.160  1393  2177 I BugleRcsEngine: handleMessage processing message:[NOTIFY_UPTIME_IGNORE_STATE_CHANGED] with [non-null]:RcsEngineImpl reference [CONTEXT log_prefix="RcsEngineImpl[DUAL_REG]:[bba92579-0eec]>Handler" thread_id=64 ]
08-26 11:58:07.244  1346  1902 I AiAiTextClassifier: [VisualCortexAdapter]: provideRegistration: Registered Prominent Screen Entities for updates.
08-26 11:58:07.257  1346  1902 I AiAiTextClassifier: [VisualCortexAdapter]: provideRegistration: Registered Prominent Screen Entities for updates.
08-26 11:58:07.260  1346  1902 I AiAiTextClassifier: [VisualCortexAdapter]: provideRegistration: Registered Prominent Screen Entities for updates.
08-26 11:58:07.365 12047 16515 I Finsky  : [287] SCH: Received scheduling request: Id: 12-1, Constraints: [{ L: 15000, D: 86400000, C: CHARGING_NONE, I: IDLE_NONE, N: NET_ANY, B: BATTERY_ANY }]
08-26 11:58:07.366   577   601 I ActivityTaskManager: START u0 {act=android.intent.action.MAIN cat=[android.intent.category.LAUNCHER] flg=0x10200000 cmp=com.skyfire.solarapp/.MainActivity} with LAUNCH_SINGLE_TASK from uid 2000 (BAL_ALLOW_PERMISSION) result code=0
08-26 11:58:07.373 16476 16476 I Monkey  : Events injected: 1
08-26 11:58:07.380 13925 13940 V WindowManagerShell: Transition requested (#124): android.os.BinderProxy@c6f1d6e TransitionRequestInfo { type = OPEN, triggerTask = TaskInfo{userId=0 taskId=132 displayId=0 isRunning=true baseIntent=Intent { act=android.intent.action.MAIN cat=[android.intent.category.LAUNCHER] flg=0x10200000 cmp=com.skyfire.solarapp/.MainActivity } baseActivity=ComponentInfo{com.skyfire.solarapp/com.skyfire.solarapp.MainActivity} topActivity=ComponentInfo{com.skyfire.solarapp/com.skyfire.solarapp.MainActivity} origActivity=null realActivity=ComponentInfo{com.skyfire.solarapp/com.skyfire.solarapp.MainActivity} numActivities=1 lastActiveTime=47744266 supportsMultiWindow=true resizeMode=1 isResizeable=true minWidth=-1 minHeight=-1 defaultMinSize=220 token=WCT{android.window.IWindowContainerToken$Stub$Proxy@75b3c0f} topActivityType=1 pictureInPictureParams=null shouldDockBigOverlays=false launchIntoPipHostTaskId=-1 lastParentTaskIdBeforePip=-1 displayCutoutSafeInsets=Rect(0, 159 - 0, 0) topActivityInfo=ActivityInfo{bf549c com.skyfire.solarapp.MainActivity} launchCookies=[] positionInParent=Point(0, 0) parentTaskId=-1 isFocused=false isVisible=false isVisibleRequested=false isSleeping=false locusId=null displayAreaFeatureId=1 isTopActivityTransparent=false appCompatTaskInfo=AppCompatTaskInfo { topActivityInSizeCompat=false topActivityEligibleForLetterboxEducation= falseisLetterboxEducationEnabled= true isLetterboxDoubleTapEnabled= false topActivityEligibleForUserAspectRatioButton= false topActivityBoundsLetterboxed= false isFromLetterboxDoubleTap= false topActivityLetterboxVerticalPosition= -1 topActivityLetterboxHorizontalPosition= -1 topActivityLetterboxWidth=1344 topActivityLetterboxHeight=2992 isUserFullscreenOverrideEnabled=false isSystemFullscreenOverrideEnabled=false cameraCompatTaskInfo=CameraCompatTaskInfo { cameraCompatControlState=hidden freeformCameraCompatMode=inactive}}}, pipTask = null, remoteTransition = null, displayChange = null, flags = 0, debugId = 124 }
08-26 11:58:07.397  1107  1107 W SplitSelectStateCtor: Missing session instanceIds
08-26 11:58:07.397  1107  1107 D StatsLog: LAUNCHER_SPLIT_SELECTION_EXIT_INTERRUPTED
08-26 11:58:07.407   419   419 I BpBinder: onLastStrongRef automatically unlinking death recipients: 
08-26 11:58:07.422 16325 16488 I Finsky:background: [115] Wrote row to frosting DB: 942
08-26 11:58:07.474   577  1700 I AppsFilter: interaction: PackageSetting{5541f com.android.microdroid.empty_payload/10200} -> PackageSetting{1e9f2ed com.skyfire.solarapp/10223} BLOCKED
08-26 11:58:07.474 16325 16329 I ding:background: Background concurrent mark compact GC freed 6431KB AllocSpace bytes, 20(672KB) LOS objects, 49% free, 3931KB/7862KB, paused 1.988ms,22.005ms total 1.596s
08-26 11:58:07.492  1107  1107 I TopTaskTracker: onTaskMovedToFront: (moved taskInfo to front) taskId=132, baseIntent=Intent { act=android.intent.action.MAIN cat=[android.intent.category.LAUNCHER] flg=0x10200000 cmp=com.skyfire.solarapp/.MainActivity }
08-26 11:58:07.500 13925 13940 D WindowManagerShell: setLauncherKeepClearAreaHeight: visible=false, height=603
08-26 11:58:07.516 12047 12092 I PlayCommon: [82] Successfully uploaded logs.
08-26 11:58:07.550   577  1629 W ContentProviderHelper: Slow operation: 161ms so far, now at getContentProviderImpl: after updateOomAdj
08-26 11:58:07.551   577  1629 W ContentProviderHelper: Slow operation: 162ms so far, now at getContentProviderImpl: done!
08-26 11:58:07.565 16325 16410 W PlayCommon: [109] No account for auth token provided
08-26 11:58:07.569 16325 16410 I PlayCommon: [109] Connecting to server: https://play.googleapis.com/play/log?format=raw&proto_v2=true
08-26 11:58:07.604   577   614 V GrammaticalInflectionUtils: AttributionSource: android.content.AttributionSource@60e1cbfd does not have READ_SYSTEM_GRAMMATICAL_GENDER permission.
08-26 11:58:07.614   577   577 W Looper  : Slow dispatch took 135ms main h=android.app.PropertyInvalidatedCache$AutoCorker$1 c=null m=0
08-26 11:58:07.615  1393  2177 I BugleRcsEngine: No RCS Configuration was found in Bugle for simID: redacted-pii:sim_id[chars:20,last3:897] [CONTEXT log_prefix="ProvisioningEngineDataRetriever" thread_id=64 ]
08-26 11:58:07.616  1107  1443 D EGL_emulation: app_time_stats: avg=121.00ms min=17.60ms max=815.03ms count=11
08-26 11:58:07.633   577  1635 D CoreBackPreview: Window{6f6c21e u0 Splash Screen com.skyfire.solarapp}: Setting back callback OnBackInvokedCallbackInfo{mCallback=android.window.IOnBackInvokedCallback$Stub$Proxy@beaf6f6, mPriority=0, mIsAnimationCallback=false}
08-26 11:58:07.635 16325 16325 I Finsky:background: [2] aeqv - Received: android.intent.action.PACKAGE_CHANGED, [WZBU4Q5YR5UQRB63TyWgxRk-s7VoNsQbQr9te-mvS1o]
08-26 11:58:07.695 16325 16410 I PlayCommon: [109] Successfully uploaded logs.
08-26 11:58:07.752   371   371 D Zygote  : Forked child process 16517
08-26 11:58:07.762   577   624 W ActivityManager: Slow operation: 139ms so far, now at startProcess: returned from zygote!
08-26 11:58:07.775 16325 16488 I Finsky:background: [115] Wrote row to frosting DB: 943
08-26 11:58:07.782 16517 16517 I kyfire.solarapp: Late-enabling -Xcheck:jni
08-26 11:58:07.800   577   612 W Looper  : Slow dispatch took 163ms android.ui h=com.android.server.am.ActivityManagerService$UiHandler c=com.android.server.am.UidObserverController$$ExternalSyntheticLambda0@9fbd816 m=0
08-26 11:58:07.830 16517 16517 I kyfire.solarapp: Using CollectorTypeCMC GC.
08-26 11:58:07.830 16517 16517 W kyfire.solarapp: Unexpected CPU variant for x86: x86_64.
08-26 11:58:07.830 16517 16517 W kyfire.solarapp: Known variants: atom, sandybridge, silvermont, goldmont, goldmont-plus, goldmont-without-sha-xsaves, tremont, kabylake, default
08-26 11:58:07.855   443   460 I adbd    : jdwp connection from 16517
08-26 11:58:07.872 16517 16517 D nativeloader: Load libframework-connectivity-tiramisu-jni.so using APEX ns com_android_tethering for caller /apex/com.android.tethering/javalib/framework-connectivity-t.jar: ok
08-26 11:58:07.888 12047 12047 I Finsky  : [2] Do not start WearSupportService due to Wear service optimization
08-26 11:58:07.949 16325 16488 I Finsky:background: [115] Wrote row to frosting DB: 944
08-26 11:58:07.956 16325 16376 I Finsky:background: [82] RECEIVER_PACKAGE_MONITOR_BACKGROUND#logWorkEndAndFinishGoAsync: SUCCESS
08-26 11:58:07.974   577  1708 W ActivityManager: Slow operation: 352ms so far, now at startProcess: done updating battery stats
08-26 11:58:07.975   577  1708 W ActivityManager: Slow operation: 352ms so far, now at startProcess: building log message
08-26 11:58:07.975   577  1708 I ActivityManager: Start proc 16517:com.skyfire.solarapp/u0a223 for next-top-activity {com.skyfire.solarapp/com.skyfire.solarapp.MainActivity}
08-26 11:58:07.975   577  1708 W ActivityManager: Slow operation: 352ms so far, now at startProcess: starting to update pids map
08-26 11:58:07.975   577  1708 W ActivityManager: Slow operation: 352ms so far, now at startProcess: done updating pids map
08-26 11:58:08.022   577  1708 W ActivityManager: Slow operation: 53ms so far, now at attachApplicationLocked: after updateOomAdjLocked
08-26 11:58:08.047 16517 16517 D CompatChangeReporter: Compat change id reported: 242716250; UID 10223; state: ENABLED
08-26 11:58:08.048 12047 12047 I Finsky  : [2] aerf - Received: android.intent.action.PACKAGE_CHANGED, [WZBU4Q5YR5UQRB63TyWgxRk-s7VoNsQbQr9te-mvS1o]
08-26 11:58:08.123 16517 16517 D ApplicationLoaders: Returning zygote-cached class loader: /system/framework/org.apache.http.legacy.jar
08-26 11:58:08.123 16517 16517 W ziparchive: Unable to open '/data/app/~~V6Nsa4wCf8e_Qz75DiCGUA==/com.skyfire.solarapp-nDu-558HoBanZAQL-nk0Wg==/base.dm': No such file or directory
08-26 11:58:08.124 16517 16517 W ziparchive: Unable to open '/data/app/~~V6Nsa4wCf8e_Qz75DiCGUA==/com.skyfire.solarapp-nDu-558HoBanZAQL-nk0Wg==/base.dm': No such file or directory
08-26 11:58:08.167 12047 12064 I Finsky  : [58] SCH: Received scheduling request: Id: 37-139, Constraints: [{ L: 0, D: 0, C: CHARGING_NONE, I: IDLE_NONE, N: NET_NONE, B: BATTERY_ANY }]
08-26 11:58:08.174   577   894 V SafetySourceDataValidat: Package: com.android.vending has expected signature
08-26 11:58:08.174   577   894 V SafetySourceDataValidat: Package: com.android.vending has expected signature
08-26 11:58:08.176 13925 15316 V WindowManagerShell: onTransitionReady(transaction=2478196137323)
08-26 11:58:08.176 13925 13940 V WindowManagerShell: onTransitionReady (#124) android.os.BinderProxy@c6f1d6e: {id=124 t=OPEN f=0x0 trk=0 r=[0@Point(0, 0)] c=[{WCT{android.window.IWindowContainerToken$Stub$Proxy@213be1e} m=OPEN f=NONE leash=Surface(name=Task=132)/@0xc6313a3 sb=Rect(0, 0 - 1344, 2992) eb=Rect(0, 0 - 1344, 2992) d=0 taskParent=-1},{WCT{android.window.IWindowContainerToken$Stub$Proxy@f8946ff} m=TO_BACK f=SHOW_WALLPAPER leash=Surface(name=Task=1)/@0x93d36a0 sb=Rect(0, 0 - 1344, 2992) eb=Rect(0, 0 - 1344, 2992) d=0 taskParent=-1}]}
08-26 11:58:08.177 13925 13940 V WindowManagerShell: Playing animation for (#124) android.os.BinderProxy@c6f1d6e@0
08-26 11:58:08.177 13925 13940 V WindowManagerShell:  try handler com.android.wm.shell.transition.DefaultMixedHandler@c2e4b15
08-26 11:58:08.177 13925 13940 V WindowManagerShell:  try handler com.android.wm.shell.keyguard.KeyguardTransitionHandler@1d48e2a
08-26 11:58:08.177 13925 13940 V WindowManagerShell:  try handler com.android.wm.shell.pip.PipTransition@94d841b
08-26 11:58:08.177 13925 13940 V WindowManagerShell:  try handler com.android.wm.shell.activityembedding.ActivityEmbeddingController@c23a9b8
08-26 11:58:08.203 11683 11729 I Icing   : IndexChimeraService.getServiceInterface callingPackage=com.google.android.gms componentName=AppsCorpus serviceId=36
08-26 11:58:08.208 13925 13940 V WindowManagerShell:  try handler com.android.wm.shell.recents.RecentsTransitionHandler@5358391
08-26 11:58:08.210 13925 13940 V ShellRecents: RecentsTransitionHandler.startAnimation: no controller found
08-26 11:58:08.210 13925 13940 V WindowManagerShell:  try handler com.android.wm.shell.splitscreen.StageCoordinator@90562f6
08-26 11:58:08.211 13925 13940 V WindowManagerShell:  try handler com.android.wm.shell.transition.RemoteTransitionHandler@bb646f7
08-26 11:58:08.227 13925 13940 V WindowManagerShell: Transition doesn't have explicit remote, search filters for match for {id=124 t=OPEN f=0x0 trk=0 r=[0@Point(0, 0)] c=[{WCT{android.window.IWindowContainerToken$Stub$Proxy@213be1e} m=OPEN f=NONE leash=Surface(name=Task=132)/@0xc6313a3 sb=Rect(0, 0 - 1344, 2992) eb=Rect(0, 0 - 1344, 2992) d=0 taskParent=-1},{WCT{android.window.IWindowContainerToken$Stub$Proxy@f8946ff} m=TO_BACK f=SHOW_WALLPAPER leash=Surface(name=Task=1)/@0x93d36a0 sb=Rect(0, 0 - 1344, 2992) eb=Rect(0, 0 - 1344, 2992) d=0 taskParent=-1}]}
08-26 11:58:08.228 13925 13940 V WindowManagerShell:  Checking filter Pair{{types=[] flags=0x0] notFlags=0x0 checks=[{atype=undefined independent=true modes=[OPEN,TO_FRONT] flags=IN_TASK_WITH_EMBEDDED_ACTIVITY mustBeTask=false order=ANY topActivity=ComponentInfo{com.google.android.apps.nexuslauncher/com.google.android.apps.nexuslauncher.NexusLauncherActivity} launchCookie=null},{atype=undefined independent=true modes=[CLOSE,TO_BACK] flags=IN_TASK_WITH_EMBEDDED_ACTIVITY mustBeTask=false order=ANY topActivity=null launchCookie=null}]} RemoteTransition { remoteTransition = android.window.IRemoteTransition$Stub$Proxy@431c8a8, appThread = android.app.IApplicationThread$Stub$Proxy@e45cfc1, debugName = OverlaySwipeBack }}
08-26 11:58:08.229 13925 13940 V WindowManagerShell:  Checking filter Pair{{types=[] flags=0x0] notFlags=0x0 checks=[{atype=dream independent=true modes=[OPEN,TO_FRONT] flags=NONE mustBeTask=false order=ANY topActivity=null launchCookie=null},{atype=home independent=true modes=[CLOSE,TO_BACK] flags=NONE mustBeTask=false order=ANY topActivity=null launchCookie=null}]} RemoteTransition { remoteTransition = android.window.IRemoteTransition$Stub$Proxy@94c7366, appThread = android.app.IApplicationThread$Stub$Proxy@79a66a7, debugName = LauncherToDream }}
08-26 11:58:08.229 13925 13940 V WindowManagerShell:  Checking filter Pair{{types=[] flags=0x0] notFlags=0x100 checks=[{atype=home independent=true modes=[OPEN,TO_FRONT] flags=NONE mustBeTask=false order=TOP topActivity=ComponentInfo{com.google.android.apps.nexuslauncher/com.google.android.apps.nexuslauncher.NexusLauncherActivity} launchCookie=null},{atype=standard independent=true modes=[CLOSE,TO_BACK] flags=NONE mustBeTask=false order=ANY topActivity=null launchCookie=null}]} RemoteTransition { remoteTransition = android.window.IRemoteTransition$Stub$Proxy@42ec754, appThread = android.app.IApplicationThread$Stub$Proxy@79ea6fd, debugName = QuickstepLaunchHome }}
08-26 11:58:08.229 13925 13940 V WindowManagerShell:  Delegate animation for (#124) to null
08-26 11:58:08.229 13925 13940 V WindowManagerShell:  try handler com.android.wm.shell.transition.DefaultTransitionHandler@45a964
08-26 11:58:08.229 13925 13940 V WindowManagerShell: start default transition animation, info = {id=124 t=OPEN f=0x0 trk=0 r=[0@Point(0, 0)] c=[{WCT{android.window.IWindowContainerToken$Stub$Proxy@213be1e} m=OPEN f=NONE leash=Surface(name=Task=132)/@0xc6313a3 sb=Rect(0, 0 - 1344, 2992) eb=Rect(0, 0 - 1344, 2992) d=0 taskParent=-1},{WCT{android.window.IWindowContainerToken$Stub$Proxy@f8946ff} m=TO_BACK f=SHOW_WALLPAPER leash=Surface(name=Task=1)/@0x93d36a0 sb=Rect(0, 0 - 1344, 2992) eb=Rect(0, 0 - 1344, 2992) d=0 taskParent=-1}]}
08-26 11:58:08.229   577   611 V WindowManager: Sent Transition (#124) createdAt=08-26 11:58:07.120 via request=TransitionRequestInfo { type = OPEN, triggerTask = TaskInfo{userId=0 taskId=132 displayId=0 isRunning=true baseIntent=Intent { act=android.intent.action.MAIN cat=[android.intent.category.LAUNCHER] flg=0x10200000 cmp=com.skyfire.solarapp/.MainActivity } baseActivity=ComponentInfo{com.skyfire.solarapp/com.skyfire.solarapp.MainActivity} topActivity=ComponentInfo{com.skyfire.solarapp/com.skyfire.solarapp.MainActivity} origActivity=null realActivity=ComponentInfo{com.skyfire.solarapp/com.skyfire.solarapp.MainActivity} numActivities=1 lastActiveTime=47744266 supportsMultiWindow=true resizeMode=1 isResizeable=true minWidth=-1 minHeight=-1 defaultMinSize=220 token=WCT{RemoteToken{20c2d8d Task{4c30fd2 #132 type=standard A=10223:com.skyfire.solarapp}}} topActivityType=1 pictureInPictureParams=null shouldDockBigOverlays=false launchIntoPipHostTaskId=-1 lastParentTaskIdBeforePip=-1 displayCutoutSafeInsets=Rect(0, 159 - 0, 0) topActivityInfo=ActivityInfo{d1e8b42 com.skyfire.solarapp.MainActivity} launchCookies=[] positionInParent=Point(0, 0) parentTaskId=-1 isFocused=false isVisible=false isVisibleRequested=false isSleeping=false locusId=null displayAreaFeatureId=1 isTopActivityTransparent=false appCompatTaskInfo=AppCompatTaskInfo { topActivityInSizeCompat=false topActivityEligibleForLetterboxEducation= falseisLetterboxEducationEnabled= true isLetterboxDoubleTapEnabled= false topActivityEligibleForUserAspectRatioButton= false topActivityBoundsLetterboxed= false isFromLetterboxDoubleTap= false topActivityLetterboxVerticalPosition= -1 topActivityLetterboxHorizontalPosition= -1 topActivityLetterboxWidth=1344 topActivityLetterboxHeight=2992 isUserFullscreenOverrideEnabled=false isSystemFullscreenOverrideEnabled=false cameraCompatTaskInfo=CameraCompatTaskInfo { cameraCompatControlState=hidden freeformCameraCompatMode=inactive}}}, pipTask = null, remoteTransition = null, displayChange = null, flags = 0, debugId = 124 }
08-26 11:58:08.229   577   611 V WindowManager:     startWCT=WindowContainerTransaction { changes = {} hops = [] errorCallbackToken=null taskFragmentOrganizer=null }
08-26 11:58:08.229   577   611 V WindowManager:     info={id=124 t=OPEN f=0x0 trk=0 r=[0@Point(0, 0)] c=[
08-26 11:58:08.229   577   611 V WindowManager:         {WCT{RemoteToken{20c2d8d Task{4c30fd2 #132 type=standard A=10223:com.skyfire.solarapp}}} m=OPEN f=NONE leash=Surface(name=Task=132)/@0xa79d3a sb=Rect(0, 0 - 1344, 2992) eb=Rect(0, 0 - 1344, 2992) d=0 taskParent=-1},
08-26 11:58:08.229   577   611 V WindowManager:         {WCT{RemoteToken{d4bf00e Task{d2936a3 #1 type=home}}} m=TO_BACK f=SHOW_WALLPAPER leash=Surface(name=Task=1)/@0x1124101 sb=Rect(0, 0 - 1344, 2992) eb=Rect(0, 0 - 1344, 2992) d=0 taskParent=-1}
08-26 11:58:08.229   577   611 V WindowManager:     ]}
08-26 11:58:08.229 13925 13940 V WindowManagerShell: loadAnimation: anim=android.view.animation.AnimationSet@33d9b15 animAttr=0x13 type=OPEN isEntrance=false
08-26 11:58:08.230 13925 13940 V WindowManagerShell: loadAnimation: anim=android.view.animation.AnimationSet@5e9d391 animAttr=0x12 type=OPEN isEntrance=true
08-26 11:58:08.238 13925 13940 V WindowManagerShell:  animated by com.android.wm.shell.transition.DefaultTransitionHandler@45a964
08-26 11:58:08.255 16476 16476 I Monkey  : ## Network stats: elapsed time=702ms (0ms mobile, 0ms wifi, 702ms not connected)
08-26 11:58:08.256 16476 16476 I app_process: System.exit called, status: 0
08-26 11:58:08.256 16476 16476 I AndroidRuntime: VM exiting with result code 0.
08-26 11:58:08.283  1061  1061 D BoundBrokerSvc: onRebind: Intent { act=com.google.android.gms.libs.gmscorelogger.service.START dat=chimera-action:/... cmp=com.google.android.gms/.chimera.PersistentDirectBootAwareApiService }
08-26 11:58:08.327 12047 12063 I Finsky  : [57] RECEIVER_PACKAGE_MONITOR#logWorkEndAndFinishGoAsync: SUCCESS
08-26 11:58:08.408   577   612 W Looper  : Slow dispatch took 378ms android.ui h=android.os.Handler c=android.database.ContentObserver$$ExternalSyntheticLambda1@c0e198e m=0
08-26 11:58:08.408   577   612 W Looper  : Slow delivery took 387ms android.ui h=com.android.server.am.ActivityManagerService$UiHandler c=null m=31
08-26 11:58:08.411  1107  1443 D EGL_emulation: app_time_stats: avg=29967.48ms min=1.62ms max=299168.72ms count=10
08-26 11:58:08.419  1061  1061 D StrictMode: StrictMode policy violation: android.os.strictmode.UnsafeIntentLaunchViolation: Launch of unsafe intent: Intent { act=com.google.android.gms.ENTIRE_PACKAGE_CHANGED dat=package: flg=0x5000010 pkg=com.google.android.gms cmp=com.google.android.gms/.chimera.GmsIntentOperationService (has extras) }
08-26 11:58:08.419  1061  1061 D StrictMode: 	at android.os.StrictMode.onUnsafeIntentLaunch(StrictMode.java:2386)
08-26 11:58:08.419  1061  1061 D StrictMode: 	at android.content.Intent.prepareToLeaveProcess(Intent.java:12559)
08-26 11:58:08.419  1061  1061 D StrictMode: 	at android.content.Intent.prepareToLeaveProcess(Intent.java:12472)
08-26 11:58:08.419  1061  1061 D StrictMode: 	at android.app.ContextImpl.startServiceCommon(ContextImpl.java:1959)
08-26 11:58:08.419  1061  1061 D StrictMode: 	at android.app.ContextImpl.startService(ContextImpl.java:1929)
08-26 11:58:08.419  1061  1061 D StrictMode: 	at android.content.ContextWrapper.startService(ContextWrapper.java:827)
08-26 11:58:08.419  1061  1061 D StrictMode: 	at android.content.ContextWrapper.startService(ContextWrapper.java:827)
08-26 11:58:08.419  1061  1061 D StrictMode: 	at android.content.ContextWrapper.startService(ContextWrapper.java:827)
08-26 11:58:08.419  1061  1061 D StrictMode: 	at bqlh.apply(:com.google.android.gms@253031038@25.30.31 (260800-786424874):5)
08-26 11:58:08.419  1061  1061 D StrictMode: 	at bqll.a(:com.google.android.gms@253031038@25.30.31 (260800-786424874):1)
08-26 11:58:08.419  1061  1061 D StrictMode: 	at bqll.startService(:com.google.android.gms@253031038@25.30.31 (260800-786424874):37)
08-26 11:58:08.419  1061  1061 D StrictMode: 	at wfj.c(:com.google.android.gms@253031038@25.30.31 (260800-786424874):69)
08-26 11:58:08.419  1061  1061 D StrictMode: 	at wfj.b(:com.google.android.gms@253031038@25.30.31 (260800-786424874):214)
08-26 11:58:08.419  1061  1061 D StrictMode: 	at auyy.onReceive(:com.google.android.gms@253031038@25.30.31 (260800-786424874):5)
08-26 11:58:08.419  1061  1061 D StrictMode: 	at ausw.a(:com.google.android.gms@253031038@25.30.31 (260800-786424874):34)
08-26 11:58:08.419  1061  1061 D StrictMode: 	at wah.onReceive(:com.google.android.gms@253031038@25.30.31 (260800-786424874):32)
08-26 11:58:08.419  1061  1061 D StrictMode: 	at azak.a(:com.google.android.gms@253031038@25.30.31 (260800-786424874):24)
08-26 11:58:08.419  1061  1061 D StrictMode: 	at azaj.call(:com.google.android.gms@253031038@25.30.31 (260800-786424874):9)
08-26 11:58:08.419  1061  1061 D StrictMode: 	at java.util.concurrent.FutureTask.run(FutureTask.java:264)
08-26 11:58:08.419  1061  1061 D StrictMode: 	at android.os.Handler.handleCallback(Handler.java:959)
08-26 11:58:08.419  1061  1061 D StrictMode: 	at android.os.Handler.dispatchMessage(Handler.java:100)
08-26 11:58:08.419  1061  1061 D StrictMode: 	at android.os.Looper.loopOnce(Looper.java:232)
08-26 11:58:08.419  1061  1061 D StrictMode: 	at android.os.Looper.loop(Looper.java:317)
08-26 11:58:08.419  1061  1061 D StrictMode: 	at android.app.ActivityThread.main(ActivityThread.java:8705)
08-26 11:58:08.419  1061  1061 D StrictMode: 	at java.lang.reflect.Method.invoke(Native Method)
08-26 11:58:08.419  1061  1061 D StrictMode: 	at com.android.internal.os.RuntimeInit$MethodAndArgsCaller.run(RuntimeInit.java:580)
08-26 11:58:08.419  1061  1061 D StrictMode: 	at com.android.internal.os.ZygoteInit.main(ZygoteInit.java:886)
08-26 11:58:08.439   470   534 W IPCThreadState: Sending oneway calls to frozen process.
08-26 11:58:08.440   470   534 W IPCThreadState: Sending oneway calls to frozen process.
08-26 11:58:08.444  1061  1751 W GmsStrictMode: UNSAFE_INTENT_LAUNCH [CONTEXT service_id=256 ]
08-26 11:58:08.444  1061  1751 W GmsStrictMode: android.os.strictmode.UnsafeIntentLaunchViolation: Launch of unsafe intent: Intent { act=com.google.android.gms.ENTIRE_PACKAGE_CHANGED dat=package: flg=0x5000010 pkg=com.google.android.gms cmp=com.google.android.gms/.chimera.GmsIntentOperationService (has extras) }
08-26 11:58:08.444  1061  1751 W GmsStrictMode: 	at android.os.StrictMode.onUnsafeIntentLaunch(StrictMode.java:2386)
08-26 11:58:08.444  1061  1751 W GmsStrictMode: 	at android.content.Intent.prepareToLeaveProcess(Intent.java:12559)
08-26 11:58:08.444  1061  1751 W GmsStrictMode: 	at android.content.Intent.prepareToLeaveProcess(Intent.java:12472)
08-26 11:58:08.444  1061  1751 W GmsStrictMode: 	at android.app.ContextImpl.startServiceCommon(ContextImpl.java:1959)
08-26 11:58:08.444  1061  1751 W GmsStrictMode: 	at android.app.ContextImpl.startService(ContextImpl.java:1929)
08-26 11:58:08.444  1061  1751 W GmsStrictMode: 	at android.content.ContextWrapper.startService(ContextWrapper.java:827)
08-26 11:58:08.444  1061  1751 W GmsStrictMode: 	at android.content.ContextWrapper.startService(ContextWrapper.java:827)
08-26 11:58:08.444  1061  1751 W GmsStrictMode: 	at android.content.ContextWrapper.startService(ContextWrapper.java:827)
08-26 11:58:08.444  1061  1751 W GmsStrictMode: 	at bqlh.apply(:com.google.android.gms@253031038@25.30.31 (260800-786424874):5)
08-26 11:58:08.444  1061  1751 W GmsStrictMode: 	at bqll.a(:com.google.android.gms@253031038@25.30.31 (260800-786424874):1)
08-26 11:58:08.444  1061  1751 W GmsStrictMode: 	at bqll.startService(:com.google.android.gms@253031038@25.30.31 (260800-786424874):37)
08-26 11:58:08.444  1061  1751 W GmsStrictMode: 	at wfj.c(:com.google.android.gms@253031038@25.30.31 (260800-786424874):69)
08-26 11:58:08.444  1061  1751 W GmsStrictMode: 	at wfj.b(:com.google.android.gms@253031038@25.30.31 (260800-786424874):214)
08-26 11:58:08.444  1061  1751 W GmsStrictMode: 	at auyy.onReceive(:com.google.android.gms@253031038@25.30.31 (260800-786424874):5)
08-26 11:58:08.444  1061  1751 W GmsStrictMode: 	at ausw.a(:com.google.android.gms@253031038@25.30.31 (260800-786424874):34)
08-26 11:58:08.444  1061  1751 W GmsStrictMode: 	at wah.onReceive(:com.google.android.gms@253031038@25.30.31 (260800-786424874):32)
08-26 11:58:08.444  1061  1751 W GmsStrictMode: 	at azak.a(:com.google.android.gms@253031038@25.30.31 (260800-786424874):24)
08-26 11:58:08.444  1061  1751 W GmsStrictMode: 	at azaj.call(:com.google.android.gms@253031038@25.30.31 (260800-786424874):9)
08-26 11:58:08.444  1061  1751 W GmsStrictMode: 	at java.util.concurrent.FutureTask.run(FutureTask.java:264)
08-26 11:58:08.444  1061  1751 W GmsStrictMode: 	at android.os.Handler.handleCallback(Handler.java:959)
08-26 11:58:08.444  1061  1751 W GmsStrictMode: 	at android.os.Handler.dispatchMessage(Handler.java:100)
08-26 11:58:08.444  1061  1751 W GmsStrictMode: 	at android.os.Looper.loopOnce(Looper.java:232)
08-26 11:58:08.444  1061  1751 W GmsStrictMode: 	at android.os.Looper.loop(Looper.java:317)
08-26 11:58:08.444  1061  1751 W GmsStrictMode: 	at android.app.ActivityThread.main(ActivityThread.java:8705)
08-26 11:58:08.444  1061  1751 W GmsStrictMode: 	at java.lang.reflect.Method.invoke(Native Method)
08-26 11:58:08.444  1061  1751 W GmsStrictMode: 	at com.android.internal.os.RuntimeInit$MethodAndArgsCaller.run(RuntimeInit.java:580)
08-26 11:58:08.444  1061  1751 W GmsStrictMode: 	at com.android.internal.os.ZygoteInit.main(ZygoteInit.java:886)
08-26 11:58:08.446 12047 16535 D TrafficStats: tagSocket(144) with statsTag=0xffffffff, statsUid=-1
08-26 11:58:08.459 12047 16497 D TrafficStats: tagSocket(156) with statsTag=0xffffffff, statsUid=-1
08-26 11:58:08.539   577   612 W Looper  : Slow dispatch took 119ms android.ui h=com.android.server.am.ActivityManagerService$UiHandler c=com.android.server.am.UidObserverController$$ExternalSyntheticLambda0@9fbd816 m=0
08-26 11:58:08.552 16346 16348 I AidlLazyServiceRegistrar: Process has 0 (of 2 available) client(s) in use after notification android.system.virtualizationmaintenance has clients: 0
08-26 11:58:08.552 16346 16348 I AidlLazyServiceRegistrar: Trying to shut down the service. No clients in use for any service in process.
08-26 11:58:08.556  1061  1061 D StrictMode: StrictMode policy violation: android.os.strictmode.UnsafeIntentLaunchViolation: Launch of unsafe intent: Intent { act=com.google.android.gms.ENTIRE_PACKAGE_CHANGED dat=package: flg=0x5000010 pkg=com.google.android.gms cmp=com.google.android.gms/.chimera.PersistentIntentOperationService (has extras) }
08-26 11:58:08.556  1061  1061 D StrictMode: 	at android.os.StrictMode.onUnsafeIntentLaunch(StrictMode.java:2386)
08-26 11:58:08.556  1061  1061 D StrictMode: 	at android.content.Intent.prepareToLeaveProcess(Intent.java:12559)
08-26 11:58:08.556  1061  1061 D StrictMode: 	at android.content.Intent.prepareToLeaveProcess(Intent.java:12472)
08-26 11:58:08.556  1061  1061 D StrictMode: 	at android.app.ContextImpl.startServiceCommon(ContextImpl.java:1959)
08-26 11:58:08.556  1061  1061 D StrictMode: 	at android.app.ContextImpl.startService(ContextImpl.java:1929)
08-26 11:58:08.556  1061  1061 D StrictMode: 	at android.content.ContextWrapper.startService(ContextWrapper.java:827)
08-26 11:58:08.556  1061  1061 D StrictMode: 	at android.content.ContextWrapper.startService(ContextWrapper.java:827)
08-26 11:58:08.556  1061  1061 D StrictMode: 	at android.content.ContextWrapper.startService(ContextWrapper.java:827)
08-26 11:58:08.556  1061  1061 D StrictMode: 	at bqlh.apply(:com.google.android.gms@253031038@25.30.31 (260800-786424874):5)
08-26 11:58:08.556  1061  1061 D StrictMode: 	at bqll.a(:com.google.android.gms@253031038@25.30.31 (260800-786424874):1)
08-26 11:58:08.556  1061  1061 D StrictMode: 	at bqll.startService(:com.google.android.gms@253031038@25.30.31 (260800-786424874):37)
08-26 11:58:08.556  1061  1061 D StrictMode: 	at wfj.c(:com.google.android.gms@253031038@25.30.31 (260800-786424874):69)
08-26 11:58:08.556  1061  1061 D StrictMode: 	at wfj.b(:com.google.android.gms@253031038@25.30.31 (260800-786424874):214)
08-26 11:58:08.556  1061  1061 D StrictMode: 	at auyy.onReceive(:com.google.android.gms@253031038@25.30.31 (260800-786424874):5)
08-26 11:58:08.556  1061  1061 D StrictMode: 	at ausw.a(:com.google.android.gms@253031038@25.30.31 (260800-786424874):34)
08-26 11:58:08.556  1061  1061 D StrictMode: 	at wah.onReceive(:com.google.android.gms@253031038@25.30.31 (260800-786424874):32)
08-26 11:58:08.556  1061  1061 D StrictMode: 	at azak.a(:com.google.android.gms@253031038@25.30.31 (260800-786424874):24)
08-26 11:58:08.556  1061  1061 D StrictMode: 	at azaj.call(:com.google.android.gms@253031038@25.30.31 (260800-786424874):9)
08-26 11:58:08.556  1061  1061 D StrictMode: 	at java.util.concurrent.FutureTask.run(FutureTask.java:264)
08-26 11:58:08.556  1061  1061 D StrictMode: 	at android.os.Handler.handleCallback(Handler.java:959)
08-26 11:58:08.556  1061  1061 D StrictMode: 	at android.os.Handler.dispatchMessage(Handler.java:100)
08-26 11:58:08.556  1061  1061 D StrictMode: 	at android.os.Looper.loopOnce(Looper.java:232)
08-26 11:58:08.556  1061  1061 D StrictMode: 	at android.os.Looper.loop(Looper.java:317)
08-26 11:58:08.556  1061  1061 D StrictMode: 	at android.app.ActivityThread.main(ActivityThread.java:8705)
08-26 11:58:08.556  1061  1061 D StrictMode: 	at java.lang.reflect.Method.invoke(Native Method)
08-26 11:58:08.556  1061  1061 D StrictMode: 	at com.android.internal.os.RuntimeInit$MethodAndArgsCaller.run(RuntimeInit.java:580)
08-26 11:58:08.556  1061  1061 D StrictMode: 	at com.android.internal.os.ZygoteInit.main(ZygoteInit.java:886)
08-26 11:58:08.576 12047 12047 I Finsky  : [2] Memory trim requested to level 40
08-26 11:58:08.576 12047 12047 I Finsky  : [2] Flushing in-memory image cache
08-26 11:58:08.581 16325 16376 I Finsky:background: [82] RECEIVER_ENGAGE_PACKAGE_CHANGED#logWorkEndAndFinishGoAsync: SKIPPED_PRECONDITIONS_UNMET
08-26 11:58:08.590 13925 13940 V WindowManagerShell: Transition animation finished (aborted=false), notifying core (#124) android.os.BinderProxy@c6f1d6e@0
08-26 11:58:08.591 16346 16348 I AidlLazyServiceRegistrar: Unregistered all clients and exiting
08-26 11:58:08.639 13925 13940 V WindowManagerShell: Track 0 became idle
08-26 11:58:08.639 13925 13940 V WindowManagerShell: All active transition animations finished
08-26 11:58:08.679  1061 16465 I ProximityAuth: [RecentAppsMediator] Package added: (user=UserHandle{0}) com.skyfire.solarapp
08-26 11:58:08.679   577   611 V WindowManager: Finish Transition (#124): created at 08-26 11:58:07.120 collect-started=0.042ms request-sent=243.783ms started=267.422ms ready=904.635ms sent=1043.549ms finished=1499.825ms
08-26 11:58:08.680  1061 16544 W GCM     : Unexpected forwarded intent: Intent { act=android.intent.action.PACKAGE_ADDED dat=package: flg=0x4000010 pkg=com.google.android.gms cmp=com.google.android.gms/.chimera.PersistentIntentOperationService (has extras) }
08-26 11:58:08.683  1061  1751 W GmsStrictMode: UNSAFE_INTENT_LAUNCH [CONTEXT service_id=256 ]
08-26 11:58:08.683  1061  1751 W GmsStrictMode: android.os.strictmode.UnsafeIntentLaunchViolation: Launch of unsafe intent: Intent { act=com.google.android.gms.ENTIRE_PACKAGE_CHANGED dat=package: flg=0x5000010 pkg=com.google.android.gms cmp=com.google.android.gms/.chimera.PersistentIntentOperationService (has extras) }
08-26 11:58:08.683  1061  1751 W GmsStrictMode: 	at android.os.StrictMode.onUnsafeIntentLaunch(StrictMode.java:2386)
08-26 11:58:08.683  1061  1751 W GmsStrictMode: 	at android.content.Intent.prepareToLeaveProcess(Intent.java:12559)
08-26 11:58:08.683  1061  1751 W GmsStrictMode: 	at android.content.Intent.prepareToLeaveProcess(Intent.java:12472)
08-26 11:58:08.683  1061  1751 W GmsStrictMode: 	at android.app.ContextImpl.startServiceCommon(ContextImpl.java:1959)
08-26 11:58:08.683  1061  1751 W GmsStrictMode: 	at android.app.ContextImpl.startService(ContextImpl.java:1929)
08-26 11:58:08.683  1061  1751 W GmsStrictMode: 	at android.content.ContextWrapper.startService(ContextWrapper.java:827)
08-26 11:58:08.683  1061  1751 W GmsStrictMode: 	at android.content.ContextWrapper.startService(ContextWrapper.java:827)
08-26 11:58:08.683  1061  1751 W GmsStrictMode: 	at android.content.ContextWrapper.startService(ContextWrapper.java:827)
08-26 11:58:08.683  1061  1751 W GmsStrictMode: 	at bqlh.apply(:com.google.android.gms@253031038@25.30.31 (260800-786424874):5)
08-26 11:58:08.683  1061  1751 W GmsStrictMode: 	at bqll.a(:com.google.android.gms@253031038@25.30.31 (260800-786424874):1)
08-26 11:58:08.683  1061  1751 W GmsStrictMode: 	at bqll.startService(:com.google.android.gms@253031038@25.30.31 (260800-786424874):37)
08-26 11:58:08.683  1061  1751 W GmsStrictMode: 	at wfj.c(:com.google.android.gms@253031038@25.30.31 (260800-786424874):69)
08-26 11:58:08.683  1061  1751 W GmsStrictMode: 	at wfj.b(:com.google.android.gms@253031038@25.30.31 (260800-786424874):214)
08-26 11:58:08.683  1061  1751 W GmsStrictMode: 	at auyy.onReceive(:com.google.android.gms@253031038@25.30.31 (260800-786424874):5)
08-26 11:58:08.683  1061  1751 W GmsStrictMode: 	at ausw.a(:com.google.android.gms@253031038@25.30.31 (260800-786424874):34)
08-26 11:58:08.683  1061  1751 W GmsStrictMode: 	at wah.onReceive(:com.google.android.gms@253031038@25.30.31 (260800-786424874):32)
08-26 11:58:08.683  1061  1751 W GmsStrictMode: 	at azak.a(:com.google.android.gms@253031038@25.30.31 (260800-786424874):24)
