08-26 10:57:56.395   577   598 W system_server: ApkAssets: Deleting an ApkAssets object '<empty> and /data/app/~~JLLeSoxFH9gn-ejMFmU1hQ==/com.google.android.gms-6a32bMNWqYYlAuqwqAAiQw==/split_DynamiteModulesA_installtime.apk' with 1 weak references
08-26 10:57:56.395   577   598 W system_server: ApkAssets: Deleting an ApkAssets object '<empty> and /data/app/~~JLLeSoxFH9gn-ejMFmU1hQ==/com.google.android.gms-6a32bMNWqYYlAuqwqAAiQw==/split_DynamiteModulesC_installtime.apk' with 1 weak references
08-26 10:57:56.395   577   598 W system_server: ApkAssets: Deleting an ApkAssets object '<empty> and /data/app/~~JLLeSoxFH9gn-ejMFmU1hQ==/com.google.android.gms-6a32bMNWqYYlAuqwqAAiQw==/split_GoogleCertificates_installtime.apk' with 1 weak references
08-26 10:57:56.395   577   598 W system_server: ApkAssets: Deleting an ApkAssets object '<empty> and /data/app/~~JLLeSoxFH9gn-ejMFmU1hQ==/com.google.android.gms-6a32bMNWqYYlAuqwqAAiQw==/split_MapsDynamite_installtime.apk' with 1 weak references
08-26 10:57:56.395   577   598 W system_server: ApkAssets: Deleting an ApkAssets object '<empty> and /data/app/~~JLLeSoxFH9gn-ejMFmU1hQ==/com.google.android.gms-6a32bMNWqYYlAuqwqAAiQw==/split_MeasurementDynamite_installtime.apk' with 1 weak references
08-26 10:57:56.395   577   598 W system_server: ApkAssets: Deleting an ApkAssets object '<empty> and /data/app/~~JLLeSoxFH9gn-ejMFmU1hQ==/com.google.android.gms-6a32bMNWqYYlAuqwqAAiQw==/split_all_locale_splits.apk' with 1 weak references
08-26 10:57:56.395   577   598 W system_server: ApkAssets: Deleting an ApkAssets object '<empty> and /data/app/~~JLLeSoxFH9gn-ejMFmU1hQ==/com.google.android.gms-6a32bMNWqYYlAuqwqAAiQw==/split_config.en.apk' with 1 weak references
08-26 10:57:56.395   577   598 W system_server: ApkAssets: Deleting an ApkAssets object '<empty> and /data/app/~~JLLeSoxFH9gn-ejMFmU1hQ==/com.google.android.gms-6a32bMNWqYYlAuqwqAAiQw==/split_config.xxhdpi.apk' with 1 weak references
08-26 10:57:56.396   577   598 W system_server: ApkAssets: Deleting an ApkAssets object '<empty> and /system_ext/app/AccessibilityMenu/AccessibilityMenu.apk' with 1 weak references
08-26 10:57:56.396   577   598 W system_server: ApkAssets: Deleting an ApkAssets object '/product/overlay/AccessibilityMenu__sdk_gphone64_x86_64__auto_generated_rro_product.apk' with 1 weak references
08-26 10:57:56.396   577   598 W system_server: ApkAssets: Deleting an ApkAssets object '<empty> and /data/app/~~E5jofKLMbJqrFgkQ3ImRLQ==/com.google.android.googlequicksearchbox-oF3USt585jD961Kn4Si9OA==/base.apk' with 1 weak references
08-26 10:57:56.402   577   598 W system_server: ApkAssets: Deleting an ApkAssets object '<empty> and /data/app/~~E5jofKLMbJqrFgkQ3ImRLQ==/com.google.android.googlequicksearchbox-oF3USt585jD961Kn4Si9OA==/split_config.xxhdpi.apk' with 1 weak references
08-26 10:57:56.402   577   598 W system_server: ApkAssets: Deleting an ApkAssets object '<empty> and /data/app/~~E5jofKLMbJqrFgkQ3ImRLQ==/com.google.android.googlequicksearchbox-oF3USt585jD961Kn4Si9OA==/split_lens_ondevice_engine_play_ml_module.apk' with 1 weak references
08-26 10:57:56.403   577   598 W system_server: ApkAssets: Deleting an ApkAssets object '<empty> and /product/app/talkback/talkback.apk' with 1 weak references
08-26 10:57:56.403   577   598 W system_server: ApkAssets: Deleting an ApkAssets object '/vendor/overlay/EmulatorTalkBackOverlay/EmulatorTalkBackOverlay.apk' with 1 weak references
08-26 10:57:56.403   577   598 W System  : A resource failed to call release. 
08-26 10:57:56.403   577   598 W System  : A resource failed to call HardwareBuffer.close. 
08-26 10:57:56.403   577   598 W system_server: ApkAssets: Deleting an ApkAssets object '<empty> and /data/app/~~mSC8mEa8x1IXKRfJ84zreA==/com.google.android.apps.docs-i-V493zMLWctA29D556Qpw==/base.apk' with 1 weak references
08-26 10:57:56.403   577   598 W system_server: ApkAssets: Deleting an ApkAssets object '<empty> and /data/app/~~mSC8mEa8x1IXKRfJ84zreA==/com.google.android.apps.docs-i-V493zMLWctA29D556Qpw==/split_config.en.apk' with 1 weak references
08-26 10:57:56.403   577   598 W system_server: ApkAssets: Deleting an ApkAssets object '<empty> and /data/app/~~mSC8mEa8x1IXKRfJ84zreA==/com.google.android.apps.docs-i-V493zMLWctA29D556Qpw==/split_config.x86_64.apk' with 1 weak references
08-26 10:57:56.404   577   598 W system_server: ApkAssets: Deleting an ApkAssets object '<empty> and /data/app/~~mSC8mEa8x1IXKRfJ84zreA==/com.google.android.apps.docs-i-V493zMLWctA29D556Qpw==/split_config.xxhdpi.apk' with 1 weak references
08-26 10:57:56.404   577   598 W system_server: ApkAssets: Deleting an ApkAssets object '<empty> and /data/app/~~gIlSqoJmZzmNeMFcOlJ_bA==/com.google.android.calendar-7MS3_UUho3WLBQzC7dwIGw==/base.apk' with 1 weak references
08-26 10:57:56.408   577   598 W system_server: ApkAssets: Deleting an ApkAssets object '<empty> and /data/app/~~gIlSqoJmZzmNeMFcOlJ_bA==/com.google.android.calendar-7MS3_UUho3WLBQzC7dwIGw==/split_config.en.apk' with 1 weak references
08-26 10:57:56.409   577   598 W system_server: ApkAssets: Deleting an ApkAssets object '<empty> and /data/app/~~gIlSqoJmZzmNeMFcOlJ_bA==/com.google.android.calendar-7MS3_UUho3WLBQzC7dwIGw==/split_config.x86_64.apk' with 1 weak references
08-26 10:57:56.409   577   598 W system_server: ApkAssets: Deleting an ApkAssets object '<empty> and /data/app/~~gIlSqoJmZzmNeMFcOlJ_bA==/com.google.android.calendar-7MS3_UUho3WLBQzC7dwIGw==/split_config.xxhdpi.apk' with 1 weak references
08-26 10:57:58.544 15624 15626 I AidlLazyServiceRegistrar: Process has 0 (of 1 available) client(s) in use after notification artd has clients: 0
08-26 10:57:58.544 15624 15626 I AidlLazyServiceRegistrar: Trying to shut down the service. No clients in use for any service in process.
08-26 10:57:58.546 15624 15626 I AidlLazyServiceRegistrar: Unregistered all clients and exiting
08-26 10:58:00.007  1346  1504 I AiAiEcho: Predicting[0]:  [CONTEXT sampling_count=5 ]
08-26 10:58:00.007  1346  1504 I AiAiEcho: EchoTargets: 
08-26 10:58:00.007  1346  1504 I AiAiEcho: Filtered by AiAi flag check: 
08-26 10:58:00.007  1346  1504 I AiAiEcho: [CONTEXT ratelimit_period="10 SECONDS" ]
08-26 10:58:00.007  1346  1504 I AiAiEcho: Ranked targets strategy: SORT, count: 0, ranking metadata:  [CONTEXT ratelimit_period="10 SECONDS" ]
08-26 10:58:00.008  1346  1504 I AiAiEcho: #remoteViewsTwiddler: feature disabled.
08-26 10:58:00.012  1346  1504 I AiAiEcho: Predicting[0]:  [CONTEXT sampling_count=5 ]
08-26 10:58:00.015  1346  1504 I AiAiEcho: EchoTargets: 
08-26 10:58:00.015  1346  1504 I AiAiEcho: Filtered by AiAi flag check: 
08-26 10:58:00.015  1346  1504 I AiAiEcho: [CONTEXT ratelimit_period="10 SECONDS" ]
08-26 10:58:00.015  1346  1504 I AiAiEcho: Ranked targets strategy: SORT, count: 0, ranking metadata:  [CONTEXT ratelimit_period="10 SECONDS" ]
08-26 10:58:00.015  1346  1504 I AiAiEcho: #remoteViewsTwiddler: feature disabled.
08-26 10:58:00.016  1346  1504 I AiAiEcho: #postPredictionTargets: Sending updates to UISurface lockscreen with targets# 0 (types=[])
08-26 10:58:00.020  1346  1504 I AiAiEcho: #postPredictionTargets: Sending updates to UISurface home with targets# 0 (types=[])
08-26 10:58:00.021  1107  1107 D SsBaseTemplateCard: No text view can be set up
08-26 10:58:00.021  1107  1107 D SsBaseTemplateCard: Passed-in item info is null
08-26 10:58:00.021  1107  1107 D SsBaseTemplateCard: Passed-in item info is null
08-26 10:58:00.021  1107  1107 D SsBaseTemplateCard: Passed-in item info is null
08-26 10:58:00.021  1107  1107 I SsBaseTemplateCard: Secondary card pane is null
08-26 10:58:00.044 13925 13925 W PageIndicator: Total number of pages invalid: 0. Assuming 1 page.
08-26 10:58:00.074 13925 13963 D EGL_emulation: app_time_stats: avg=59982.16ms min=59982.16ms max=59982.16ms count=1
08-26 10:58:14.388   577   657 W AppOps  : Noting op not finished: uid 10144 pkg com.google.android.gms code 79 startTime of in progress event=1756186988712
08-26 10:58:14.420   577  1619 W AppOps  : Noting op not finished: uid 10144 pkg com.google.android.gms code 113 startTime of in progress event=1756186955940
08-26 10:58:14.447   577   657 W AppOps  : Noting op not finished: uid 10144 pkg com.google.android.gms code 113 startTime of in progress event=1756186955940
08-26 10:58:14.464   577  1619 W AppOps  : Noting op not finished: uid 10144 pkg com.google.android.gms code 113 startTime of in progress event=1756186955940
08-26 10:58:14.481  1061  1648 I ActivityScheduler: nextTriggerTime: 44389484, in 238100ms, detectorType: 39, FULL_TYPE alarmWindowMillis: 80000
08-26 10:58:20.875 13925 13963 D EGL_emulation: app_time_stats: avg=10398.27ms min=794.60ms max=20001.94ms count=2
08-26 10:58:40.876 13925 13963 D EGL_emulation: app_time_stats: avg=20000.29ms min=20000.29ms max=20000.29ms count=1
08-26 10:58:42.174   577   894 D WifiNl80211Manager: Scan result ready event
08-26 10:58:42.174   577   894 D WifiNative: Scan result ready event
08-26 10:58:42.209   577   742 I HalDevMgr: bestIfaceCreationProposal is null, requestIface=STA, existingIface=[name=wlan0 type=STA]
08-26 10:59:00.008  1346  1504 I AiAiEcho: Predicting[0]:  [CONTEXT sampling_count=5 ]
08-26 10:59:00.008  1346  1504 I AiAiEcho: EchoTargets: 
08-26 10:59:00.008  1346  1504 I AiAiEcho: Filtered by AiAi flag check: 
08-26 10:59:00.008  1346  1504 I AiAiEcho: [CONTEXT ratelimit_period="10 SECONDS" ]
08-26 10:59:00.009  1346  1504 I AiAiEcho: Ranked targets strategy: SORT, count: 0, ranking metadata:  [CONTEXT ratelimit_period="10 SECONDS" ]
08-26 10:59:00.010  1346  1504 I AiAiEcho: #remoteViewsTwiddler: feature disabled.
08-26 10:59:00.010  1346  1504 I AiAiEcho: Predicting[0]:  [CONTEXT sampling_count=5 ]
08-26 10:59:00.010  1346  1504 I AiAiEcho: EchoTargets: 
08-26 10:59:00.010  1346  1504 I AiAiEcho: Filtered by AiAi flag check: 
08-26 10:59:00.010  1346  1504 I AiAiEcho: [CONTEXT ratelimit_period="10 SECONDS" ]
08-26 10:59:00.010  1346  1504 I AiAiEcho: Ranked targets strategy: SORT, count: 0, ranking metadata:  [CONTEXT ratelimit_period="10 SECONDS" ]
08-26 10:59:00.010  1346  1504 I AiAiEcho: #remoteViewsTwiddler: feature disabled.
08-26 10:59:00.023  1346  1504 I AiAiEcho: #postPredictionTargets: Sending updates to UISurface lockscreen with targets# 0 (types=[])
08-26 10:59:00.029  1346  1504 I AiAiEcho: #postPredictionTargets: Sending updates to UISurface home with targets# 0 (types=[])
08-26 10:59:00.037  1107  1107 D SsBaseTemplateCard: No text view can be set up
08-26 10:59:00.037  1107  1107 D SsBaseTemplateCard: Passed-in item info is null
08-26 10:59:00.037  1107  1107 D SsBaseTemplateCard: Passed-in item info is null
08-26 10:59:00.037  1107  1107 D SsBaseTemplateCard: Passed-in item info is null
08-26 10:59:00.037  1107  1107 I SsBaseTemplateCard: Secondary card pane is null
08-26 10:59:00.064 13925 13925 W PageIndicator: Total number of pages invalid: 0. Assuming 1 page.
08-26 10:59:00.082 13925 13963 D EGL_emulation: app_time_stats: avg=19205.69ms min=19205.69ms max=19205.69ms count=1
08-26 10:59:09.598   577   646 W PackageManager: Not removing package com.google.android.trichromelibrary hosting lib com.google.android.trichromelibrary version 725809438 used by [VersionedPackage[com.google.android.webview/725809438]] for user 0
08-26 11:00:00.008  1346  1504 I AiAiEcho: Predicting[0]:  [CONTEXT sampling_count=5 ]
08-26 11:00:00.008  1346  1504 I AiAiEcho: EchoTargets: 
08-26 11:00:00.008  1346  1504 I AiAiEcho: Filtered by AiAi flag check: 
08-26 11:00:00.008  1346  1504 I AiAiEcho: [CONTEXT ratelimit_period="10 SECONDS" ]
08-26 11:00:00.010   577   623 D ActivityManager: sync unfroze 999 com.android.settings for 3
08-26 11:00:00.018  1346  1504 I AiAiEcho: Ranked targets strategy: SORT, count: 0, ranking metadata:  [CONTEXT ratelimit_period="10 SECONDS" ]
08-26 11:00:00.019  1346  1504 I AiAiEcho: #remoteViewsTwiddler: feature disabled.
08-26 11:00:00.019  1346  1504 I AiAiEcho: Predicting[0]:  [CONTEXT sampling_count=5 ]
08-26 11:00:00.019  1346  1504 I AiAiEcho: EchoTargets: 
08-26 11:00:00.019  1346  1504 I AiAiEcho: Filtered by AiAi flag check: 
08-26 11:00:00.019  1346  1504 I AiAiEcho: [CONTEXT ratelimit_period="10 SECONDS" ]
08-26 11:00:00.020   577   623 D ActivityManager: sync unfroze 14175 com.android.keychain for 10
08-26 11:00:00.019  1346  1504 I AiAiEcho: Ranked targets strategy: SORT, count: 0, ranking metadata:  [CONTEXT ratelimit_period="10 SECONDS" ]
08-26 11:00:00.023  1346  1504 I AiAiEcho: #remoteViewsTwiddler: feature disabled.
08-26 11:00:00.040  1346  1504 I AiAiEcho: #postPredictionTargets: Sending updates to UISurface lockscreen with targets# 0 (types=[])
08-26 11:00:00.047  1346  1504 I AiAiEcho: #postPredictionTargets: Sending updates to UISurface home with targets# 0 (types=[])
08-26 11:00:00.047 13925 13925 W PageIndicator: Total number of pages invalid: 0. Assuming 1 page.
08-26 11:00:00.047  1107  1107 D SsBaseTemplateCard: No text view can be set up
08-26 11:00:00.047  1107  1107 D SsBaseTemplateCard: Passed-in item info is null
08-26 11:00:00.047  1107  1107 D SsBaseTemplateCard: Passed-in item info is null
08-26 11:00:00.047  1107  1107 D SsBaseTemplateCard: Passed-in item info is null
08-26 11:00:00.047  1107  1107 I SsBaseTemplateCard: Secondary card pane is null
08-26 11:00:00.069 13925 13963 D EGL_emulation: app_time_stats: avg=29993.87ms min=793.61ms max=59194.12ms count=2
08-26 11:00:00.115   999   999 D PeriodicJobReceiver: refresh periodic job from action=com.android.settings.battery.action.PERIODIC_JOB_UPDATE
08-26 11:00:00.115   999 14962 D BatteryUsageDataLoader: loadUsageDataSafely() in the AsyncTask
08-26 11:00:00.154   577   657 W BatteryExternalStatsWorker: error reading Bluetooth stats: 11
08-26 11:00:00.155   999   999 D PeriodicJobManager: schedule next alarm job at Aug 26, 2025, 12:00:00
08-26 11:00:00.190   577   657 D TelephonyManager: requestModemActivityInfo: Sending result to app: ModemActivityInfo{ mTimestamp=44257086 mSleepTimeMs=0 mIdleTimeMs=44256962 mActivityStatsTechSpecificInfo=[{mRat=UNKNOWN,mFrequencyRange=UNKNOWN,mTxTimeMs[]=[0, 0, 0, 0, 0],mRxTimeMs=0}]}
08-26 11:00:00.266   577   631 D KernelCpuUidUserSysTimeReader: Removing uids 10221-10221
08-26 11:00:00.441   999 14962 W DataProcessor: shouldShowBatteryAttributionList(): 0.1
08-26 11:00:00.441   999 14962 W BatteryUsageDataLoader: getBatteryEntryList() returns null or empty content
08-26 11:00:00.444   999 14962 D BatteryUsageDataLoader: getBatteryUsageStats() in 304/ms
08-26 11:00:00.491   999 14962 D DatabaseUtils: insert() data into database with isFullChargeStart:false
08-26 11:00:00.496   999 14962 D DatabaseUtils: sendBatteryEntryData() size=1 in 52/ms
08-26 11:00:00.512   999 14962 D BatteryUsageContentProvider: getQueryUserId from uri: content://com.android.settings.battery.usage.provider/appUsageLatestTimestamp?userid=0
08-26 11:00:00.514   999 14962 D BatteryUsageContentProvider: getAppUsageLatestTimestamp() for user 0 in 2/ms
08-26 11:00:00.524   999 14962 D DatabaseUtils: getAppUsageStartTimestampOfUser() userId=0 latestTimestamp=Aug 26, 2025, 09:47:55 in 12/ms
08-26 11:00:00.527   999 14962 D DataProcessor: getAppUsageEventsForUser(): 0 from 1756226875675 to 1756231200511 in 3/ms
08-26 11:00:00.532   999 14962 D DataProcessor: getAppUsageEvents() for all unlocked users in 23/ms
08-26 11:00:00.561   999 14962 W DataProcessor: Read 18 relevant events (50 total) from UsageStatsManager
08-26 11:00:00.561   999 14962 D BatteryUsageDataLoader: loadAppUsageData() size=18 in 56/ms
08-26 11:00:00.644   999 14962 D DatabaseUtils: insert() app usage events data into database
08-26 11:00:00.644   999 14962 D DatabaseUtils: sendAppUsageEventData() size=18 in 83/ms
08-26 11:00:00.663   999 14962 D BatteryUsageContentProvider: getLastFullChargeTimestamp() in 16/ms
08-26 11:00:00.664   999 14962 D DatabaseUtils: getLastFullChargeTime() lastFullChargeTime=Dec 31, 1969, 17:00:00 in 18/ms
08-26 11:00:00.664   999 14962 D DatabaseUtils: getBatteryEvents for timestamp: 1755673200000
08-26 11:00:00.664   999 14962 D BatteryUsageContentProvider: getQueryBatteryEventTypes from uri: content://com.android.settings.battery.usage.provider/BatteryEvent?timestamp=1755673200000&batteryEventType=3%2C4
08-26 11:00:00.664   999 14962 D BatteryUsageContentProvider: getQueryTimestamp from uri: content://com.android.settings.battery.usage.provider/BatteryEvent?timestamp=1755673200000&batteryEventType=3%2C4
08-26 11:00:00.668   999 14962 W BatteryUsageContentProvider: getBatteryEvents() in 4/ms
08-26 11:00:00.672   999 14962 D DatabaseUtils: getBatteryEvents size=161 in 4/ms
08-26 11:00:00.677   999 14962 D DataProcessManager: getPeriodBatteryLevelData() startTimestamp=Aug 26, 2025, 10:00:00
08-26 11:00:00.678   999 14962 D DataProcessManager: execute getBatteryLevelData in 32/ms, batteryLevelRecordEvents.size=161
08-26 11:00:00.680   999 14962 D BatteryUsageDataLoader: preprocessBatteryUsageSlots() no new battery usage data.
08-26 11:00:00.683   999 14962 D BatteryUsageDataLoader: loadUsageDataSafely() in 568/ms
08-26 11:00:02.222   896  1922 D ApfFilter: (wlan0): Adding RA fe80::2 -> ff02::1 1800s fec0::/64 86400s/14400s DNS 1200000s fec0::3 
08-26 11:00:20.053   577   686 D ActivityManager: freezing 999 com.android.settings
08-26 11:00:20.058   577   686 D ActivityManager: freezing 14175 com.android.keychain
08-26 11:00:38.205   577   677 V GrammaticalInflectionUtils: AttributionSource: android.content.AttributionSource@ce210693 does not have READ_SYSTEM_GRAMMATICAL_GENDER permission.
08-26 11:00:38.221   176   176 W vold    : There is no valid blk device path for data partition
08-26 11:00:38.221   577 15814 W StorageManagerService: Failed to get storage write record
08-26 11:00:38.221   577 15814 I SmartStorageMaintIdler: Got smart storage maintenance service completion callback
08-26 11:00:38.244   371   371 D Zygote  : Forked child process 15815
08-26 11:00:38.245   577   624 I ActivityManager: Start proc 15815:com.google.android.partnersetup/u0a137 for service {com.google.android.partnersetup/com.google.android.partnersetup.InstalledAppJobService}
08-26 11:00:38.276 15815 15815 I id.partnersetup: Using CollectorTypeCMC GC.
08-26 11:00:38.287 15815 15815 W id.partnersetup: Unexpected CPU variant for x86: x86_64.
08-26 11:00:38.287 15815 15815 W id.partnersetup: Known variants: atom, sandybridge, silvermont, goldmont, goldmont-plus, goldmont-without-sha-xsaves, tremont, kabylake, default
08-26 11:00:38.296 15815 15815 E id.partnersetup: Not starting debugger since process cannot load the jdwp agent.
08-26 11:00:38.296  1061 15802 I NetworkScheduler.Stats: (REDACTED) Task %s/%s started execution. cause:%s exec_start_elapsed_seconds: %s
08-26 11:00:38.327 15815 15815 D nativeloader: Load libframework-connectivity-tiramisu-jni.so using APEX ns com_android_tethering for caller /apex/com.android.tethering/javalib/framework-connectivity-t.jar: ok
08-26 11:00:38.351  1061 15818 I NetworkScheduler.Stats: (REDACTED) Task %s/%s started execution. cause:%s exec_start_elapsed_seconds: %s
08-26 11:00:38.354 15815 15815 D ApplicationLoaders: Returning zygote-cached class loader: /system/framework/org.apache.http.legacy.jar
08-26 11:00:38.385  1061 15703 I NetworkScheduler.Stats: (REDACTED) Task %s/%s finished executing. cause:%s result: %s elapsed_millis: %s uptime_millis: %s exec_start_elapsed_seconds: %s
08-26 11:00:38.410 15815 15815 W ziparchive: Unable to open '/data/app/~~6-FdvYFD325l_YhkcQ7GPA==/com.google.android.partnersetup-KVct0bue5NsIT2NsfzIk_Q==/split_config.en.dm': No such file or directory
08-26 11:00:38.411 15815 15815 W ziparchive: Unable to open '/data/app/~~6-FdvYFD325l_YhkcQ7GPA==/com.google.android.partnersetup-KVct0bue5NsIT2NsfzIk_Q==/split_config.en.dm': No such file or directory
08-26 11:00:38.411 15815 15815 W id.partnersetup: Entry not found
08-26 11:00:38.411 15815 15815 W ziparchive: Unable to open '/data/app/~~6-FdvYFD325l_YhkcQ7GPA==/com.google.android.partnersetup-KVct0bue5NsIT2NsfzIk_Q==/split_config.es.dm': No such file or directory
08-26 11:00:38.412 15815 15815 W ziparchive: Unable to open '/data/app/~~6-FdvYFD325l_YhkcQ7GPA==/com.google.android.partnersetup-KVct0bue5NsIT2NsfzIk_Q==/split_config.es.dm': No such file or directory
08-26 11:00:38.414 15815 15815 W id.partnersetup: Entry not found
08-26 11:00:38.415 15815 15815 W ziparchive: Unable to open '/data/app/~~6-FdvYFD325l_YhkcQ7GPA==/com.google.android.partnersetup-KVct0bue5NsIT2NsfzIk_Q==/split_config.xxhdpi.dm': No such file or directory
08-26 11:00:38.420 15815 15815 W ziparchive: Unable to open '/data/app/~~6-FdvYFD325l_YhkcQ7GPA==/com.google.android.partnersetup-KVct0bue5NsIT2NsfzIk_Q==/split_config.xxhdpi.dm': No such file or directory
08-26 11:00:38.420 15815 15815 W id.partnersetup: Entry not found
08-26 11:00:38.424 15815 15815 D nativeloader: Configuring clns-7 for other apk /data/app/~~6-FdvYFD325l_YhkcQ7GPA==/com.google.android.partnersetup-KVct0bue5NsIT2NsfzIk_Q==/base.apk:/data/app/~~6-FdvYFD325l_YhkcQ7GPA==/com.google.android.partnersetup-KVct0bue5NsIT2NsfzIk_Q==/split_config.en.apk:/data/app/~~6-FdvYFD325l_YhkcQ7GPA==/com.google.android.partnersetup-KVct0bue5NsIT2NsfzIk_Q==/split_config.es.apk:/data/app/~~6-FdvYFD325l_YhkcQ7GPA==/com.google.android.partnersetup-KVct0bue5NsIT2NsfzIk_Q==/split_config.xxhdpi.apk. target_sdk_version=36, uses_libraries=, library_path=/data/app/~~6-FdvYFD325l_YhkcQ7GPA==/com.google.android.partnersetup-KVct0bue5NsIT2NsfzIk_Q==/lib/x86_64, permitted_path=/data:/mnt/expand:/data/user/0/com.google.android.partnersetup
08-26 11:00:38.481 15815 15815 V GraphicsEnvironment: Currently set values for:
08-26 11:00:38.489 15815 15815 V GraphicsEnvironment:   angle_gl_driver_selection_pkgs=[]
08-26 11:00:38.489 15815 15815 V GraphicsEnvironment:   angle_gl_driver_selection_values=[]
08-26 11:00:38.489 15815 15815 V GraphicsEnvironment: Global.Settings values are invalid: number of packages: 0, number of values: 0
08-26 11:00:38.490 15815 15815 V GraphicsEnvironment: Neither updatable production driver nor prerelease driver is supported.
08-26 11:00:38.574  1061 15703 I NetworkScheduler.Stats: (REDACTED) Task %s/%s finished executing. cause:%s result: %s elapsed_millis: %s uptime_millis: %s exec_start_elapsed_seconds: %s
08-26 11:00:38.633 15815 15815 W id.partnersetup: Method void vf.c(android.app.Activity) failed lock verification and will run slower.
08-26 11:00:38.633 15815 15815 W id.partnersetup: Common causes for lock verification issues are non-optimized dex code
08-26 11:00:38.633 15815 15815 W id.partnersetup: and incorrect proguard optimizations.
08-26 11:00:38.640 15815 15815 W JobInfo : Job 'com.google.android.partnersetup/.PhenotypeJobService#1' has a deadline with no functional constraints. The deadline won't improve job execution latency. Consider removing the deadline.
08-26 11:00:38.647   577   895 W JobInfo : Job 'com.google.android.partnersetup/.PhenotypeJobService#1' has a deadline with no functional constraints. The deadline won't improve job execution latency. Consider removing the deadline.
08-26 11:00:38.751  1061 15703 I NetworkScheduler.Stats: (REDACTED) Task %s/%s started execution. cause:%s exec_start_elapsed_seconds: %s
08-26 11:00:38.793 15815 15831 W JobInfo : Job 'com.google.android.partnersetup/.InstalledAppJobService#4096' has a deadline with no functional constraints. The deadline won't improve job execution latency. Consider removing the deadline.
08-26 11:00:38.807   577   895 W JobInfo : Job 'com.google.android.partnersetup/.InstalledAppJobService#4096' has a deadline with no functional constraints. The deadline won't improve job execution latency. Consider removing the deadline.
08-26 11:00:38.848 15815 15815 W JobInfo : Job 'com.google.android.partnersetup/.InstalledAppJobService#4096' has a deadline with no functional constraints. The deadline won't improve job execution latency. Consider removing the deadline.
08-26 11:00:38.848   577   657 W JobInfo : Job 'com.google.android.partnersetup/.InstalledAppJobService#4096' has a deadline with no functional constraints. The deadline won't improve job execution latency. Consider removing the deadline.
08-26 11:00:38.935   577   657 W JobScheduler: Job didn't exist in JobStore: b18c74e #u0a137/4096 com.google.android.partnersetup/.InstalledAppJobService
08-26 11:00:38.990  1061  4787 D TrafficStats: tagSocket(97) with statsTag=0x5065fff, statsUid=-1
08-26 11:00:39.023  1061  4785 D StrictMode: StrictMode policy violation: android.os.strictmode.NonSdkApiUsedViolation: Ljava/security/spec/ECParameterSpec;->setCurveName(Ljava/lang/String;)V
08-26 11:00:39.023  1061  4785 D StrictMode: 	at android.os.StrictMode.lambda$static$1(StrictMode.java:436)
08-26 11:00:39.023  1061  4785 D StrictMode: 	at android.os.StrictMode$$ExternalSyntheticLambda2.accept(D8$$SyntheticClass:0)
08-26 11:00:39.023  1061  4785 D StrictMode: 	at java.lang.Class.getDeclaredMethodInternal(Native Method)
08-26 11:00:39.023  1061  4785 D StrictMode: 	at java.lang.Class.getMethod(Class.java:2945)
08-26 11:00:39.023  1061  4785 D StrictMode: 	at java.lang.Class.getDeclaredMethod(Class.java:2929)
08-26 11:00:39.023  1061  4785 D StrictMode: 	at com.google.android.gms.org.conscrypt.Platform.setCurveName(:com.google.android.gms@253031038@25.30.31 (260800-786424874):13)
08-26 11:00:39.023  1061  4785 D StrictMode: 	at com.google.android.gms.org.conscrypt.OpenSSLECGroupContext.getECParameterSpec(:com.google.android.gms@253031038@25.30.31 (260800-786424874):96)
08-26 11:00:39.023  1061  4785 D StrictMode: 	at com.google.android.gms.org.conscrypt.OpenSSLECPublicKey.getParams(:com.google.android.gms@253031038@25.30.31 (260800-786424874):3)
08-26 11:00:39.023  1061  4785 D StrictMode: 	at com.android.org.conscrypt.ChainStrengthAnalyzer.checkKeyLength(ChainStrengthAnalyzer.java:87)
08-26 11:00:39.023  1061  4785 D StrictMode: 	at com.android.org.conscrypt.ChainStrengthAnalyzer.checkCert(ChainStrengthAnalyzer.java:73)
08-26 11:00:39.023  1061  4785 D StrictMode: 	at com.android.org.conscrypt.TrustManagerImpl.checkTrustedRecursive(TrustManagerImpl.java:606)
08-26 11:00:39.023  1061  4785 D StrictMode: 	at com.android.org.conscrypt.TrustManagerImpl.checkTrusted(TrustManagerImpl.java:505)
08-26 11:00:39.023  1061  4785 D StrictMode: 	at com.android.org.conscrypt.TrustManagerImpl.checkServerTrusted(TrustManagerImpl.java:334)
08-26 11:00:39.023  1061  4785 D StrictMode: 	at android.security.net.config.NetworkSecurityTrustManager.checkServerTrusted(NetworkSecurityTrustManager.java:113)
08-26 11:00:39.023  1061  4785 D StrictMode: 	at android.security.net.config.RootTrustManager.checkServerTrusted(RootTrustManager.java:134)
08-26 11:00:39.023  1061  4785 D StrictMode: 	at java.lang.reflect.Method.invoke(Native Method)
08-26 11:00:39.023  1061  4785 D StrictMode: 	at android.net.http.X509TrustManagerExtensions.checkServerTrusted(X509TrustManagerExtensions.java:101)
08-26 11:00:39.023  1061  4785 D StrictMode: 	at m1.iy.h(:com.google.android.gms.dynamite_cronetdynamite@253031038@25.30.31 (260800-0):24)
08-26 11:00:39.023  1061  4785 D StrictMode: 	at m1.iy.b(:com.google.android.gms.dynamite_cronetdynamite@253031038@25.30.31 (260800-0):19)
08-26 11:00:39.023  1061  4785 D StrictMode: 	at org.chromium.net.AndroidNetworkLibrary.verifyServerCertificates(:com.google.android.gms.dynamite_cronetdynamite@253031038@25.30.31 (260800-0):2)
08-26 11:00:39.052  1061  4785 D StrictMode: StrictMode policy violation: android.os.strictmode.NonSdkApiUsedViolation: Ljava/security/spec/ECParameterSpec;->setCurveName(Ljava/lang/String;)V
08-26 11:00:39.052  1061  4785 D StrictMode: 	at android.os.StrictMode.lambda$static$1(StrictMode.java:436)
08-26 11:00:39.052  1061  4785 D StrictMode: 	at android.os.StrictMode$$ExternalSyntheticLambda2.accept(D8$$SyntheticClass:0)
08-26 11:00:39.052  1061  4785 D StrictMode: 	at java.lang.Class.getDeclaredMethodInternal(Native Method)
08-26 11:00:39.052  1061  4785 D StrictMode: 	at java.lang.Class.getMethod(Class.java:2945)
08-26 11:00:39.052  1061  4785 D StrictMode: 	at java.lang.Class.getDeclaredMethod(Class.java:2929)
08-26 11:00:39.052  1061  4785 D StrictMode: 	at com.google.android.gms.org.conscrypt.Platform.setCurveName(:com.google.android.gms@253031038@25.30.31 (260800-786424874):13)
08-26 11:00:39.052  1061  4785 D StrictMode: 	at com.google.android.gms.org.conscrypt.OpenSSLECGroupContext.getECParameterSpec(:com.google.android.gms@253031038@25.30.31 (260800-786424874):96)
08-26 11:00:39.052  1061  4785 D StrictMode: 	at com.google.android.gms.org.conscrypt.OpenSSLECPublicKey.getParams(:com.google.android.gms@253031038@25.30.31 (260800-786424874):3)
08-26 11:00:39.052  1061  4785 D StrictMode: 	at com.android.org.conscrypt.ChainStrengthAnalyzer.checkKeyLength(ChainStrengthAnalyzer.java:87)
08-26 11:00:39.052  1061  4785 D StrictMode: 	at com.android.org.conscrypt.ChainStrengthAnalyzer.checkCert(ChainStrengthAnalyzer.java:73)
08-26 11:00:39.052  1061  4785 D StrictMode: 	at com.android.org.conscrypt.ChainStrengthAnalyzer.check(ChainStrengthAnalyzer.java:64)
08-26 11:00:39.052  1061  4785 D StrictMode: 	at com.android.org.conscrypt.TrustManagerImpl.verifyChain(TrustManagerImpl.java:702)
08-26 11:00:39.052  1061  4785 D StrictMode: 	at com.android.org.conscrypt.TrustManagerImpl.checkTrustedRecursive(TrustManagerImpl.java:549)
08-26 11:00:39.052  1061  4785 D StrictMode: 	at com.android.org.conscrypt.TrustManagerImpl.checkTrustedRecursive(TrustManagerImpl.java:570)
08-26 11:00:39.052  1061  4785 D StrictMode: 	at com.android.org.conscrypt.TrustManagerImpl.checkTrustedRecursive(TrustManagerImpl.java:615)
08-26 11:00:39.052  1061  4785 D StrictMode: 	at com.android.org.conscrypt.TrustManagerImpl.checkTrusted(TrustManagerImpl.java:505)
08-26 11:00:39.052  1061  4785 D StrictMode: 	at com.android.org.conscrypt.TrustManagerImpl.checkServerTrusted(TrustManagerImpl.java:334)
08-26 11:00:39.052  1061  4785 D StrictMode: 	at android.security.net.config.NetworkSecurityTrustManager.checkServerTrusted(NetworkSecurityTrustManager.java:113)
08-26 11:00:39.052  1061  4785 D StrictMode: 	at android.security.net.config.RootTrustManager.checkServerTrusted(RootTrustManager.java:134)
08-26 11:00:39.052  1061  4785 D StrictMode: 	at java.lang.reflect.Method.invoke(Native Method)
08-26 11:00:39.052  1061  4785 D StrictMode: 	at android.net.http.X509TrustManagerExtensions.checkServerTrusted(X509TrustManagerExtensions.java:101)
08-26 11:00:39.052  1061  4785 D StrictMode: 	at m1.iy.h(:com.google.android.gms.dynamite_cronetdynamite@253031038@25.30.31 (260800-0):24)
08-26 11:00:39.052  1061  4785 D StrictMode: 	at m1.iy.b(:com.google.android.gms.dynamite_cronetdynamite@253031038@25.30.31 (260800-0):19)
08-26 11:00:39.052  1061  4785 D StrictMode: 	at org.chromium.net.AndroidNetworkLibrary.verifyServerCertificates(:com.google.android.gms.dynamite_cronetdynamite@253031038@25.30.31 (260800-0):2)
08-26 11:00:39.075  1061  4785 D StrictMode: StrictMode policy violation: android.os.strictmode.NonSdkApiUsedViolation: Ljava/security/spec/ECParameterSpec;->setCurveName(Ljava/lang/String;)V
08-26 11:00:39.075  1061  4785 D StrictMode: 	at android.os.StrictMode.lambda$static$1(StrictMode.java:436)
08-26 11:00:39.075  1061  4785 D StrictMode: 	at android.os.StrictMode$$ExternalSyntheticLambda2.accept(D8$$SyntheticClass:0)
08-26 11:00:39.075  1061  4785 D StrictMode: 	at java.lang.Class.getDeclaredMethodInternal(Native Method)
08-26 11:00:39.075  1061  4785 D StrictMode: 	at java.lang.Class.getMethod(Class.java:2945)
08-26 11:00:39.075  1061  4785 D StrictMode: 	at java.lang.Class.getDeclaredMethod(Class.java:2929)
08-26 11:00:39.075  1061  4785 D StrictMode: 	at com.google.android.gms.org.conscrypt.Platform.setCurveName(:com.google.android.gms@253031038@25.30.31 (260800-786424874):13)
08-26 11:00:39.075  1061  4785 D StrictMode: 	at com.google.android.gms.org.conscrypt.OpenSSLECGroupContext.getECParameterSpec(:com.google.android.gms@253031038@25.30.31 (260800-786424874):96)
08-26 11:00:39.075  1061  4785 D StrictMode: 	at com.google.android.gms.org.conscrypt.OpenSSLECPublicKey.getParams(:com.google.android.gms@253031038@25.30.31 (260800-786424874):3)
08-26 11:00:39.075  1061  4785 D StrictMode: 	at sun.security.util.KeyUtil.getKeySize(KeyUtil.java:82)
08-26 11:00:39.075  1061  4785 D StrictMode: 	at sun.security.util.DisabledAlgorithmConstraints$KeySizeConstraint.permitsImpl(DisabledAlgorithmConstraints.java:551)
08-26 11:00:39.075  1061  4785 D StrictMode: 	at sun.security.util.DisabledAlgorithmConstraints$KeySizeConstraint.permits(DisabledAlgorithmConstraints.java:518)
08-26 11:00:39.075  1061  4785 D StrictMode: 	at sun.security.util.DisabledAlgorithmConstraints$Constraints.permits(DisabledAlgorithmConstraints.java:369)
08-26 11:00:39.075  1061  4785 D StrictMode: 	at sun.security.util.DisabledAlgorithmConstraints.checkConstraints(DisabledAlgorithmConstraints.java:215)
08-26 11:00:39.075  1061  4785 D StrictMode: 	at sun.security.util.DisabledAlgorithmConstraints.permits(DisabledAlgorithmConstraints.java:140)
08-26 11:00:39.075  1061  4785 D StrictMode: 	at sun.security.provider.certpath.AlgorithmChecker.check(AlgorithmChecker.java:261)
08-26 11:00:39.075  1061  4785 D StrictMode: 	at sun.security.provider.certpath.PKIXMasterCertPathValidator.validate(PKIXMasterCertPathValidator.java:125)
08-26 11:00:39.075  1061  4785 D StrictMode: 	at sun.security.provider.certpath.PKIXCertPathValidator.validate(PKIXCertPathValidator.java:222)
08-26 11:00:39.075  1061  4785 D StrictMode: 	at sun.security.provider.certpath.PKIXCertPathValidator.validate(PKIXCertPathValidator.java:140)
08-26 11:00:39.075  1061  4785 D StrictMode: 	at sun.security.provider.certpath.PKIXCertPathValidator.engineValidate(PKIXCertPathValidator.java:79)
08-26 11:00:39.075  1061  4785 D StrictMode: 	at java.security.cert.CertPathValidator.validate(CertPathValidator.java:309)
08-26 11:00:39.075  1061  4785 D StrictMode: 	at com.android.org.conscrypt.TrustManagerImpl.verifyChain(TrustManagerImpl.java:715)
08-26 11:00:39.075  1061  4785 D StrictMode: 	at com.android.org.conscrypt.TrustManagerImpl.checkTrustedRecursive(TrustManagerImpl.java:549)
08-26 11:00:39.075  1061  4785 D StrictMode: 	at com.android.org.conscrypt.TrustManagerImpl.checkTrustedRecursive(TrustManagerImpl.java:570)
08-26 11:00:39.075  1061  4785 D StrictMode: 	at com.android.org.conscrypt.TrustManagerImpl.checkTrustedRecursive(TrustManagerImpl.java:615)
08-26 11:00:39.075  1061  4785 D StrictMode: 	at com.android.org.conscrypt.TrustManagerImpl.checkTrusted(TrustManagerImpl.java:505)
08-26 11:00:39.075  1061  4785 D StrictMode: 	at com.android.org.conscrypt.TrustManagerImpl.checkServerTrusted(TrustManagerImpl.java:334)
08-26 11:00:39.075  1061  4785 D StrictMode: 	at android.security.net.config.NetworkSecurityTrustManager.checkServerTrusted(NetworkSecurityTrustManager.java:113)
08-26 11:00:39.075  1061  4785 D StrictMode: 	at android.security.net.config.RootTrustManager.checkServerTrusted(RootTrustManager.java:134)
08-26 11:00:39.075  1061  4785 D StrictMode: 	at java.lang.reflect.Method.invoke(Native Method)
08-26 11:00:39.075  1061  4785 D StrictMode: 	at android.net.http.X509TrustManagerExtensions.checkServerTrusted(X509TrustManagerExtensions.java:101)
08-26 11:00:39.075  1061  4785 D StrictMode: 	at m1.iy.h(:com.google.android.gms.dynamite_cronetdynamite@253031038@25.30.31 (260800-0):24)
08-26 11:00:39.075  1061  4785 D StrictMode: 	at m1.iy.b(:com.google.android.gms.dynamite_cronetdynamite@253031038@25.30.31 (260800-0):19)
08-26 11:00:39.075  1061  4785 D StrictMode: 	at org.chromium.net.AndroidNetworkLibrary.verifyServerCertificates(:com.google.android.gms.dynamite_cronetdynamite@253031038@25.30.31 (260800-0):2)
08-26 11:00:39.091  1061  4785 D StrictMode: StrictMode policy violation: android.os.strictmode.NonSdkApiUsedViolation: Ljava/security/spec/ECParameterSpec;->setCurveName(Ljava/lang/String;)V
08-26 11:00:39.091  1061  4785 D StrictMode: 	at android.os.StrictMode.lambda$static$1(StrictMode.java:436)
08-26 11:00:39.091  1061  4785 D StrictMode: 	at android.os.StrictMode$$ExternalSyntheticLambda2.accept(D8$$SyntheticClass:0)
08-26 11:00:39.091  1061  4785 D StrictMode: 	at java.lang.Class.getDeclaredMethodInternal(Native Method)
08-26 11:00:39.091  1061  4785 D StrictMode: 	at java.lang.Class.getMethod(Class.java:2945)
08-26 11:00:39.091  1061  4785 D StrictMode: 	at java.lang.Class.getDeclaredMethod(Class.java:2929)
08-26 11:00:39.091  1061  4785 D StrictMode: 	at com.google.android.gms.org.conscrypt.Platform.setCurveName(:com.google.android.gms@253031038@25.30.31 (260800-786424874):13)
08-26 11:00:39.091  1061  4785 D StrictMode: 	at com.google.android.gms.org.conscrypt.OpenSSLECGroupContext.getECParameterSpec(:com.google.android.gms@253031038@25.30.31 (260800-786424874):96)
08-26 11:00:39.091  1061  4785 D StrictMode: 	at com.google.android.gms.org.conscrypt.OpenSSLECPublicKey.getParams(:com.google.android.gms@253031038@25.30.31 (260800-786424874):3)
08-26 11:00:39.091  1061  4785 D StrictMode: 	at sun.security.util.KeyUtil.getKeySize(KeyUtil.java:82)
08-26 11:00:39.091  1061  4785 D StrictMode: 	at sun.security.util.DisabledAlgorithmConstraints$KeySizeConstraint.permitsImpl(DisabledAlgorithmConstraints.java:551)
08-26 11:00:39.091  1061  4785 D StrictMode: 	at sun.security.util.DisabledAlgorithmConstraints$KeySizeConstraint.permits(DisabledAlgorithmConstraints.java:542)
08-26 11:00:39.091  1061  4785 D StrictMode: 	at sun.security.util.DisabledAlgorithmConstraints$Constraints.permits(DisabledAlgorithmConstraints.java:332)
08-26 11:00:39.091  1061  4785 D StrictMode: 	at sun.security.util.DisabledAlgorithmConstraints.checkConstraints(DisabledAlgorithmConstraints.java:185)
08-26 11:00:39.091  1061  4785 D StrictMode: 	at sun.security.util.DisabledAlgorithmConstraints.permits(DisabledAlgorithmConstraints.java:128)
08-26 11:00:39.091  1061  4785 D StrictMode: 	at sun.security.provider.certpath.AlgorithmChecker.check(AlgorithmChecker.java:306)
08-26 11:00:39.091  1061  4785 D StrictMode: 	at sun.security.provider.certpath.PKIXMasterCertPathValidator.validate(PKIXMasterCertPathValidator.java:125)
08-26 11:00:39.091  1061  4785 D StrictMode: 	at sun.security.provider.certpath.PKIXCertPathValidator.validate(PKIXCertPathValidator.java:222)
08-26 11:00:39.091  1061  4785 D StrictMode: 	at sun.security.provider.certpath.PKIXCertPathValidator.validate(PKIXCertPathValidator.java:140)
08-26 11:00:39.091  1061  4785 D StrictMode: 	at sun.security.provider.certpath.PKIXCertPathValidator.engineValidate(PKIXCertPathValidator.java:79)
08-26 11:00:39.091  1061  4785 D StrictMode: 	at java.security.cert.CertPathValidator.validate(CertPathValidator.java:309)
08-26 11:00:39.091  1061  4785 D StrictMode: 	at com.android.org.conscrypt.TrustManagerImpl.verifyChain(TrustManagerImpl.java:715)
08-26 11:00:39.091  1061  4785 D StrictMode: 	at com.android.org.conscrypt.TrustManagerImpl.checkTrustedRecursive(TrustManagerImpl.java:549)
08-26 11:00:39.091  1061  4785 D StrictMode: 	at com.android.org.conscrypt.TrustManagerImpl.checkTrustedRecursive(TrustManagerImpl.java:570)
08-26 11:00:39.091  1061  4785 D StrictMode: 	at com.android.org.conscrypt.TrustManagerImpl.checkTrustedRecursive(TrustManagerImpl.java:615)
08-26 11:00:39.091  1061  4785 D StrictMode: 	at com.android.org.conscrypt.TrustManagerImpl.checkTrusted(TrustManagerImpl.java:505)
08-26 11:00:39.091  1061  4785 D StrictMode: 	at com.android.org.conscrypt.TrustManagerImpl.checkServerTrusted(TrustManagerImpl.java:334)
08-26 11:00:39.091  1061  4785 D StrictMode: 	at android.security.net.config.NetworkSecurityTrustManager.checkServerTrusted(NetworkSecurityTrustManager.java:113)
08-26 11:00:39.091  1061  4785 D StrictMode: 	at android.security.net.config.RootTrustManager.checkServerTrusted(RootTrustManager.java:134)
08-26 11:00:39.091  1061  4785 D StrictMode: 	at java.lang.reflect.Method.invoke(Native Method)
08-26 11:00:39.091  1061  4785 D StrictMode: 	at android.net.http.X509TrustManagerExtensions.checkServerTrusted(X509TrustManagerExtensions.java:101)
08-26 11:00:39.091  1061  4785 D StrictMode: 	at m1.iy.h(:com.google.android.gms.dynamite_cronetdynamite@253031038@25.30.31 (260800-0):24)
08-26 11:00:39.091  1061  4785 D StrictMode: 	at m1.iy.b(:com.google.android.gms.dynamite_cronetdynamite@253031038@25.30.31 (260800-0):19)
08-26 11:00:39.091  1061  4785 D StrictMode: 	at org.chromium.net.AndroidNetworkLibrary.verifyServerCertificates(:com.google.android.gms.dynamite_cronetdynamite@253031038@25.30.31 (260800-0):2)
08-26 11:00:39.112  1061  4787 D TrafficStats: tagSocket(139) with statsTag=0x5065fff, statsUid=-1
08-26 11:00:39.145 15815 15815 I GooglePartnerSetup: Phenotype client.register successes
08-26 11:00:39.145 15815 15815 W JobInfo : Job 'com.google.android.partnersetup/.PhenotypeJobService#2' has a deadline with no functional constraints. The deadline won't improve job execution latency. Consider removing the deadline.
08-26 11:00:39.157   577  1657 W JobInfo : Job 'com.google.android.partnersetup/.PhenotypeJobService#2' has a deadline with no functional constraints. The deadline won't improve job execution latency. Consider removing the deadline.
08-26 11:00:39.291 15815 15831 I GooglePartnerSetup: Phenotype commit successes
08-26 11:00:39.291 15815 15831 W JobInfo : Job 'com.google.android.partnersetup/.ClientIdJobService#8192' has a deadline with no functional constraints. The deadline won't improve job execution latency. Consider removing the deadline.
08-26 11:00:39.292   577  1657 W JobInfo : Job 'com.google.android.partnersetup/.ClientIdJobService#8192' has a deadline with no functional constraints. The deadline won't improve job execution latency. Consider removing the deadline.
08-26 11:00:39.421   577   657 D ActivityManager: sync unfroze 11683 com.google.android.gms for 7
08-26 11:00:39.444 11683 11683 D BoundBrokerSvc: onUnbind: Intent { act=com.google.android.gms.common.BIND_SHARED_PREFS pkg=com.google.android.gms }
08-26 11:00:39.479   577   657 W ProcessStats: Tracking association SourceState{db80e53 com.google.android.partnersetup/10137 ImpBg #13649} whose proc state 6 is better than process ProcessState{957d1ee com.google.android.gms/10144 pkg=com.google.android.gms} proc state 14 (0 skipped)
08-26 11:00:39.566  1061  4787 D TrafficStats: tagSocket(5) with statsTag=0x5065fff, statsUid=10145
08-26 11:00:39.791  1061  4787 D TrafficStats: tagSocket(136) with statsTag=0x5065fff, statsUid=10140
08-26 11:00:40.015   577   623 D ActivityManager: sync unfroze 3556 com.google.android.adservices.api for 3
08-26 11:00:40.019   577   623 D ActivityManager: sync unfroze 12047 com.android.vending for 3
08-26 11:00:40.026   577   623 D ActivityManager: sync unfroze 15201 com.android.chrome for 3
08-26 11:00:40.068  1061 15818 I NetworkScheduler.Stats: (REDACTED) Task %s/%s finished executing. cause:%s result: %s elapsed_millis: %s uptime_millis: %s exec_start_elapsed_seconds: %s
08-26 11:00:40.080   470  4257 W IPCThreadState: Sending oneway calls to frozen process.
08-26 11:00:40.108 12047 12047 I Finsky  : [2] Memory trim requested to level 40
08-26 11:00:40.152 12047 12047 I Finsky  : [2] Flushing in-memory image cache
08-26 11:00:40.156 12047 12047 I Finsky  : [2] Memory trim requested to level 40
08-26 11:00:40.156 12047 12047 I Finsky  : [2] Flushing in-memory image cache
08-26 11:00:40.289  1061  1067 I .gms.persistent: Background concurrent mark compact GC freed 12MB AllocSpace bytes, 10(320KB) LOS objects, 49% free, 13MB/27MB, paused 7.833ms,23.733ms total 344.971ms
08-26 11:00:40.320  1061  1069 W .gms.persistent: ApkAssets: Deleting an ApkAssets object '<empty> and /product/priv-app/SafetyHubPrebuilt/SafetyHubPrebuilt.apk' with 1 weak references
08-26 11:00:40.328  1061  1069 W .gms.persistent: ApkAssets: Deleting an ApkAssets object '<empty> and /data/app/~~gIlSqoJmZzmNeMFcOlJ_bA==/com.google.android.calendar-7MS3_UUho3WLBQzC7dwIGw==/base.apk' with 1 weak references
08-26 11:00:40.328  1061  1069 W .gms.persistent: ApkAssets: Deleting an ApkAssets object '<empty> and /data/app/~~gIlSqoJmZzmNeMFcOlJ_bA==/com.google.android.calendar-7MS3_UUho3WLBQzC7dwIGw==/split_config.en.apk' with 1 weak references
08-26 11:00:40.328  1061  1069 W .gms.persistent: ApkAssets: Deleting an ApkAssets object '<empty> and /data/app/~~gIlSqoJmZzmNeMFcOlJ_bA==/com.google.android.calendar-7MS3_UUho3WLBQzC7dwIGw==/split_config.x86_64.apk' with 1 weak references
08-26 11:00:40.328  1061  1069 W .gms.persistent: ApkAssets: Deleting an ApkAssets object '<empty> and /data/app/~~gIlSqoJmZzmNeMFcOlJ_bA==/com.google.android.calendar-7MS3_UUho3WLBQzC7dwIGw==/split_config.xxhdpi.apk' with 1 weak references
08-26 11:00:40.328  1061  1069 W .gms.persistent: ApkAssets: Deleting an ApkAssets object '<empty> and /data/app/~~vm_yt58k8Wr8vq83BwIbDw==/com.skyfire.solarapp-dKQveIH_pwodh9KASnwkAw==/base.apk' with 1 weak references
08-26 11:00:40.328  1061  1069 W .gms.persistent: ApkAssets: Deleting an ApkAssets object '<empty> and /data/app/~~6-FdvYFD325l_YhkcQ7GPA==/com.google.android.partnersetup-KVct0bue5NsIT2NsfzIk_Q==/base.apk' with 1 weak references
08-26 11:00:40.328  1061  1069 W .gms.persistent: ApkAssets: Deleting an ApkAssets object '<empty> and /data/app/~~6-FdvYFD325l_YhkcQ7GPA==/com.google.android.partnersetup-KVct0bue5NsIT2NsfzIk_Q==/split_config.en.apk' with 1 weak references
08-26 11:00:40.328  1061  1069 W .gms.persistent: ApkAssets: Deleting an ApkAssets object '<empty> and /data/app/~~6-FdvYFD325l_YhkcQ7GPA==/com.google.android.partnersetup-KVct0bue5NsIT2NsfzIk_Q==/split_config.es.apk' with 1 weak references
08-26 11:00:40.328  1061  1069 W .gms.persistent: ApkAssets: Deleting an ApkAssets object '<empty> and /data/app/~~6-FdvYFD325l_YhkcQ7GPA==/com.google.android.partnersetup-KVct0bue5NsIT2NsfzIk_Q==/split_config.xxhdpi.apk' with 1 weak references
08-26 11:00:40.563 15201 15255 W chromium: [WARNING:net/cert/ev_root_ca_metadata.cc:119] Not implemented
08-26 11:00:40.578 12047 12047 I Finsky  : [2] Memory trim requested to level 40
08-26 11:00:40.578 12047 12047 I Finsky  : [2] Flushing in-memory image cache
08-26 11:00:40.583   470  4257 W IPCThreadState: Sending oneway calls to frozen process.
08-26 11:00:45.206 11683 11683 D BoundBrokerSvc: onUnbind: Intent { act=com.google.android.gms.safebrowsing.SafeBrowsingService.START dat=chimera-action:/... cmp=com.google.android.gms/.chimera.GmsBoundBrokerService }
08-26 11:00:45.209 11683 11683 D BoundBrokerSvc: onUnbind: Intent { act=com.google.android.gms.auth.key.retrieval.service.START dat=chimera-action:/... cmp=com.google.android.gms/.chimera.GmsApiService }
08-26 11:00:45.243 11683 11683 D BoundBrokerSvc: onUnbind: Intent { act=com.google.android.gms.credential.manager.service.firstparty.START dat=chimera-action:/... cmp=com.google.android.gms/.chimera.GmsApiService }
08-26 11:00:45.294 11683 11683 D BoundBrokerSvc: onBind: Intent { act=com.google.android.gms.chromesync.service.firstparty.START dat=chimera-action:/... cmp=com.google.android.gms/.chimera.GmsApiService }
08-26 11:00:45.294 11683 11683 D BoundBrokerSvc: Loading bound service for intent: Intent { act=com.google.android.gms.chromesync.service.firstparty.START dat=chimera-action:/... cmp=com.google.android.gms/.chimera.GmsApiService }
08-26 11:00:45.495   577   749 D InetDiagMessage: Destroyed 0 sockets, proto=IPPROTO_TCP, family=AF_INET, states=14
08-26 11:00:45.496   577   749 D InetDiagMessage: Destroyed 0 sockets, proto=IPPROTO_TCP, family=AF_INET6, states=14
08-26 11:00:45.496   577   749 D InetDiagMessage: Destroyed live tcp sockets for uids={10137} in 2ms
08-26 11:00:45.499   577   749 D InetDiagMessage: Destroyed 0 sockets, proto=IPPROTO_TCP, family=AF_INET, states=14
08-26 11:00:45.503   577   749 D InetDiagMessage: Destroyed 0 sockets, proto=IPPROTO_TCP, family=AF_INET6, states=14
08-26 11:00:45.504   577   749 D InetDiagMessage: Destroyed live tcp sockets for uids={20137} in 8ms
08-26 11:00:45.584   577   749 D InetDiagMessage: Destroyed 0 sockets, proto=IPPROTO_TCP, family=AF_INET, states=14
08-26 11:00:45.588   577   749 D InetDiagMessage: Destroyed 0 sockets, proto=IPPROTO_TCP, family=AF_INET6, states=14
08-26 11:00:45.588   577   749 D InetDiagMessage: Destroyed live tcp sockets for uids={10189} in 6ms
08-26 11:00:45.594   577   749 D InetDiagMessage: Destroyed 0 sockets, proto=IPPROTO_TCP, family=AF_INET, states=14
08-26 11:00:45.595   577   749 D InetDiagMessage: Destroyed 0 sockets, proto=IPPROTO_TCP, family=AF_INET6, states=14
08-26 11:00:45.598   577   749 D InetDiagMessage: Destroyed live tcp sockets for uids={20189} in 5ms
08-26 11:00:45.599   577   749 D InetDiagMessage: Destroyed 0 sockets, proto=IPPROTO_TCP, family=AF_INET, states=14
08-26 11:00:45.608   577   749 D InetDiagMessage: Destroyed 1 sockets, proto=IPPROTO_TCP, family=AF_INET6, states=14
08-26 11:00:45.608   577   749 D InetDiagMessage: Destroyed live tcp sockets for uids={10146} in 9ms
08-26 11:00:45.614   577   749 D InetDiagMessage: Destroyed 0 sockets, proto=IPPROTO_TCP, family=AF_INET, states=14
08-26 11:00:45.615   577   749 D InetDiagMessage: Destroyed 0 sockets, proto=IPPROTO_TCP, family=AF_INET6, states=14
08-26 11:00:45.616   577   749 D InetDiagMessage: Destroyed live tcp sockets for uids={20146} in 8ms
08-26 11:00:45.721 15815 15849 V ClearcutMetricXmitter: Transmission is done.
08-26 11:00:45.722 15815 15826 V ClearcutMetricXmitter: Transmission is done.
08-26 11:00:50.536   577   686 D ActivityManager: freezing 15815 com.google.android.partnersetup
08-26 11:00:50.559   577   749 D InetDiagMessage: Destroyed 0 sockets, proto=IPPROTO_TCP, family=AF_INET, states=14
08-26 11:00:50.569   577   749 D InetDiagMessage: Destroyed 0 sockets, proto=IPPROTO_TCP, family=AF_INET6, states=14
08-26 11:00:50.570   577   749 D InetDiagMessage: Destroyed live tcp sockets for uids={10137} in 16ms
