08-26 11:57:15.340  2196  2417 D WM-NetworkStateTracker: Network capabilities changed: [ Transports: WIFI Capabilities: NOT_METERED&INTERNET&NOT_RESTRICTED&TRUSTED&NOT_VPN&VALIDATED&NOT_ROAMING&FOREGROUND&NOT_CONGESTED&NOT_SUSPENDED&NOT_VCN_MANAGED&NOT_BANDWIDTH_CONSTRAINED LinkUpBandwidth>=12000Kbps LinkDnBandwidth>=30000Kbps TransportInfo: <SSID: <unknown ssid>, BSSID: 02:00:00:00:00:00, MAC: 02:00:00:00:00:00, IP: /10.0.2.16, Security type: 0, Supplicant state: COMPLETED, Wi-Fi standard: legacy, RSSI: -50, Link speed: 1Mbps, Tx Link speed: 1Mbps, Max Supported Tx Link speed: 11Mbps, Rx Link speed: 2Mbps, Max Supported Rx Link speed: 11Mbps, Frequency: 2447MHz, Net ID: -1, Metered hint: false, score: 60, isUsable: true, CarrierMerged: false, SubscriptionId: -1, IsPrimary: -1, Trusted: true, Restricted: false, Ephemeral: false, OEM paid: false, OEM private: false, OSU AP: false, FQDN: <none>, Provider friendly name: <none>, Requesting package name: <none><none>MLO Information: , Is TID-To-Link negotiation supported by the AP: false, AP MLD Address: <none>, AP MLO Link Id: <none>, AP MLO Affiliated links: <none>, Vendor Data: <none>> SignalStrength: -50 UnderlyingNetworks: Null]
08-26 11:57:15.347  1393  1970 I BugleRcsEngine: Connected state: [1], networkType: [WIFI] [CONTEXT thread_id=58 ]
08-26 11:57:15.352   577   749 W IPCThreadState: Sending oneway calls to frozen process.
08-26 11:57:15.357   577   749 W IPCThreadState: Sending oneway calls to frozen process.
08-26 11:57:15.357   577   749 W IPCThreadState: Sending oneway calls to frozen process.
08-26 11:57:15.357   577   749 W IPCThreadState: Sending oneway calls to frozen process.
08-26 11:57:15.364   577   749 W IPCThreadState: Sending oneway calls to frozen process.
08-26 11:57:15.364   577   749 W IPCThreadState: Sending oneway calls to frozen process.
08-26 11:57:15.369   577   749 W IPCThreadState: Sending oneway calls to frozen process.
08-26 11:57:15.370   577   749 W IPCThreadState: Sending oneway calls to frozen process.
08-26 11:57:15.371   577   749 W IPCThreadState: Sending oneway calls to frozen process.
08-26 11:57:15.371   577   749 W IPCThreadState: Sending oneway calls to frozen process.
08-26 11:57:15.371   577   749 W IPCThreadState: Sending oneway calls to frozen process.
08-26 11:57:15.371  1393  2177 I BugleRcsEngine: No RCS Configuration was found in Bugle for simID: redacted-pii:sim_id[chars:20,last3:897] [CONTEXT log_prefix="ProvisioningEngineDataRetriever" thread_id=64 ]
08-26 11:57:15.371   577   749 W IPCThreadState: Sending oneway calls to frozen process.
08-26 11:57:15.395  1061  1889 I NullBinder: NullBinder for android.net.action.RECOMMEND_NETWORKS triggering remote TransactionTooLargeException due to Service without Chimera impl, calling uid: 1000, calling pid: 0
08-26 11:57:15.395  1061  1889 W .gms.persistent: Large reply transaction of 1056768 bytes, interface descriptor , code 1
08-26 11:57:22.264   577  1669 D WifiNl80211Manager: Scan result ready event
08-26 11:57:22.264   577  1669 D WifiNative: Scan result ready event
08-26 11:57:22.290   577   742 I HalDevMgr: bestIfaceCreationProposal is null, requestIface=STA, existingIface=[name=wlan0 type=STA]
08-26 11:57:24.378  2196  2417 D WM-NetworkStateTracker: Network capabilities changed: [ Transports: WIFI Capabilities: NOT_METERED&INTERNET&NOT_RESTRICTED&TRUSTED&NOT_VPN&VALIDATED&NOT_ROAMING&FOREGROUND&NOT_CONGESTED&NOT_SUSPENDED&NOT_VCN_MANAGED&NOT_BANDWIDTH_CONSTRAINED LinkUpBandwidth>=12000Kbps LinkDnBandwidth>=30000Kbps TransportInfo: <SSID: <unknown ssid>, BSSID: 02:00:00:00:00:00, MAC: 02:00:00:00:00:00, IP: /10.0.2.16, Security type: 0, Supplicant state: COMPLETED, Wi-Fi standard: legacy, RSSI: -50, Link speed: 11Mbps, Tx Link speed: 11Mbps, Max Supported Tx Link speed: 11Mbps, Rx Link speed: 2Mbps, Max Supported Rx Link speed: 11Mbps, Frequency: 2447MHz, Net ID: -1, Metered hint: false, score: 60, isUsable: true, CarrierMerged: false, SubscriptionId: -1, IsPrimary: -1, Trusted: true, Restricted: false, Ephemeral: false, OEM paid: false, OEM private: false, OSU AP: false, FQDN: <none>, Provider friendly name: <none>, Requesting package name: <none><none>MLO Information: , Is TID-To-Link negotiation supported by the AP: false, AP MLD Address: <none>, AP MLO Link Id: <none>, AP MLO Affiliated links: <none>, Vendor Data: <none>> SignalStrength: -50 UnderlyingNetworks: Null]
08-26 11:57:24.379  1393  2177 I BugleRcsEngine: handleMessage processing message:[NOTIFY_UPTIME_IGNORE_STATE_CHANGED] with [non-null]:RcsEngineImpl reference [CONTEXT log_prefix="RcsEngineImpl[DUAL_REG]:[bba92579-0eec]>Handler" thread_id=64 ]
08-26 11:57:24.380   577   749 W IPCThreadState: Sending oneway calls to frozen process.
08-26 11:57:24.380   577   749 W IPCThreadState: Sending oneway calls to frozen process.
08-26 11:57:24.380   577   749 W IPCThreadState: Sending oneway calls to frozen process.
08-26 11:57:24.380   577   749 W IPCThreadState: Sending oneway calls to frozen process.
08-26 11:57:24.380  1393  1970 I BugleRcsEngine: Connected state: [1], networkType: [WIFI] [CONTEXT thread_id=58 ]
08-26 11:57:24.380   577   749 W IPCThreadState: Sending oneway calls to frozen process.
08-26 11:57:24.380   577   749 W IPCThreadState: Sending oneway calls to frozen process.
08-26 11:57:24.380   577   749 W IPCThreadState: Sending oneway calls to frozen process.
08-26 11:57:24.380   577   749 W IPCThreadState: Sending oneway calls to frozen process.
08-26 11:57:24.380   577   749 W IPCThreadState: Sending oneway calls to frozen process.
08-26 11:57:24.380   577   749 W IPCThreadState: Sending oneway calls to frozen process.
08-26 11:57:24.388   577   749 W IPCThreadState: Sending oneway calls to frozen process.
08-26 11:57:24.388   577   749 W IPCThreadState: Sending oneway calls to frozen process.
08-26 11:57:24.404  1393  2177 I BugleRcsEngine: No RCS Configuration was found in Bugle for simID: redacted-pii:sim_id[chars:20,last3:897] [CONTEXT log_prefix="ProvisioningEngineDataRetriever" thread_id=64 ]
08-26 11:57:24.411  1061  1889 I NullBinder: NullBinder for android.net.action.RECOMMEND_NETWORKS triggering remote TransactionTooLargeException due to Service without Chimera impl, calling uid: 1000, calling pid: 0
08-26 11:57:24.412  1061  1889 W .gms.persistent: Large reply transaction of 1056768 bytes, interface descriptor , code 1
08-26 11:57:52.669 16448 16448 E Parcel  : Reading a NULL string not supported here.
08-26 11:57:52.763 16448 16448 W service : type=1400 audit(0.0:1423): avc:  denied  { call } for  scontext=u:r:shell:s0 tcontext=u:r:hal_authsecret_default:s0 tclass=binder permissive=0
08-26 11:57:52.781 16448 16448 E IPCThreadState: Binder transaction failure. id: 6552540, BR_*: 29201, error: -1 (Operation not permitted)
08-26 11:57:52.779 16448 16448 W service : type=1400 audit(0.0:1424): avc:  denied  { call } for  scontext=u:r:shell:s0 tcontext=u:r:hal_face_default:s0 tclass=binder permissive=0
08-26 11:57:52.823 16448 16448 E IPCThreadState: Binder transaction failure. id: 6552545, BR_*: 29201, error: -1 (Operation not permitted)
08-26 11:57:52.842 16448 16448 E IPCThreadState: Binder transaction failure. id: 6552552, BR_*: 29201, error: -1 (Operation not permitted)
08-26 11:57:52.819 16448 16448 W service : type=1400 audit(0.0:1425): avc:  denied  { call } for  scontext=u:r:shell:s0 tcontext=u:r:hal_fingerprint_default:s0 tclass=binder permissive=0
08-26 11:57:52.876 16448 16448 E IPCThreadState: Binder transaction failure. id: 6552556, BR_*: 29201, error: -1 (Operation not permitted)
08-26 11:57:52.843 16448 16448 W service : type=1400 audit(0.0:1426): avc:  denied  { call } for  scontext=u:r:shell:s0 tcontext=u:r:hal_bluetooth_default:s0 tclass=binder permissive=0
08-26 11:57:52.883 16448 16448 W service : type=1400 audit(0.0:1427): avc:  denied  { call } for  scontext=u:r:shell:s0 tcontext=u:r:hal_audio_default:s0 tclass=binder permissive=0
08-26 11:57:52.932 16448 16448 E IPCThreadState: Binder transaction failure. id: 6552563, BR_*: 29201, error: -1 (Operation not permitted)
08-26 11:57:52.947 16448 16448 E IPCThreadState: Binder transaction failure. id: 6552569, BR_*: 29201, error: -1 (Operation not permitted)
08-26 11:57:52.964 16448 16448 E IPCThreadState: Binder transaction failure. id: 6552574, BR_*: 29201, error: -1 (Operation not permitted)
08-26 11:57:52.965 16448 16448 E IPCThreadState: Binder transaction failure. id: 6552583, BR_*: 29201, error: -1 (Operation not permitted)
08-26 11:57:52.973 16448 16448 E IPCThreadState: Binder transaction failure. id: 6552593, BR_*: 29201, error: -1 (Operation not permitted)
08-26 11:57:52.939 16448 16448 W service : type=1400 audit(0.0:1428): avc:  denied  { call } for  scontext=u:r:shell:s0 tcontext=u:r:hal_camera_default:s0 tclass=binder permissive=0
08-26 11:57:52.963 16448 16448 W service : type=1400 audit(0.0:1429): avc:  denied  { call } for  scontext=u:r:shell:s0 tcontext=u:r:hal_camera_default:s0 tclass=binder permissive=0
08-26 11:57:53.022 16448 16448 E IPCThreadState: Binder transaction failure. id: 6552597, BR_*: 29201, error: -1 (Operation not permitted)
08-26 11:57:52.963 16448 16448 W service : type=1400 audit(0.0:1430): avc:  denied  { call } for  scontext=u:r:shell:s0 tcontext=u:r:hal_contexthub_default:s0 tclass=binder permissive=0
08-26 11:57:53.030 16448 16448 E IPCThreadState: Binder transaction failure. id: 6552608, BR_*: 29201, error: -1 (Operation not permitted)
08-26 11:57:53.037 16448 16448 E IPCThreadState: Binder transaction failure. id: 6552613, BR_*: 29201, error: -1 (Operation not permitted)
08-26 11:57:53.068 16448 16448 E IPCThreadState: Binder transaction failure. id: 6552639, BR_*: 29201, error: -1 (Operation not permitted)
08-26 11:57:53.072 16448 16448 E IPCThreadState: Binder transaction failure. id: 6552643, BR_*: 29201, error: -1 (Operation not permitted)
08-26 11:57:53.082 16448 16448 E IPCThreadState: Binder transaction failure. id: 6552647, BR_*: 29201, error: -1 (Operation not permitted)
08-26 11:57:53.094 16448 16448 E IPCThreadState: Binder transaction failure. id: 6552652, BR_*: 29201, error: -1 (Operation not permitted)
08-26 11:57:52.963 16448 16448 W service : type=1400 audit(0.0:1431): avc:  denied  { call } for  scontext=u:r:shell:s0 tcontext=u:r:hal_gnss_default:s0 tclass=binder permissive=0
08-26 11:57:53.094 16448 16448 E IPCThreadState: Binder transaction failure. id: 6552656, BR_*: 29201, error: -1 (Operation not permitted)
08-26 11:57:53.095 16448 16448 E IPCThreadState: Binder transaction failure. id: 6552660, BR_*: 29201, error: -1 (Operation not permitted)
08-26 11:57:53.102 16448 16448 E IPCThreadState: Binder transaction failure. id: 6552664, BR_*: 29201, error: -1 (Operation not permitted)
08-26 11:57:53.103 16448 16448 E IPCThreadState: Binder transaction failure. id: 6552668, BR_*: 29201, error: -1 (Operation not permitted)
08-26 11:57:53.103 16448 16448 E IPCThreadState: Binder transaction failure. id: 6552672, BR_*: 29201, error: -1 (Operation not permitted)
08-26 11:57:53.112 16448 16448 E IPCThreadState: Binder transaction failure. id: 6552676, BR_*: 29201, error: -1 (Operation not permitted)
08-26 11:57:53.120 16448 16448 E IPCThreadState: Binder transaction failure. id: 6552681, BR_*: 29201, error: -1 (Operation not permitted)
08-26 11:57:53.121 16448 16448 E IPCThreadState: Binder transaction failure. id: 6552685, BR_*: 29201, error: -1 (Operation not permitted)
08-26 11:57:53.180 16448 16448 E IPCThreadState: Binder transaction failure. id: 6552703, BR_*: 29201, error: -1 (Operation not permitted)
08-26 11:57:53.192 16448 16448 E IPCThreadState: Binder transaction failure. id: 6552708, BR_*: 29201, error: -1 (Operation not permitted)
08-26 11:57:53.198 16448 16448 E IPCThreadState: Binder transaction failure. id: 6552712, BR_*: 29201, error: -1 (Operation not permitted)
08-26 11:57:53.206 16448 16448 E IPCThreadState: Binder transaction failure. id: 6552717, BR_*: 29201, error: -1 (Operation not permitted)
08-26 11:57:53.210 16448 16448 E IPCThreadState: Binder transaction failure. id: 6552721, BR_*: 29201, error: -1 (Operation not permitted)
08-26 11:57:53.213 16448 16448 E IPCThreadState: Binder transaction failure. id: 6552725, BR_*: 29201, error: -1 (Operation not permitted)
08-26 11:57:53.263 16448 16448 E IPCThreadState: Binder transaction failure. id: 6552774, BR_*: 29201, error: -1 (Operation not permitted)
08-26 11:57:53.266 16448 16448 E IPCThreadState: Binder transaction failure. id: 6552778, BR_*: 29201, error: -1 (Operation not permitted)
08-26 11:57:53.270 16448 16448 E IPCThreadState: Binder transaction failure. id: 6552782, BR_*: 29201, error: -1 (Operation not permitted)
08-26 11:57:53.295 16346 16348 I AidlLazyServiceRegistrar: Process has 2 (of 2 available) client(s) in use after notification android.system.virtualizationservice has clients: 1
08-26 11:57:53.295 16448 16448 E IPCThreadState: Binder transaction failure. id: 6552789, BR_*: 29201, error: -1 (Operation not permitted)
08-26 11:57:53.304 16448 16448 E Parcel  : Reading a NULL string not supported here.
08-26 11:57:53.359 16448 16448 E IPCThreadState: Binder transaction failure. id: 6552832, BR_*: 29201, error: -1 (Operation not permitted)
08-26 11:57:53.395 16448 16448 E Parcel  : Reading a NULL string not supported here.
08-26 11:57:53.420 16448 16448 E Parcel  : Reading a NULL string not supported here.
08-26 11:57:53.454 16448 16448 E Parcel  : Reading a NULL string not supported here.
08-26 11:57:53.523 16448 16448 E Parcel  : Reading a NULL string not supported here.
08-26 11:57:53.546 16346 16348 I AidlLazyServiceRegistrar: Process has 1 (of 2 available) client(s) in use after notification android.system.virtualizationservice has clients: 0
08-26 11:57:53.559 16448 16448 E Parcel  : Reading a NULL string not supported here.
08-26 11:57:53.576 16448 16448 E Parcel  : Reading a NULL string not supported here.
08-26 11:57:53.615 16448 16448 E Parcel  : Reading a NULL string not supported here.
08-26 11:57:53.616 16448 16448 E Parcel  : Reading a NULL string not supported here.
08-26 11:57:53.680 16448 16448 E Parcel  : Reading a NULL string not supported here.
08-26 11:57:53.725 16448 16448 E Parcel  : Reading a NULL string not supported here.
08-26 11:57:53.862 16448 16448 E Parcel  : Reading a NULL string not supported here.
08-26 11:57:53.885 16448 16448 E Parcel  : Reading a NULL string not supported here.
08-26 11:57:53.997 16448 16448 E Parcel  : Reading a NULL string not supported here.
08-26 11:57:54.095 16448 16448 E Parcel  : Reading a NULL string not supported here.
08-26 11:57:54.274 16448 16448 E Parcel  : Reading a NULL string not supported here.
08-26 11:57:54.359 16448 16448 E Parcel  : Reading a NULL string not supported here.
08-26 11:57:54.459 16448 16448 E Parcel  : Reading a NULL string not supported here.
08-26 11:57:54.498 16448 16448 E Parcel  : Reading a NULL string not supported here.
08-26 11:57:54.663 16448 16448 E IPCThreadState: Binder transaction failure. id: 6553984, BR_*: 29201, error: -1 (Operation not permitted)
08-26 11:57:54.659 16448 16448 W service : type=1400 audit(0.0:1459): avc:  denied  { call } for  scontext=u:r:shell:s0 tcontext=u:r:wificond:s0 tclass=binder permissive=0
08-26 11:57:54.747 16450 16450 E Parcel  : Reading a NULL string not supported here.
08-26 11:57:54.824 16450 16450 E IPCThreadState: Binder transaction failure. id: 6554098, BR_*: 29201, error: -1 (Operation not permitted)
08-26 11:57:54.843 16450 16450 E IPCThreadState: Binder transaction failure. id: 6554103, BR_*: 29201, error: -1 (Operation not permitted)
08-26 11:57:54.843 16450 16450 E IPCThreadState: Binder transaction failure. id: 6554107, BR_*: 29201, error: -1 (Operation not permitted)
08-26 11:57:54.819 16450 16450 W service : type=1400 audit(0.0:1460): avc:  denied  { call } for  scontext=u:r:shell:s0 tcontext=u:r:hal_authsecret_default:s0 tclass=binder permissive=0
08-26 11:57:54.848 16450 16450 E IPCThreadState: Binder transaction failure. id: 6554111, BR_*: 29201, error: -1 (Operation not permitted)
08-26 11:57:54.839 16450 16450 W service : type=1400 audit(0.0:1461): avc:  denied  { call } for  scontext=u:r:shell:s0 tcontext=u:r:hal_face_default:s0 tclass=binder permissive=0
08-26 11:57:54.839 16450 16450 W service : type=1400 audit(0.0:1462): avc:  denied  { call } for  scontext=u:r:shell:s0 tcontext=u:r:hal_fingerprint_default:s0 tclass=binder permissive=0
08-26 11:57:54.907 16450 16450 E IPCThreadState: Binder transaction failure. id: 6554116, BR_*: 29201, error: -1 (Operation not permitted)
08-26 11:57:54.909 16450 16450 E IPCThreadState: Binder transaction failure. id: 6554123, BR_*: 29201, error: -1 (Operation not permitted)
08-26 11:57:54.911 16450 16450 E IPCThreadState: Binder transaction failure. id: 6554127, BR_*: 29201, error: -1 (Operation not permitted)
08-26 11:57:54.915 16450 16450 E IPCThreadState: Binder transaction failure. id: 6554136, BR_*: 29201, error: -1 (Operation not permitted)
08-26 11:57:54.916 16450 16450 E IPCThreadState: Binder transaction failure. id: 6554145, BR_*: 29201, error: -1 (Operation not permitted)
08-26 11:57:54.920 16450 16450 E IPCThreadState: Binder transaction failure. id: 6554150, BR_*: 29201, error: -1 (Operation not permitted)
08-26 11:57:54.921 16450 16450 E IPCThreadState: Binder transaction failure. id: 6554154, BR_*: 29201, error: -1 (Operation not permitted)
08-26 11:57:54.925 16450 16450 E IPCThreadState: Binder transaction failure. id: 6554158, BR_*: 29201, error: -1 (Operation not permitted)
08-26 11:57:54.927 16450 16450 E IPCThreadState: Binder transaction failure. id: 6554162, BR_*: 29201, error: -1 (Operation not permitted)
08-26 11:57:54.948 16450 16450 E IPCThreadState: Binder transaction failure. id: 6554187, BR_*: 29201, error: -1 (Operation not permitted)
08-26 11:57:54.951 16450 16450 E IPCThreadState: Binder transaction failure. id: 6554192, BR_*: 29201, error: -1 (Operation not permitted)
08-26 11:57:54.952 16450 16450 E IPCThreadState: Binder transaction failure. id: 6554196, BR_*: 29201, error: -1 (Operation not permitted)
08-26 11:57:54.954 16450 16450 E IPCThreadState: Binder transaction failure. id: 6554200, BR_*: 29201, error: -1 (Operation not permitted)
08-26 11:57:54.962 16450 16450 E IPCThreadState: Binder transaction failure. id: 6554204, BR_*: 29201, error: -1 (Operation not permitted)
08-26 11:57:54.982 16450 16450 E IPCThreadState: Binder transaction failure. id: 6554209, BR_*: 29201, error: -1 (Operation not permitted)
08-26 11:57:54.982 16450 16450 E IPCThreadState: Binder transaction failure. id: 6554213, BR_*: 29201, error: -1 (Operation not permitted)
08-26 11:57:54.985 16450 16450 E IPCThreadState: Binder transaction failure. id: 6554218, BR_*: 29201, error: -1 (Operation not permitted)
08-26 11:57:54.995 16450 16450 E IPCThreadState: Binder transaction failure. id: 6554222, BR_*: 29201, error: -1 (Operation not permitted)
08-26 11:57:54.995 16450 16450 E IPCThreadState: Binder transaction failure. id: 6554226, BR_*: 29201, error: -1 (Operation not permitted)
08-26 11:57:54.995 16450 16450 E IPCThreadState: Binder transaction failure. id: 6554230, BR_*: 29201, error: -1 (Operation not permitted)
08-26 11:57:54.999 16450 16450 E IPCThreadState: Binder transaction failure. id: 6554234, BR_*: 29201, error: -1 (Operation not permitted)
08-26 11:57:55.040 16450 16450 E IPCThreadState: Binder transaction failure. id: 6554252, BR_*: 29201, error: -1 (Operation not permitted)
08-26 11:57:55.049 16450 16450 E IPCThreadState: Binder transaction failure. id: 6554256, BR_*: 29201, error: -1 (Operation not permitted)
08-26 11:57:55.056 16450 16450 E IPCThreadState: Binder transaction failure. id: 6554261, BR_*: 29201, error: -1 (Operation not permitted)
08-26 11:57:55.063 16450 16450 E IPCThreadState: Binder transaction failure. id: 6554265, BR_*: 29201, error: -1 (Operation not permitted)
08-26 11:57:55.065 16450 16450 E IPCThreadState: Binder transaction failure. id: 6554269, BR_*: 29201, error: -1 (Operation not permitted)
08-26 11:57:55.066 16450 16450 E IPCThreadState: Binder transaction failure. id: 6554273, BR_*: 29201, error: -1 (Operation not permitted)
08-26 11:57:55.107 16450 16450 E IPCThreadState: Binder transaction failure. id: 6554322, BR_*: 29201, error: -1 (Operation not permitted)
08-26 11:57:55.112 16450 16450 E IPCThreadState: Binder transaction failure. id: 6554326, BR_*: 29201, error: -1 (Operation not permitted)
08-26 11:57:55.128 16450 16450 E IPCThreadState: Binder transaction failure. id: 6554331, BR_*: 29201, error: -1 (Operation not permitted)
08-26 11:57:55.142 16346 16348 I AidlLazyServiceRegistrar: Process has 2 (of 2 available) client(s) in use after notification android.system.virtualizationservice has clients: 1
08-26 11:57:55.142 16450 16450 E IPCThreadState: Binder transaction failure. id: 6554337, BR_*: 29201, error: -1 (Operation not permitted)
08-26 11:57:55.144 16450 16450 E Parcel  : Reading a NULL string not supported here.
08-26 11:57:55.192 16450 16450 E IPCThreadState: Binder transaction failure. id: 6554379, BR_*: 29201, error: -1 (Operation not permitted)
08-26 11:57:55.231 16450 16450 E Parcel  : Reading a NULL string not supported here.
08-26 11:57:55.251 16450 16450 E Parcel  : Reading a NULL string not supported here.
08-26 11:57:55.301 16450 16450 E Parcel  : Reading a NULL string not supported here.
08-26 11:57:55.381 16450 16450 E Parcel  : Reading a NULL string not supported here.
08-26 11:57:55.404 16450 16450 E Parcel  : Reading a NULL string not supported here.
08-26 11:57:55.414 16450 16450 E Parcel  : Reading a NULL string not supported here.
08-26 11:57:55.465 16450 16450 E Parcel  : Reading a NULL string not supported here.
08-26 11:57:55.471 16450 16450 E Parcel  : Reading a NULL string not supported here.
08-26 11:57:55.554 16450 16450 E Parcel  : Reading a NULL string not supported here.
08-26 11:57:55.606 16450 16450 E Parcel  : Reading a NULL string not supported here.
08-26 11:57:55.763 16450 16450 E Parcel  : Reading a NULL string not supported here.
08-26 11:57:55.775 16450 16450 E Parcel  : Reading a NULL string not supported here.
08-26 11:57:55.882 16450 16450 E Parcel  : Reading a NULL string not supported here.
08-26 11:57:55.942 16450 16450 E Parcel  : Reading a NULL string not supported here.
08-26 11:57:56.101 16450 16450 E Parcel  : Reading a NULL string not supported here.
08-26 11:57:56.190 16450 16450 E Parcel  : Reading a NULL string not supported here.
08-26 11:57:56.293 16450 16450 E Parcel  : Reading a NULL string not supported here.
08-26 11:57:56.329 16450 16450 E Parcel  : Reading a NULL string not supported here.
08-26 11:57:56.480 16450 16450 E IPCThreadState: Binder transaction failure. id: 6555513, BR_*: 29201, error: -1 (Operation not permitted)
08-26 11:57:56.475 16450 16450 W service : type=1400 audit(0.0:1496): avc:  denied  { call } for  scontext=u:r:shell:s0 tcontext=u:r:wificond:s0 tclass=binder permissive=0
08-26 11:57:56.534 16452 16452 E Parcel  : Reading a NULL string not supported here.
08-26 11:57:56.614 16452 16452 E IPCThreadState: Binder transaction failure. id: 6555627, BR_*: 29201, error: -1 (Operation not permitted)
08-26 11:57:56.619 16452 16452 E IPCThreadState: Binder transaction failure. id: 6555632, BR_*: 29201, error: -1 (Operation not permitted)
08-26 11:57:56.636 16452 16452 E IPCThreadState: Binder transaction failure. id: 6555636, BR_*: 29201, error: -1 (Operation not permitted)
08-26 11:57:56.611 16452 16452 W service : type=1400 audit(0.0:1497): avc:  denied  { call } for  scontext=u:r:shell:s0 tcontext=u:r:hal_authsecret_default:s0 tclass=binder permissive=0
08-26 11:57:56.640 16452 16452 E IPCThreadState: Binder transaction failure. id: 6555641, BR_*: 29201, error: -1 (Operation not permitted)
08-26 11:57:56.650 16452 16452 E IPCThreadState: Binder transaction failure. id: 6555645, BR_*: 29201, error: -1 (Operation not permitted)
08-26 11:57:56.650 16452 16452 E IPCThreadState: Binder transaction failure. id: 6555650, BR_*: 29201, error: -1 (Operation not permitted)
08-26 11:57:56.654 16452 16452 E IPCThreadState: Binder transaction failure. id: 6555654, BR_*: 29201, error: -1 (Operation not permitted)
08-26 11:57:56.660 16452 16452 E IPCThreadState: Binder transaction failure. id: 6555663, BR_*: 29201, error: -1 (Operation not permitted)
08-26 11:57:56.668 16452 16452 E IPCThreadState: Binder transaction failure. id: 6555673, BR_*: 29201, error: -1 (Operation not permitted)
08-26 11:57:56.675 16452 16452 E IPCThreadState: Binder transaction failure. id: 6555677, BR_*: 29201, error: -1 (Operation not permitted)
08-26 11:57:56.685 16452 16452 E IPCThreadState: Binder transaction failure. id: 6555681, BR_*: 29201, error: -1 (Operation not permitted)
08-26 11:57:56.685 16452 16452 E IPCThreadState: Binder transaction failure. id: 6555686, BR_*: 29201, error: -1 (Operation not permitted)
08-26 11:57:56.685 16452 16452 E IPCThreadState: Binder transaction failure. id: 6555690, BR_*: 29201, error: -1 (Operation not permitted)
08-26 11:57:56.611 16452 16452 W service : type=1400 audit(0.0:1498): avc:  denied  { call } for  scontext=u:r:shell:s0 tcontext=u:r:hal_face_default:s0 tclass=binder permissive=0
08-26 11:57:56.699 16452 16452 E IPCThreadState: Binder transaction failure. id: 6555714, BR_*: 29201, error: -1 (Operation not permitted)
08-26 11:57:56.703 16452 16452 E IPCThreadState: Binder transaction failure. id: 6555718, BR_*: 29201, error: -1 (Operation not permitted)
08-26 11:57:56.703 16452 16452 E IPCThreadState: Binder transaction failure. id: 6555723, BR_*: 29201, error: -1 (Operation not permitted)
08-26 11:57:56.713 16452 16452 E IPCThreadState: Binder transaction failure. id: 6555727, BR_*: 29201, error: -1 (Operation not permitted)
08-26 11:57:56.717 16452 16452 E IPCThreadState: Binder transaction failure. id: 6555731, BR_*: 29201, error: -1 (Operation not permitted)
08-26 11:57:56.723 16452 16452 E IPCThreadState: Binder transaction failure. id: 6555736, BR_*: 29201, error: -1 (Operation not permitted)
08-26 11:57:56.627 16452 16452 W service : type=1400 audit(0.0:1499): avc:  denied  { call } for  scontext=u:r:shell:s0 tcontext=u:r:hal_fingerprint_default:s0 tclass=binder permissive=0
08-26 11:57:56.726 16452 16452 E IPCThreadState: Binder transaction failure. id: 6555740, BR_*: 29201, error: -1 (Operation not permitted)
08-26 11:57:56.729 16452 16452 E IPCThreadState: Binder transaction failure. id: 6555744, BR_*: 29201, error: -1 (Operation not permitted)
08-26 11:57:56.732 16452 16452 E IPCThreadState: Binder transaction failure. id: 6555748, BR_*: 29201, error: -1 (Operation not permitted)
08-26 11:57:56.732 16452 16452 E IPCThreadState: Binder transaction failure. id: 6555752, BR_*: 29201, error: -1 (Operation not permitted)
08-26 11:57:56.736 16452 16452 E IPCThreadState: Binder transaction failure. id: 6555756, BR_*: 29201, error: -1 (Operation not permitted)
08-26 11:57:56.737 16452 16452 E IPCThreadState: Binder transaction failure. id: 6555761, BR_*: 29201, error: -1 (Operation not permitted)
08-26 11:57:56.635 16452 16452 W service : type=1400 audit(0.0:1500): avc:  denied  { call } for  scontext=u:r:shell:s0 tcontext=u:r:hal_bluetooth_default:s0 tclass=binder permissive=0
08-26 11:57:56.824 16452 16452 E IPCThreadState: Binder transaction failure. id: 6555781, BR_*: 29201, error: -1 (Operation not permitted)
08-26 11:57:56.829 16452 16452 E IPCThreadState: Binder transaction failure. id: 6555785, BR_*: 29201, error: -1 (Operation not permitted)
08-26 11:57:56.829 16452 16452 E IPCThreadState: Binder transaction failure. id: 6555789, BR_*: 29201, error: -1 (Operation not permitted)
08-26 11:57:56.829 16452 16452 E IPCThreadState: Binder transaction failure. id: 6555793, BR_*: 29201, error: -1 (Operation not permitted)
08-26 11:57:56.829 16452 16452 E IPCThreadState: Binder transaction failure. id: 6555797, BR_*: 29201, error: -1 (Operation not permitted)
08-26 11:57:56.834 16452 16452 E IPCThreadState: Binder transaction failure. id: 6555801, BR_*: 29201, error: -1 (Operation not permitted)
08-26 11:57:56.886 16452 16452 E IPCThreadState: Binder transaction failure. id: 6555851, BR_*: 29201, error: -1 (Operation not permitted)
08-26 11:57:56.888 16452 16452 E IPCThreadState: Binder transaction failure. id: 6555855, BR_*: 29201, error: -1 (Operation not permitted)
08-26 11:57:56.889 16452 16452 E IPCThreadState: Binder transaction failure. id: 6555859, BR_*: 29201, error: -1 (Operation not permitted)
08-26 11:57:56.889 16452 16452 E IPCThreadState: Binder transaction failure. id: 6555863, BR_*: 29201, error: -1 (Operation not permitted)
08-26 11:57:56.892 16452 16452 E Parcel  : Reading a NULL string not supported here.
08-26 11:57:56.926 16452 16452 E IPCThreadState: Binder transaction failure. id: 6555904, BR_*: 29201, error: -1 (Operation not permitted)
08-26 11:57:56.967 16452 16452 E Parcel  : Reading a NULL string not supported here.
08-26 11:57:56.998 16452 16452 E Parcel  : Reading a NULL string not supported here.
08-26 11:57:57.037 16452 16452 E Parcel  : Reading a NULL string not supported here.
08-26 11:57:57.112 16452 16452 E Parcel  : Reading a NULL string not supported here.
08-26 11:57:57.147 16452 16452 E Parcel  : Reading a NULL string not supported here.
08-26 11:57:57.150 16452 16452 E Parcel  : Reading a NULL string not supported here.
08-26 11:57:57.188 16452 16452 E Parcel  : Reading a NULL string not supported here.
08-26 11:57:57.194 16452 16452 E Parcel  : Reading a NULL string not supported here.
08-26 11:57:57.253 16452 16452 E Parcel  : Reading a NULL string not supported here.
08-26 11:57:57.321 16452 16452 E Parcel  : Reading a NULL string not supported here.
08-26 11:57:57.475 16452 16452 E Parcel  : Reading a NULL string not supported here.
08-26 11:57:57.504 16452 16452 E Parcel  : Reading a NULL string not supported here.
08-26 11:57:57.586 16452 16452 E Parcel  : Reading a NULL string not supported here.
08-26 11:57:57.641  1393  1970 I BugleRcsEngine: Connected state: [1], networkType: [WIFI] [CONTEXT thread_id=58 ]
08-26 11:57:57.641  1393  2177 I BugleRcsEngine: handleMessage processing message:[NOTIFY_UPTIME_IGNORE_STATE_CHANGED] with [non-null]:RcsEngineImpl reference [CONTEXT log_prefix="RcsEngineImpl[DUAL_REG]:[bba92579-0eec]>Handler" thread_id=64 ]
08-26 11:57:57.652 16452 16452 E Parcel  : Reading a NULL string not supported here.
08-26 11:57:57.653  2196  2417 D WM-NetworkStateTracker: Network capabilities changed: [ Transports: WIFI Capabilities: NOT_METERED&INTERNET&NOT_RESTRICTED&TRUSTED&NOT_VPN&VALIDATED&NOT_ROAMING&FOREGROUND&NOT_CONGESTED&NOT_SUSPENDED&NOT_VCN_MANAGED&NOT_BANDWIDTH_CONSTRAINED LinkUpBandwidth>=12000Kbps LinkDnBandwidth>=30000Kbps TransportInfo: <SSID: <unknown ssid>, BSSID: 02:00:00:00:00:00, MAC: 02:00:00:00:00:00, IP: /10.0.2.16, Security type: 0, Supplicant state: COMPLETED, Wi-Fi standard: legacy, RSSI: -50, Link speed: 1Mbps, Tx Link speed: 1Mbps, Max Supported Tx Link speed: 11Mbps, Rx Link speed: 2Mbps, Max Supported Rx Link speed: 11Mbps, Frequency: 2447MHz, Net ID: -1, Metered hint: false, score: 60, isUsable: true, CarrierMerged: false, SubscriptionId: -1, IsPrimary: -1, Trusted: true, Restricted: false, Ephemeral: false, OEM paid: false, OEM private: false, OSU AP: false, FQDN: <none>, Provider friendly name: <none>, Requesting package name: <none><none>MLO Information: , Is TID-To-Link negotiation supported by the AP: false, AP MLD Address: <none>, AP MLO Link Id: <none>, AP MLO Affiliated links: <none>, Vendor Data: <none>> SignalStrength: -50 UnderlyingNetworks: Null]
08-26 11:57:57.687   577   749 W IPCThreadState: Sending oneway calls to frozen process.
08-26 11:57:57.705   577   749 W IPCThreadState: Sending oneway calls to frozen process.
08-26 11:57:57.705   577   749 W IPCThreadState: Sending oneway calls to frozen process.
08-26 11:57:57.710   577   749 W IPCThreadState: Sending oneway calls to frozen process.
08-26 11:57:57.714  1393  2177 I BugleRcsEngine: No RCS Configuration was found in Bugle for simID: redacted-pii:sim_id[chars:20,last3:897] [CONTEXT log_prefix="ProvisioningEngineDataRetriever" thread_id=64 ]
08-26 11:57:57.728   577   749 W IPCThreadState: Sending oneway calls to frozen process.
08-26 11:57:57.728   577   749 W IPCThreadState: Sending oneway calls to frozen process.
08-26 11:57:57.740   577   749 W IPCThreadState: Sending oneway calls to frozen process.
08-26 11:57:57.740   577   749 W IPCThreadState: Sending oneway calls to frozen process.
08-26 11:57:57.740   577   749 W IPCThreadState: Sending oneway calls to frozen process.
08-26 11:57:57.740   577   749 W IPCThreadState: Sending oneway calls to frozen process.
08-26 11:57:57.748   577   749 W IPCThreadState: Sending oneway calls to frozen process.
08-26 11:57:57.754   577   749 W IPCThreadState: Sending oneway calls to frozen process.
08-26 11:57:57.772  1061  1889 I NullBinder: NullBinder for android.net.action.RECOMMEND_NETWORKS triggering remote TransactionTooLargeException due to Service without Chimera impl, calling uid: 1000, calling pid: 0
08-26 11:57:57.782  1061  1889 W .gms.persistent: Large reply transaction of 1056768 bytes, interface descriptor , code 1
08-26 11:57:57.855 16452 16452 E Parcel  : Reading a NULL string not supported here.
08-26 11:57:57.920 16452 16452 E Parcel  : Reading a NULL string not supported here.
08-26 11:57:58.039 16452 16452 E Parcel  : Reading a NULL string not supported here.
08-26 11:57:58.081 16452 16452 E Parcel  : Reading a NULL string not supported here.
08-26 11:57:58.243 16452 16452 W service : type=1400 audit(0.0:1533): avc:  denied  { call } for  scontext=u:r:shell:s0 tcontext=u:r:wificond:s0 tclass=binder permissive=0
08-26 11:57:58.277 16452 16452 E IPCThreadState: Binder transaction failure. id: 6557140, BR_*: 29201, error: -1 (Operation not permitted)
08-26 11:57:58.545 16346 16348 I AidlLazyServiceRegistrar: Process has 1 (of 2 available) client(s) in use after notification android.system.virtualizationservice has clients: 0
08-26 11:58:00.017  1346  1504 I AiAiEcho: Predicting[0]:  [CONTEXT sampling_count=5 ]
08-26 11:58:00.017  1346  1504 I AiAiEcho: EchoTargets: 
08-26 11:58:00.017  1346  1504 I AiAiEcho: Filtered by AiAi flag check: 
08-26 11:58:00.017  1346  1504 I AiAiEcho: [CONTEXT ratelimit_period="10 SECONDS" ]
08-26 11:58:00.017  1346  1504 I AiAiEcho: Ranked targets strategy: SORT, count: 0, ranking metadata:  [CONTEXT ratelimit_period="10 SECONDS" ]
08-26 11:58:00.018  1346  1504 I AiAiEcho: #remoteViewsTwiddler: feature disabled.
08-26 11:58:00.023  1346  1504 I AiAiEcho: Predicting[0]:  [CONTEXT sampling_count=5 ]
08-26 11:58:00.023  1346  1504 I AiAiEcho: EchoTargets: 
08-26 11:58:00.023  1346  1504 I AiAiEcho: Filtered by AiAi flag check: 
08-26 11:58:00.023  1346  1504 I AiAiEcho: [CONTEXT ratelimit_period="10 SECONDS" ]
08-26 11:58:00.023  1346  1504 I AiAiEcho: Ranked targets strategy: SORT, count: 0, ranking metadata:  [CONTEXT ratelimit_period="10 SECONDS" ]
08-26 11:58:00.023  1346  1504 I AiAiEcho: #remoteViewsTwiddler: feature disabled.
08-26 11:58:00.023  1346  1504 I AiAiEcho: #postPredictionTargets: Sending updates to UISurface lockscreen with targets# 0 (types=[])
08-26 11:58:00.023  1346  1504 I AiAiEcho: #postPredictionTargets: Sending updates to UISurface home with targets# 0 (types=[])
08-26 11:58:00.027  1107  1107 D SsBaseTemplateCard: No text view can be set up
08-26 11:58:00.028  1107  1107 D SsBaseTemplateCard: Passed-in item info is null
08-26 11:58:00.028  1107  1107 D SsBaseTemplateCard: Passed-in item info is null
08-26 11:58:00.028  1107  1107 D SsBaseTemplateCard: Passed-in item info is null
08-26 11:58:00.028  1107  1107 I SsBaseTemplateCard: Secondary card pane is null
08-26 11:58:00.074 13925 13925 W PageIndicator: Total number of pages invalid: 0. Assuming 1 page.
08-26 11:58:00.088  1107  1443 D EGL_emulation: app_time_stats: avg=60013.01ms min=60013.01ms max=60013.01ms count=1
08-26 11:58:00.107 13925 13963 D EGL_emulation: app_time_stats: avg=60041.20ms min=60041.20ms max=60041.20ms count=1
08-26 11:58:04.127   577  1698 E SystemServiceRegistry: No service published for: persistent_data_block
08-26 11:58:04.127   577  1698 E SystemServiceRegistry: android.os.ServiceManager$ServiceNotFoundException: No service published for: persistent_data_block
08-26 11:58:04.127   577  1698 E SystemServiceRegistry: 	at android.os.ServiceManager.getServiceOrThrow(ServiceManager.java:203)
08-26 11:58:04.127   577  1698 E SystemServiceRegistry: 	at android.app.SystemServiceRegistry$81.createService(SystemServiceRegistry.java:1071)
08-26 11:58:04.127   577  1698 E SystemServiceRegistry: 	at android.app.SystemServiceRegistry$81.createService(SystemServiceRegistry.java:1068)
08-26 11:58:04.127   577  1698 E SystemServiceRegistry: 	at android.app.SystemServiceRegistry$StaticServiceFetcher.getService(SystemServiceRegistry.java:2293)
08-26 11:58:04.127   577  1698 E SystemServiceRegistry: 	at android.app.SystemServiceRegistry.getSystemService(SystemServiceRegistry.java:1812)
08-26 11:58:04.127   577  1698 E SystemServiceRegistry: 	at android.app.ContextImpl.getSystemService(ContextImpl.java:2241)
08-26 11:58:04.127   577  1698 E SystemServiceRegistry: 	at android.content.Context.getSystemService(Context.java:4503)
08-26 11:58:04.127   577  1698 E SystemServiceRegistry: 	at com.android.server.pm.PackageInstallerSession.markAsSealed(PackageInstallerSession.java:2394)
08-26 11:58:04.127   577  1698 E SystemServiceRegistry: 	at com.android.server.pm.PackageInstallerSession.commit(PackageInstallerSession.java:2143)
08-26 11:58:04.127   577  1698 E SystemServiceRegistry: 	at android.content.pm.PackageInstaller$Session.commit(PackageInstaller.java:1977)
08-26 11:58:04.127   577  1698 E SystemServiceRegistry: 	at com.android.server.pm.PackageManagerShellCommand.doCommitSession(PackageManagerShellCommand.java:4298)
08-26 11:58:04.127   577  1698 E SystemServiceRegistry: 	at com.android.server.pm.PackageManagerShellCommand.doRunInstall(PackageManagerShellCommand.java:1634)
08-26 11:58:04.127   577  1698 E SystemServiceRegistry: 	at com.android.server.pm.PackageManagerShellCommand.runInstall(PackageManagerShellCommand.java:1561)
08-26 11:58:04.127   577  1698 E SystemServiceRegistry: 	at com.android.server.pm.PackageManagerShellCommand.onCommand(PackageManagerShellCommand.java:245)
08-26 11:58:04.127   577  1698 E SystemServiceRegistry: 	at com.android.modules.utils.BasicShellCommandHandler.exec(BasicShellCommandHandler.java:97)
08-26 11:58:04.127   577  1698 E SystemServiceRegistry: 	at android.os.ShellCommand.exec(ShellCommand.java:38)
08-26 11:58:04.127   577  1698 E SystemServiceRegistry: 	at com.android.server.pm.PackageManagerService$IPackageManagerImpl.onShellCommand(PackageManagerService.java:6561)
08-26 11:58:04.127   577  1698 E SystemServiceRegistry: 	at android.os.Binder.shellCommand(Binder.java:1230)
08-26 11:58:04.127   577  1698 E SystemServiceRegistry: 	at android.os.Binder.onTransact(Binder.java:1043)
08-26 11:58:04.127   577  1698 E SystemServiceRegistry: 	at android.content.pm.IPackageManager$Stub.onTransact(IPackageManager.java:4620)
08-26 11:58:04.127   577  1698 E SystemServiceRegistry: 	at com.android.server.pm.PackageManagerService$IPackageManagerImpl.onTransact(PackageManagerService.java:6545)
08-26 11:58:04.127   577  1698 E SystemServiceRegistry: 	at android.os.Binder.execTransactInternal(Binder.java:1505)
08-26 11:58:04.127   577  1698 E SystemServiceRegistry: 	at android.os.Binder.execTransact(Binder.java:1444)
08-26 11:58:04.127   577  1698 E SystemServiceRegistry: Manager wrapper not available: persistent_data_block
08-26 11:58:04.648   577   655 D FileSystemUtils: Punching holes in file: /data/app/vmdl1129723375.tmp/base.apk programHeaderOffset: 64 programHeaderNum: 10
08-26 11:58:04.648   577   655 D FileSystemUtils: Total number of LOAD segments 3
08-26 11:58:04.648   577   655 D FileSystemUtils: Size before punching holes st_blocks: 335392, st_blksize: 4096, st_size: 171712026
08-26 11:58:04.648   577   655 D FileSystemUtils: Size after punching holes st_blocks: 335392, st_blksize: 4096, st_size: 171712026
08-26 11:58:04.650   577   655 D FileSystemUtils: Extra field length: 363,  Size before punching holes st_blocks: 335392, st_blksize: 4096, st_size: 171712026
08-26 11:58:04.650   577   655 D FileSystemUtils: Skipping punching apk as extra field length is less than block size
08-26 11:58:04.650   577   655 W NativeLibraryHelper: Failed to punch apk : /data/app/vmdl1129723375.tmp/base.apk at extra field
08-26 11:58:04.651   577   655 D FileSystemUtils: Punching holes in file: /data/app/vmdl1129723375.tmp/base.apk programHeaderOffset: 64 programHeaderNum: 10
08-26 11:58:04.652   577   655 D FileSystemUtils: Total number of LOAD segments 3
08-26 11:58:04.652   577   655 D FileSystemUtils: Size before punching holes st_blocks: 335392, st_blksize: 4096, st_size: 171712026
08-26 11:58:04.656   577   655 D FileSystemUtils: Size after punching holes st_blocks: 335392, st_blksize: 4096, st_size: 171712026
08-26 11:58:04.656   577   655 D FileSystemUtils: Extra field length: 2939,  Size before punching holes st_blocks: 335392, st_blksize: 4096, st_size: 171712026
08-26 11:58:04.657   577   655 D FileSystemUtils: Skipping punching apk as extra field length is less than block size
08-26 11:58:04.657   577   655 W NativeLibraryHelper: Failed to punch apk : /data/app/vmdl1129723375.tmp/base.apk at extra field
08-26 11:58:04.657   577   655 D FileSystemUtils: Punching holes in file: /data/app/vmdl1129723375.tmp/base.apk programHeaderOffset: 64 programHeaderNum: 10
08-26 11:58:04.657   577   655 D FileSystemUtils: Total number of LOAD segments 3
08-26 11:58:04.657   577   655 D FileSystemUtils: Size before punching holes st_blocks: 335392, st_blksize: 4096, st_size: 171712026
08-26 11:58:04.657   577   655 D FileSystemUtils: Size after punching holes st_blocks: 335392, st_blksize: 4096, st_size: 171712026
08-26 11:58:04.657   577   655 D FileSystemUtils: Extra field length: 2056,  Size before punching holes st_blocks: 335392, st_blksize: 4096, st_size: 171712026
08-26 11:58:04.657   577   655 D FileSystemUtils: Skipping punching apk as extra field length is less than block size
08-26 11:58:04.657   577   655 W NativeLibraryHelper: Failed to punch apk : /data/app/vmdl1129723375.tmp/base.apk at extra field
08-26 11:58:04.657   577   655 D FileSystemUtils: Punching holes in file: /data/app/vmdl1129723375.tmp/base.apk programHeaderOffset: 64 programHeaderNum: 10
08-26 11:58:04.657   577   655 D FileSystemUtils: Total number of LOAD segments 3
08-26 11:58:04.657   577   655 D FileSystemUtils: Size before punching holes st_blocks: 335392, st_blksize: 4096, st_size: 171712026
08-26 11:58:04.657   577   655 D FileSystemUtils: Size after punching holes st_blocks: 335392, st_blksize: 4096, st_size: 171712026
08-26 11:58:04.657   577   655 D FileSystemUtils: Extra field length: 2552,  Size before punching holes st_blocks: 335392, st_blksize: 4096, st_size: 171712026
08-26 11:58:04.657   577   655 D FileSystemUtils: Skipping punching apk as extra field length is less than block size
08-26 11:58:04.657   577   655 W NativeLibraryHelper: Failed to punch apk : /data/app/vmdl1129723375.tmp/base.apk at extra field
08-26 11:58:04.657   577   655 D FileSystemUtils: Punching holes in file: /data/app/vmdl1129723375.tmp/base.apk programHeaderOffset: 64 programHeaderNum: 10
08-26 11:58:04.657   577   655 D FileSystemUtils: Total number of LOAD segments 3
08-26 11:58:04.657   577   655 D FileSystemUtils: Size before punching holes st_blocks: 335392, st_blksize: 4096, st_size: 171712026
08-26 11:58:04.657   577   655 D FileSystemUtils: Size after punching holes st_blocks: 335392, st_blksize: 4096, st_size: 171712026
08-26 11:58:04.657   577   655 D FileSystemUtils: Extra field length: 1525,  Size before punching holes st_blocks: 335392, st_blksize: 4096, st_size: 171712026
08-26 11:58:04.657   577   655 D FileSystemUtils: Skipping punching apk as extra field length is less than block size
08-26 11:58:04.657   577   655 W NativeLibraryHelper: Failed to punch apk : /data/app/vmdl1129723375.tmp/base.apk at extra field
08-26 11:58:04.657   577   655 D FileSystemUtils: Punching holes in file: /data/app/vmdl1129723375.tmp/base.apk programHeaderOffset: 64 programHeaderNum: 10
08-26 11:58:04.657   577   655 D FileSystemUtils: Total number of LOAD segments 3
08-26 11:58:04.657   577   655 D FileSystemUtils: Size before punching holes st_blocks: 335392, st_blksize: 4096, st_size: 171712026
08-26 11:58:04.657   577   655 D FileSystemUtils: Size after punching holes st_blocks: 335392, st_blksize: 4096, st_size: 171712026
08-26 11:58:04.657   577   655 D FileSystemUtils: Extra field length: 469,  Size before punching holes st_blocks: 335392, st_blksize: 4096, st_size: 171712026
08-26 11:58:04.657   577   655 D FileSystemUtils: Skipping punching apk as extra field length is less than block size
08-26 11:58:04.657   577   655 W NativeLibraryHelper: Failed to punch apk : /data/app/vmdl1129723375.tmp/base.apk at extra field
08-26 11:58:04.658   577   655 D FileSystemUtils: Punching holes in file: /data/app/vmdl1129723375.tmp/base.apk programHeaderOffset: 64 programHeaderNum: 9
08-26 11:58:04.658   577   655 D FileSystemUtils: Total number of LOAD segments 2
08-26 11:58:04.659   577   655 D FileSystemUtils: Size before punching holes st_blocks: 335392, st_blksize: 4096, st_size: 171712026
08-26 11:58:04.659   577   655 D FileSystemUtils: Size after punching holes st_blocks: 335392, st_blksize: 4096, st_size: 171712026
08-26 11:58:04.659   577   655 D FileSystemUtils: Extra field length: 767,  Size before punching holes st_blocks: 335392, st_blksize: 4096, st_size: 171712026
08-26 11:58:04.659   577   655 D FileSystemUtils: Skipping punching apk as extra field length is less than block size
08-26 11:58:04.659   577   655 W NativeLibraryHelper: Failed to punch apk : /data/app/vmdl1129723375.tmp/base.apk at extra field
08-26 11:58:04.659   577   655 D FileSystemUtils: Punching holes in file: /data/app/vmdl1129723375.tmp/base.apk programHeaderOffset: 64 programHeaderNum: 10
08-26 11:58:04.659   577   655 D FileSystemUtils: Total number of LOAD segments 3
08-26 11:58:04.659   577   655 D FileSystemUtils: Size before punching holes st_blocks: 335392, st_blksize: 4096, st_size: 171712026
08-26 11:58:04.659   577   655 D FileSystemUtils: Size after punching holes st_blocks: 335392, st_blksize: 4096, st_size: 171712026
08-26 11:58:04.659   577   655 D FileSystemUtils: Extra field length: 3799,  Size before punching holes st_blocks: 335392, st_blksize: 4096, st_size: 171712026
08-26 11:58:04.659   577   655 D FileSystemUtils: Skipping punching apk as extra field length is less than block size
08-26 11:58:04.659   577   655 W NativeLibraryHelper: Failed to punch apk : /data/app/vmdl1129723375.tmp/base.apk at extra field
08-26 11:58:04.660   577   655 D FileSystemUtils: Punching holes in file: /data/app/vmdl1129723375.tmp/base.apk programHeaderOffset: 64 programHeaderNum: 10
08-26 11:58:04.660   577   655 D FileSystemUtils: Total number of LOAD segments 3
08-26 11:58:04.660   577   655 D FileSystemUtils: Size before punching holes st_blocks: 335392, st_blksize: 4096, st_size: 171712026
08-26 11:58:04.660   577   655 D FileSystemUtils: Size after punching holes st_blocks: 335392, st_blksize: 4096, st_size: 171712026
08-26 11:58:04.660   577   655 D FileSystemUtils: Extra field length: 3899,  Size before punching holes st_blocks: 335392, st_blksize: 4096, st_size: 171712026
08-26 11:58:04.660   577   655 D FileSystemUtils: Skipping punching apk as extra field length is less than block size
08-26 11:58:04.660   577   655 W NativeLibraryHelper: Failed to punch apk : /data/app/vmdl1129723375.tmp/base.apk at extra field
08-26 11:58:04.660   577   655 D FileSystemUtils: Punching holes in file: /data/app/vmdl1129723375.tmp/base.apk programHeaderOffset: 64 programHeaderNum: 10
08-26 11:58:04.660   577   655 D FileSystemUtils: Total number of LOAD segments 3
08-26 11:58:04.660   577   655 D FileSystemUtils: Size before punching holes st_blocks: 335392, st_blksize: 4096, st_size: 171712026
08-26 11:58:04.660   577   655 D FileSystemUtils: Size after punching holes st_blocks: 335392, st_blksize: 4096, st_size: 171712026
08-26 11:58:04.660   577   655 D FileSystemUtils: Extra field length: 2415,  Size before punching holes st_blocks: 335392, st_blksize: 4096, st_size: 171712026
08-26 11:58:04.660   577   655 D FileSystemUtils: Skipping punching apk as extra field length is less than block size
08-26 11:58:04.660   577   655 W NativeLibraryHelper: Failed to punch apk : /data/app/vmdl1129723375.tmp/base.apk at extra field
08-26 11:58:04.660   577   655 D FileSystemUtils: Punching holes in file: /data/app/vmdl1129723375.tmp/base.apk programHeaderOffset: 64 programHeaderNum: 11
08-26 11:58:04.660   577   655 D FileSystemUtils: Total number of LOAD segments 4
08-26 11:58:04.660   577   655 D FileSystemUtils: Size before punching holes st_blocks: 335392, st_blksize: 4096, st_size: 171712026
08-26 11:58:04.660   577   655 D FileSystemUtils: Size after punching holes st_blocks: 335392, st_blksize: 4096, st_size: 171712026
08-26 11:58:04.660   577   655 D FileSystemUtils: Extra field length: 3003,  Size before punching holes st_blocks: 335392, st_blksize: 4096, st_size: 171712026
08-26 11:58:04.660   577   655 D FileSystemUtils: Skipping punching apk as extra field length is less than block size
08-26 11:58:04.660   577   655 W NativeLibraryHelper: Failed to punch apk : /data/app/vmdl1129723375.tmp/base.apk at extra field
08-26 11:58:04.660   577   655 D FileSystemUtils: Punching holes in file: /data/app/vmdl1129723375.tmp/base.apk programHeaderOffset: 64 programHeaderNum: 10
