08-27 21:42:30.355 11516 22156 I Icing   : Usage reports ok 0, Failed Usage reports 0, indexed 0, rejected 0
08-27 21:42:30.415   576   576 W Looper  : Slow dispatch took 429ms main h=android.app.ActivityThread$H c=android.app.LoadedApk$ServiceDispatcher$RunConnection@73d832 m=0
08-27 21:42:30.415   576   576 W Looper  : Slow delivery took 412ms main h=com.android.server.alarm.AlarmManagerService$AlarmHandler c=null m=7
08-27 21:42:30.420 21578 21578 I Finsky  : [2] SCH: job service start with id 9397.
08-27 21:42:30.481 21578 23158 I Finsky  : [230] SCH: Satisfied jobs for 9397 are: 37-182
08-27 21:42:30.482 21578 23216 I Finsky  : [238] SCH: Job 37-182 starting
08-27 21:42:30.589 21578 21578 I Finsky  : [2] WM::SCH: Logging work start for 37-182
08-27 21:42:30.597 21578 21578 I Finsky  : [2] Received an install/uninstall event for package com.skyfire.solarapp
08-27 21:42:30.609 23180 23180 V SoLoader: Init System Loader delegate
08-27 21:42:30.631 21578 21578 I Finsky  : [2] SCH: jobFinished: 37-182. TimeElapsed: 42ms.
08-27 21:42:30.631 21578 21578 I Finsky  : [2] WM::SCH: Logging work end for 37-182
08-27 21:42:30.643   576   655 W OptProp : Cannot read opt property android.window.PROPERTY_COMPAT_ENABLE_FAKE_FOCUS
08-27 21:42:30.688 21578 21613 I Finsky  : [96] [ContentSync] finished, scheduled=true
08-27 21:42:30.707 21578 21614 I Finsky  : [97] Not an active Cubes user. Ignoring package install/uninstall event.
08-27 21:42:30.710   576   655 W ActivityManager: Slow operation: 97ms so far, now at finishAttachApplicationInner: after mServices.attachApplicationLocked
08-27 21:42:30.710 23180 23215 W kyfire.solarapp: Verification of void androidx.work.impl.model.SystemIdInfoDao_Impl.<init>(androidx.room.RoomDatabase) took 110.714ms (180.64 bytecodes/s) (2712B approximate peak alloc)
08-27 21:42:30.710   576   655 W ActivityManager: Slow operation: 97ms so far, now at finishAttachApplicationInner: after dispatching broadcasts
08-27 21:42:30.783 21578 21581 W android.vending: Missing inline cache for java.lang.Object qju.apply(java.lang.Object)
08-27 21:42:30.792 21578 21581 W android.vending: Missing inline cache for java.lang.Object qju.apply(java.lang.Object)
08-27 21:42:30.792 21578 21581 W android.vending: Missing inline cache for java.lang.Object qju.apply(java.lang.Object)
08-27 21:42:30.792 21578 21581 W android.vending: Missing inline cache for java.lang.Object qju.apply(java.lang.Object)
08-27 21:42:30.792 21578 21581 W android.vending: Missing inline cache for java.lang.Object qju.apply(java.lang.Object)
08-27 21:42:30.793 21578 21581 W android.vending: Missing inline cache for java.lang.Object qju.apply(java.lang.Object)
08-27 21:42:30.793 21578 21581 W android.vending: Missing inline cache for java.lang.Object qju.apply(java.lang.Object)
08-27 21:42:30.793 21578 21581 W android.vending: Missing inline cache for java.lang.Object qju.apply(java.lang.Object)
08-27 21:42:30.793 21578 21581 W android.vending: Missing inline cache for java.lang.Object qju.apply(java.lang.Object)
08-27 21:42:30.806 11516 11564 I Icing   : IndexChimeraService.getServiceInterface callingPackage=com.google.android.gms componentName=null serviceId=30
08-27 21:42:30.817   576   576 W Looper  : Drained
08-27 21:42:30.817   576   667 D IntervalStats: Unable to parse usage stats packages: [262, 263, 264, 265, 266]
08-27 21:42:30.817   576   667 D IntervalStats: Unable to parse event packages: [266]
08-27 21:42:30.817   576   667 D IntervalStats: Unable to parse usage stats packages: [266]
08-27 21:42:30.817   576   667 D IntervalStats: Unable to parse event packages: [266]
08-27 21:42:30.859   576   667 D IntervalStats: Unable to parse usage stats packages: [266, 268, 269, 270, 271, 272, 273]
08-27 21:42:30.862   576   667 D IntervalStats: Unable to parse event packages: [273]
08-27 21:42:30.996   576   667 D IntervalStats: Unable to parse usage stats packages: [273, 274, 275, 276, 277, 278]
08-27 21:42:30.998   576   667 D IntervalStats: Unable to parse event packages: [278]
08-27 21:42:31.000   576   667 D IntervalStats: Unable to parse usage stats packages: [278, 279, 280, 281, 282, 283, 284, 285, 286, 287, 288, 289, 290, 291, 292, 293, 294, 295, 296, 297, 298]
08-27 21:42:31.000   576   667 D IntervalStats: Unable to parse event packages: [298]
08-27 21:42:31.075   576   667 D IntervalStats: Unable to parse usage stats packages: [298, 299, 300, 301, 302, 303, 304, 305, 306]
08-27 21:42:31.091   576   667 D IntervalStats: Unable to parse event packages: [306]
08-27 21:42:31.220 21578 21614 I Finsky  : [97] SCH: Scheduling phonesky job Id: 26-1414141414, CT: 1756346205752, Constraints: [{ L: 43200000, D: 44100000, C: CHARGING_NONE, I: IDLE_NONE, N: NET_NONE, B: BATTERY_ANY }]
08-27 21:42:31.322 21578 21625 I Finsky  : [107] SCH: Scheduling 1 system job(s)
08-27 21:42:31.323 21578 21625 W JobInfo : Job 'com.android.vending/com.google.android.finsky.scheduler.process.mainimpl.PhoneskyJobServiceMain#9402' has a deadline with no functional constraints. The deadline won't improve job execution latency. Consider removing the deadline.
08-27 21:42:31.351   576   630 I AppsFilter: interaction: PackageSetting{94f339b com.android.microdroid.empty_payload/10200} -> PackageSetting{2cd2265 com.skyfire.solarapp/10243} BLOCKED
08-27 21:42:31.352 21578 21625 I Finsky  : [107] SCH: Scheduling system job Id: 9402, L: 33254429, D: 34154429, C: false, I: false, N: 0
08-27 21:42:31.359   576  1404 W JobInfo : Job 'com.android.vending/com.google.android.finsky.scheduler.process.mainimpl.PhoneskyJobServiceMain#9402' has a deadline with no functional constraints. The deadline won't improve job execution latency. Consider removing the deadline.
08-27 21:42:31.497 21578 23216 I Finsky  : [238] SCH: job service finished with id 9397.
08-27 21:42:31.536 21787 22779 W WellbeingSettingsProvid: <DWB> Call failed: get_actions
08-27 21:42:31.536 21787 22779 W WellbeingSettingsProvid: java.util.concurrent.TimeoutException: Waited 5000 milliseconds (plus 23 milliseconds, 6500 nanoseconds delay) for nsg@2c536[status=PENDING, info=[inputFuture=[nsf@7089c37[status=PENDING, setFuture=[nrm@7cd75a4[status=PENDING, info=[inputFuture=[nsg@d2b3f0d[status=PENDING, info=[inputFuture=[nsg@9adfec2[status=PENDING, info=[inputFuture=[ntb@ec0c4d3[status=PENDING, info=[futures=[nsg@23e4810[status=PENDING, info=[inputFuture=[nsg@ad9bf09[status=PENDING, info=[inputFuture=[nua@e1450e[status=PENDING, info=[delegate=[nvg@9c8db2f[status=PENDING, setFuture=[nsg@2a7d53c[status=PENDING, info=[inputFuture=[nsf@cd642c5[status=PENDING, info=[inputFuture=[nua@8f0a41a[status=PENDING, info=[delegate=[nvg@691fb4b[status=PENDING, setFuture=[nsf@dbb0928[status=PENDING, info=[function=[propagating=[efs@25d4641]]]]]]]]]], function=[propagating=[dwb@464e7e6]]]]], function=[propagating=[dwd@f830127]]]]]]]]]], function=[propagating=[dvo@4b8fd4]]]]], function=[propagating=[ezx@7f7057d]]]]]]]], function=[propagating=[evt@3879c72]]]]], function=[propagating=[dtc@49488c3]]]]], exceptionType=[class java.lang.Throwable], fallback=[propagating=[dwd@ebbd540]]]]]]], function=[propagating=[dtc@737c79]]]]
08-27 21:42:31.536 21787 22779 W WellbeingSettingsProvid: 	at nsd.t(PG:370)
08-27 21:42:31.536 21787 22779 W WellbeingSettingsProvid: 	at nrv.get(PG:2)
08-27 21:42:31.536 21787 22779 W WellbeingSettingsProvid: 	at nts.get(PG:2)
08-27 21:42:31.536 21787 22779 W WellbeingSettingsProvid: 	at com.google.android.apps.wellbeing.api.impl.WellbeingSettingsProvider.i(PG:9)
08-27 21:42:31.536 21787 22779 W WellbeingSettingsProvid: 	at com.google.android.apps.wellbeing.api.impl.WellbeingSettingsProvider.call(PG:151)
08-27 21:42:31.536 21787 22779 W WellbeingSettingsProvid: 	at android.content.ContentProvider.call(ContentProvider.java:2704)
08-27 21:42:31.536 21787 22779 W WellbeingSettingsProvid: 	at android.content.ContentProvider$Transport.call(ContentProvider.java:633)
08-27 21:42:31.536 21787 22779 W WellbeingSettingsProvid: 	at android.content.ContentProviderNative.onTransact(ContentProviderNative.java:307)
08-27 21:42:31.536 21787 22779 W WellbeingSettingsProvid: 	at android.os.Binder.execTransactInternal(Binder.java:1500)
08-27 21:42:31.536 21787 22779 W WellbeingSettingsProvid: 	at android.os.Binder.execTransact(Binder.java:1444)
08-27 21:42:31.578   962   962 D CarrierSvcBindHelper: onPackageModified: com.skyfire.solarapp
08-27 21:42:31.586   962   962 D CarrierSvcBindHelper: No carrier app for: 0
08-27 21:42:31.644   576   595 W Looper  : Slow delivery took 230ms android.fg h=android.os.Handler c=com.android.server.am.SameProcessApplicationThread$$ExternalSyntheticLambda1@2bd3106 m=0
08-27 21:42:31.649 21578 21578 I Finsky  : [2] Memory trim requested to level 40
08-27 21:42:31.649 21578 21578 I Finsky  : [2] Flushing in-memory image cache
08-27 21:42:31.704   576   782 D ShortcutService: received package broadcast intent: Intent { act=android.intent.action.PACKAGE_CHANGED dat=package: flg=0x45000010 (has extras) }
08-27 21:42:31.704   576   782 D ShortcutService: changing package: com.skyfire.solarapp userId0
08-27 21:42:31.704   576   782 D ShortcutService: handlePackageChanged: com.skyfire.solarapp user=0
08-27 21:42:31.704   576   782 D ShortcutService: rescanPackageIfNeeded 0@com.skyfire.solarapp, forceRescan=true , isNewApp=true
08-27 21:42:31.726   576   679 I RoleService: Granting default roles...
08-27 21:42:31.762   824   824 D ControlsListingControllerImpl: ServiceConfig reloaded, count: 0
08-27 21:42:31.780   576   576 W Looper  : Slow dispatch took 115ms main h=android.app.ActivityThread$H c=android.app.LoadedApk$ReceiverDispatcher$Args$$ExternalSyntheticLambda0@4becdf4 m=0
08-27 21:42:31.798  8616  8625 I PermissionControllerServiceImpl: Updating user sensitive for uid 10243
08-27 21:42:31.827   576   782 D ShortcutService: Package com.skyfire.solarapp has 0 manifest shortcut(s), and 0 share target(s)
08-27 21:42:31.906   962   962 E SmsApplication: com.google.android.apps.messaging lost android:read_cell_broadcasts:  (fixing)
08-27 21:42:31.906   576   592 W AppOpService: Ignored setUidMode call for runtime permission app op: uid = 10140, code = READ_CELL_BROADCASTS, mode = allow, callingUid = 1001, oldMode = allow
08-27 21:42:31.908   962   962 E CellBroadcastUtils: getDefaultCellBroadcastReceiverPackageName: no package found
08-27 21:42:31.908   576   592 W AppOpService: Ignored setUidMode call for runtime permission app op: uid = 1001, code = READ_SMS, mode = allow, callingUid = 1001, oldMode = allow
08-27 21:42:31.909   576   592 W AppOpService: Ignored setUidMode call for runtime permission app op: uid = 1001, code = RECEIVE_SMS, mode = allow, callingUid = 1001, oldMode = allow
08-27 21:42:31.912   576   592 W AppOpService: Ignored setUidMode call for runtime permission app op: uid = 1001, code = RECEIVE_WAP_PUSH, mode = allow, callingUid = 1001, oldMode = allow
08-27 21:42:31.912   576   892 W AppOpService: Ignored setUidMode call for runtime permission app op: uid = 1001, code = SEND_SMS, mode = allow, callingUid = 1001, oldMode = allow
08-27 21:42:31.912   576   892 W AppOpService: Ignored setUidMode call for runtime permission app op: uid = 1001, code = READ_CELL_BROADCASTS, mode = allow, callingUid = 1001, oldMode = allow
08-27 21:42:31.938 23180 23180 D AppCompatDelegate: Checking for metadata for AppLocalesMetadataHolderService : Service not found
08-27 21:42:31.949   187 23132 I keystore2: system/security/keystore2/watchdog/src/lib.rs:319 - Watchdog thread idle -> terminating. Have a great day.
08-27 21:42:31.974   576   676 D ActivityManager: freezing 18486 com.google.android.packageinstaller
08-27 21:42:32.000   576  4086 W Role    : Default holder doesn't have required signing certificate: com.google.android.retaildemo:6547c73dee150c103980bfdffe55cc9a011d785dd694a5f99afd8205bcaf1f80
08-27 21:42:32.004   576  4086 E RoleControllerServiceImpl: Default/fallback role holder package doesn't qualify for the role, package: com.google.android.gms.supervision, role: android.app.role.SYSTEM_SUPERVISION
08-27 21:42:32.042   576   606 W MagnificationConnectionManager: requestConnection duplicated request: connect=false, mConnectionState=DISCONNECTED
08-27 21:42:32.054   576  4086 W Role    : Default holder doesn't have required signing certificate: com.google.android.apps.work.clouddpc:23962F4B43B9857638EA66F4D419518EAE282491ACDA4B94707BD59003C45E58
08-27 21:42:32.056   576   576 W IPCThreadState: Sending oneway calls to frozen process.
08-27 21:42:32.058   576   576 W IPCThreadState: Sending oneway calls to frozen process.
08-27 21:42:32.065   576   576 W IPCThreadState: Sending oneway calls to frozen process.
08-27 21:42:32.066   576   576 W IPCThreadState: Sending oneway calls to frozen process.
08-27 21:42:32.098  1319  1319 I AiAiEcho: AppFetcherImpl onPackageChanged com.skyfire.solarapp.
08-27 21:42:32.119  1124  1167 D PackageUpdatedTask: Package updated: mOp=UPDATE packages=[com.skyfire.solarapp]
08-27 21:42:32.145  1319 23223 I AiAiEcho: AppIndexer Package:[com.skyfire.solarapp] UserProfile:[0] Enabled:[true].
08-27 21:42:32.195  1319 23223 I AiAiEcho: AppFetcherImplV2 updateApps package:[com.skyfire.solarapp], userId:[0], reason:[package is updated.].
08-27 21:42:32.272   576   734 D InetDiagMessage: Destroyed 0 sockets, proto=IPPROTO_TCP, family=AF_INET, states=14
08-27 21:42:32.317   576   734 D InetDiagMessage: Destroyed 0 sockets, proto=IPPROTO_TCP, family=AF_INET6, states=14
08-27 21:42:32.323   576   734 D InetDiagMessage: Destroyed live tcp sockets for uids={10101} in 336ms
08-27 21:42:32.397   576   676 D ActivityManager: freezing 8257 com.google.android.adservices.api
08-27 21:42:32.426   576   734 D InetDiagMessage: Destroyed 0 sockets, proto=IPPROTO_TCP, family=AF_INET, states=14
08-27 21:42:32.427   576   734 D InetDiagMessage: Destroyed 0 sockets, proto=IPPROTO_TCP, family=AF_INET6, states=14
08-27 21:42:32.427   576   734 D InetDiagMessage: Destroyed live tcp sockets for uids={10189} in 5ms
08-27 21:42:32.427   962  1174 D ImsResolver: maybeAddedImsService, packageName: com.skyfire.solarapp
08-27 21:42:32.521 11516 11531 D SharedPreferencesImpl: Time required to fsync /data/user/0/com.google.android.gms/shared_prefs/proxy-apps-corpus.xml: [<1: 0, <2: 0, <4: 0, <8: 0, <16: 1, <32: 12, <64: 9, <128: 5, <256: 3, <512: 0, <1024: 1, <2048: 0, <4096: 0, <8192: 0, <16384: 0, >=16384: 0]
08-27 21:42:32.625  1124  1124 D StatsLog: LAUNCHER_ALLAPPS_COUNT
08-27 21:42:32.710   576   892 W AppOps  : Noting op not finished: uid 10144 pkg com.google.android.gms code 79 startTime of in progress event=1756275448622
08-27 21:42:32.719 11516 22156 I Icing   : Usage reports ok 1, Failed Usage reports 0, indexed 0, rejected 0
08-27 21:42:32.896   576   892 W AppOps  : Noting op not finished: uid 10144 pkg com.google.android.gms code 113 startTime of in progress event=1756275433130
08-27 21:42:32.922   962   969 I m.android.phone: Background concurrent mark compact GC freed 3448KB AllocSpace bytes, 0(0B) LOS objects, 49% free, 3285KB/6570KB, paused 685us,40.020ms total 844.023ms
08-27 21:42:32.936 11516 22156 I Icing   : Indexing com.google.android.gms-apps from com.google.android.gms
08-27 21:42:32.958  1319  1323 I ogle.android.as: Background concurrent mark compact GC freed 7493KB AllocSpace bytes, 1(28KB) LOS objects, 49% free, 6357KB/12MB, paused 913us,1.485ms total 823.609ms
08-27 21:42:33.043  1319  1325 W ogle.android.as: ApkAssets: Deleting an ApkAssets object '<empty> and /data/app/~~E5jofKLMbJqrFgkQ3ImRLQ==/com.google.android.googlequicksearchbox-oF3USt585jD961Kn4Si9OA==/base.apk' with 1 weak references
08-27 21:42:33.043  1319  1325 W ogle.android.as: ApkAssets: Deleting an ApkAssets object '<empty> and /data/app/~~E5jofKLMbJqrFgkQ3ImRLQ==/com.google.android.googlequicksearchbox-oF3USt585jD961Kn4Si9OA==/split_config.xxhdpi.apk' with 1 weak references
08-27 21:42:33.043  1319  1325 W ogle.android.as: ApkAssets: Deleting an ApkAssets object '<empty> and /data/app/~~E5jofKLMbJqrFgkQ3ImRLQ==/com.google.android.googlequicksearchbox-oF3USt585jD961Kn4Si9OA==/split_lens_ondevice_engine_play_ml_module.apk' with 1 weak references
08-27 21:42:33.043  1319  1325 W ogle.android.as: ApkAssets: Deleting an ApkAssets object '<empty> and /data/app/~~Oyl_BV3E0sgLQ2wgvb5zuA==/com.android.chrome-9GSvXWPRr8Gni-zV6RvNsg==/base.apk' with 1 weak references
08-27 21:42:33.044  1319  1325 W ogle.android.as: ApkAssets: Deleting an ApkAssets object '<empty> and /data/app/~~Oyl_BV3E0sgLQ2wgvb5zuA==/com.android.chrome-9GSvXWPRr8Gni-zV6RvNsg==/split_chrome.apk' with 1 weak references
08-27 21:42:33.044  1319  1325 W ogle.android.as: ApkAssets: Deleting an ApkAssets object '<empty> and /data/app/~~Oyl_BV3E0sgLQ2wgvb5zuA==/com.android.chrome-9GSvXWPRr8Gni-zV6RvNsg==/split_config.en.apk' with 1 weak references
08-27 21:42:33.044  1319  1325 W ogle.android.as: ApkAssets: Deleting an ApkAssets object '<empty> and /data/app/~~Oyl_BV3E0sgLQ2wgvb5zuA==/com.android.chrome-9GSvXWPRr8Gni-zV6RvNsg==/split_dev_ui.apk' with 1 weak references
08-27 21:42:33.044  1319  1325 W ogle.android.as: ApkAssets: Deleting an ApkAssets object '<empty> and /data/app/~~Oyl_BV3E0sgLQ2wgvb5zuA==/com.android.chrome-9GSvXWPRr8Gni-zV6RvNsg==/split_google3.apk' with 1 weak references
08-27 21:42:33.044  1319  1325 W ogle.android.as: ApkAssets: Deleting an ApkAssets object '<empty> and /data/app/~~Oyl_BV3E0sgLQ2wgvb5zuA==/com.android.chrome-9GSvXWPRr8Gni-zV6RvNsg==/split_stack_unwinder.apk' with 1 weak references
08-27 21:42:33.044  1319  1325 W ogle.android.as: ApkAssets: Deleting an ApkAssets object '<empty> and /data/app/~~Oyl_BV3E0sgLQ2wgvb5zuA==/com.android.chrome-9GSvXWPRr8Gni-zV6RvNsg==/split_test_dummy.apk' with 1 weak references
08-27 21:42:33.044  1319  1325 W ogle.android.as: ApkAssets: Deleting an ApkAssets object '<empty> and /data/app/~~Apj48RmtujST320ssPbB0Q==/com.google.android.trichromelibrary_725814338-Mc-HAI33_o62ErAXBkBiEw==/base.apk' with 1 weak references
08-27 21:42:33.044  1319  1325 W ogle.android.as: ApkAssets: Deleting an ApkAssets object '<empty> and /system_ext/priv-app/SystemUIGoogle/SystemUIGoogle.apk' with 1 weak references
08-27 21:42:33.044  1319  1325 W ogle.android.as: ApkAssets: Deleting an ApkAssets object '/vendor/overlay/SystemUIGoogle__sdk_gphone64_x86_64__auto_generated_rro_vendor.apk' with 1 weak references
08-27 21:42:33.044  1319  1325 W ogle.android.as: ApkAssets: Deleting an ApkAssets object '/product/overlay/SystemUIGoogle__sdk_gphone64_x86_64__auto_generated_rro_product.apk' with 1 weak references
08-27 21:42:33.044  1319  1325 W ogle.android.as: ApkAssets: Deleting an ApkAssets object '/product/overlay/SystemUIEmulationPixel9ProXL/SystemUIEmulationPixel9ProXLOverlay.apk' with 1 weak references
08-27 21:42:33.044  1319  1325 W ogle.android.as: ApkAssets: Deleting an ApkAssets object '<empty> and /data/app/~~mSC8mEa8x1IXKRfJ84zreA==/com.google.android.apps.docs-i-V493zMLWctA29D556Qpw==/base.apk' with 1 weak references
08-27 21:42:33.044  1319  1325 W ogle.android.as: ApkAssets: Deleting an ApkAssets object '<empty> and /data/app/~~mSC8mEa8x1IXKRfJ84zreA==/com.google.android.apps.docs-i-V493zMLWctA29D556Qpw==/split_config.en.apk' with 1 weak references
08-27 21:42:33.044  1319  1325 W ogle.android.as: ApkAssets: Deleting an ApkAssets object '<empty> and /data/app/~~mSC8mEa8x1IXKRfJ84zreA==/com.google.android.apps.docs-i-V493zMLWctA29D556Qpw==/split_config.x86_64.apk' with 1 weak references
08-27 21:42:33.044  1319  1325 W ogle.android.as: ApkAssets: Deleting an ApkAssets object '<empty> and /data/app/~~mSC8mEa8x1IXKRfJ84zreA==/com.google.android.apps.docs-i-V493zMLWctA29D556Qpw==/split_config.xxhdpi.apk' with 1 weak references
08-27 21:42:33.045  1319  1325 W ogle.android.as: ApkAssets: Deleting an ApkAssets object '<empty> and /data/app/~~mdtcrdGhSn-XdpRBeI7ZzA==/com.google.android.apps.maps-LBUPeGLWPZ-WC3KflHIrxw==/base.apk' with 1 weak references
08-27 21:42:33.045   576  4086 E RoleControllerServiceImpl: Default/fallback role holder package doesn't qualify for the role, package: com.google.android.gms, role: android.app.role.WALLET
08-27 21:42:33.045  1319  1325 W ogle.android.as: ApkAssets: Deleting an ApkAssets object '<empty> and /data/app/~~mdtcrdGhSn-XdpRBeI7ZzA==/com.google.android.apps.maps-LBUPeGLWPZ-WC3KflHIrxw==/split_config.en.apk' with 1 weak references
08-27 21:42:33.045  1319  1325 W ogle.android.as: ApkAssets: Deleting an ApkAssets object '<empty> and /data/app/~~mdtcrdGhSn-XdpRBeI7ZzA==/com.google.android.apps.maps-LBUPeGLWPZ-WC3KflHIrxw==/split_config.x86_64.apk' with 1 weak references
08-27 21:42:33.045  1319  1325 W ogle.android.as: ApkAssets: Deleting an ApkAssets object '<empty> and /data/app/~~mdtcrdGhSn-XdpRBeI7ZzA==/com.google.android.apps.maps-LBUPeGLWPZ-WC3KflHIrxw==/split_config.xxhdpi.apk' with 1 weak references
08-27 21:42:33.047  1319  1325 W ogle.android.as: ApkAssets: Deleting an ApkAssets object '<empty> and /data/app/~~N9G4j2jIx_KoVjRfseLBgQ==/com.google.android.apps.photos-GbJzMMIMXrr0DdUXtvWFZQ==/base.apk' with 1 weak references
08-27 21:42:33.048  1319  1325 W ogle.android.as: ApkAssets: Deleting an ApkAssets object '<empty> and /data/app/~~N9G4j2jIx_KoVjRfseLBgQ==/com.google.android.apps.photos-GbJzMMIMXrr0DdUXtvWFZQ==/split_config.en.apk' with 1 weak references
08-27 21:42:33.048  1319  1325 W ogle.android.as: ApkAssets: Deleting an ApkAssets object '<empty> and /data/app/~~N9G4j2jIx_KoVjRfseLBgQ==/com.google.android.apps.photos-GbJzMMIMXrr0DdUXtvWFZQ==/split_config.x86_64.apk' with 1 weak references
08-27 21:42:33.048  1319  1325 W ogle.android.as: ApkAssets: Deleting an ApkAssets object '<empty> and /data/app/~~N9G4j2jIx_KoVjRfseLBgQ==/com.google.android.apps.photos-GbJzMMIMXrr0DdUXtvWFZQ==/split_config.xxhdpi.apk' with 1 weak references
08-27 21:42:33.053  1319  1325 W ogle.android.as: ApkAssets: Deleting an ApkAssets object '<empty> and /data/app/~~22gHf9xQKo9JlRAXikjaYg==/com.google.android.apps.wellbeing-S-hAf0ntjhubdr5_UV284Q==/base.apk' with 1 weak references
08-27 21:42:33.055  1319  1325 W ogle.android.as: ApkAssets: Deleting an ApkAssets object '<empty> and /data/app/~~22gHf9xQKo9JlRAXikjaYg==/com.google.android.apps.wellbeing-S-hAf0ntjhubdr5_UV284Q==/split_config.xxhdpi.apk' with 1 weak references
08-27 21:42:33.060  1319  1325 W ogle.android.as: ApkAssets: Deleting an ApkAssets object '<empty> and /data/app/~~eTHBHHGBBXIae5eJrxSlzg==/com.google.android.apps.youtube.music-3lZZNxXhQHXZnfy4siLuGw==/base.apk' with 1 weak references
08-27 21:42:33.063  1319  1325 W ogle.android.as: ApkAssets: Deleting an ApkAssets object '<empty> and /data/app/~~eTHBHHGBBXIae5eJrxSlzg==/com.google.android.apps.youtube.music-3lZZNxXhQHXZnfy4siLuGw==/split_config.en.apk' with 1 weak references
08-27 21:42:33.063  1319  1325 W ogle.android.as: ApkAssets: Deleting an ApkAssets object '<empty> and /data/app/~~eTHBHHGBBXIae5eJrxSlzg==/com.google.android.apps.youtube.music-3lZZNxXhQHXZnfy4siLuGw==/split_config.xxhdpi.apk' with 1 weak references
08-27 21:42:33.063  1319  1325 W ogle.android.as: ApkAssets: Deleting an ApkAssets object '<empty> and /data/app/~~gIlSqoJmZzmNeMFcOlJ_bA==/com.google.android.calendar-7MS3_UUho3WLBQzC7dwIGw==/base.apk' with 1 weak references
08-27 21:42:33.063  1319  1325 W ogle.android.as: ApkAssets: Deleting an ApkAssets object '<empty> and /data/app/~~gIlSqoJmZzmNeMFcOlJ_bA==/com.google.android.calendar-7MS3_UUho3WLBQzC7dwIGw==/split_config.en.apk' with 1 weak references
08-27 21:42:33.063  1319  1325 W ogle.android.as: ApkAssets: Deleting an ApkAssets object '<empty> and /data/app/~~gIlSqoJmZzmNeMFcOlJ_bA==/com.google.android.calendar-7MS3_UUho3WLBQzC7dwIGw==/split_config.x86_64.apk' with 1 weak references
08-27 21:42:33.063  1319  1325 W ogle.android.as: ApkAssets: Deleting an ApkAssets object '<empty> and /data/app/~~gIlSqoJmZzmNeMFcOlJ_bA==/com.google.android.calendar-7MS3_UUho3WLBQzC7dwIGw==/split_config.xxhdpi.apk' with 1 weak references
08-27 21:42:33.064  1319  1325 W ogle.android.as: ApkAssets: Deleting an ApkAssets object '<empty> and /data/app/~~wjJZid8_TisxyHCSMf5dQQ==/com.google.android.contacts-UWYtWz0eBhGMZJcpcgR9UA==/base.apk' with 1 weak references
08-27 21:42:33.071  1319  1325 W ogle.android.as: ApkAssets: Deleting an ApkAssets object '<empty> and /data/app/~~wjJZid8_TisxyHCSMf5dQQ==/com.google.android.contacts-UWYtWz0eBhGMZJcpcgR9UA==/split_config.en.apk' with 1 weak references
08-27 21:42:33.071  1319  1325 W ogle.android.as: ApkAssets: Deleting an ApkAssets object '<empty> and /data/app/~~wjJZid8_TisxyHCSMf5dQQ==/com.google.android.contacts-UWYtWz0eBhGMZJcpcgR9UA==/split_config.x86_64.apk' with 1 weak references
08-27 21:42:33.078  1319  1325 W ogle.android.as: ApkAssets: Deleting an ApkAssets object '<empty> and /data/app/~~wjJZid8_TisxyHCSMf5dQQ==/com.google.android.contacts-UWYtWz0eBhGMZJcpcgR9UA==/split_config.xxhdpi.apk' with 1 weak references
08-27 21:42:33.078  1319  1325 W ogle.android.as: ApkAssets: Deleting an ApkAssets object '<empty> and /data/app/~~YomyGU7PwxBgz11z6qDQFA==/com.google.android.deskclock-qYX0_dFkTPlU93QHwcWuqw==/base.apk' with 1 weak references
08-27 21:42:33.078  1319  1325 W ogle.android.as: ApkAssets: Deleting an ApkAssets object '<empty> and /data/app/~~YomyGU7PwxBgz11z6qDQFA==/com.google.android.deskclock-qYX0_dFkTPlU93QHwcWuqw==/split_config.xxhdpi.apk' with 1 weak references
08-27 21:42:33.078  1319  1325 W ogle.android.as: ApkAssets: Deleting an ApkAssets object '<empty> and /data/app/~~LmB0AnPRAyhy9qJKJmzWrA==/com.google.android.gm-MoT-taBAQP5_WazzpONDzw==/base.apk' with 1 weak references
08-27 21:42:33.078  1319  1325 W ogle.android.as: ApkAssets: Deleting an ApkAssets object '<empty> and /data/app/~~LmB0AnPRAyhy9qJKJmzWrA==/com.google.android.gm-MoT-taBAQP5_WazzpONDzw==/split_config.en.apk' with 1 weak references
08-27 21:42:33.078  1319  1325 W ogle.android.as: ApkAssets: Deleting an ApkAssets object '<empty> and /data/app/~~LmB0AnPRAyhy9qJKJmzWrA==/com.google.android.gm-MoT-taBAQP5_WazzpONDzw==/split_config.x86_64.apk' with 1 weak references
08-27 21:42:33.078  1319  1325 W ogle.android.as: ApkAssets: Deleting an ApkAssets object '<empty> and /data/app/~~LmB0AnPRAyhy9qJKJmzWrA==/com.google.android.gm-MoT-taBAQP5_WazzpONDzw==/split_config.xxhdpi.apk' with 1 weak references
08-27 21:42:33.078  1319  1325 W ogle.android.as: ApkAssets: Deleting an ApkAssets object '<empty> and /product/priv-app/SettingsIntelligenceGooglePrebuilt/SettingsIntelligenceGooglePrebuilt.apk' with 1 weak references
08-27 21:42:33.079  1319  1325 W ogle.android.as: ApkAssets: Deleting an ApkAssets object '<empty> and /data/app/~~sT1Ra5wBMY2z_0HKnIqpZg==/com.google.android.youtube-n82LcE7KQznKyt3azLxgoA==/base.apk' with 1 weak references
08-27 21:42:33.079  1319  1325 W ogle.android.as: ApkAssets: Deleting an ApkAssets object '<empty> and /data/app/~~sT1Ra5wBMY2z_0HKnIqpZg==/com.google.android.youtube-n82LcE7KQznKyt3azLxgoA==/split_config.en.apk' with 1 weak references
08-27 21:42:33.079  1319  1325 W ogle.android.as: ApkAssets: Deleting an ApkAssets object '<empty> and /data/app/~~sT1Ra5wBMY2z_0HKnIqpZg==/com.google.android.youtube-n82LcE7KQznKyt3azLxgoA==/split_config.x86_64.apk' with 1 weak references
08-27 21:42:33.079  1319  1325 W ogle.android.as: ApkAssets: Deleting an ApkAssets object '<empty> and /data/app/~~sT1Ra5wBMY2z_0HKnIqpZg==/com.google.android.youtube-n82LcE7KQznKyt3azLxgoA==/split_config.xxhdpi.apk' with 1 weak references
08-27 21:42:33.079  1319  1325 W ogle.android.as: ApkAssets: Deleting an ApkAssets object '<empty> and /data/app/~~mQPE456zcBOYMBjUG9_Fvw==/com.skyfire.solarapp-xEjCY4iZJIrVYb-hhn-V6w==/base.apk' with 1 weak references
08-27 21:42:33.134   576  4086 E RoleControllerServiceImpl: Default/fallback role holder package doesn't qualify for the role, package: com.google.android.devicelockcontroller, role: android.app.role.SYSTEM_FINANCED_DEVICE_CONTROLLER
08-27 21:42:33.205   576   591 W AppOps  : Noting op not finished: uid 10144 pkg com.google.android.gms code 113 startTime of in progress event=1756275433130
08-27 21:42:33.217 23180 23180 D nativeloader: Load /data/app/~~mQPE456zcBOYMBjUG9_Fvw==/com.skyfire.solarapp-xEjCY4iZJIrVYb-hhn-V6w==/base.apk!/lib/x86_64/libhermes.so using ns clns-7 from class loader (caller=/data/app/~~mQPE456zcBOYMBjUG9_Fvw==/com.skyfire.solarapp-xEjCY4iZJIrVYb-hhn-V6w==/base.apk): ok
08-27 21:42:33.248 23180 23180 D nativeloader: Load /data/app/~~mQPE456zcBOYMBjUG9_Fvw==/com.skyfire.solarapp-xEjCY4iZJIrVYb-hhn-V6w==/base.apk!/lib/x86_64/libhermes_executor.so using ns clns-7 from class loader (caller=/data/app/~~mQPE456zcBOYMBjUG9_Fvw==/com.skyfire.solarapp-xEjCY4iZJIrVYb-hhn-V6w==/base.apk): ok
08-27 21:42:33.293   576   591 W AppOps  : Noting op not finished: uid 10144 pkg com.google.android.gms code 113 startTime of in progress event=1756275433130
08-27 21:42:33.320  1056  1714 I ActivityScheduler: nextTriggerTime: 80984495, in 238100ms, detectorType: 39, FULL_TYPE alarmWindowMillis: 80000
08-27 21:42:33.615 11516 22156 I Icing   : Indexing done com.google.android.gms-apps
08-27 21:42:33.618 11516 22156 I Icing   : Indexing com.google.android.gms-apps from com.google.android.gms
08-27 21:42:33.619 11516 22156 I Icing   : Indexing done com.google.android.gms-apps
08-27 21:42:34.553 21787 21791 I .apps.wellbeing: Background concurrent mark compact GC freed 2945KB AllocSpace bytes, 0(0B) LOS objects, 49% free, 4182KB/8364KB, paused 4.400ms,2.810ms total 341.865ms
08-27 21:42:34.566 21787 21793 W .apps.wellbeing: ApkAssets: Deleting an ApkAssets object '<empty> and /data/app/~~sT1Ra5wBMY2z_0HKnIqpZg==/com.google.android.youtube-n82LcE7KQznKyt3azLxgoA==/base.apk' with 1 weak references
08-27 21:42:34.566 21787 21793 W .apps.wellbeing: ApkAssets: Deleting an ApkAssets object '<empty> and /data/app/~~sT1Ra5wBMY2z_0HKnIqpZg==/com.google.android.youtube-n82LcE7KQznKyt3azLxgoA==/split_config.en.apk' with 1 weak references
08-27 21:42:34.566 21787 21793 W .apps.wellbeing: ApkAssets: Deleting an ApkAssets object '<empty> and /data/app/~~sT1Ra5wBMY2z_0HKnIqpZg==/com.google.android.youtube-n82LcE7KQznKyt3azLxgoA==/split_config.x86_64.apk' with 1 weak references
08-27 21:42:34.566 21787 21793 W .apps.wellbeing: ApkAssets: Deleting an ApkAssets object '<empty> and /data/app/~~sT1Ra5wBMY2z_0HKnIqpZg==/com.google.android.youtube-n82LcE7KQznKyt3azLxgoA==/split_config.xxhdpi.apk' with 1 weak references
08-27 21:42:34.570 21787 21793 W .apps.wellbeing: ApkAssets: Deleting an ApkAssets object '<empty> and /product/overlay/DisplayCutoutEmulationCorner/DisplayCutoutEmulationCornerOverlay.apk' with 1 weak references
08-27 21:42:34.571 21787 21793 W .apps.wellbeing: ApkAssets: Deleting an ApkAssets object '<empty> and /apex/com.android.extservices/priv-app/GoogleExtServices@350820300/GoogleExtServices.apk' with 1 weak references
08-27 21:42:34.571 21787 21793 W .apps.wellbeing: ApkAssets: Deleting an ApkAssets object '<empty> and /product/overlay/DisplayCutoutEmulationDouble/DisplayCutoutEmulationDoubleOverlay.apk' with 1 weak references
08-27 21:42:34.571 21787 21793 W .apps.wellbeing: ApkAssets: Deleting an ApkAssets object '<empty> and /system/priv-app/TelephonyProvider/TelephonyProvider.apk' with 1 weak references
08-27 21:42:34.571 21787 21793 W .apps.wellbeing: ApkAssets: Deleting an ApkAssets object '/product/overlay/TelephonyProvider__sdk_gphone64_x86_64__auto_generated_rro_product.apk' with 1 weak references
08-27 21:42:34.571 21787 21793 W .apps.wellbeing: ApkAssets: Deleting an ApkAssets object '<empty> and /system/priv-app/DynamicSystemInstallationService/DynamicSystemInstallationService.apk' with 1 weak references
08-27 21:42:34.619 21787 21793 W .apps.wellbeing: ApkAssets: Deleting an ApkAssets object '<empty> and /data/app/~~E5jofKLMbJqrFgkQ3ImRLQ==/com.google.android.googlequicksearchbox-oF3USt585jD961Kn4Si9OA==/base.apk' with 1 weak references
08-27 21:42:34.619 21787 21793 W .apps.wellbeing: ApkAssets: Deleting an ApkAssets object '<empty> and /data/app/~~E5jofKLMbJqrFgkQ3ImRLQ==/com.google.android.googlequicksearchbox-oF3USt585jD961Kn4Si9OA==/split_config.xxhdpi.apk' with 1 weak references
08-27 21:42:34.624 21787 21793 W .apps.wellbeing: ApkAssets: Deleting an ApkAssets object '<empty> and /data/app/~~E5jofKLMbJqrFgkQ3ImRLQ==/com.google.android.googlequicksearchbox-oF3USt585jD961Kn4Si9OA==/split_lens_ondevice_engine_play_ml_module.apk' with 1 weak references
08-27 21:42:34.624 21787 21793 W .apps.wellbeing: ApkAssets: Deleting an ApkAssets object '<empty> and /system/priv-app/CalendarProvider/CalendarProvider.apk' with 1 weak references
08-27 21:42:34.624 21787 21793 W .apps.wellbeing: ApkAssets: Deleting an ApkAssets object '<empty> and /product/priv-app/GoogleOneTimeInitializer/GoogleOneTimeInitializer.apk' with 1 weak references
08-27 21:42:34.625 21787 21793 W .apps.wellbeing: ApkAssets: Deleting an ApkAssets object '<empty> and /system/app/GoogleExtShared/GoogleExtShared.apk' with 1 weak references
08-27 21:42:34.633 21787 21793 W .apps.wellbeing: ApkAssets: Deleting an ApkAssets object '<empty> and /system/priv-app/ExternalStorageProvider/ExternalStorageProvider.apk' with 1 weak references
08-27 21:42:34.633 21787 21793 W .apps.wellbeing: ApkAssets: Deleting an ApkAssets object '<empty> and /system/app/HTMLViewer/HTMLViewer.apk' with 1 weak references
08-27 21:42:34.633 21787 21793 W .apps.wellbeing: ApkAssets: Deleting an ApkAssets object '<empty> and /system/app/CompanionDeviceManager/CompanionDeviceManager.apk' with 1 weak references
08-27 21:42:34.635 21787 21793 W .apps.wellbeing: ApkAssets: Deleting an ApkAssets object '<empty> and /system/priv-app/DownloadProvider/DownloadProvider.apk' with 1 weak references
08-27 21:42:34.642 21787 21793 W .apps.wellbeing: ApkAssets: Deleting an ApkAssets object '<empty> and /data/app/~~EN5_kZo_cz_AZpVQ3Zleyw==/com.google.android.apps.messaging-9fc39DB585VT4WH9RhFgdg==/base.apk' with 1 weak references
08-27 21:42:34.642 21787 21793 W .apps.wellbeing: ApkAssets: Deleting an ApkAssets object '<empty> and /data/app/~~EN5_kZo_cz_AZpVQ3Zleyw==/com.google.android.apps.messaging-9fc39DB585VT4WH9RhFgdg==/split_config.en.apk' with 1 weak references
08-27 21:42:34.650 21787 21793 W .apps.wellbeing: ApkAssets: Deleting an ApkAssets object '<empty> and /data/app/~~EN5_kZo_cz_AZpVQ3Zleyw==/com.google.android.apps.messaging-9fc39DB585VT4WH9RhFgdg==/split_config.x86_64.apk' with 1 weak references
08-27 21:42:34.651 21787 21793 W .apps.wellbeing: ApkAssets: Deleting an ApkAssets object '<empty> and /data/app/~~EN5_kZo_cz_AZpVQ3Zleyw==/com.google.android.apps.messaging-9fc39DB585VT4WH9RhFgdg==/split_config.xxhdpi.apk' with 1 weak references
08-27 21:42:34.662 21787 21793 W .apps.wellbeing: ApkAssets: Deleting an ApkAssets object '<empty> and /product/app/SoundPickerPrebuilt/SoundPickerPrebuilt.apk' with 1 weak references
08-27 21:42:34.669 21787 21793 W .apps.wellbeing: ApkAssets: Deleting an ApkAssets object '<empty> and /apex/com.android.mediaprovider/priv-app/MediaProviderGoogle@350820300/MediaProviderGoogle.apk' with 1 weak references
08-27 21:42:34.669 21787 21793 W .apps.wellbeing: ApkAssets: Deleting an ApkAssets object '<empty> and /product/priv-app/SafetyHubPrebuilt/SafetyHubPrebuilt.apk' with 1 weak references
08-27 21:42:34.760   576   598 W ActivityTaskManager: Launch timeout has expired, giving up wake lock!
08-27 21:42:34.920   576   960 D CompatChangeReporter: Compat change id reported: 161145287; UID 10243; state: ENABLED
08-27 21:42:34.995 23180 23228 D nativeloader: Load /data/app/~~mQPE456zcBOYMBjUG9_Fvw==/com.skyfire.solarapp-xEjCY4iZJIrVYb-hhn-V6w==/base.apk!/lib/x86_64/libreact_devsupportjni.so using ns clns-7 from class loader (caller=/data/app/~~mQPE456zcBOYMBjUG9_Fvw==/com.skyfire.solarapp-xEjCY4iZJIrVYb-hhn-V6w==/base.apk): ok
08-27 21:42:35.107 23180 23231 D TrafficStats: tagSocket(100) with statsTag=0xffffffff, statsUid=-1
08-27 21:42:35.110 23180 23232 D TrafficStats: tagSocket(103) with statsTag=0xffffffff, statsUid=-1
08-27 21:42:35.110 23180 23230 D TrafficStats: tagSocket(105) with statsTag=0xffffffff, statsUid=-1
08-27 21:42:35.140 23180 23180 W kyfire.solarapp: Accessing hidden method Landroid/view/View;->computeFitSystemWindows(Landroid/graphics/Rect;Landroid/graphics/Rect;)Z (unsupported, reflection, allowed)
08-27 21:42:35.147 23180 23180 W kyfire.solarapp: Accessing hidden method Landroid/view/ViewGroup;->makeOptionalFitsSystemWindows()V (unsupported, reflection, allowed)
08-27 21:42:35.247 23180 23180 W HWUI    : Unknown dataspace 0
08-27 21:42:35.338 23180 23180 W unknown:ReactNative: Packager connection already open, nooping.
08-27 21:42:35.347   576   960 D CoreBackPreview: Window{73f2380 u0 com.skyfire.solarapp/com.skyfire.solarapp.MainActivity}: Setting back callback OnBackInvokedCallbackInfo{mCallback=android.window.IOnBackInvokedCallback$Stub$Proxy@599240a, mPriority=0, mIsAnimationCallback=false}
08-27 21:42:35.405   443   453 W ServiceManagerCppClient: Permission failure: android.permission.ACCESS_SURFACE_FLINGER from uid=10243 pid=0
08-27 21:42:35.405   443   453 D PermissionCache: checking android.permission.ACCESS_SURFACE_FLINGER for uid=10243 => denied (237 us)
08-27 21:42:35.407   443   537 W ServiceManagerCppClient: Permission failure: android.permission.ROTATE_SURFACE_FLINGER from uid=10243 pid=23180
08-27 21:42:35.407   443   537 D PermissionCache: checking android.permission.ROTATE_SURFACE_FLINGER for uid=10243 => denied (863 us)
08-27 21:42:35.409   443   537 W ServiceManagerCppClient: Permission failure: android.permission.INTERNAL_SYSTEM_WINDOW from uid=10243 pid=23180
08-27 21:42:35.409   443   453 W ServiceManagerCppClient: Permission failure: android.permission.ROTATE_SURFACE_FLINGER from uid=10243 pid=0
08-27 21:42:35.410   443   537 D PermissionCache: checking android.permission.INTERNAL_SYSTEM_WINDOW for uid=10243 => denied (2256 us)
08-27 21:42:35.410   443   453 D PermissionCache: checking android.permission.ROTATE_SURFACE_FLINGER for uid=10243 => denied (4264 us)
08-27 21:42:35.427 23180 23218 I EGL_emulation: Opening libGLESv1_CM_emulation.so
08-27 21:42:35.428 23180 23218 I EGL_emulation: Opening libGLESv2_emulation.so
08-27 21:42:35.516 23180 23218 W HWUI    : Failed to choose config with EGL_SWAP_BEHAVIOR_PRESERVED, retrying without...
08-27 21:42:35.516 23180 23218 W HWUI    : Failed to initialize 101010-2 format, error = EGL_SUCCESS
08-27 21:42:35.595   163   163 I hwservicemanager: getTransport: Cannot find entry android.hardware.graphics.mapper@4.0::IMapper/default in either framework or device VINTF manifest.
08-27 21:42:35.596 23180 23218 I Gralloc4: mapper 4.x is not supported
08-27 21:42:35.751   576  1761 W ServiceManagerCppClient: Permission failure: android.permission.ACCESS_SURFACE_FLINGER from uid=10243 pid=0
08-27 21:42:35.751   576  1761 D PermissionCache: checking android.permission.ACCESS_SURFACE_FLINGER for uid=10243 => denied (151 us)
08-27 21:42:35.751   576  1761 W ServiceManagerCppClient: Permission failure: android.permission.ROTATE_SURFACE_FLINGER from uid=10243 pid=0
08-27 21:42:35.751   576  1761 D PermissionCache: checking android.permission.ROTATE_SURFACE_FLINGER for uid=10243 => denied (56 us)
08-27 21:42:35.751   576  1761 W ServiceManagerCppClient: Permission failure: android.permission.INTERNAL_SYSTEM_WINDOW from uid=10243 pid=0
08-27 21:42:35.751   576  1761 D PermissionCache: checking android.permission.INTERNAL_SYSTEM_WINDOW for uid=10243 => denied (68 us)
08-27 21:42:35.777   576   595 W ziparchive: Unable to open '/data/app/~~mQPE456zcBOYMBjUG9_Fvw==/com.skyfire.solarapp-xEjCY4iZJIrVYb-hhn-V6w==/base.dm': No such file or directory
08-27 21:42:35.779   576   595 I ActivityTaskManager: Displayed com.skyfire.solarapp/.MainActivity for user 0: +12s41ms
08-27 21:42:35.779   576   595 W Looper  : Drained
08-27 21:42:35.996  1056  1495 I FontLog : (REDACTED) Received query %s, URI %s
08-27 21:42:35.996  1056  1495 I FontLog : (REDACTED) Query [%s] resolved to %s
08-27 21:42:36.079  1056  1495 I FontLog : (REDACTED) Fetch %s end status %s
08-27 21:42:36.170  1056  1495 I FontLog : (REDACTED) Pulling font file for id = %d, cache size = %d
08-27 21:42:36.263  1056  1495 I FontLog : (REDACTED) Pulling font file for id = %d, cache size = %d
08-27 21:42:36.352  1124  1425 D EGL_emulation: app_time_stats: avg=7816.10ms min=7816.10ms max=7816.10ms count=1
08-27 21:42:36.395   495   533 W IPCThreadState: Sending oneway calls to frozen process.
08-27 21:42:36.395   495   533 W IPCThreadState: Sending oneway calls to frozen process.
08-27 21:42:36.395   495   533 W IPCThreadState: Sending oneway calls to frozen process.
08-27 21:42:36.467 23180 23231 D nativeloader: Load /data/app/~~mQPE456zcBOYMBjUG9_Fvw==/com.skyfire.solarapp-xEjCY4iZJIrVYb-hhn-V6w==/base.apk!/lib/x86_64/libreactnativejni.so using ns clns-7 from class loader (caller=/data/app/~~mQPE456zcBOYMBjUG9_Fvw==/com.skyfire.solarapp-xEjCY4iZJIrVYb-hhn-V6w==/base.apk): ok
08-27 21:42:36.486   824   866 W WindowOnBackDispatcher: sendCancelIfRunning: isInProgress=false callback=android.view.ViewRootImpl$$ExternalSyntheticLambda11@b2023c4
08-27 21:42:36.494   576   892 D CoreBackPreview: Window{dc8e18f u0 Splash Screen com.skyfire.solarapp EXITING}: Setting back callback null
08-27 21:42:36.553   576   693 I ImeTracker: com.skyfire.solarapp:e735eb8b: onRequestHide at ORIGIN_SERVER reason HIDE_UNSPECIFIED_WINDOW fromUser false
08-27 21:42:36.553   576   693 I ImeTracker: com.skyfire.solarapp:e735eb8b: onCancelled at PHASE_SERVER_SHOULD_HIDE
08-27 21:42:36.564   576  1761 D CoreBackPreview: Window{91ffce5 u0 PopupWindow:7d0278d}: Setting back callback OnBackInvokedCallbackInfo{mCallback=android.window.IOnBackInvokedCallback$Stub$Proxy@86df012, mPriority=0, mIsAnimationCallback=false}
08-27 21:42:36.564   576   591 W InputManager-JNI: Input channel object 'dc8e18f Splash Screen com.skyfire.solarapp (client)' was disposed without first being removed with the input manager!
08-27 21:42:36.627 23180 23231 D nativeloader: Load /data/app/~~mQPE456zcBOYMBjUG9_Fvw==/com.skyfire.solarapp-xEjCY4iZJIrVYb-hhn-V6w==/base.apk!/lib/x86_64/libfbjni.so using ns clns-7 from class loader (caller=/data/app/~~mQPE456zcBOYMBjUG9_Fvw==/com.skyfire.solarapp-xEjCY4iZJIrVYb-hhn-V6w==/base.apk): ok
08-27 21:42:36.655  1249  1249 I GoogleInputMethodService: GoogleInputMethodService.onFinishInput():2054 
08-27 21:42:36.684  1249  1249 I Module  : DeviceLockedStatusModuleProvider$Module.updateDeviceLockedStatus():100 repeatCheckTimes = 0, locked = false
08-27 21:42:36.703  1249  1249 W NotificationCenter: NotificationCenter$NotificationQueue.notifyPendingNotificationsOnExecutor():877 Heavy notify work detected on UI thread: [lsv->jsp, lsv->jsp, lsv->jsp, lsv->jue, lsv->nfy, lsv->jsp, lsv->fsv, lsv->jsp, lsv->jsp, lsv->nuh, lsv->lru, lsv->lrq, lsv->jsp, lsv->kxq, lsv->jsp, lsv->lfa, lsv->jsp, lsv->jsp, lsv->fvd, lsv->jsp, lsv->jqc, lsv->jsp, lsv->hlj, lsv->jsp, lsv->jsp, lsv->gug] takes 28ms
08-27 21:42:36.736  1249  1249 I GoogleInputMethodService: GoogleInputMethodService.onStartInput():1315 onStartInput(EditorInfo{EditorInfo{packageName=com.skyfire.solarapp, inputType=0, inputTypeString=NULL, enableLearning=false, autoCorrection=false, autoComplete=false, imeOptions=0, privateImeOptions=null, actionName=UNSPECIFIED, actionLabel=null, initialSelStart=-1, initialSelEnd=-1, initialCapsMode=0, label=null, fieldId=0, fieldName=null, extras=null, hintText=null, hintLocales=[]}}, false)
08-27 21:42:36.762  1249  1249 I Module  : DeviceLockedStatusModuleProvider$Module.updateDeviceLockedStatus():100 repeatCheckTimes = 1, locked = false
08-27 21:42:36.769  1249  1249 W NotificationCenter: NotificationCenter$NotificationQueue.notifyPendingNotificationsOnExecutor():877 Heavy notify work detected on UI thread: [lsv->jsp, lsv->jsp, lsv->jsp, lsv->jue, lsv->nfy, lsv->jsp, lsv->fsv, lsv->jsp, lsv->jsp, lsv->nuh, lsv->lru, lsv->lrq, lsv->jsp, lsv->kxq, lsv->jsp, lsv->lfa, lsv->jsp, lsv->jsp, lsv->fvd, lsv->jsp, lsv->jqc, lsv->jsp, lsv->hlj, lsv->jsp, lsv->jsp, lsv->gug] takes 27ms
08-27 21:42:36.780   576   655 W PackageConfigPersister: App-specific configuration not found for packageName: com.skyfire.solarapp and userId: 0
08-27 21:42:36.822 23180 23231 W kyfire.solarapp: Verification of void com.facebook.jni.DestructorThread$Destructor.<init>(com.facebook.jni.DestructorThread$1) took 193.584ms (20.66 bytecodes/s) (2128B approximate peak alloc)
08-27 21:42:36.837   824   927 D EGL_emulation: app_time_stats: avg=3118.25ms min=33.58ms max=9093.48ms count=3
08-27 21:42:36.989  1124  1124 D BaseDepthController: setSurface:
08-27 21:42:36.989  1124  1124 D BaseDepthController: 	mWaitingOnSurfaceValidity: false
08-27 21:42:36.989  1124  1124 D BaseDepthController: 	mSurface: null
08-27 21:42:36.989  1124  1124 D BaseDepthController: mSurface is null and mCurrentBlur is: 0
08-27 21:42:37.011  1124  1124 D StateManager: goToState - fromState: Normal, toState: Normal, partial trace:
08-27 21:42:37.011  1124  1124 D StateManager: 	at com.android.launcher3.statemanager.StateManager.moveToRestState(go/retraceme 2855a437b73635ce9cad76b9289087e631bbb67fc90008a0da13d343a00e5041:4)
08-27 21:42:37.011  1124  1124 D StateManager: 	at com.android.launcher3.statemanager.StateManager.moveToRestState(go/retraceme 2855a437b73635ce9cad76b9289087e631bbb67fc90008a0da13d343a00e5041:1)
08-27 21:42:37.011  1124  1124 D StateManager: 	at com.android.launcher3.statemanager.StatefulActivity.onStop(go/retraceme 2855a437b73635ce9cad76b9289087e631bbb67fc90008a0da13d343a00e5041:34)
08-27 21:42:37.012  1124  1124 D StatsLog: LAUNCHER_ONSTOP
08-27 21:42:37.027  1124  1756 D GmsPlayProvider: Shut down the binder channel
08-27 21:42:37.027  1124  1124 D StatsLog: LAUNCHER_GOOGLE_SEARCH_RESTORE_LIST_SIZE_AFTER_ACTIVITY_RESTART
08-27 21:42:37.113  1124  1467 D OneSearchSuggestProvider: Shut down the binder channel
08-27 21:42:37.189 23180 23235 W kyfire.solarapp: Verification of void kotlin.jvm.internal.Ref$IntRef.<init>() took 248.384ms (16.10 bytecodes/s) (2112B approximate peak alloc)
08-27 21:42:37.348   576   596 W Looper  : Slow dispatch took 121ms android.ui h=com.android.server.am.ActivityManagerService$UiHandler c=com.android.server.am.UidObserverController$$ExternalSyntheticLambda0@6dcdf7f m=0
08-27 21:42:37.503 23180 23186 I kyfire.solarapp: Background concurrent mark compact GC freed 4280KB AllocSpace bytes, 1(20KB) LOS objects, 49% free, 3780KB/7561KB, paused 1.139ms,7.794ms total 217.016ms
08-27 21:42:38.067  1056  1056 D BoundBrokerSvc: onUnbind: Intent { act=com.google.android.gms.libs.gmscorelogger.service.START dat=chimera-action:/... cmp=com.google.android.gms/.chimera.PersistentDirectBootAwareApiService }
08-27 21:42:38.276 23180 23218 D EGL_emulation: app_time_stats: avg=445.29ms min=312.98ms max=664.86ms count=3
08-27 21:42:39.568 21578 21578 I Finsky  : [2] SCH: job service start with id 9398.
08-27 21:42:39.684 21578 23158 I Finsky  : [230] SCH: Satisfied jobs for 9398 are: 12-1
08-27 21:42:39.695 21578 23216 I Finsky  : [238] SCH: Job 12-1 starting
08-27 21:42:39.695 21578 21578 I Finsky  : [2] WM::SCH: Logging work start for 12-1
08-27 21:42:39.702 21578 21578 I Finsky  : [2] [ContentSync] job started
08-27 21:42:39.882   576   676 D ActivityManager: freezing 22937 com.android.vending:background
08-27 21:42:40.090 21578 23247 I Finsky  : [240] App states replicator found 23 unowned apps
08-27 21:42:40.109 21787 21793 W .apps.wellbeing: ApkAssets: Deleting an ApkAssets object '<empty> and /system/priv-app/DownloadProviderUi/DownloadProviderUi.apk' with 1 weak references
08-27 21:42:40.112 21787 21793 W .apps.wellbeing: ApkAssets: Deleting an ApkAssets object '<empty> and /data/app/~~Bru3KhdkI1yTGHEAKqhLSQ==/com.android.vending-j7FmlaDi0V5w6HKNmA7qwg==/base.apk' with 1 weak references
08-27 21:42:40.112 21787 21793 W .apps.wellbeing: ApkAssets: Deleting an ApkAssets object '<empty> and /data/app/~~Bru3KhdkI1yTGHEAKqhLSQ==/com.android.vending-j7FmlaDi0V5w6HKNmA7qwg==/split_config.en.apk' with 1 weak references
08-27 21:42:40.112 21787 21793 W .apps.wellbeing: ApkAssets: Deleting an ApkAssets object '<empty> and /data/app/~~Bru3KhdkI1yTGHEAKqhLSQ==/com.android.vending-j7FmlaDi0V5w6HKNmA7qwg==/split_config.x86_64.apk' with 1 weak references
08-27 21:42:40.112 21787 21793 W .apps.wellbeing: ApkAssets: Deleting an ApkAssets object '<empty> and /data/app/~~Bru3KhdkI1yTGHEAKqhLSQ==/com.android.vending-j7FmlaDi0V5w6HKNmA7qwg==/split_phonesky_data_loader.apk' with 1 weak references
08-27 21:42:40.112 21787 21793 W .apps.wellbeing: ApkAssets: Deleting an ApkAssets object '<empty> and /data/app/~~Bru3KhdkI1yTGHEAKqhLSQ==/com.android.vending-j7FmlaDi0V5w6HKNmA7qwg==/split_phonesky_data_loader.config.x86_64.apk' with 1 weak references
08-27 21:42:40.112 21787 21793 W .apps.wellbeing: ApkAssets: Deleting an ApkAssets object '<empty> and /system/app/PacProcessor/PacProcessor.apk' with 1 weak references
08-27 21:42:40.112 21787 21793 W .apps.wellbeing: ApkAssets: Deleting an ApkAssets object '<empty> and /system/app/SimAppDialog/SimAppDialog.apk' with 1 weak references
08-27 21:42:40.112 21787 21793 W .apps.wellbeing: ApkAssets: Deleting an ApkAssets object '/product/overlay/SimAppDialog__sdk_gphone64_x86_64__auto_generated_rro_product.apk' with 1 weak references
08-27 21:42:40.112 21787 21793 W .apps.wellbeing: ApkAssets: Deleting an ApkAssets object '<empty> and /apex/com.android.adservices/priv-app/AdServicesApkGoogle@350820260/AdServicesApkGoogle.apk' with 1 weak references
08-27 21:42:40.113 21787 21793 W .apps.wellbeing: ApkAssets: Deleting an ApkAssets object '<empty> and /product/overlay/DisplayCutoutEmulationHole/DisplayCutoutEmulationHoleOverlay.apk' with 1 weak references
