08-26 23:03:15.605  1101  1469 E DoodleDataLoader: 	at android.content.ContentProviderClient.query(ContentProviderClient.java:168)
08-26 23:03:15.605  1101  1469 E DoodleDataLoader: 	at Z1.b.d(go/retraceme 2855a437b73635ce9cad76b9289087e631bbb67fc90008a0da13d343a00e5041:24)
08-26 23:03:15.605  1101  1469 E DoodleDataLoader: 	at Z1.d.run(go/retraceme 2855a437b73635ce9cad76b9289087e631bbb67fc90008a0da13d343a00e5041:3)
08-26 23:03:15.605  1101  1469 E DoodleDataLoader: 	at android.os.Handler.handleCallback(Handler.java:959)
08-26 23:03:15.605  1101  1469 E DoodleDataLoader: 	at android.os.Handler.dispatchMessage(Handler.java:100)
08-26 23:03:15.605  1101  1469 E DoodleDataLoader: 	at android.os.Looper.loopOnce(Looper.java:232)
08-26 23:03:15.605  1101  1469 E DoodleDataLoader: 	at android.os.Looper.loop(Looper.java:317)
08-26 23:03:15.605  1101  1469 E DoodleDataLoader: 	at android.os.HandlerThread.run(HandlerThread.java:85)
08-26 23:03:15.606  1101  1469 D OneSearchSuggestProvider: Shut down the binder channel
08-26 23:03:15.617  1680  1680 D CompatChangeReporter: Compat change id reported: 311402873; UID 10129; state: ENABLED
08-26 23:03:15.617  1680  1680 D CompatChangeReporter: Compat change id reported: 323349338; UID 10129; state: ENABLED
08-26 23:03:15.625  1750  1750 D nativeloader: Configuring clns-shared-8 for other apk /system/priv-app/UserDictionaryProvider/UserDictionaryProvider.apk. target_sdk_version=35, uses_libraries=, library_path=/system/priv-app/UserDictionaryProvider/lib/x86_64:/system/lib64:/system_ext/lib64, permitted_path=/data:/mnt/expand:/data/user/0/com.android.providers.userdictionary:/system/priv-app/UserDictionaryProvider:/system/lib64:/system_ext/lib64
08-26 23:03:15.646  1258  1258 I DeviceModeModule: DeviceModeModule.calculateAndNotify():198 Window metrics is not available, fallback to app context.
08-26 23:03:15.657  1780  1780 W ziparchive: Unable to open '/data/app/~~E5jofKLMbJqrFgkQ3ImRLQ==/com.google.android.googlequicksearchbox-oF3USt585jD961Kn4Si9OA==/split_config.xxhdpi.dm': No such file or directory
08-26 23:03:15.657  1780  1780 W ziparchive: Unable to open '/data/app/~~E5jofKLMbJqrFgkQ3ImRLQ==/com.google.android.googlequicksearchbox-oF3USt585jD961Kn4Si9OA==/split_config.xxhdpi.dm': No such file or directory
08-26 23:03:15.657  1780  1780 W chbox:googleapp: Entry not found
08-26 23:03:15.658  1780  1780 W ziparchive: Unable to open '/data/app/~~E5jofKLMbJqrFgkQ3ImRLQ==/com.google.android.googlequicksearchbox-oF3USt585jD961Kn4Si9OA==/split_lens_ondevice_engine_play_ml_module.dm': No such file or directory
08-26 23:03:15.658  1780  1780 W ziparchive: Unable to open '/data/app/~~E5jofKLMbJqrFgkQ3ImRLQ==/com.google.android.googlequicksearchbox-oF3USt585jD961Kn4Si9OA==/split_lens_ondevice_engine_play_ml_module.dm': No such file or directory
08-26 23:03:15.658  1780  1780 W chbox:googleapp: Entry not found
08-26 23:03:15.659  1780  1780 D nativeloader: Configuring clns-7 for other apk /data/app/~~E5jofKLMbJqrFgkQ3ImRLQ==/com.google.android.googlequicksearchbox-oF3USt585jD961Kn4Si9OA==/base.apk:/data/app/~~E5jofKLMbJqrFgkQ3ImRLQ==/com.google.android.googlequicksearchbox-oF3USt585jD961Kn4Si9OA==/split_config.xxhdpi.apk:/data/app/~~E5jofKLMbJqrFgkQ3ImRLQ==/com.google.android.googlequicksearchbox-oF3USt585jD961Kn4Si9OA==/split_lens_ondevice_engine_play_ml_module.apk. target_sdk_version=36, uses_libraries=, library_path=/data/app/~~E5jofKLMbJqrFgkQ3ImRLQ==/com.google.android.googlequicksearchbox-oF3USt585jD961Kn4Si9OA==/lib/x86_64:/data/app/~~E5jofKLMbJqrFgkQ3ImRLQ==/com.google.android.googlequicksearchbox-oF3USt585jD961Kn4Si9OA==/base.apk!/lib/x86_64:/data/app/~~E5jofKLMbJqrFgkQ3ImRLQ==/com.google.android.googlequicksearchbox-oF3USt585jD961Kn4Si9OA==/split_config.xxhdpi.apk!/lib/x86_64:/data/app/~~E5jofKLMbJqrFgkQ3ImRLQ==/com.google.android.googlequicksearchbox-oF3USt585jD961Kn4Si9OA==/split_lens_ondevice_engine_play_ml_module.apk!/lib/x86_64, permitted_path=/
08-26 23:03:15.667  1780  1780 V GraphicsEnvironment: Currently set values for:
08-26 23:03:15.667  1780  1780 V GraphicsEnvironment:   angle_gl_driver_selection_pkgs=[]
08-26 23:03:15.667  1780  1780 V GraphicsEnvironment:   angle_gl_driver_selection_values=[]
08-26 23:03:15.667  1780  1780 V GraphicsEnvironment: Global.Settings values are invalid: number of packages: 0, number of values: 0
08-26 23:03:15.667  1780  1780 V GraphicsEnvironment: Neither updatable production driver nor prerelease driver is supported.
08-26 23:03:15.675  1780  1780 I MultiDex: VM with version 2.1.0 has multidex support
08-26 23:03:15.675  1780  1780 I MultiDex: Installing application
08-26 23:03:15.675  1780  1780 I MultiDex: VM has multidex support, MultiDex support library is disabled.
08-26 23:03:15.678   574  1731 D CompatChangeReporter: Compat change id reported: 311402873; UID 10129; state: ENABLED
08-26 23:03:15.678  1318  1619 I AiAiNowPlaying: Registering Now Playing population: NOW_PLAYING_USAGE_WEEKLY
08-26 23:03:15.686   574   700 W BroadcastLoopers: Found previously unknown looper Thread[StorageManagerService,5,main]
08-26 23:03:15.691   574   700 I StorageSessionController: Notifying volume state changed for session with id: emulated;0
08-26 23:03:15.692  1303  1677 I ExternalStorageServiceImpl: Ignoring volume state for vol:external_primary. State: checking
08-26 23:03:15.692  1258  1258 I DeviceModeModule: DeviceModeModule.calculateAndNotify():225 Device mode 'phone' from display metrics 'DisplayMetrics{density=0.0, width=1344, height=2992, scaledDensity=0.0, xdpi=480.0, ydpi=480.0}' or smallestScreenWidthDp: 448
08-26 23:03:15.696  1303  1677 V MediaStore: Examining volume emulated;0 with name external_primary and state mounted
08-26 23:03:15.696  1303  1677 V MediaStore: Examining volume public:253,80 with name 0000-0000 and state mounted
08-26 23:03:15.703  1318  1633 I SP.AiAi : Registering spelling_correction.22110320, url: https://www.gstatic.com/nasa/apps/pack_spelling_checker_11032022/22110320/2/en-us/superpacks_manifest.zip, constraints: W:*:I:*, flags: *, requested: 22110320, current: -1
08-26 23:03:15.705   574   574 V NotificationManagerService$NotificationAssistants: 0 notification assistant service connected: ComponentInfo{com.google.android.as/com.google.android.apps.miphone.aiai.common.notification.service.AiAiNotificationAssistantService}
08-26 23:03:15.709   574   700 I StorageSessionController: Notifying volume state changed for session with id: emulated;0
08-26 23:03:15.710  1303  1677 V MediaProvider: attachVolume() called for external_primary with state:mounted
08-26 23:03:15.718   574  1731 D CompatChangeReporter: Compat change id reported: 323349338; UID 10129; state: ENABLED
08-26 23:03:15.719  1680  1680 I NetworkUsageLogTtlService: Scheduled NetworkUsageLogTtlService
08-26 23:03:15.693  1258  1258 I InputMethodEntryManager: InputMethodEntryManager.resetLanguages():2745 resetLanguages(): languages=null, conditionName=device
08-26 23:03:15.723  1258  1258 I ImeDefCache: ImeDefCache.clearCacheForLanguages():384 clearCacheForLanguages(): []
08-26 23:03:15.723  1258  1258 I AdditionalImeDefCache: AdditionalImeDefCache.clearAdditionalImeDefsForCondition():425 clearAdditionalImeDefsForCondition() clear additional ImeDefs: []
08-26 23:03:15.729  1303  1303 V MediaStore: Examining volume emulated;0 with name external_primary and state mounted
08-26 23:03:15.729  1303  1303 V MediaStore: Examining volume public:253,80 with name 0000-0000 and state mounted
08-26 23:03:15.731  1487  1487 I NearbySharing: SharingTileService created.
08-26 23:03:15.733  1483  1483 I cr_CombinedPProvider: #linkNativeInternal() 0
08-26 23:03:15.733  1483  1483 I cr_PolicyProvider: #setManagerAndSource() 0
08-26 23:03:15.735  1258  1258 I InputMethodEntryManager: InputMethodEntryManager.resetLanguages():2756 Clear cache for languages: null, changed=false
08-26 23:03:15.735   574  1726 D CompatChangeReporter: Compat change id reported: 297989574; UID 1000; state: ENABLED
08-26 23:03:15.735  1258  1258 W NotificationCenter: NotificationCenter$NotificationQueue.notifyPendingNotificationsOnExecutor():877 Heavy notify work detected on UI thread: [ksb->pef] takes 42ms
08-26 23:03:15.735  1258  1258 W NotificationCenter: NotificationCenter$NotificationQueue.notifyPendingNotificationsOnExecutor():877 Heavy notify work detected on UI thread: [nfb->ksf] takes 89ms
08-26 23:03:15.736  1483  1483 I cr_PolicyCacheProvider: #refresh() true
08-26 23:03:15.737  1318  1873 I AiAiOdi : StatusBarNotificationProcessor created.
08-26 23:03:15.739  1033  1252 I SystemMemoryMap: [flp] starting initialization [CONTEXT service_id=6 ]
08-26 23:03:15.740  1033  1252 I SystemMemoryMap: (REDACTED) [flp] recovering %d entries
08-26 23:03:15.740  1033  1252 I SystemMemoryMap: [flp] initialization complete [CONTEXT service_id=6 ]
08-26 23:03:15.742   828   890 D ControlsListingControllerImpl: Unsubscribing callback
08-26 23:03:15.746  1101  1101 D OverviewActionsView: updateActionButtonsVisibility() called: showSingleTaskActions = [true], showGroupActions = [false]
08-26 23:03:15.753  1101  1157 D LauncherProvider: migrateGridIfNeeded: no grid migration needed
08-26 23:03:15.753  1101  1157 D LoaderTask: loadWorkspace: loading default favorites
08-26 23:03:15.755  1101  1157 D LoaderTask: loadWorkspace: Packages with active install sessions: []
08-26 23:03:15.757  1599  1599 I lcw     : SslGuard completed installation.
08-26 23:03:15.760   574  1685 V WindowManager: Queueing transition: TransitionRecord{4ade925 id=-1 type=CHANGE flags=0x0}
08-26 23:03:15.765   574  1053 D ShortcutService: Getting shortcuts for launcher= com.google.android.apps.nexuslauncheruser=0 pkg=null
08-26 23:03:15.769   574   600 V WindowManager: Unknown focus tokens, dropping reportFocusChanged
08-26 23:03:15.781  1101  1101 I Choreographer: Skipped 62 frames!  The application may be doing too much work on its main thread.
08-26 23:03:15.785   574  1687 D CoreBackPreview: Window{bf28cc6 u0 com.google.android.apps.nexuslauncher/com.google.android.apps.nexuslauncher.NexusLauncherActivity}: Setting back callback OnBackInvokedCallbackInfo{mCallback=android.window.IOnBackInvokedCallback$Stub$Proxy@59117dd, mPriority=-1, mIsAnimationCallback=false}
08-26 23:03:15.788   574  1687 D CoreBackPreview: Window{bf28cc6 u0 com.google.android.apps.nexuslauncher/com.google.android.apps.nexuslauncher.NexusLauncherActivity}: Setting back callback OnBackInvokedCallbackInfo{mCallback=android.window.IOnBackInvokedCallback$Stub$Proxy@5faaf52, mPriority=0, mIsAnimationCallback=true}
08-26 23:03:15.789  1101  1156 D InputMonitorCompat: Input monitor (minus-one-disp0) created
08-26 23:03:15.794  1849  1849 D nativeloader: Configuring clns-shared-7 for other apk /system/priv-app/LocalTransport/LocalTransport.apk. target_sdk_version=35, uses_libraries=, library_path=/system/priv-app/LocalTransport/lib/x86_64:/system/priv-app/LocalTransport/LocalTransport.apk!/lib/x86_64:/system/lib64:/system_ext/lib64, permitted_path=/data:/mnt/expand:/data/user/0/com.android.localtransport:/system/priv-app/LocalTransport:/system/lib64:/system_ext/lib64
08-26 23:03:15.795  1423  1568 D WM-SystemJobScheduler: Reconciling jobs
08-26 23:03:15.798   574   574 V NotificationManagerService$NotificationListeners: 0 notification listener service connected: ComponentInfo{com.google.android.as/com.google.android.apps.miphone.aiai.common.notification.service.AiAiNotificationListenerService}
08-26 23:03:15.800   828   828 D ZenModeController: Removed callback class com.google.android.systemui.smartspace.KeyguardZenAlarmViewController$zenModeCallback$1
08-26 23:03:15.800  1849  1849 D CompatChangeReporter: Compat change id reported: 202956589; UID 1000; state: ENABLED
08-26 23:03:15.806  1849  1849 V GraphicsEnvironment: Currently set values for:
08-26 23:03:15.806  1849  1849 V GraphicsEnvironment:   angle_gl_driver_selection_pkgs=[]
08-26 23:03:15.806  1849  1849 V GraphicsEnvironment:   angle_gl_driver_selection_values=[]
08-26 23:03:15.806  1849  1849 V GraphicsEnvironment: Global.Settings values are invalid: number of packages: 0, number of values: 0
08-26 23:03:15.806  1849  1849 V GraphicsEnvironment: Neither updatable production driver nor prerelease driver is supported.
08-26 23:03:15.809  1101  1156 D InputMonitorCompat: Input event receiver for monitor (minus-one-disp0) created
08-26 23:03:15.811   574   789 D ShortcutService: Saving package item com.google.android.calendar to /data/system_ce/0/shortcut_service/packages/com.google.android.calendar.xml
08-26 23:03:15.814  1258  1258 W NotificationCenter: NotificationCenter$NotificationQueue.notifyPendingNotificationsOnExecutor():877 Heavy notify work detected on UI thread: [mnq->mnp] takes 78ms
08-26 23:03:15.814  1258  1258 I ShortcutKeyAvailableChecker: ShortcutKeyAvailableChecker.updateShortcutKeysBlocklist():66 ShortcutKeysBlocklist: 
08-26 23:03:15.815  1258  1877 I SuperpacksManagerImpl: SuperpacksManagerImpl.initializeInternal():473 initializeInternal()
08-26 23:03:15.815  1258  1258 W NotificationCenter: NotificationCenter$NotificationQueue.notifyPendingNotificationsOnExecutor():877 Heavy notify work detected on UI thread: [jzt->mrk, jzt->mrk, jzt->mrk] takes 403ms
08-26 23:03:15.815  1258  1258 I PreferenceMigrator: PreferenceMigrator.doMigration():100 doMigration()
08-26 23:03:15.836  1483  1818 W .android.chrome: ClassLoaderContext classpath size mismatch. expected=1, found=0 (DLC[];PCL[base.apk*1809036108]{PCL[/system/framework/org.apache.http.legacy.jar*437079508]#PCL[/system/framework/com.android.media.remotedisplay.jar*2042759013]#PCL[/system/framework/com.android.location.provider.jar*3414091812]#PCL[/system_ext/framework/androidx.window.extensions.jar*1060046784]#PCL[/system_ext/framework/androidx.window.sidecar.jar*2147524027]} | DLC[];PCL[])
08-26 23:03:15.839  1258  1877 I SuperpacksManagerImpl: SuperpacksManagerImpl.initializeInternal():530 Switched background task scheduler: false
08-26 23:03:15.841  1817  1817 D ApplicationLoaders: Returning zygote-cached class loader: /system_ext/framework/androidx.window.extensions.jar
08-26 23:03:15.841  1817  1817 D ApplicationLoaders: Returning zygote-cached class loader: /system_ext/framework/androidx.window.sidecar.jar
08-26 23:03:15.841  1817  1817 D ApplicationLoaders: Returning zygote-cached class loader: /system/framework/org.apache.http.legacy.jar
08-26 23:03:15.846   574   789 D ShortcutService: Saving package item com.google.android.documentsui to /data/system_ce/0/shortcut_service/packages/com.google.android.documentsui.xml
08-26 23:03:15.848  1318  1633 I SP.AiAi : Scheduling job with delay of 0s for {W:C:I:l, bg}, 5 candidates
08-26 23:03:15.850  1483  1818 I DynamiteModule: Considering local module com.google.android.gms.googlecertificates:0 and remote module com.google.android.gms.googlecertificates:7
08-26 23:03:15.850  1483  1818 I DynamiteModule: Selected remote version of com.google.android.gms.googlecertificates, version >= 7
08-26 23:03:15.853   828   859 D WindowManagerShell: setLauncherKeepClearAreaHeight: visible=false, height=603
08-26 23:03:15.853  1258  1877 I WorkManagerHelper: WorkManagerHelper.getWorkManager():97 WorkManager is requested before user unlocked.
08-26 23:03:15.853   828   859 D WindowManagerShell: setLauncherKeepClearAreaHeight: visible=true, height=603
08-26 23:03:15.854   828   828 D LockscreenSmartspaceController: Ended smartspace session for lockscreen
08-26 23:03:15.857  1258  1749 I BrellaConfigModule: BrellaConfigModule.onCreate():33 set BrellaInit fields for in-app training.
08-26 23:03:15.869  1680  1874 I FederatedTrainingScheduler: Cancelling training for population:pcs/prod/platform_logging session_name:pcs/prod/platform_logging
08-26 23:03:15.871   574   789 D ShortcutService: Saving package item com.android.settings to /data/system_ce/0/shortcut_service/packages/com.android.settings.xml
08-26 23:03:15.873  1817  1817 D nativeloader: Configuring clns-shared-7 for other apk /system_ext/priv-app/WallpaperPickerGoogleRelease/WallpaperPickerGoogleRelease.apk. target_sdk_version=35, uses_libraries=, library_path=/system_ext/priv-app/WallpaperPickerGoogleRelease/lib/x86_64:/system/lib64:/system_ext/lib64, permitted_path=/data:/mnt/expand:/data/user/0/com.google.android.apps.wallpaper:/system_ext/priv-app/WallpaperPickerGoogleRelease:/system/lib64:/system_ext/lib64
08-26 23:03:15.875  1817  1817 D CompatChangeReporter: Compat change id reported: 202956589; UID 10181; state: ENABLED
08-26 23:03:15.877   574  1686 D ConnectivityService: requestNetwork for uid/pid:10144/1033 activeRequest: null callbackRequest: 65 [NetworkRequest [ REQUEST id=66, [ Capabilities: INTERNET&NOT_RESTRICTED&TRUSTED&NOT_VCN_MANAGED&NOT_BANDWIDTH_CONSTRAINED Uid: 10144 RequestorUid: 10144 RequestorPkg: com.google.android.gms UnderlyingNetworks: Null] ]] callback flags: 0 order: 2147483647 isUidTracked: false
08-26 23:03:15.878   828  1193 D BufferPoolAccessor2.0: bufferpool2 0x7de7577894f8 : 0(0 size) total buffers - 0(0 size) used buffers - 2/7 (recycle/alloc) - 5/18 (fetch/transfer)
08-26 23:03:15.878   828  1193 D BufferPoolAccessor2.0: bufferpool2 0x7de757785688 : 0(0 size) total buffers - 0(0 size) used buffers - 2/7 (recycle/alloc) - 5/38 (fetch/transfer)
08-26 23:03:15.879   828  1193 D BufferPoolAccessor2.0: evictor expired: 2, evicted: 2
08-26 23:03:15.883  1303  1677 D MediaProvider: Received db backup Fuse Daemon for: external_primary
08-26 23:03:15.884  1303  1677 E FuseDaemon: Leveldb setup is missing for: internal
08-26 23:03:15.884   574   744 D ConnectivityService: NetReassign [no changes] [c 0] [a 0] [i 5]
08-26 23:03:15.890  1680  1874 I FcClientStatsdLogManager: Sending FL diagnosis log. [CONTEXT ratelimit_period="60 MINUTES" ]
08-26 23:03:15.893  1258  1258 I ThemePreferenceMigrationUtil: ThemePreferenceMigrationUtil.doMigration():19 doMigration.
08-26 23:03:15.894  1817  1817 V GraphicsEnvironment: Currently set values for:
08-26 23:03:15.894  1817  1817 V GraphicsEnvironment:   angle_gl_driver_selection_pkgs=[]
08-26 23:03:15.894  1817  1817 V GraphicsEnvironment:   angle_gl_driver_selection_values=[]
08-26 23:03:15.894  1817  1817 V GraphicsEnvironment: Global.Settings values are invalid: number of packages: 0, number of values: 0
08-26 23:03:15.894  1817  1817 V GraphicsEnvironment: Neither updatable production driver nor prerelease driver is supported.
08-26 23:03:15.903  1349  1682 I afum    : (REDACTED) #SpokenNotif #isSupportedDeviceConnected: %s
08-26 23:03:15.904  1349  1682 I afem    : (REDACTED) #SpokenNotif #FCF: isSupportedDeviceConnected: %s
08-26 23:03:15.906  1349  1682 I afet    : (REDACTED) #FCF NotificationAnnouncementChecker#isHeadsetConnected %s
08-26 23:03:15.911  1423  1568 D WM-ForceStopRunnable: Found unfinished work, scheduling it.
08-26 23:03:15.917   574  1715 W ActivityManager: Slow operation: 173ms so far, now at finishAttachApplicationInner: after mServices.attachApplicationLocked
08-26 23:03:15.917   574  1715 W ActivityManager: Slow operation: 174ms so far, now at finishAttachApplicationInner: after dispatching broadcasts
08-26 23:03:15.921  1258  1258 I FirebaseApp: Device unlocked: initializing all Firebase APIs for app [DEFAULT]
08-26 23:03:15.922  1349  1697 I aeeq    : #onCreate
08-26 23:03:15.936  1101  1101 D NexusLauncherModelDelegate: notifySmartspaceEvent: SmartspaceTargetEvent{mSmartspaceTarget=null, mSmartspaceActionId='null', mEventType=6}
08-26 23:03:15.941  1101  1157 D LoaderTask: No pinned shortcuts found for user UserHandle{0}
08-26 23:03:15.944  1303  1303 V MediaStore: Examining volume emulated;0 with name external_primary and state mounted
08-26 23:03:15.944  1303  1303 V MediaStore: Examining volume public:253,80 with name 0000-0000 and state mounted
08-26 23:03:15.952  1101  1101 D OverviewActionsView: updateActionButtonsVisibility() called: showSingleTaskActions = [true], showGroupActions = [false]
08-26 23:03:15.957  1680  1680 I ActivityThread: ApplicationInfo updating for com.google.android.as.oss, new timestamp: 22641
08-26 23:03:15.957  1680  1680 I ActivityThread: assets removed: [/data/resource-cache/com.android.systemui-neutral-ZnA1.frro, /data/resource-cache/com.android.systemui-accent-DvmY.frro, /data/resource-cache/com.android.systemui-dynamic-FDPt.frro]
08-26 23:03:15.957  1680  1680 I ActivityThread: assets added: []
08-26 23:03:15.959  1680  1680 W ActivityThread: getPackageInfo() called with an older ApplicationInfo than the cached version for package com.google.android.as.oss
08-26 23:03:15.963  1033  1033 W ChimeraUtils: Module com.google.android.gms.location__nonwearable missing resource location_module_display_name(0)
08-26 23:03:15.975  1101  1101 I SsCardPagerAdapter: [rmv] Rendering flag - enabled: false 
08-26 23:03:15.975  1101  1101 I SsCardPagerAdapter: Use UI template for the feature: 1
08-26 23:03:15.987   574  1053 D ConditionProviders: Disabling component com.google.android.gms/com.google.android.location.settings.DrivingConditionProvider
08-26 23:03:15.987  1423  1568 D WM-SystemJobScheduler: Scheduling work ID 5e4826e8-3290-4757-8ee1-165109d36305Job ID 5
08-26 23:03:15.998   506   827 D BufferPoolAccessor2.0: bufferpool2 0x795ecccd3508 : 0(0 size) total buffers - 0(0 size) used buffers - 5/7 (recycle/alloc) - 2/6 (fetch/transfer)
08-26 23:03:15.998   506   827 D BufferPoolAccessor2.0: evictor expired: 2, evicted: 1
08-26 23:03:16.006  1258  1749 I FileRestoreModule: FileRestoreModule.maybePerformRestore():42 There is no restore app version, skip restore
08-26 23:03:16.007  1258  1776 I UFCGuarder: UFCGuarder.onCreate():58 onCreate
08-26 23:03:16.019   828   828 D ZenModeController: Removed callback class com.android.keyguard.ClockEventController$zenModeCallback$1
08-26 23:03:16.019  1680  1680 I AstreaGrpcService: AstreaGrpcService#onCreate called with the following services: [com.google.android.apps.miphone.astrea.pd.api.ProtectedDownloadService, com.google.android.apps.miphone.astrea.http.api.HttpService, com.google.android.apps.miphone.astrea.fl.api.TrainingService, com.google.android.apps.miphone.astrea.pir.api.PirService, com.google.android.apps.miphone.astrea.survey.api.SurveyService]
08-26 23:03:16.026   828   828 E KeyguardClockSwitch: No clock being shown
08-26 23:03:16.026  1258  1892 I HttpFlagsLoader: HTTP flags log line (API): Using live production flag values from Google
08-26 23:03:16.039   905  1014 E SystemServiceRegistry: No service published for: ethernet
08-26 23:03:16.039   905  1014 E SystemServiceRegistry: android.os.ServiceManager$ServiceNotFoundException: No service published for: ethernet
08-26 23:03:16.039   905  1014 E SystemServiceRegistry: 	at android.os.ServiceManager.getServiceOrThrow(ServiceManager.java:203)
08-26 23:03:16.039   905  1014 E SystemServiceRegistry: 	at android.app.SystemServiceRegistry$145.createService(SystemServiceRegistry.java:2120)
08-26 23:03:16.039   905  1014 E SystemServiceRegistry: 	at android.app.SystemServiceRegistry$CachedServiceFetcher.getService(SystemServiceRegistry.java:2231)
08-26 23:03:16.039   905  1014 E SystemServiceRegistry: 	at android.app.SystemServiceRegistry.getSystemService(SystemServiceRegistry.java:1812)
08-26 23:03:16.039   905  1014 E SystemServiceRegistry: 	at android.app.ContextImpl.getSystemService(ContextImpl.java:2241)
08-26 23:03:16.039   905  1014 E SystemServiceRegistry: 	at android.content.ContextWrapper.getSystemService(ContextWrapper.java:936)
08-26 23:03:16.039   905  1014 E SystemServiceRegistry: 	at com.android.networkstack.tethering.Tethering.isEthernetSupported(Tethering.java:1579)
08-26 23:03:16.039   905  1014 E SystemServiceRegistry: 	at com.android.networkstack.tethering.Tethering.makeSupportedDownstreams(Tethering.java:2562)
08-26 23:03:16.039   905  1014 E SystemServiceRegistry: 	at com.android.networkstack.tethering.Tethering.updateSupportedDownstreams(Tethering.java:2536)
08-26 23:03:16.039   905  1014 E SystemServiceRegistry: 	at com.android.networkstack.tethering.Tethering.updateConfiguration(Tethering.java:549)
08-26 23:03:16.039   905  1014 E SystemServiceRegistry: 	at com.android.networkstack.tethering.Tethering.-$$Nest$mupdateConfiguration(Tethering.java:0)
08-26 23:03:16.039   905  1014 E SystemServiceRegistry: 	at com.android.networkstack.tethering.Tethering$StateReceiver.onReceive(Tethering.java:1186)
08-26 23:03:16.039   905  1014 E SystemServiceRegistry: 	at android.app.LoadedApk$ReceiverDispatcher$Args.lambda$getRunnable$0(LoadedApk.java:1814)
08-26 23:03:16.039   905  1014 E SystemServiceRegistry: 	at android.app.LoadedApk$ReceiverDispatcher$Args.$r8$lambda$mcNAAl1SQ4MyJPyDg8TJ2x2h0Rk(Unknown Source:0)
08-26 23:03:16.039   905  1014 E SystemServiceRegistry: 	at android.app.LoadedApk$ReceiverDispatcher$Args$$ExternalSyntheticLambda0.run(D8$$SyntheticClass:0)
08-26 23:03:16.039   905  1014 E SystemServiceRegistry: 	at android.os.Handler.handleCallback(Handler.java:959)
08-26 23:03:16.039   905  1014 E SystemServiceRegistry: 	at android.os.Handler.dispatchMessage(Handler.java:100)
08-26 23:03:16.039   905  1014 E SystemServiceRegistry: 	at android.os.Looper.loopOnce(Looper.java:232)
08-26 23:03:16.039   905  1014 E SystemServiceRegistry: 	at android.os.Looper.loop(Looper.java:317)
08-26 23:03:16.039   905  1014 E SystemServiceRegistry: 	at android.os.HandlerThread.run(HandlerThread.java:85)
08-26 23:03:16.053  1318  1318 I AiAiVC  : Connected AiAiContentCaptureService session.
08-26 23:03:16.054   574   731 I WifiClientModeImpl[15125:wlan0]: Update current security type to 0
08-26 23:03:16.060  1101  1101 D SsBaseTemplateCard: No text view can be set up
08-26 23:03:16.060  1101  1101 D SsBaseTemplateCard: Passed-in item info is null
08-26 23:03:16.060  1101  1101 D SsBaseTemplateCard: Passed-in item info is null
08-26 23:03:16.060  1423  1568 D WM-SystemJobScheduler: Scheduling work ID 876eca90-fbf4-462b-acb6-a0a3c58085c6Job ID 522
08-26 23:03:16.060  1101  1101 D SsBaseTemplateCard: Passed-in item info is null
08-26 23:03:16.060  1101  1101 I SsBaseTemplateCard: Secondary card pane is null
08-26 23:03:16.073  1101  1101 D InputMonitorCompat: Input event receiver for monitor (minus-one-disp0) disposed
08-26 23:03:16.073  1101  1101 D InputMonitorCompat: Input monitor (minus-one-disp0) disposed
08-26 23:03:16.074  1101  1101 D TISBindHelper: TIS service connected
08-26 23:03:16.074  1101  1101 D b/254119092: Set mActivity=com.google.android.apps.nexuslauncher.NexusLauncherActivity@bdce213
08-26 23:03:16.074  1101  1101 D b/254119092: mActivity and mContext agree taskbarIsPresent=false
08-26 23:03:16.074  1101  1101 D b/254119092: registering activity lifecycle callbacks from setActivity().
08-26 23:03:16.076   574  1713 W InputManager-JNI: Input channel object '[Gesture Monitor] minus-one (client)' was disposed without first being removed with the input manager!
08-26 23:03:16.077   574  1450 W ActivityManager: Slow operation: 199ms so far, now at finishAttachApplicationInner: after mServices.attachApplicationLocked
08-26 23:03:16.077   574   789 D ShortcutService: received package broadcast intent: Intent { act=android.intent.action.PACKAGE_CHANGED dat=package: flg=0x5000010 (has extras) }
08-26 23:03:16.078   574   789 D ShortcutService: changing package: android userId0
08-26 23:03:16.078   574   789 D ShortcutService: handlePackageChanged: android user=0
08-26 23:03:16.078   574   789 D ShortcutService: rescanPackageIfNeeded 0@android, forceRescan=true , isNewApp=true
08-26 23:03:16.078  1101  1101 D StatsLog: LAUNCHER_ONRESUME
08-26 23:03:16.084  1750  1750 D nativeloader: Configuring clns-shared-9 for other apk /system/priv-app/BlockedNumberProvider/BlockedNumberProvider.apk. target_sdk_version=35, uses_libraries=, library_path=/system/priv-app/BlockedNumberProvider/lib/x86_64:/system/lib64:/system_ext/lib64, permitted_path=/data:/mnt/expand:/data/user_de/0/com.android.providers.blockednumber:/system/priv-app/BlockedNumberProvider:/system/lib64:/system_ext/lib64
08-26 23:03:16.088  1258  1893 I LauncherIconVisibilityModule: LauncherIconVisibilityModule.updateLauncherIconVisibility():76 updateLauncherIconVisibility() : Visible = false
08-26 23:03:16.089   574   789 D ShortcutService: Package android has 0 manifest shortcut(s), and 0 share target(s)
08-26 23:03:16.093  1258  1893 I KeyboardModeUtils: KeyboardModeUtils.getKeyboardBottomOffset():435 inch: 0.000000 ydpi: 480.000000 adjustKeyboardBottomByDisplaySize: false currentDensityDpi: 480 defaultDensityDpi: 480 keyboardBottomToScreenPx: 0 keyboardBottomToNavBarPx: 0 navBarHeight: 0
08-26 23:03:16.093  1750  1750 I ContactsPerf: VoicemailContentProvider.onCreate start
08-26 23:03:16.099  1258  1787 I ShortcutsDataManager: ShortcutsDataManager.onContentChanged():72 onContentChanged()
08-26 23:03:16.099  1258  1787 I ContactsDataManager: ContactsDataManager.onContentChanged():153 onContentChanged()
08-26 23:03:16.099  1258  1787 I EmailDataManager: EmailDataManager.onContentChanged():118 onContentChanged()
08-26 23:03:16.101  1258  1749 I LatinApp: LatinApp.getWorkManagerConfiguration():176 Customized configuration for Hilt WorkManager
08-26 23:03:16.102   574  1371 W AppSearchIcing: icing-search-engine.cc:321: Error: 5, Message: Document (com.google.android.googlequicksearchbox$OneSearchZeroStateGoogleSuggestions/default, zp) not found.
08-26 23:03:16.110  1101  1469 D OneSearchSuggestProvider: AppSearch 0-state cache not available, fallback to AGA
08-26 23:03:16.110  1101  1469 D OneSearchSuggestProvider: java.util.concurrent.CompletionException: java.util.NoSuchElementException: No value present
08-26 23:03:16.110  1101  1469 D OneSearchSuggestProvider: 	at java.util.concurrent.CompletableFuture.encodeThrowable(CompletableFuture.java:308)
08-26 23:03:16.110  1101  1469 D OneSearchSuggestProvider: 	at java.util.concurrent.CompletableFuture.completeThrowable(CompletableFuture.java:323)
08-26 23:03:16.110  1101  1469 D OneSearchSuggestProvider: 	at java.util.concurrent.CompletableFuture$UniAccept.tryFire(CompletableFuture.java:684)
08-26 23:03:16.110  1101  1469 D OneSearchSuggestProvider: 	at java.util.concurrent.CompletableFuture.postComplete(CompletableFuture.java:486)
08-26 23:03:16.110  1101  1469 D OneSearchSuggestProvider: 	at java.util.concurrent.CompletableFuture.completeExceptionally(CompletableFuture.java:2138)
08-26 23:03:16.110  1101  1469 D OneSearchSuggestProvider: 	at com.google.android.apps.nexuslauncher.allapps.E0.onResult(go/retraceme 2855a437b73635ce9cad76b9289087e631bbb67fc90008a0da13d343a00e5041:67)
08-26 23:03:16.110  1101  1469 D OneSearchSuggestProvider: 	at android.app.appsearch.SearchSessionUtil$1.lambda$onResult$0(go/retraceme 64eee9e9f568ff45978879ad2ff83146f2618ee8a88278736fbdf5fae931976e:144)
08-26 23:03:16.110  1101  1469 D OneSearchSuggestProvider: 	at android.app.appsearch.SearchSessionUtil$1.$r8$lambda$CEk3q8sDAQVhU3rQwVueB8FAj_M(go/retraceme 64eee9e9f568ff45978879ad2ff83146f2618ee8a88278736fbdf5fae931976e:1)
08-26 23:03:16.110  1101  1469 D OneSearchSuggestProvider: 	at android.app.appsearch.SearchSessionUtil$1$$ExternalSyntheticLambda0.run(go/retraceme 64eee9e9f568ff45978879ad2ff83146f2618ee8a88278736fbdf5fae931976e:22)
08-26 23:03:16.110  1101  1469 D OneSearchSuggestProvider: 	at android.os.Handler.handleCallback(Handler.java:959)
08-26 23:03:16.110  1101  1469 D OneSearchSuggestProvider: 	at android.os.Handler.dispatchMessage(Handler.java:100)
08-26 23:03:16.110  1101  1469 D OneSearchSuggestProvider: 	at android.os.Looper.loopOnce(Looper.java:232)
08-26 23:03:16.110  1101  1469 D OneSearchSuggestProvider: 	at android.os.Looper.loop(Looper.java:317)
08-26 23:03:16.110  1101  1469 D OneSearchSuggestProvider: 	at android.os.HandlerThread.run(HandlerThread.java:85)
08-26 23:03:16.110  1101  1469 D OneSearchSuggestProvider: Caused by: java.util.NoSuchElementException: No value present
08-26 23:03:16.110  1101  1469 D OneSearchSuggestProvider: 	at java.util.Optional.get(Optional.java:143)
08-26 23:03:16.110  1101  1469 D OneSearchSuggestProvider: 	at com.google.android.apps.nexuslauncher.allapps.E0.onResult(go/retraceme 2855a437b73635ce9cad76b9289087e631bbb67fc90008a0da13d343a00e5041:28)
08-26 23:03:16.110  1101  1469 D OneSearchSuggestProvider: 	... 8 more
08-26 23:03:16.111  1101  1469 D OneSearchSuggestProvider: Created the binder channel successfully for end point service =com.google.android.apps.search.googleapp.search.suggest.plugins.onesearch.server.OneSearchSuggestService , mChannel=i1{delegate=f{logId=5, target=directaddress:///AndroidComponentAddress%5BIntent%20%7B%20act=grpc.io.action.BIND%20cmp=com.google.android.googlequicksearchbox/com.google.android.apps.search.googleapp.search.suggest.plugins.onesearch.server.OneSearchSuggestService%20%7D%5D}} , mOneSearchConnection=l2.Z@62412e9
08-26 23:03:16.131  1258  1258 W putmethod.latin: Method void qfr.c(android.app.Activity) failed lock verification and will run slower.
08-26 23:03:16.131  1258  1258 W putmethod.latin: Common causes for lock verification issues are non-optimized dex code
08-26 23:03:16.131  1258  1258 W putmethod.latin: and incorrect proguard optimizations.
08-26 23:03:16.137  1258  1836 I SpeechPackManager: SpeechPackManager.init():179 init()
08-26 23:03:16.137  1258  1836 I SpeechPackManager: SpeechPackManager.registerManifest():511 registerManifest() : https://dl.google.com/android/voice/gboard/terse/superpacks-manifest-20210519.json
08-26 23:03:16.139  1258  1910 D nativeloader: Load /data/app/~~5pL1HSSQTA2wLHh3rrGoPQ==/com.google.android.inputmethod.latin-43cBJddsLg_7n3hu2dL0Og==/base.apk!/lib/x86_64/libnative_crash_handler_jni.so using ns clns-7 from class loader (caller=/data/app/~~5pL1HSSQTA2wLHh3rrGoPQ==/com.google.android.inputmethod.latin-43cBJddsLg_7n3hu2dL0Og==/base.apk!classes2.dex): ok
08-26 23:03:16.146  1258  1258 W NotificationCenter: NotificationCenter$NotificationQueue.notifyPendingNotificationsOnExecutor():877 Heavy notify work detected on UI thread: [npj->mrk, jzv->mrk, jzv->mrk, jzv->mrk, jzv->mrk, jzv->mrk, jzv->mrk, lpl->mrk, lpo->mrk, lpo->mrk, obk->mrk, nfu->mrk, npl->mrk, npl->mrk] takes 213ms
08-26 23:03:16.148  1258  1258 W NotificationCenter: NotificationCenter$NotificationQueue.notifyPendingNotificationsOnExecutor():877 Heavy notify work detected on UI thread: [nzf->mrk] takes 333ms
08-26 23:03:16.149  1258  1885 I SpeechPackManager: SpeechPackManager.registerManifest():518 registerManifest() : Reusing hash 1327534105
08-26 23:03:16.152  1258  1885 I SpeechPackManager: SpeechPackManager$4.onSuccess():497 updatePackSetCacheAsync() : Updated the PackSet cache
08-26 23:03:16.165   574   616 W MagnificationConnectionManager: requestConnection duplicated request: connect=false, mConnectionState=DISCONNECTED
08-26 23:03:16.183  1318  1763 E AiAiEcho: Reading elements from Geller failed with cause
08-26 23:03:16.183  1318  1763 E AiAiEcho: iey: Code: UNKNOWN, Message: Geller data fetch is not enabled
08-26 23:03:16.183  1318  1763 E AiAiEcho: 	at ifp.a(PG:17)
08-26 23:03:16.183  1318  1763 E AiAiEcho: 	at kzb.b(PG:22)
08-26 23:03:16.183  1318  1763 E AiAiEcho: 	at aaer.g(PG:13)
08-26 23:03:16.183  1318  1763 E AiAiEcho: 	at kotlinx.coroutines.DispatchedTask.run(PG:114)
08-26 23:03:16.183  1318  1763 E AiAiEcho: 	at java.util.concurrent.Executors$RunnableAdapter.call(Executors.java:487)
08-26 23:03:16.183  1318  1763 E AiAiEcho: 	at wqm.a(PG:3)
08-26 23:03:16.183  1318  1763 E AiAiEcho: 	at wpo.run(PG:21)
08-26 23:03:16.183  1318  1763 E AiAiEcho: 	at wqn.run(PG:5)
08-26 23:03:16.183  1318  1763 E AiAiEcho: 	at java.util.concurrent.Executors$RunnableAdapter.call(Executors.java:487)
08-26 23:03:16.183  1318  1763 E AiAiEcho: 	at java.util.concurrent.FutureTask.run(FutureTask.java:264)
08-26 23:03:16.183  1318  1763 E AiAiEcho: 	at java.util.concurrent.ScheduledThreadPoolExecutor$ScheduledFutureTask.run(ScheduledThreadPoolExecutor.java:307)
08-26 23:03:16.183  1318  1763 E AiAiEcho: 	at java.util.concurrent.ThreadPoolExecutor.runWorker(ThreadPoolExecutor.java:1145)
08-26 23:03:16.183  1318  1763 E AiAiEcho: 	at java.util.concurrent.ThreadPoolExecutor$Worker.run(ThreadPoolExecutor.java:644)
08-26 23:03:16.183  1318  1763 E AiAiEcho: 	at hqv.run(PG:221)
08-26 23:03:16.183  1318  1763 E AiAiEcho: 	at java.lang.Thread.run(Thread.java:1012)
08-26 23:03:16.190  1487  1487 D BoundBrokerSvc: onBind: Intent { act=com.google.android.gms.safebrowsing.SafeBrowsingService.START dat=chimera-action:/... cmp=com.google.android.gms/.chimera.GmsBoundBrokerService }
08-26 23:03:16.190  1487  1487 D BoundBrokerSvc: Loading bound service for intent: Intent { act=com.google.android.gms.safebrowsing.SafeBrowsingService.START dat=chimera-action:/... cmp=com.google.android.gms/.chimera.GmsBoundBrokerService }
08-26 23:03:16.202   574  1450 W ActivityManager: Slow operation: 324ms so far, now at finishAttachApplicationInner: after dispatching broadcasts
08-26 23:03:16.212  1303  1677 I FuseDaemon: Leveldb connection established for :internal
08-26 23:03:16.212  1303  1677 E FuseDaemon: Leveldb setup is missing for: external_primary
08-26 23:03:16.217  1258  1776 I FeatureSplitObservationModule: FeatureSplitObservationModule.notifyComponentIfAlreadyInstalled():144 Module tenoranimation_feature_split has already been installed (Installed: [dictation_feature_split, brella_feature_split, tenoranimation_feature_split]). Notifying.
08-26 23:03:16.217  1258  1747 I FeatureSplitObservationModule: FeatureSplitObservationModule.notifyComponentIfAlreadyInstalled():144 Module brella_feature_split has already been installed (Installed: [dictation_feature_split, brella_feature_split, tenoranimation_feature_split]). Notifying.
08-26 23:03:16.219   574   574 W Looper  : Slow dispatch took 202ms main h=com.android.server.notification.NotificationManagerService$WorkerHandler c=null m=8
08-26 23:03:16.223   574   597 W Looper  : Slow delivery took 212ms android.fg h=android.os.Handler c=com.android.server.am.SameProcessApplicationThread$$ExternalSyntheticLambda1@1849f3a m=0
08-26 23:03:16.226   574   778 I MR2ProviderWatcher: Enabling proxy for MediaRoute2ProviderService: ComponentInfo{com.google.android.gms/com.google.android.gms.cast.media.CastMediaRoute2ProviderService_Persistent}
08-26 23:03:16.234   971   971 D Telephony: isEmergencyPreferredAccount: subId=-1, activeData=-1
08-26 23:03:16.234   971   971 D Telephony: isEmergencyPreferredAccount: Device does not require preference.
08-26 23:03:16.234   971   971 D IntentBroadcaster: Broadcasting and adding intent for rebroadcast: android.intent.action.SIM_STATE_CHANGED NOT_READY for phoneId 0
08-26 23:03:16.246  1483  1818 W System  : ClassLoader referenced unknown path: 
08-26 23:03:16.247  1599  1599 I ActivityThread: ApplicationInfo updating for com.google.android.apps.wellbeing, new timestamp: 22649
08-26 23:03:16.247  1599  1599 I ActivityThread: assets removed: [/data/resource-cache/com.android.systemui-neutral-ZnA1.frro, /data/resource-cache/com.android.systemui-accent-DvmY.frro, /data/resource-cache/com.android.systemui-dynamic-FDPt.frro]
08-26 23:03:16.247  1599  1599 I ActivityThread: assets added: []
08-26 23:03:16.247  1483  1818 D nativeloader: Configuring clns-9 for other apk . target_sdk_version=36, uses_libraries=, library_path=/data/app/~~JLLeSoxFH9gn-ejMFmU1hQ==/com.google.android.gms-6a32bMNWqYYlAuqwqAAiQw==/lib/x86_64:/data/app/~~JLLeSoxFH9gn-ejMFmU1hQ==/com.google.android.gms-6a32bMNWqYYlAuqwqAAiQw==/base.apk!/lib/x86_64, permitted_path=/data:/mnt/expand:/data/user/0/com.google.android.gms
08-26 23:03:16.263   574  1741 W ActivityManager: Slow operation: 114ms so far, now at finishAttachApplicationInner: after mServices.attachApplicationLocked
08-26 23:03:16.268  1599  1599 W ActivityThread: getPackageInfo() called with an older ApplicationInfo than the cached version for package com.google.android.apps.wellbeing
08-26 23:03:16.271  1780  1918 D nativeloader: Load /data/app/~~E5jofKLMbJqrFgkQ3ImRLQ==/com.google.android.googlequicksearchbox-oF3USt585jD961Kn4Si9OA==/base.apk!/lib/x86_64/libnative_crash_handler_jni.so using ns clns-7 from class loader (caller=/data/app/~~E5jofKLMbJqrFgkQ3ImRLQ==/com.google.android.googlequicksearchbox-oF3USt585jD961Kn4Si9OA==/base.apk!classes2.dex): ok
08-26 23:03:16.287   574   574 W Looper  : Slow delivery took 230ms main h=android.app.ActivityThread$H c=android.app.LoadedApk$ReceiverDispatcher$Args$$ExternalSyntheticLambda0@49f9e19 m=0
08-26 23:03:16.293   574  1741 W ActivityManager: Slow operation: 144ms so far, now at finishAttachApplicationInner: after dispatching broadcasts
08-26 23:03:16.295   574   598 W Looper  : Slow dispatch took 142ms android.ui h=com.android.server.am.ActivityManagerService$UiHandler c=null m=68
08-26 23:03:16.300  1318  1619 I AiAiAdaptiveAudio: AdaptiveAudioInitializerImpl#initialize(): enter
08-26 23:03:16.301  1258  1258 I ModuleManager: ModuleManager$ModuleInitListener.maybeUnloadModuleOnUnavailable():1359 module dpk is unavailable
08-26 23:03:16.302  1258  1258 I ModuleManager: ModuleManager$ModuleInitListener.maybeUnloadModuleOnUnavailable():1359 module nuv is unavailable
08-26 23:03:16.312  1483  1818 W .android.chrome: ClassLoaderContext classpath element mismatch. expected=base.apk, found=/data/app/~~Oyl_BV3E0sgLQ2wgvb5zuA==/com.android.chrome-9GSvXWPRr8Gni-zV6RvNsg==/split_chrome.apk (DLC[];PCL[base.apk*1809036108]{PCL[/system/framework/org.apache.http.legacy.jar*437079508]#PCL[/system/framework/com.android.media.remotedisplay.jar*2042759013]#PCL[/system/framework/com.android.location.provider.jar*3414091812]#PCL[/system_ext/framework/androidx.window.extensions.jar*1060046784]#PCL[/system_ext/framework/androidx.window.sidecar.jar*2147524027]} | DLC[];PCL[/data/app/~~Oyl_BV3E0sgLQ2wgvb5zuA==/com.android.chrome-9GSvXWPRr8Gni-zV6RvNsg==/split_chrome.apk*1862074075];PCL[/data/app/~~Oyl_BV3E0sgLQ2wgvb5zuA==/com.android.chrome-9GSvXWPRr8Gni-zV6RvNsg==/base.apk*3118594787]{PCL[]#PCL[/system_ext/framework/androidx.window.extensions.jar*1060046784]#PCL[/system_ext/framework/androidx.window.sidecar.jar*2147524027]})
08-26 23:03:16.316  1101  1157 D LoaderTask: loadWorkspace
08-26 23:03:16.317  1258  1258 I ActivityThread: ApplicationInfo updating for com.google.android.inputmethod.latin, new timestamp: 22639
08-26 23:03:16.317  1258  1258 I ActivityThread: assets removed: [/data/resource-cache/com.android.systemui-neutral-ZnA1.frro, /data/resource-cache/com.android.systemui-accent-DvmY.frro, /data/resource-cache/com.android.systemui-dynamic-FDPt.frro]
08-26 23:03:16.317  1258  1258 I ActivityThread: assets added: []
08-26 23:03:16.322   828   828 I ClockEventController: Region isDark: true
08-26 23:03:16.324   574   593 D ShortcutService: Getting shortcuts for launcher= com.google.android.apps.nexuslauncheruser=0 pkg=null
08-26 23:03:16.325   828   828 D ZenModeController: Added callback class com.android.keyguard.ClockEventController$zenModeCallback$1
08-26 23:03:16.325   828   828 W PageIndicator: Total number of pages invalid: 0. Assuming 1 page.
08-26 23:03:16.326  1101  1157 D LoaderTask: sanitizeData
08-26 23:03:16.326  1101  1157 D LoaderTask: bindWorkspace
08-26 23:03:16.326   828   828 W PageIndicator: Total number of pages invalid: 0. Assuming 1 page.
08-26 23:03:16.327   828   828 W PageIndicator: Total number of pages invalid: 0. Assuming 1 page.
08-26 23:03:16.328   828   828 D LockscreenSmartspaceController: Starting smartspace session for lockscreen
08-26 23:03:16.334  1483  1896 W chromium: [WARNING:net/dns/dns_config_service_android.cc:69] Failed to read DnsConfig.
08-26 23:03:16.338  1318  1619 I AiAiAdaptiveAudio: AdaptiveAudio config updated, new config=AdaptiveAudioConfig{shouldEnableAdaptiveAudio=false, shouldBypassQprCheck=false, shouldLimitCalibration=true, shouldShowDebugNotification=false, userSettingDefaultValue=false, crashOnError=true, shouldShowPromoNotification=false, useSilenceDetectorStateBugFix=false}
08-26 23:03:16.339  1750  1750 I ContactsPerf: VoicemailContentProvider.onCreate finish
08-26 23:03:16.340  1423  1568 D WM-SystemJobScheduler: Scheduling work ID 959168a7-3213-4fc6-a316-ebb889cb39aaJob ID 523
08-26 23:03:16.340   828   828 W PageIndicator: Total number of pages invalid: 0. Assuming 1 page.
08-26 23:03:16.341   828   828 W BcSmartspaceView: Current card is not present in the Adapter; cannot log.
08-26 23:03:16.341  1101  1101 D NexusLauncherModelDelegate: notifySmartspaceEvent: SmartspaceTargetEvent{mSmartspaceTarget=null, mSmartspaceActionId='null', mEventType=7}
08-26 23:03:16.343  1101  1101 D NexusLauncherModelDelegate: notifySmartspaceEvent: SmartspaceTargetEvent{mSmartspaceTarget=null, mSmartspaceActionId='null', mEventType=6}
08-26 23:03:16.343  1101  1101 D ModelCallbacks: startBinding: hotseat layout was vertical: false and is setting to false
08-26 23:03:16.346  1101  1101 D Launcher.Workspace: addInScreenFromBind: hotseat inflation with x = 0 and y = 0
08-26 23:03:16.347  1101  1101 D Launcher.Workspace: addInScreenFromBind: hotseat inflation with x = 1 and y = 0
08-26 23:03:16.347  1101  1101 D Launcher.Workspace: addInScreenFromBind: hotseat inflation with x = 2 and y = 0
08-26 23:03:16.349  1101  1101 D Launcher.Workspace: addInScreenFromBind: hotseat inflation with x = 3 and y = 0
08-26 23:03:16.360  1101  1101 I SsCardPagerAdapter: [rmv] Rendering flag - enabled: false 
08-26 23:03:16.361  1101  1101 I SsCardPagerAdapter: Use UI template for the feature: 1
08-26 23:03:16.362  1258  1903 I DownloadManager: DownloadManager.downloadInternal():420 Download for nebulae-lc-artifacts scheduled with params mgd[allowMetered=false, requireCharging=false, foreground=false, immediately=false, priority=0]
08-26 23:03:16.365   574   574 I TransportConnection: LocalTransportService#0: Notifying [TransportManager.registerTransport()] transport = BackupTransportClient
08-26 23:03:16.366  1258  1903 E MDDTaskScheduler: MDDTaskScheduler.scheduleDownload():191 work Data {charging : false, mdd_task_tag : download, network : false} scheduled
08-26 23:03:16.371   828   828 D ZenModeController: Added callback class com.google.android.systemui.smartspace.KeyguardZenAlarmViewController$zenModeCallback$1
08-26 23:03:16.371   828   828 W AlarmManager: Unrecognized alarm listener com.google.android.systemui.smartspace.KeyguardZenAlarmViewController$showNextAlarm$1@56c0849
08-26 23:03:16.371   828   828 W AlarmManager: Unrecognized alarm listener com.google.android.systemui.smartspace.KeyguardZenAlarmViewController$showNextAlarm$1@56c0849
08-26 23:03:16.372   828   828 W PageIndicator: Total number of pages invalid: 0. Assuming 1 page.
08-26 23:03:16.372   828   828 W BcSmartspaceView: Current card is not present in the Adapter; cannot log.
08-26 23:03:16.392   574   597 W Looper  : Drained
08-26 23:03:16.408   574   574 W Looper  : Drained
08-26 23:03:16.414  1423  1568 D WM-SystemJobScheduler: Scheduling work ID 2e1511b6-a12a-41d5-805c-5a6e46ef49beJob ID 524
08-26 23:03:16.415   574   731 I WifiClientModeImpl[15125:wlan0]: Update current security type to 0
08-26 23:03:16.419  1303  1677 I FuseDaemon: Leveldb connection established for :external_primary
08-26 23:03:16.419  1303  1677 E FuseDaemon: Leveldb setup is missing for: ownership
08-26 23:03:16.425  1101  1157 D LoaderTask: sendFirstScreenBroadcast
08-26 23:03:16.426  1101  1157 D LoaderTask: step 1 complete
08-26 23:03:16.434  1033  1033 D BoundBrokerSvc: onBind: Intent { act=com.google.android.gms.phenotype.service.START pkg=com.google.android.gms }
08-26 23:03:16.434  1033  1033 D BoundBrokerSvc: Loading bound service for intent: Intent { act=com.google.android.gms.phenotype.service.START pkg=com.google.android.gms }
08-26 23:03:16.438  1258  1258 I InputMethodEntryManager: InputMethodEntryManager.startLoadingInputMethodEntrySettings():745 Start loading input method entry settings: [LanguageTagVariantTuple{languageTag=en-US, variant=qwerty}, LanguageTagVariantTuple{languageTag=zz, variant=qwerty}]
08-26 23:03:16.441  1258  1258 I InputMethodEntryManager: InputMethodEntryManager.updateInputMethodEntrySettingsLoadingTask():877 update loading task with resetImplicitlyEnabledEntries is false
08-26 23:03:16.441   971   971 I ActivityThread: ApplicationInfo updating for com.android.providers.telephony, new timestamp: 22648
08-26 23:03:16.441   971   971 I ActivityThread: assets removed: [/data/resource-cache/com.android.systemui-neutral-ZnA1.frro, /data/resource-cache/com.android.systemui-accent-DvmY.frro, /data/resource-cache/com.android.systemui-dynamic-FDPt.frro]
08-26 23:03:16.441   971   971 I ActivityThread: assets added: []
08-26 23:03:16.442  1258  1258 W NotificationCenter: NotificationCenter$NotificationQueue.notifyPendingNotificationsOnExecutor():877 Heavy notify work detected on UI thread: [loc->mrk] takes 125ms
08-26 23:03:16.443  1258  1258 I PhenotypeModule: PhenotypeModule$3.onDeviceModeChanged():216 onDeviceModeChanged(): phone
08-26 23:03:16.443  1258  1258 I MetricsProcessorProviderManager: MetricsProcessorProviderManager.onClearcutAdapterReady():112 onClearcutAdapterReady
08-26 23:03:16.444  1423  1432 E DatabaseUtils: Writing exception to parcel
08-26 23:03:16.444  1423  1432 E DatabaseUtils: java.lang.UnsupportedOperationException
08-26 23:03:16.444  1423  1432 E DatabaseUtils: 	at com.google.android.apps.gsa.staticplugins.publiccontent.GsaPublicContentProvider.query(PG:391)
08-26 23:03:16.444  1423  1432 E DatabaseUtils: 	at android.content.ContentProvider.query(ContentProvider.java:1620)
08-26 23:03:16.444  1423  1432 E DatabaseUtils: 	at android.content.ContentProvider.query(ContentProvider.java:1716)
08-26 23:03:16.444  1423  1432 E DatabaseUtils: 	at android.content.ContentProvider$Transport.query(ContentProvider.java:295)
08-26 23:03:16.444  1423  1432 E DatabaseUtils: 	at android.content.ContentProviderNative.onTransact(ContentProviderNative.java:107)
