08-26 23:03:20.043  1349  1682 I dhvk    : (REDACTED) Initializing managed lifecycle(%s)
08-26 23:03:20.043  1349  1682 I dhvk    : (REDACTED) Initializing managed lifecycle(%s)
08-26 23:03:20.043  1349  1682 I anjd    : #registerShellAppInstallationReceiver
08-26 23:03:20.044  1349  1697 I aehh    : (REDACTED) #initialConfig InputModality is currently: %s
08-26 23:03:20.045  1349  1697 I aehh    : (REDACTED) #initialConfig Speed Bump entry points: %s
08-26 23:03:20.045  1349  1697 I aehh    : (REDACTED) #initialConfig Long Press Power Education entrypoints: %s
08-26 23:03:20.045  1349  1697 I aehh    : (REDACTED) #initialConfig Robin entrypoints: %s
08-26 23:03:20.045  1349  1697 I aehh    : (REDACTED) #initialConfig Preferred audio route type: %s
08-26 23:03:20.045  1349  1697 I aehh    : (REDACTED) #initialConfig Earcons to be added: %s
08-26 23:03:20.045  1349  1697 I aehh    : (REDACTED) #initialConfig Mic occupied behavior: %s
08-26 23:03:20.045  1033  1033 D BoundBrokerSvc: onBind: Intent { act=com.google.android.contextmanager.service.ContextManagerService.START pkg=com.google.android.gms }
08-26 23:03:20.045  1033  1033 D BoundBrokerSvc: Loading bound service for intent: Intent { act=com.google.android.contextmanager.service.ContextManagerService.START pkg=com.google.android.gms }
08-26 23:03:20.048  1349  1697 I aehh    : (REDACTED) #initialConfig Headphone voice queries and spoken notifications status: %s
08-26 23:03:20.053  1349  1697 I aeil    : (REDACTED) On platform configuration update(%s).
08-26 23:03:20.054  1349  1752 I afue    : (REDACTED) #onAudioDevicesAdded count: %s
08-26 23:03:20.058  1349  1697 I aeht    : Received ConfigurationUpdate from Triggering API
08-26 23:03:20.058  1349  1697 I dlks    : (REDACTED) #hotwordInvocationsEnabled: %b
08-26 23:03:20.058  1349  1697 I dlks    : (REDACTED) #gestureInvocationsEnabled: %b
08-26 23:03:20.058  1349  1697 I dlks    : (REDACTED) #readNotificationsEnabled: %b
08-26 23:03:20.059   971   971 D Telephony: isEmergencyPreferredAccount: subId=1, activeData=-1
08-26 23:03:20.059   971   971 D Telephony: isEmergencyPreferredAccount: Device does not require preference.
08-26 23:03:20.067  1349  1770 D nativeloader: Load /data/app/~~E5jofKLMbJqrFgkQ3ImRLQ==/com.google.android.googlequicksearchbox-oF3USt585jD961Kn4Si9OA==/base.apk!/lib/x86_64/libdatastore_shared_counter.so using ns clns-7 from class loader (caller=/data/app/~~E5jofKLMbJqrFgkQ3ImRLQ==/com.google.android.googlequicksearchbox-oF3USt585jD961Kn4Si9OA==/base.apk): ok
08-26 23:03:20.071  1349  1697 I ddoi    : (REDACTED) isAppDefaultAssistant setting: %s
08-26 23:03:20.071  1349  1697 I ddoi    : (REDACTED) isAppDefaultAssistant defaultComponentName: %s
08-26 23:03:20.071  1349  1697 I alpt    : (REDACTED) DelegationStatus: %s
08-26 23:03:20.082  1349  1697 I aeil    : (REDACTED) starting updateConfig, reason: %s
08-26 23:03:20.097  1483  1483 I cr_EnterpriseInfoImpl: #setCacheResult() deviceOwned:false profileOwned:false
08-26 23:03:20.097  1483  1483 I cr_EnterpriseInfo: #getManagedStateForNative() vy1@c6f0315
08-26 23:03:20.101   905  1043 D IpClient/wlan0: addressUpdated: fec0::8053:942:d56a:718b/64 on ifindex 16 flags 0x00000001 scope 200
08-26 23:03:20.101   905  1043 D IpClient/wlan0: addressUpdated: fec0::1e86:1e49:536f:2529/64 on ifindex 16 flags 0x00000900 scope 200
08-26 23:03:20.102   574   744 W BroadcastLoopers: Found previously unknown looper Thread[ConnectivityServiceThread,5,main]
08-26 23:03:20.116   574   924 V WindowManager: Queueing transition: TransitionRecord{90db4e1 id=-1 type=CLOSE flags=0x0}
08-26 23:03:20.132   971   971 I Telephony: isRttCurrentlySupported -- regular acct, hasVoiceAvailability: false
08-26 23:03:20.132   971   971 I Telephony:  isRttSupported: false
08-26 23:03:20.132   971   971 I Telephony:  alwaysAllowWhileRoaming: false
08-26 23:03:20.132   971   971 I Telephony:  isRoaming: false
08-26 23:03:20.132   971   971 I Telephony:  isOnWfc: false
08-26 23:03:20.134   828   859 V WindowManagerShell: Transition requested (#7): android.os.BinderProxy@269b589 TransitionRequestInfo { type = CHANGE, triggerTask = null, pipTask = null, remoteTransition = RemoteTransition { remoteTransition = android.window.IRemoteTransition$Stub$Proxy@d48398e, appThread = null, debugName = null }, displayChange = null, flags = 0, debugId = 7 }
08-26 23:03:20.134   828   859 V WindowManagerShell: RemoteTransition directly requested for (#7) android.os.BinderProxy@269b589: RemoteTransition { remoteTransition = android.window.IRemoteTransition$Stub$Proxy@d48398e, appThread = null, debugName = null }
08-26 23:03:20.141   574  1728 W ParceledListSlice: Element #26 is 20024 bytes.
08-26 23:03:20.141   574  1728 W ParceledListSlice: Element #27 is 20204 bytes.
08-26 23:03:20.141   574  1728 W ParceledListSlice: Element #28 is 20464 bytes.
08-26 23:03:20.141   443   453 I BpBinder: onLastStrongRef automatically unlinking death recipients: 
08-26 23:03:20.147  1349  1682 I dhvk    : (REDACTED) Initializing managed lifecycle(%s)
08-26 23:03:20.147  1349  1682 I aekt    : Try backup or restore Gemini.
08-26 23:03:20.148   574   700 D StorageManagerService: Volume emulated;0 broadcasting mounted to UserHandle{0}
08-26 23:03:20.149   574   744 D ConnectivityService: NetReassign [no changes] [c 0] [a 0] [i 46]
08-26 23:03:20.150  2130  2130 D nativeloader: Configuring clns-shared-7 for other apk /apex/com.android.adservices/priv-app/AdServicesApkGoogle@350820260/AdServicesApkGoogle.apk. target_sdk_version=35, uses_libraries=, library_path=/apex/com.android.adservices/priv-app/AdServicesApkGoogle@350820260/lib/x86_64:/system/lib64:/system_ext/lib64, permitted_path=/data:/mnt/expand:/data/user/0/com.google.android.adservices.api:/apex/com.android.adservices/priv-app/AdServicesApkGoogle@350820260:/system/lib64:/system_ext/lib64
08-26 23:03:20.152  2130  2130 D nativeloader: InitApexLibraries:
08-26 23:03:20.152  2130  2130 D nativeloader:   com_android_adservices: libhpke_jni.so:libtflite_support_classifiers_native.so
08-26 23:03:20.152  2130  2130 D nativeloader:   com_android_appsearch: libicing.so
08-26 23:03:20.152  2130  2130 D nativeloader:   com_android_art: libartservice.so
08-26 23:03:20.152  2130  2130 D nativeloader:   com_android_btservices: libbluetooth_jni.so
08-26 23:03:20.152  2130  2130 D nativeloader:   com_android_conscrypt: libjavacrypto.so
08-26 23:03:20.152  2130  2130 D nativeloader:   com_android_mediaprovider: libpdfclient.so
08-26 23:03:20.152  2130  2130 D nativeloader:   com_android_nfcservices: libnfc_nci_jni.so
08-26 23:03:20.152  2130  2130 D nativeloader:   com_android_ondevicepersonalization: libfcp_cpp_dep_jni.so:libfcp_hpke_jni.so
08-26 23:03:20.152  2130  2130 D nativeloader:   com_android_os_statsd: libstats_jni.so
08-26 23:03:20.152  2130  2130 D nativeloader:   com_android_tethering: libandroid_net_connectivity_com_android_net_module_util_jni.so:libcrypto.so:libframework-connectivity-jni.so:libframework-connectivity-tiramisu-jni.so:libmainlinecronet.121.0.6167.71.so:libservice-connectivity.so:libservice-thread-jni.so:libssl.so
08-26 23:03:20.152  2130  2130 D nativeloader:   com_android_uwb: libuwb_uci_jni_rust.so
08-26 23:03:20.152  2130  2130 D nativeloader:   com_android_virt: libvirtualizationservice_jni.so:libvirtualmachine_jni.so
08-26 23:03:20.157   574   901 W ParceledListSlice: Element #29 is 19928 bytes.
08-26 23:03:20.162  1318  1619 W PackageManager: Failure retrieving text 0x7f130786 in package com.android.systemui
08-26 23:03:20.162  1318  1619 W PackageManager: android.content.res.Resources$NotFoundException: String resource ID #0x7f130786
08-26 23:03:20.162  1318  1619 W PackageManager: 	at android.content.res.Resources.getText(Resources.java:466)
08-26 23:03:20.162  1318  1619 W PackageManager: 	at android.app.ApplicationPackageManager.getText(ApplicationPackageManager.java:2405)
08-26 23:03:20.162  1318  1619 W PackageManager: 	at android.appwidget.AppWidgetProviderInfo.loadDescription(AppWidgetProviderInfo.java:484)
08-26 23:03:20.162  1318  1619 W PackageManager: 	at kml.a(PG:341)
08-26 23:03:20.162  1318  1619 W PackageManager: 	at kmi.b(PG:27)
08-26 23:03:20.162  1318  1619 W PackageManager: 	at aaer.g(PG:13)
08-26 23:03:20.162  1318  1619 W PackageManager: 	at kotlinx.coroutines.DispatchedTask.run(PG:114)
08-26 23:03:20.162  1318  1619 W PackageManager: 	at java.util.concurrent.Executors$RunnableAdapter.call(Executors.java:487)
08-26 23:03:20.162  1318  1619 W PackageManager: 	at wqm.a(PG:3)
08-26 23:03:20.162  1318  1619 W PackageManager: 	at wpo.run(PG:21)
08-26 23:03:20.162  1318  1619 W PackageManager: 	at wqn.run(PG:5)
08-26 23:03:20.162  1318  1619 W PackageManager: 	at java.util.concurrent.Executors$RunnableAdapter.call(Executors.java:487)
08-26 23:03:20.162  1318  1619 W PackageManager: 	at java.util.concurrent.FutureTask.run(FutureTask.java:264)
08-26 23:03:20.162  1318  1619 W PackageManager: 	at java.util.concurrent.ScheduledThreadPoolExecutor$ScheduledFutureTask.run(ScheduledThreadPoolExecutor.java:307)
08-26 23:03:20.162  1318  1619 W PackageManager: 	at java.util.concurrent.ThreadPoolExecutor.runWorker(ThreadPoolExecutor.java:1145)
08-26 23:03:20.162  1318  1619 W PackageManager: 	at java.util.concurrent.ThreadPoolExecutor$Worker.run(ThreadPoolExecutor.java:644)
08-26 23:03:20.162  1318  1619 W PackageManager: 	at hqv.run(PG:221)
08-26 23:03:20.162  1318  1619 W PackageManager: 	at java.lang.Thread.run(Thread.java:1012)
08-26 23:03:20.164   828  1284 V WindowManagerShell: onTransitionReady(transaction=2465311228252)
08-26 23:03:20.164   828   859 V WindowManagerShell: onTransitionReady (#7) android.os.BinderProxy@269b589: {id=7 t=CHANGE f=0x0 trk=4 r=[] c=[]}
08-26 23:03:20.164   828   859 V WindowManagerShell: No transition roots in (#7) android.os.BinderProxy@269b589@4 so abort
08-26 23:03:20.166   574   597 V WindowManager: Sent Transition (#7) createdAt=08-26 23:03:15.760 via request=TransitionRequestInfo { type = CHANGE, triggerTask = null, pipTask = null, remoteTransition = RemoteTransition { remoteTransition = android.window.IRemoteTransition$Stub$Proxy@d4ef892, appThread = null, debugName = null }, displayChange = null, flags = 0, debugId = 7 }
08-26 23:03:20.166   574   597 V WindowManager:     startWCT=WindowContainerTransaction { changes = {} hops = [] errorCallbackToken=null taskFragmentOrganizer=null }
08-26 23:03:20.166   574   597 V WindowManager:     info={id=7 t=CHANGE f=0x0 trk=4 r=[] c=[]}
08-26 23:03:20.184  1101  1157 D LoaderTask: load widgets
08-26 23:03:20.186   828   859 V WindowManagerShell: Transition animation finished (aborted=true), notifying core (#7) android.os.BinderProxy@269b589@4
08-26 23:03:20.187   574   700 D StorageManagerService: Volume public:253,80 broadcasting checking to UserHandle{0}
08-26 23:03:20.187  2087  2168 I carui   : CarUi plugin is disabled
08-26 23:03:20.187  1349  1697 I afbk    : (REDACTED) %s was not found: %s
08-26 23:03:20.187  1349  1697 I anjd    : (REDACTED) isRobinOptIn:%s, isLauncherIconEnabled:%s, isGeminiGatewayComponentEnabled:%s
08-26 23:03:20.188  1349  1697 I anjd    : (REDACTED) %s was not found: %s
08-26 23:03:20.192  1349  1697 I azjc    : (REDACTED) getInitialSimplifiedOobeViaDeeplinkUser: %b
08-26 23:03:20.192  1349  1697 I amle    : (REDACTED) isDeeplinkEnabled %s, isInitialSimplifiedOobeViaDeeplinkUser %s
08-26 23:03:20.192  1349  1697 I azjc    : (REDACTED) getInitialSimplifiedOobeViaDeeplinkUser: %b
08-26 23:03:20.192  1349  1697 I amle    : (REDACTED) isDeeplinkEnabled %s, isInitialSimplifiedOobeViaDeeplinkUser %s
08-26 23:03:20.192  1349  1697 I afbm    : User not OptedIn. Skipping Eligibility Checks.
08-26 23:03:20.193  1349  1697 I azjc    : (REDACTED) getInitialSimplifiedOobeViaDeeplinkUser: %b
08-26 23:03:20.193  1349  1697 I amle    : (REDACTED) isDeeplinkEnabled %s, isInitialSimplifiedOobeViaDeeplinkUser %s
08-26 23:03:20.193  1349  1697 I azjc    : (REDACTED) getInitialSimplifiedOobeViaDeeplinkUser: %b
08-26 23:03:20.193  1349  1697 I amle    : (REDACTED) isDeeplinkEnabled %s, isInitialSimplifiedOobeViaDeeplinkUser %s
08-26 23:03:20.194  1349  1697 I afbm    : User not OptedIn. Skipping Eligibility Checks.
08-26 23:03:20.198  1349  1697 I dhqn    : (REDACTED) Hotword consumer guarding condition has changed: %s.
08-26 23:03:20.199  1349  1583 I dhmi    : (REDACTED) Hotword consumer configuration has changed: %s.
08-26 23:03:20.201   971   971 I Telephony: TelecomAccountRegistry$AccountEntry: registerPstnPhoneAccount: Registering account=[[ ] PhoneAccount: ComponentInfo{com.android.phone/com.android.services.telephony.TelephonyConnectionService}, 1, UserHandle{0} Capabilities: CallProvider MultiUser PlaceEmerg SimSub  Audio Routes: BESW Schemes: tel voicemail  Extras: Bundle[{android.telecom.extra.SUPPORTS_VIDEO_CALLING_FALLBACK=true}] GroupId: *** SC Restrictions: [ ]] with Telecom. subId=1
08-26 23:03:20.201  1101  1157 D LoaderTask: bindWidgets
08-26 23:03:20.202  1349  1583 I dhnw    : (REDACTED) Configuration=%s changed; frontend=%s is not running.
08-26 23:03:20.202   574   594 I Telecom : TelecomServiceImpl$1: registerPhoneAccount: account=[[ ] PhoneAccount: ComponentInfo{com.android.phone/com.android.services.telephony.TelephonyConnectionService}, 1, UserHandle{0} Capabilities: CallProvider MultiUser PlaceEmerg SimSub  Audio Routes: BESW Schemes: tel voicemail  Extras: Bundle[{android.telecom.extra.SUPPORTS_VIDEO_CALLING_FALLBACK=true}] GroupId: *** SC Restrictions: [ ]]: TSI.rPA(cap)@ACE
08-26 23:03:20.203  1101  1157 D LoaderTask: save widgets in icon cache
08-26 23:03:20.206   574   594 I Telecom : PhoneAccountRegistrar: New phone account registered: [[ ] PhoneAccount: ComponentInfo{com.android.phone/com.android.services.telephony.TelephonyConnectionService}, 1, UserHandle{0} Capabilities: CallProvider MultiUser PlaceEmerg SimSub  Audio Routes: BESW Schemes: tel voicemail  Extras: Bundle[{android.telecom.extra.SUPPORTS_VIDEO_CALLING_FALLBACK=true}] GroupId: *** SC Restrictions: [ ]]: TSI.rPA(cap)@ACE
08-26 23:03:20.208   574   594 I Telecom : CallsManager: Sending phone-account ComponentInfo{com.android.phone/com.android.services.telephony.TelephonyConnectionService}, 1, UserHandle{0} registered intent as user: TSI.rPA(cap)@ACE
08-26 23:03:20.211  1483  1483 W cr_KnoxSettingsProvider: Permission to read device policy denied.
08-26 23:03:20.212  1483  1483 I cr_CombinedPProvider: #registerProvider() provider:I44@4c9bb91 isPolicyCacheEnabled:true policyProvidersSize:0
08-26 23:03:20.212  1483  1483 I cr_PolicyProvider: #setManagerAndSource() 0
08-26 23:03:20.212  1101  1157 D LoaderTask: finish icon update
08-26 23:03:20.213  1362  1655 I Bugle   : TelephonyManagerFactory: Returning per-subscription TelephonyManager (>= N) subscription{id:1}
08-26 23:03:20.213  1101  1157 D StatsLog: LAUNCHER_GOOGLE_OPEN_ALLAPPS_WITH_IME_DISABLED
08-26 23:03:20.213  1101  1157 D StatsLog: LAUNCHER_GOOGLE_ALLAPPS_SEARCH_CORPUS_CODE
08-26 23:03:20.214  1101  1157 D StatsLog: LAUNCHER_SETTINGS_OMNI_ALL_ENTRYPOINTS_TOGGLE_VALUE
08-26 23:03:20.214  1101  1157 D StatsLog: LAUNCHER_OMNI_LP_DURATION_DATA_SOURCE_VALUE
08-26 23:03:20.214  1101  1157 D StatsLog: LAUNCHER_OMNI_LP_TOUCH_SLOP_MULTIPLIER_DATA_SOURCE_VALUE
08-26 23:03:20.214  1101  1157 D StatsLog: LAUNCHER_OSE_NOT_GOOGLE
08-26 23:03:20.215  1483  1483 I cr_CombinedPProvider: #registerProvider() provider:Es@4313af6 isPolicyCacheEnabled:false policyProvidersSize:1
08-26 23:03:20.216  1318  1619 I AiAiEcho: EchoSearch: WidgetFetcherImpl is initialized with [33] widgets [reason=module initialized]
08-26 23:03:20.223  1101  1157 D QuickstepModelDelegate: Successfully registered for launcher snapshot logging!
08-26 23:03:20.227   574  1713 E JobScheduler.JobStatus: App com.google.android.inputmethod.latin became active but still in NEVER bucket
08-26 23:03:20.229  1101  1157 D QuickstepModelDelegate: notifyAppTargetEvent action=1 launchLocation=workspace/0/[-1,-1]/[1,1]
08-26 23:03:20.230  1101  1101 D SsBaseTemplateCard: No text view can be set up
08-26 23:03:20.231  1101  1101 D SsBaseTemplateCard: Passed-in item info is null
08-26 23:03:20.231  1101  1101 D SsBaseTemplateCard: Passed-in item info is null
08-26 23:03:20.231  1101  1101 D SsBaseTemplateCard: Passed-in item info is null
08-26 23:03:20.231  1101  1101 I SsBaseTemplateCard: Secondary card pane is null
08-26 23:03:20.237   574   597 V WindowManager: Finish Transition (#7): created at 08-26 23:03:15.760 collect-started=4107.06ms request-sent=4352.849ms started=4375.36ms ready=4375.33ms sent=4377.825ms finished=4476.057ms
08-26 23:03:20.245  1101  1101 D SsBaseTemplateCard: No text view can be set up
08-26 23:03:20.246  1101  1101 D SsBaseTemplateCard: Passed-in item info is null
08-26 23:03:20.246  1101  1101 D SsBaseTemplateCard: Passed-in item info is null
08-26 23:03:20.246  1101  1101 D SsBaseTemplateCard: Passed-in item info is null
08-26 23:03:20.246  1101  1101 I SsBaseTemplateCard: Secondary card pane is null
08-26 23:03:20.246  1101  1101 D SsBaseTemplateCard: No text view can be set up
08-26 23:03:20.246  1101  1101 D SsBaseTemplateCard: Passed-in item info is null
08-26 23:03:20.246  1101  1101 D SsBaseTemplateCard: Passed-in item info is null
08-26 23:03:20.246  1101  1101 D SsBaseTemplateCard: Passed-in item info is null
08-26 23:03:20.246  1101  1101 I SsBaseTemplateCard: Secondary card pane is null
08-26 23:03:20.247  1101  1420 D EGL_emulation: app_time_stats: avg=406.80ms min=15.55ms max=1722.02ms count=6
08-26 23:03:20.250  1101  1157 D PackageUpdatedTask: Package updated: mOp=UPDATE packages=[com.android.stk]
08-26 23:03:20.254   574   594 I Telecom : CallsManager: Sending phone-account registered intent to default dialer: TSI.rPA(cap)@ACE
08-26 23:03:20.258   574   744 D ConnectivityService: NetReassign [no changes] [c 0] [a 0] [i 109]
08-26 23:03:20.258  1483  1483 I cr_PolicyProvider: #setManagerAndSource() 1
08-26 23:03:20.260   828   859 V WindowManagerShell: Track 4 became idle
08-26 23:03:20.260   828   859 V WindowManagerShell: All active transition animations finished
08-26 23:03:20.260   828   859 V WindowManagerShell: Transition requested (#8): android.os.BinderProxy@b1df5af TransitionRequestInfo { type = CLOSE, triggerTask = null, pipTask = null, remoteTransition = RemoteTransition { remoteTransition = android.window.IRemoteTransition$Stub$Proxy@f71dbc, appThread = null, debugName = null }, displayChange = null, flags = 0, debugId = 8 }
08-26 23:03:20.260   828   859 V WindowManagerShell: RemoteTransition directly requested for (#8) android.os.BinderProxy@b1df5af: RemoteTransition { remoteTransition = android.window.IRemoteTransition$Stub$Proxy@f71dbc, appThread = null, debugName = null }
08-26 23:03:20.265  1483  1483 I cr_AppResProvider: #getApplicationRestrictionsFromUserManager() Bundle[EMPTY_PARCEL]
08-26 23:03:20.265  1483  1483 I cr_PolicyProvider: #notifySettingsAvailable() 1
08-26 23:03:20.265  1483  1483 I cr_CombinedPProvider: #onSettingsAvailable() 1
08-26 23:03:20.265   828  1288 V WindowManagerShell: onTransitionReady(transaction=2465311228262)
08-26 23:03:20.272   443   443 I BpBinder: onLastStrongRef automatically unlinking death recipients: 
08-26 23:03:20.280   574   594 I Telecom : PhoneAccountRegistrar: getSimCallManager: SimCallManager for subId 1 queried, returning: null: TSI.rPA(cap)@ACE
08-26 23:03:20.281   574   594 I Telecom : PhoneAccountRegistrar: Notifying telephony of voice service override change for 1 SIMs, hasService = false: TSI.rPA(cap)@ACE
08-26 23:03:20.283   574   597 V WindowManager: Sent Transition (#8) createdAt=08-26 23:03:20.116 via request=TransitionRequestInfo { type = CLOSE, triggerTask = null, pipTask = null, remoteTransition = RemoteTransition { remoteTransition = android.window.IRemoteTransition$Stub$Proxy@97a0ea7, appThread = null, debugName = null }, displayChange = null, flags = 0, debugId = 8 }
08-26 23:03:20.284   574   597 V WindowManager:     startWCT=WindowContainerTransaction { changes = {} hops = [] errorCallbackToken=null taskFragmentOrganizer=null }
08-26 23:03:20.284   574   597 V WindowManager:     info={id=8 t=CLOSE f=0x0 trk=5 r=[] c=[]}
08-26 23:03:20.288   828   859 V WindowManagerShell: onTransitionReady (#8) android.os.BinderProxy@b1df5af: {id=8 t=CLOSE f=0x0 trk=5 r=[] c=[]}
08-26 23:03:20.288   828   859 V WindowManagerShell: No transition roots in (#8) android.os.BinderProxy@b1df5af@5 so abort
08-26 23:03:20.288   971   971 I PhoneInterfaceManager: setVoiceServiceStateOverride: subId=1, phone=Handler (com.android.internal.telephony.GsmCdmaPhone) {df4b011}, hasService=false, callingPackage=com.android.server.telecom
08-26 23:03:20.288  2130  2130 D CompatChangeReporter: Compat change id reported: 202956589; UID 10189; state: ENABLED
08-26 23:03:20.290   971   971 I Telephony: TelecomAccountRegistry$AccountEntry: Registered phoneAccount: [[ ] PhoneAccount: ComponentInfo{com.android.phone/com.android.services.telephony.TelephonyConnectionService}, 1, UserHandle{0} Capabilities: CallProvider MultiUser PlaceEmerg SimSub  Audio Routes: BESW Schemes: tel voicemail  Extras: Bundle[{android.telecom.extra.SUPPORTS_VIDEO_CALLING_FALLBACK=true}] GroupId: *** SC Restrictions: [ ]] with handle: ComponentInfo{com.android.phone/com.android.services.telephony.TelephonyConnectionService}, 1, UserHandle{0}
08-26 23:03:20.290   971   971 I Telephony: PstnIncomingCallNotifier: Registering: [0]
08-26 23:03:20.290   971   971 D Telephony: Registering: Handler (com.android.internal.telephony.GsmCdmaPhone) {df4b011}
08-26 23:03:20.299   971   971 W Telephony: registerMmTelCapabilityCallback: registration failed, no ImsService available. Exception: code: 1
08-26 23:03:20.299   971   971 W Telephony: registerImsRegistrationCallback: registration failed, no ImsService available. Exception: code: 1
08-26 23:03:20.300   971   971 D Telephony: Finished registering mSimultaneousCallingTrackerListener for phoneId = 0; subId = 1
08-26 23:03:20.302   574   744 D ConnectivityService: NetReassign [no changes] [c 0] [a 0] [i 0]
08-26 23:03:20.302   371   371 E Netd    : no such netId 100
08-26 23:03:20.303   828   859 V WindowManagerShell: Transition animation finished (aborted=true), notifying core (#8) android.os.BinderProxy@b1df5af@5
08-26 23:03:20.310   574   700 D StorageManagerService: Volume public:253,80 broadcasting mounted to UserHandle{0}
08-26 23:03:20.328   828   859 V WindowManagerShell: Track 5 became idle
08-26 23:03:20.328   828   859 V WindowManagerShell: All active transition animations finished
08-26 23:03:20.331  1318  1456 I AiAiEcho: AppPredictionInputConnectorImpl#createPredictionSession
08-26 23:03:20.335  1033  1217 W WearableService: onGetService: Wear is not available on this device.
08-26 23:03:20.339   574   744 E ConnectivityService: Exception in addRoute for non-gateway: android.os.ServiceSpecificException: Machine is not on the network (code 64)
08-26 23:03:20.339   371   371 E Netd    : no such netId 100
08-26 23:03:20.341  1780  1924 D nativeloader: Load /data/app/~~E5jofKLMbJqrFgkQ3ImRLQ==/com.google.android.googlequicksearchbox-oF3USt585jD961Kn4Si9OA==/base.apk!/lib/x86_64/libmappedcountercacheversionjni.so using ns clns-7 from class loader (caller=/data/app/~~E5jofKLMbJqrFgkQ3ImRLQ==/com.google.android.googlequicksearchbox-oF3USt585jD961Kn4Si9OA==/base.apk!classes2.dex): ok
08-26 23:03:20.345  1318  1456 I AiAiEcho: AppPredictionInputConnectorImpl#createPredictionSession
08-26 23:03:20.347   574   597 V WindowManager: Finish Transition (#8): created at 08-26 23:03:20.116 collect-started=23.359ms request-sent=28.302ms started=144.233ms ready=144.196ms sent=148.506ms finished=197.003ms
08-26 23:03:20.353   574   744 E ConnectivityService: Exception in addRoute for gateway: android.os.ServiceSpecificException: Machine is not on the network (code 64)
08-26 23:03:20.355   574   744 D ConnectivityService: Setting DNS servers for network 100 to [/fec0::3, /10.0.2.3]
08-26 23:03:20.362  1101  1101 D StatsLog: LAUNCHER_ALLAPPS_COUNT
08-26 23:03:20.362   971   971 I Telephony: TelecomAccountRegistry: Unregistering phone account ComponentInfo{com.android.phone/com.android.services.telephony.TelephonyConnectionService}, E, UserHandle{0}.
08-26 23:03:20.367   574   908 I Telecom : CallsManager: Sending phone-account ComponentInfo{com.android.phone/com.android.services.telephony.TelephonyConnectionService}, E, UserHandle{0} unregistered intent as user: TSI.uPA(cap)@ACQ
08-26 23:03:20.367   828   890 W Looper  : Slow dispatch took 3133ms SysUiBg h=android.os.Handler c=com.android.systemui.statusbar.policy.SecurityControllerImpl$$ExternalSyntheticLambda0@a12609a m=0
08-26 23:03:20.369   828   890 W Looper  : Slow delivery took 3431ms SysUiBg h=android.os.Handler c=com.android.keyguard.KeyguardClockSwitchController$$ExternalSyntheticLambda2@45e3dcb m=0
08-26 23:03:20.379   574   908 I Telecom : CallsManager: Sending phone-account unregistered intent to default dialer: TSI.uPA(cap)@ACQ
08-26 23:03:20.391  1033  1452 I WearableLocationShim: paired wearable location unsupported - wearable APIs unavailable [CONTEXT service_id=6 ]
08-26 23:03:20.391  1780  1959 I ecot    : Validating WorkManager process
08-26 23:03:20.393   971   971 D CarrierSvcBindHelper: onPackageModified: android
08-26 23:03:20.393   971   971 D CarrierSvcBindHelper: No carrier app for: 0
08-26 23:03:20.402  1780  1942 I ecot    : (REDACTED) Processes: %s, %s, %s, %s
08-26 23:03:20.414   971  1205 V MmsProvider: inside checkQueryParametersForSubqueries
08-26 23:03:20.414   971  1205 V MmsProvider: checkQueryParametersForSubqueries checking proj: address
08-26 23:03:20.414   971  1205 V MmsProvider: checkQueryParametersForSubqueries checking proj: date
08-26 23:03:20.414   971  1205 V MmsProvider: checkQueryParametersForSubqueries checking proj: type
08-26 23:03:20.414   971  1205 V MmsProvider: checkQueryParametersForSubqueries checking proj: body
08-26 23:03:20.414   971  1205 V MmsProvider: checkQueryParametersForSubqueries checking sel: date > ? AND (type == ? OR type == ?)
08-26 23:03:20.414   971  1205 V MmsProvider: checkQueryParametersForSubqueries checking sort: date DESC
08-26 23:03:20.421   574   731 W WifiScoreReport: Cannot start external scoring netId=100 currentNetId=100 currentNetCapabilities=[ Transports: WIFI Capabilities: NOT_METERED&INTERNET&NOT_RESTRICTED&TRUSTED&NOT_VPN&NOT_ROAMING&NOT_CONGESTED&NOT_SUSPENDED&NOT_VCN_MANAGED&NOT_BANDWIDTH_CONSTRAINED LinkUpBandwidth>=12000Kbps LinkDnBandwidth>=30000Kbps Specifier: <WifiNetworkAgentSpecifier [WifiConfiguration=, SSID="AndroidWifi", BSSID=00:13:10:85:fe:01, band=1, mMatchLocalOnlySpecifiers=false]> TransportInfo: <SSID: "AndroidWifi", BSSID: 00:13:10:85:fe:01, MAC: 02:15:b2:00:00:00, IP: /10.0.2.16, Security type: 0, Supplicant state: COMPLETED, Wi-Fi standard: legacy, RSSI: -50, Link speed: 2Mbps, Tx Link speed: 2Mbps, Max Supported Tx Link speed: 11Mbps, Rx Link speed: -1Mbps, Max Supported Rx Link speed: 11Mbps, Frequency: 2447MHz, Net ID: 0, Metered hint: false, score: 60, isUsable: true, CarrierMerged: false, SubscriptionId: -1, IsPrimary: 1, Trusted: true, Restricted: false, Ephemeral: false, OEM paid: false, OEM private: false, OSU AP: false, FQDN: <none>, Provider friendly name: <none>, Requesting package name: <none>"AndroidWifi"openMLO Information: , Is TID-To-Link negotiation supported by the AP: false, AP MLD Address: <none>, AP MLO Link Id: <none>, AP MLO Affiliated links: <none>, Vendor Data: <none>> SignalStrength: -50 AllowedUids: <{10173}> OwnerUid: 10173 AdminUids: [10173] SSID: "AndroidWifi" UnderlyingNetworks: Null] sessionId=1008
08-26 23:03:20.427   574  1053 D ConnectivityService: requestNetwork for uid/pid:10145/1423 activeRequest: null callbackRequest: 85 [NetworkRequest [ REQUEST id=86, [ Capabilities: INTERNET&NOT_RESTRICTED&TRUSTED&NOT_VCN_MANAGED&NOT_BANDWIDTH_CONSTRAINED Uid: 10145 RequestorUid: 10145 RequestorPkg: com.google.android.googlequicksearchbox UnderlyingNetworks: Null] ]] callback flags: 0 order: 2147483647 isUidTracked: false
08-26 23:03:20.434  1423  2055 I ajah    : Robin eligibility : Account is Pseudonymous type.
08-26 23:03:20.439   574   744 D ConnectivityService: NetReassign [no changes] [c 0] [a 0] [i 1]
08-26 23:03:20.443  1423  2055 I ajah    : User became ineligible due to one of checks failed on client
08-26 23:03:20.447  1423  1683 I arlh    : Not eligible for Robin
08-26 23:03:20.447  1423  1683 I aiyx    : #maybeBackupOrRestore
08-26 23:03:20.453  2130  2130 V GraphicsEnvironment: Currently set values for:
08-26 23:03:20.455  1423  2055 I ajah    : Robin eligibility : Account is Pseudonymous type.
08-26 23:03:20.455  1423  2055 I ajah    : User became ineligible due to one of checks failed on client
08-26 23:03:20.457  2130  2130 V GraphicsEnvironment:   angle_gl_driver_selection_pkgs=[]
08-26 23:03:20.459  2130  2130 V GraphicsEnvironment:   angle_gl_driver_selection_values=[]
08-26 23:03:20.464  2130  2130 V GraphicsEnvironment: Global.Settings values are invalid: number of packages: 0, number of values: 0
08-26 23:03:20.466  1033  2144 I FontLog : (REDACTED) Received query %s, URI %s
08-26 23:03:20.473  2130  2130 V GraphicsEnvironment: Neither updatable production driver nor prerelease driver is supported.
08-26 23:03:20.483  1033  2144 I FontLog : (REDACTED) Query [%s] resolved to %s
08-26 23:03:20.484  1780  1959 D WM-PackageManagerHelper: Skipping component enablement for androidx.work.impl.background.systemjob.SystemJobService
08-26 23:03:20.484  1780  1959 D WM-Schedulers: Created SystemJobScheduler and enabled SystemJobService
08-26 23:03:20.485  1033  2144 I FontLog : (REDACTED) Font PFD returned from cache for %s
08-26 23:03:20.485  1033  2144 I FontLog : (REDACTED) Fetch %s end status %s
08-26 23:03:20.483  1423  1683 I aiyx    : (REDACTED) optInSettingStatus value %s.
08-26 23:03:20.489  2130  2130 I adservices-shared: Set singleton context as android.app.Application@9e9437
08-26 23:03:20.491  1033  2144 I FontLog : (REDACTED) Pulling font file for id = %d, cache size = %d
08-26 23:03:20.494  1033  2144 I FontLog : (REDACTED) Received query %s, URI %s
08-26 23:03:20.494  1033  2144 I FontLog : (REDACTED) Query [%s] resolved to %s
08-26 23:03:20.495  1033  2144 I FontLog : (REDACTED) Font PFD returned from cache for %s
08-26 23:03:20.495  1033  2144 I FontLog : (REDACTED) Fetch %s end status %s
08-26 23:03:20.499  1780  1915 D WM-ForceStopRunnable: Is default app process = false
08-26 23:03:20.500  1423  2055 I aiyx    : (REDACTED) oobeCompleted %s
08-26 23:03:20.502  1423  2055 I amle    : OptInSetting is UNKNOWN or UNRECOGNIZED [CONTEXT ratelimit_period="10 SECONDS" ]
08-26 23:03:20.502  1423  2055 I aicy    : Manufacturer not matched [CONTEXT ratelimit_period="10 SECONDS" ]
08-26 23:03:20.506   574   866 E JobScheduler.JobStatus: App com.google.android.inputmethod.latin became active but still in NEVER bucket
08-26 23:03:20.508  1423  2055 I aicy    : Device not matched [CONTEXT ratelimit_period="10 SECONDS" ]
08-26 23:03:20.516   574   731 W ContextImpl: Calling a method in the system process without a qualified user: android.app.ContextImpl.sendStickyBroadcast:1655 com.android.server.wifi.ClientModeImpl.sendNetworkChangeBroadcast:3121 com.android.server.wifi.ClientModeImpl.lambda$sendNetworkChangeBroadcastWithCurrentState$14:3098 com.android.server.wifi.ClientModeImpl.$r8$lambda$mtuS9ulugUkTxNA_sDDnAioo66w:0 com.android.server.wifi.ClientModeImpl$$ExternalSyntheticLambda13.send:0 
08-26 23:03:20.518   574   731 E WifiStaIfaceAidlImpl: setRoamingMode failed with service-specific exception: android.os.ServiceSpecificException:  (code 4)
08-26 23:03:20.518   574   731 E WifiRoamingModeManager: Failed to set roaming mode due to unknown error.
08-26 23:03:20.519   574   731 D WifiNetworkFactory: got request NetworkRequest [ REQUEST id=83, [ Capabilities: INTERNET&NOT_RESTRICTED&TRUSTED&NOT_VCN_MANAGED&NOT_BANDWIDTH_CONSTRAINED Uid: 10146 RequestorUid: 10146 RequestorPkg: com.android.chrome UnderlyingNetworks: Null] ]
08-26 23:03:20.519   574   731 D UntrustedWifiNetworkFactory: got request NetworkRequest [ REQUEST id=83, [ Capabilities: INTERNET&NOT_RESTRICTED&TRUSTED&NOT_VCN_MANAGED&NOT_BANDWIDTH_CONSTRAINED Uid: 10146 RequestorUid: 10146 RequestorPkg: com.android.chrome UnderlyingNetworks: Null] ]
08-26 23:03:20.519   574   731 D OemPaidWifiNetworkFactory: got request NetworkRequest [ REQUEST id=83, [ Capabilities: INTERNET&NOT_RESTRICTED&TRUSTED&NOT_VCN_MANAGED&NOT_BANDWIDTH_CONSTRAINED Uid: 10146 RequestorUid: 10146 RequestorPkg: com.android.chrome UnderlyingNetworks: Null] ]
08-26 23:03:20.520   574   731 D MultiInternetWifiNetworkFactory: got request NetworkRequest [ REQUEST id=83, [ Capabilities: INTERNET&NOT_RESTRICTED&TRUSTED&NOT_VCN_MANAGED&NOT_BANDWIDTH_CONSTRAINED Uid: 10146 RequestorUid: 10146 RequestorPkg: com.android.chrome UnderlyingNetworks: Null] ]
08-26 23:03:20.520   574   731 D WifiNetworkFactory: got request NetworkRequest [ REQUEST id=86, [ Capabilities: INTERNET&NOT_RESTRICTED&TRUSTED&NOT_VCN_MANAGED&NOT_BANDWIDTH_CONSTRAINED Uid: 10145 RequestorUid: 10145 RequestorPkg: com.google.android.googlequicksearchbox UnderlyingNetworks: Null] ]
08-26 23:03:20.521   574   731 D UntrustedWifiNetworkFactory: got request NetworkRequest [ REQUEST id=86, [ Capabilities: INTERNET&NOT_RESTRICTED&TRUSTED&NOT_VCN_MANAGED&NOT_BANDWIDTH_CONSTRAINED Uid: 10145 RequestorUid: 10145 RequestorPkg: com.google.android.googlequicksearchbox UnderlyingNetworks: Null] ]
08-26 23:03:20.521   574   731 D OemPaidWifiNetworkFactory: got request NetworkRequest [ REQUEST id=86, [ Capabilities: INTERNET&NOT_RESTRICTED&TRUSTED&NOT_VCN_MANAGED&NOT_BANDWIDTH_CONSTRAINED Uid: 10145 RequestorUid: 10145 RequestorPkg: com.google.android.googlequicksearchbox UnderlyingNetworks: Null] ]
08-26 23:03:20.521   574   731 D MultiInternetWifiNetworkFactory: got request NetworkRequest [ REQUEST id=86, [ Capabilities: INTERNET&NOT_RESTRICTED&TRUSTED&NOT_VCN_MANAGED&NOT_BANDWIDTH_CONSTRAINED Uid: 10145 RequestorUid: 10145 RequestorPkg: com.google.android.googlequicksearchbox UnderlyingNetworks: Null] ]
08-26 23:03:20.525   574   744 D ConnectivityService: [100 WIFI] EVENT_NETWORK_INFO_CHANGED, going from CONNECTING to CONNECTED
08-26 23:03:20.546   574   744 D DnsManager: sendDnsConfigurationForNetwork(100, [fec0::3, 10.0.2.3], [], 1800, 25, 8, 64, 0, 0, , [], [1], false, [wlan0])
08-26 23:03:20.554  1033  2144 I FontLog : (REDACTED) Pulling font file for id = %d, cache size = %d
08-26 23:03:20.558  2091  2091 I Finsky  : [2] Process created at version: 47.5.19-31 [0] [PR] 793029697
08-26 23:03:20.562   971   971 D nativeloader: Configuring clns-shared-11 for other apk /system/priv-app/ONS/ONS.apk. target_sdk_version=35, uses_libraries=, library_path=/system/priv-app/ONS/lib/x86_64:/system/lib64:/system_ext/lib64, permitted_path=/data:/mnt/expand:/data/user/0/com.android.ons:/system/priv-app/ONS:/system/lib64:/system_ext/lib64
08-26 23:03:20.568  1318  1456 I AiAiEcho: AppPredictionInputConnectorImpl#createPredictionSession
08-26 23:03:20.568  1362  1655 I RcsAvailabilityCache: Cached availability not found for simId: redacted-pii:sim_id[chars:20,last3:897]
08-26 23:03:20.582   574   744 W DnsManager: updatePrivateDns(100, PrivateDnsConfig{opportunistic:/[], dohName=, dohIps=[], dohPath=, dohPort=-1})
08-26 23:03:20.582   574   744 D ConnectivityService: Setting DNS servers for network 100 to [/fec0::3, /10.0.2.3]
08-26 23:03:20.583  1033  1033 D BoundBrokerSvc: onBind: Intent { act=com.google.android.gms.scheduler.ACTION_PROXY_SCHEDULE dat=chimera-action:/... cmp=com.google.android.gms/.chimera.PersistentDirectBootAwareApiService }
08-26 23:03:20.583  1033  1033 D BoundBrokerSvc: Loading bound service for intent: Intent { act=com.google.android.gms.scheduler.ACTION_PROXY_SCHEDULE dat=chimera-action:/... cmp=com.google.android.gms/.chimera.PersistentDirectBootAwareApiService }
08-26 23:03:20.589   971   971 W nsconfig: com.android.phone: New config does not match the previously set config.
08-26 23:03:20.596  1258  1263 W putmethod.latin: Cleared Reference was only reachable from finalizer (only reported once)
08-26 23:03:20.600  1349  1682 I dhvk    : (REDACTED) Initializing managed lifecycle(%s)
08-26 23:03:20.601  1349  1682 I dhvk    : (REDACTED) Initializing managed lifecycle(%s)
08-26 23:03:20.601  1349  1682 I aekw    : Listening for setting changes changes
08-26 23:03:20.603   971   971 D ONSAutoboot: Received android.intent.action.LOCKED_BOOT_COMPLETED
08-26 23:03:20.609  1033  1033 D BoundBrokerSvc: onBind: Intent { act=com.google.android.gms.nearby.fastpair.START dat=chimera-action:/... cmp=com.google.android.gms/.chimera.PersistentApiServiceNoInstantApps }
08-26 23:03:20.610  1033  1033 D BoundBrokerSvc: Loading bound service for intent: Intent { act=com.google.android.gms.nearby.fastpair.START dat=chimera-action:/... cmp=com.google.android.gms/.chimera.PersistentApiServiceNoInstantApps }
08-26 23:03:20.624   828   828 D StorageNotification: Notifying about public volume: VolumeInfo{public:253,80}:
08-26 23:03:20.624   828   828 D StorageNotification:     type=PUBLIC diskId=disk:253,80 partGuid= mountFlags=VISIBLE_FOR_WRITE 
08-26 23:03:20.624   828   828 D StorageNotification:     mountUserId=0 state=MOUNTED 
08-26 23:03:20.624   828   828 D StorageNotification:     fsType=vfat fsUuid=0000-0000 fsLabel=SDCARD 
08-26 23:03:20.624   828   828 D StorageNotification:     path=/storage/0000-0000 internalPath=/mnt/media_rw/0000-0000 
08-26 23:03:20.630   574   744 D DnsManager: sendDnsConfigurationForNetwork(100, [fec0::3, 10.0.2.3], [], 1800, 25, 8, 64, 0, 0, , [fec0::3, 10.0.2.3], [1], false, [wlan0])
08-26 23:03:20.631  1258  1263 I putmethod.latin: Background concurrent mark compact GC freed 21MB AllocSpace bytes, 60(1756KB) LOS objects, 49% free, 8697KB/16MB, paused 1.188ms,5.977ms total 119.739ms
08-26 23:03:20.631   371  2192 W resolv  : Validating DnsTlsServer {10.0.2.3/} with mark 0xf0064
08-26 23:03:20.632   371  2193 W resolv  : Validating DnsTlsServer {fec0::3/} with mark 0xf0064
08-26 23:03:20.634   371  2193 W resolv  : Socket failed to connect, errno=101: Network is unreachable
08-26 23:03:20.634   371  2193 W resolv  : TCP Handshake failed: 101
08-26 23:03:20.634   371  2193 W resolv  : query failed
08-26 23:03:20.634   371  2193 W resolv  : validateDnsTlsServer returned 0 for {fec0::3/}
08-26 23:03:20.635   371  2193 W resolv  : Validation failed
08-26 23:03:20.635   371  2192 W resolv  : Socket failed to connect, errno=101: Network is unreachable
08-26 23:03:20.635   371  2192 W resolv  : TCP Handshake failed: 101
08-26 23:03:20.635   371  2192 W resolv  : query failed
08-26 23:03:20.635   371  2192 W resolv  : validateDnsTlsServer returned 0 for {10.0.2.3/}
08-26 23:03:20.636   371  2192 W resolv  : Validation failed
08-26 23:03:20.636   574   924 D WifiMemoryStoreImpl: Set cluster G2c39a60209da2bcd for W2fb77fa8a33aa6f2: SUCCESS
08-26 23:03:20.645  1258  1267 W SP      : File ref is being finalized but wasn't closed, file: transformer_latin_tflite_20231010_zip[12]
08-26 23:03:20.645  1258  1267 W SP      : File ref is being finalized but wasn't closed, file: scribe_latin_20231123_tflite_zip[12]
08-26 23:03:20.646  1258  1267 W SP      : File ref is being finalized but wasn't closed, file: qrnn_en_us_reco_20231010_fst_20230613_recospec_zip[12]
08-26 23:03:20.646  1258  1267 W SP      : File ref is being finalized but wasn't closed, file: transformer_latin_conf_tflite_20231010_zip[12]
08-26 23:03:20.646  1258  1267 W SP      : File ref is being finalized but wasn't closed, file: pack_mapping_v1_lstm_20231127[8]
08-26 23:03:20.646  1258  1267 W SP      : File ref is being finalized but wasn't closed, file: transformer_latin_seg_tflite_20231010_zip[12]
08-26 23:03:20.646  1258  1267 W SP      : File ref is being finalized but wasn't closed, file: scribe_latin_20231123_recospec_zip[12]
08-26 23:03:20.646  1258  1267 W SP      : File ref is being finalized but wasn't closed, file: en_us_20230613_compact_fst_zip[12]
08-26 23:03:20.646  1258  1267 W SP      : File ref is being finalized but wasn't closed, file: transformer_latin_tflite_20231010_zip[12]
08-26 23:03:20.646  1258  1267 W SP      : File ref is being finalized but wasn't closed, file: scribe_latin_20231123_tflite_zip[12]
08-26 23:03:20.646  1258  1267 W SP      : File ref is being finalized but wasn't closed, file: qrnn_en_us_reco_20231010_fst_20230613_recospec_zip[12]
08-26 23:03:20.646  1258  1267 W SP      : File ref is being finalized but wasn't closed, file: transformer_latin_conf_tflite_20231010_zip[12]
08-26 23:03:20.646  1258  1267 W SP      : File ref is being finalized but wasn't closed, file: pack_mapping_v1_lstm_20231127[8]
08-26 23:03:20.646  1258  1267 W SP      : File ref is being finalized but wasn't closed, file: transformer_latin_seg_tflite_20231010_zip[12]
08-26 23:03:20.646  1258  1267 W SP      : File ref is being finalized but wasn't closed, file: scribe_latin_20231123_recospec_zip[12]
08-26 23:03:20.646  1258  1267 W SP      : File ref is being finalized but wasn't closed, file: en_us_20230613_compact_fst_zip[12]
08-26 23:03:20.646  1258  1267 W SP      : File ref is being finalized but wasn't closed, file: scribe_latin_20231123_recospec_zip[12]
08-26 23:03:20.646  1258  1267 W SP      : File ref is being finalized but wasn't closed, file: scribe_latin_20231123_tflite_zip[12]
08-26 23:03:20.646  1258  1267 W SP      : File ref is being finalized but wasn't closed, file: qrnn_en_us_reco_20231010_fst_20230613_recospec_zip[12]
08-26 23:03:20.646  1258  1267 W SP      : File ref is being finalized but wasn't closed, file: transformer_latin_conf_tflite_20231010_zip[12]
08-26 23:03:20.646  1258  1267 W SP      : File ref is being finalized but wasn't closed, file: transformer_latin_seg_tflite_20231010_zip[12]
08-26 23:03:20.646  1258  1267 W SP      : File ref is being finalized but wasn't closed, file: transformer_latin_tflite_20231010_zip[12]
08-26 23:03:20.646  1258  1267 W SP      : File ref is being finalized but wasn't closed, file: en_us_20230613_compact_fst_zip[12]
08-26 23:03:20.646  1258  1267 W SP      : File ref is being finalized but wasn't closed, file: transformer_latin_tflite_20231010_zip[12]
08-26 23:03:20.646  1258  1267 W SP      : File ref is being finalized but wasn't closed, file: scribe_latin_20231123_tflite_zip[12]
08-26 23:03:20.646  1258  1267 W SP      : File ref is being finalized but wasn't closed, file: qrnn_en_us_reco_20231010_fst_20230613_recospec_zip[12]
08-26 23:03:20.646  1258  1267 W SP      : File ref is being finalized but wasn't closed, file: transformer_latin_conf_tflite_20231010_zip[12]
08-26 23:03:20.647  1258  1267 W SP      : File ref is being finalized but wasn't closed, file: pack_mapping_v1_lstm_20231127[8]
08-26 23:03:20.647  1258  1267 W SP      : File ref is being finalized but wasn't closed, file: transformer_latin_seg_tflite_20231010_zip[12]
08-26 23:03:20.647  1258  1267 W SP      : File ref is being finalized but wasn't closed, file: scribe_latin_20231123_recospec_zip[12]
08-26 23:03:20.647  1258  1267 W SP      : File ref is being finalized but wasn't closed, file: en_us_20230613_compact_fst_zip[12]
08-26 23:03:20.647  1258  1267 W SP      : File ref is being finalized but wasn't closed, file: transformer_latin_tflite_20231010_zip[12]
08-26 23:03:20.647  1258  1267 W SP      : File ref is being finalized but wasn't closed, file: scribe_latin_20231123_tflite_zip[12]
08-26 23:03:20.647  1258  1267 W SP      : File ref is being finalized but wasn't closed, file: qrnn_en_us_reco_20231010_fst_20230613_recospec_zip[12]
08-26 23:03:20.647  1258  1267 W SP      : File ref is being finalized but wasn't closed, file: transformer_latin_conf_tflite_20231010_zip[12]
08-26 23:03:20.647  1258  1267 W SP      : File ref is being finalized but wasn't closed, file: pack_mapping_v1_lstm_20231127[8]
08-26 23:03:20.647  1258  1267 W SP      : File ref is being finalized but wasn't closed, file: transformer_latin_seg_tflite_20231010_zip[12]
08-26 23:03:20.647  1258  1267 W SP      : File ref is being finalized but wasn't closed, file: scribe_latin_20231123_recospec_zip[12]
08-26 23:03:20.647  1258  1267 W SP      : File ref is being finalized but wasn't closed, file: en_us_20230613_compact_fst_zip[12]
08-26 23:03:20.647  1258  1267 W SP      : File ref is being finalized but wasn't closed, file: scribe_latin_20231123_recospec_zip[12]
08-26 23:03:20.647  1258  1267 W SP      : File ref is being finalized but wasn't closed, file: scribe_latin_20231123_tflite_zip[12]
08-26 23:03:20.647  1258  1267 W SP      : File ref is being finalized but wasn't closed, file: qrnn_en_us_reco_20231010_fst_20230613_recospec_zip[12]
08-26 23:03:20.647  1258  1267 W SP      : File ref is being finalized but wasn't closed, file: transformer_latin_conf_tflite_20231010_zip[12]
08-26 23:03:20.647  1258  1267 W SP      : File ref is being finalized but wasn't closed, file: transformer_latin_seg_tflite_20231010_zip[12]
08-26 23:03:20.647  1258  1267 W SP      : File ref is being finalized but wasn't closed, file: transformer_latin_tflite_20231010_zip[12]
08-26 23:03:20.647  1258  1267 W SP      : File ref is being finalized but wasn't closed, file: en_us_20230613_compact_fst_zip[12]
08-26 23:03:20.647  1258  1267 W SP      : File ref is being finalized but wasn't closed, file: transformer_latin_tflite_20231010_zip[12]
08-26 23:03:20.647  1258  1267 W SP      : File ref is being finalized but wasn't closed, file: scribe_latin_20231123_tflite_zip[12]
08-26 23:03:20.647  1258  1267 W SP      : File ref is being finalized but wasn't closed, file: qrnn_en_us_reco_20231010_fst_20230613_recospec_zip[12]
08-26 23:03:20.647  1258  1267 W SP      : File ref is being finalized but wasn't closed, file: transformer_latin_conf_tflite_20231010_zip[12]
08-26 23:03:20.647  1258  1267 W SP      : File ref is being finalized but wasn't closed, file: pack_mapping_v1_lstm_20231127[8]
08-26 23:03:20.647  1258  1267 W SP      : File ref is being finalized but wasn't closed, file: transformer_latin_seg_tflite_20231010_zip[12]
08-26 23:03:20.647  1258  1267 W SP      : File ref is being finalized but wasn't closed, file: scribe_latin_20231123_recospec_zip[12]
08-26 23:03:20.648  1258  1267 W SP      : File ref is being finalized but wasn't closed, file: en_us_20230613_compact_fst_zip[12]
08-26 23:03:20.648  1258  1267 W SP      : File ref is being finalized but wasn't closed, file: transformer_latin_tflite_20231010_zip[12]
08-26 23:03:20.648  1258  1267 W SP      : File ref is being finalized but wasn't closed, file: scribe_latin_20231123_tflite_zip[12]
08-26 23:03:20.648  1258  1267 W SP      : File ref is being finalized but wasn't closed, file: qrnn_en_us_reco_20231010_fst_20230613_recospec_zip[12]
08-26 23:03:20.648  1258  1267 W SP      : File ref is being finalized but wasn't closed, file: transformer_latin_conf_tflite_20231010_zip[12]
08-26 23:03:20.648  1258  1267 W SP      : File ref is being finalized but wasn't closed, file: pack_mapping_v1_lstm_20231127[8]
08-26 23:03:20.648  1258  1267 W SP      : File ref is being finalized but wasn't closed, file: transformer_latin_seg_tflite_20231010_zip[12]
08-26 23:03:20.648  1258  1267 W SP      : File ref is being finalized but wasn't closed, file: scribe_latin_20231123_recospec_zip[12]
08-26 23:03:20.651  1258  1267 W SP      : File ref is being finalized but wasn't closed, file: en_us_20230613_compact_fst_zip[12]
08-26 23:03:20.653  1423  2055 I azjc    : (REDACTED) getInitialSimplifiedOobeViaDeeplinkUser: %b
08-26 23:03:20.653  1423  2055 I amle    : (REDACTED) isDeeplinkEnabled %s, isInitialSimplifiedOobeViaDeeplinkUser %s
08-26 23:03:20.653  1423  2055 I amle    : #getOobeStatus: BeforeOobe [CONTEXT ratelimit_period="10 SECONDS" ]
08-26 23:03:20.653  1423  2055 I aeuk    : (REDACTED) FCF System FeatureName to check: %s
08-26 23:03:20.654  1258  1267 W SP      : File ref is being finalized but wasn't closed, file: scribe_latin_20231123_recospec_zip[12]
08-26 23:03:20.654  1258  1267 W SP      : File ref is being finalized but wasn't closed, file: scribe_latin_20231123_tflite_zip[12]
08-26 23:03:20.654  1258  1267 W SP      : File ref is being finalized but wasn't closed, file: qrnn_en_us_reco_20231010_fst_20230613_recospec_zip[12]
08-26 23:03:20.655  1258  1267 W SP      : File ref is being finalized but wasn't closed, file: transformer_latin_conf_tflite_20231010_zip[12]
08-26 23:03:20.655  1258  1267 W SP      : File ref is being finalized but wasn't closed, file: transformer_latin_seg_tflite_20231010_zip[12]
08-26 23:03:20.655  1258  1267 W SP      : File ref is being finalized but wasn't closed, file: transformer_latin_tflite_20231010_zip[12]
08-26 23:03:20.655  1258  1267 W SP      : File ref is being finalized but wasn't closed, file: en_us_20230613_compact_fst_zip[12]
08-26 23:03:20.655  1258  1267 W SP      : File ref is being finalized but wasn't closed, file: transformer_latin_tflite_20231010_zip[12]
08-26 23:03:20.655  1258  1267 W SP      : File ref is being finalized but wasn't closed, file: scribe_latin_20231123_tflite_zip[12]
08-26 23:03:20.655  1258  1267 W SP      : File ref is being finalized but wasn't closed, file: qrnn_en_us_reco_20231010_fst_20230613_recospec_zip[12]
08-26 23:03:20.655  1258  1267 W SP      : File ref is being finalized but wasn't closed, file: transformer_latin_conf_tflite_20231010_zip[12]
08-26 23:03:20.655  1258  1267 W SP      : File ref is being finalized but wasn't closed, file: pack_mapping_v1_lstm_20231127[8]
08-26 23:03:20.655  1258  1267 W SP      : File ref is being finalized but wasn't closed, file: transformer_latin_seg_tflite_20231010_zip[12]
08-26 23:03:20.655  1258  1267 W SP      : File ref is being finalized but wasn't closed, file: scribe_latin_20231123_recospec_zip[12]
