08-26 12:02:13.624  1061  4785 D StrictMode: 	at java.lang.reflect.Method.invoke(Native Method)
08-26 12:02:13.624  1061  4785 D StrictMode: 	at android.net.http.X509TrustManagerExtensions.checkServerTrusted(X509TrustManagerExtensions.java:101)
08-26 12:02:13.624  1061  4785 D StrictMode: 	at m1.iy.h(:com.google.android.gms.dynamite_cronetdynamite@253031038@25.30.31 (260800-0):24)
08-26 12:02:13.624  1061  4785 D StrictMode: 	at m1.iy.b(:com.google.android.gms.dynamite_cronetdynamite@253031038@25.30.31 (260800-0):19)
08-26 12:02:13.624  1061  4785 D StrictMode: 	at org.chromium.net.AndroidNetworkLibrary.verifyServerCertificates(:com.google.android.gms.dynamite_cronetdynamite@253031038@25.30.31 (260800-0):2)
08-26 12:02:13.631  1061  4785 D StrictMode: StrictMode policy violation: android.os.strictmode.NonSdkApiUsedViolation: Ljava/security/spec/ECParameterSpec;->setCurveName(Ljava/lang/String;)V
08-26 12:02:13.631  1061  4785 D StrictMode: 	at android.os.StrictMode.lambda$static$1(StrictMode.java:436)
08-26 12:02:13.631  1061  4785 D StrictMode: 	at android.os.StrictMode$$ExternalSyntheticLambda2.accept(D8$$SyntheticClass:0)
08-26 12:02:13.631  1061  4785 D StrictMode: 	at java.lang.Class.getDeclaredMethodInternal(Native Method)
08-26 12:02:13.631  1061  4785 D StrictMode: 	at java.lang.Class.getMethod(Class.java:2945)
08-26 12:02:13.631  1061  4785 D StrictMode: 	at java.lang.Class.getDeclaredMethod(Class.java:2929)
08-26 12:02:13.631  1061  4785 D StrictMode: 	at com.google.android.gms.org.conscrypt.Platform.setCurveName(:com.google.android.gms@253031038@25.30.31 (260800-786424874):13)
08-26 12:02:13.631  1061  4785 D StrictMode: 	at com.google.android.gms.org.conscrypt.OpenSSLECGroupContext.getECParameterSpec(:com.google.android.gms@253031038@25.30.31 (260800-786424874):96)
08-26 12:02:13.631  1061  4785 D StrictMode: 	at com.google.android.gms.org.conscrypt.OpenSSLECPublicKey.getParams(:com.google.android.gms@253031038@25.30.31 (260800-786424874):3)
08-26 12:02:13.631  1061  4785 D StrictMode: 	at sun.security.util.KeyUtil.getKeySize(KeyUtil.java:82)
08-26 12:02:13.631  1061  4785 D StrictMode: 	at sun.security.util.DisabledAlgorithmConstraints$KeySizeConstraint.permitsImpl(DisabledAlgorithmConstraints.java:551)
08-26 12:02:13.631  1061  4785 D StrictMode: 	at sun.security.util.DisabledAlgorithmConstraints$KeySizeConstraint.permits(DisabledAlgorithmConstraints.java:542)
08-26 12:02:13.631  1061  4785 D StrictMode: 	at sun.security.util.DisabledAlgorithmConstraints$Constraints.permits(DisabledAlgorithmConstraints.java:332)
08-26 12:02:13.631  1061  4785 D StrictMode: 	at sun.security.util.DisabledAlgorithmConstraints.checkConstraints(DisabledAlgorithmConstraints.java:185)
08-26 12:02:13.631  1061  4785 D StrictMode: 	at sun.security.util.DisabledAlgorithmConstraints.permits(DisabledAlgorithmConstraints.java:128)
08-26 12:02:13.631  1061  4785 D StrictMode: 	at sun.security.provider.certpath.AlgorithmChecker.check(AlgorithmChecker.java:306)
08-26 12:02:13.631  1061  4785 D StrictMode: 	at sun.security.provider.certpath.PKIXMasterCertPathValidator.validate(PKIXMasterCertPathValidator.java:125)
08-26 12:02:13.631  1061  4785 D StrictMode: 	at sun.security.provider.certpath.PKIXCertPathValidator.validate(PKIXCertPathValidator.java:222)
08-26 12:02:13.631  1061  4785 D StrictMode: 	at sun.security.provider.certpath.PKIXCertPathValidator.validate(PKIXCertPathValidator.java:140)
08-26 12:02:13.631  1061  4785 D StrictMode: 	at sun.security.provider.certpath.PKIXCertPathValidator.engineValidate(PKIXCertPathValidator.java:79)
08-26 12:02:13.631  1061  4785 D StrictMode: 	at java.security.cert.CertPathValidator.validate(CertPathValidator.java:309)
08-26 12:02:13.631  1061  4785 D StrictMode: 	at com.android.org.conscrypt.TrustManagerImpl.verifyChain(TrustManagerImpl.java:715)
08-26 12:02:13.631  1061  4785 D StrictMode: 	at com.android.org.conscrypt.TrustManagerImpl.checkTrustedRecursive(TrustManagerImpl.java:549)
08-26 12:02:13.631  1061  4785 D StrictMode: 	at com.android.org.conscrypt.TrustManagerImpl.checkTrustedRecursive(TrustManagerImpl.java:570)
08-26 12:02:13.631  1061  4785 D StrictMode: 	at com.android.org.conscrypt.TrustManagerImpl.checkTrustedRecursive(TrustManagerImpl.java:615)
08-26 12:02:13.631  1061  4785 D StrictMode: 	at com.android.org.conscrypt.TrustManagerImpl.checkTrusted(TrustManagerImpl.java:505)
08-26 12:02:13.631  1061  4785 D StrictMode: 	at com.android.org.conscrypt.TrustManagerImpl.checkServerTrusted(TrustManagerImpl.java:334)
08-26 12:02:13.631  1061  4785 D StrictMode: 	at android.security.net.config.NetworkSecurityTrustManager.checkServerTrusted(NetworkSecurityTrustManager.java:113)
08-26 12:02:13.631  1061  4785 D StrictMode: 	at android.security.net.config.RootTrustManager.checkServerTrusted(RootTrustManager.java:134)
08-26 12:02:13.631  1061  4785 D StrictMode: 	at java.lang.reflect.Method.invoke(Native Method)
08-26 12:02:13.631  1061  4785 D StrictMode: 	at android.net.http.X509TrustManagerExtensions.checkServerTrusted(X509TrustManagerExtensions.java:101)
08-26 12:02:13.631  1061  4785 D StrictMode: 	at m1.iy.h(:com.google.android.gms.dynamite_cronetdynamite@253031038@25.30.31 (260800-0):24)
08-26 12:02:13.631  1061  4785 D StrictMode: 	at m1.iy.b(:com.google.android.gms.dynamite_cronetdynamite@253031038@25.30.31 (260800-0):19)
08-26 12:02:13.631  1061  4785 D StrictMode: 	at org.chromium.net.AndroidNetworkLibrary.verifyServerCertificates(:com.google.android.gms.dynamite_cronetdynamite@253031038@25.30.31 (260800-0):2)
08-26 12:02:13.874  1061  4787 D TrafficStats: tagSocket(97) with statsTag=0x5065fff, statsUid=10145
08-26 12:02:14.183  1061  4787 D TrafficStats: tagSocket(115) with statsTag=0x5065fff, statsUid=10140
08-26 12:02:14.377  1061 16636 I NetworkScheduler.Stats: (REDACTED) Task %s/%s finished executing. cause:%s result: %s elapsed_millis: %s uptime_millis: %s exec_start_elapsed_seconds: %s
08-26 12:02:18.294   577   749 D InetDiagMessage: Destroyed 0 sockets, proto=IPPROTO_TCP, family=AF_INET, states=14
08-26 12:02:18.296   577   749 D InetDiagMessage: Destroyed 0 sockets, proto=IPPROTO_TCP, family=AF_INET6, states=14
08-26 12:02:18.296   577   749 D InetDiagMessage: Destroyed live tcp sockets for uids={10137} in 3ms
08-26 12:02:18.310   577   749 D InetDiagMessage: Destroyed 0 sockets, proto=IPPROTO_TCP, family=AF_INET, states=14
08-26 12:02:18.311   577   749 D InetDiagMessage: Destroyed 0 sockets, proto=IPPROTO_TCP, family=AF_INET6, states=14
08-26 12:02:18.312   577   749 D InetDiagMessage: Destroyed live tcp sockets for uids={20137} in 16ms
08-26 12:02:23.286   577   686 D ActivityManager: freezing 15815 com.google.android.partnersetup
08-26 12:02:23.296   577   749 D InetDiagMessage: Destroyed 0 sockets, proto=IPPROTO_TCP, family=AF_INET, states=14
08-26 12:02:23.316   577   749 D InetDiagMessage: Destroyed 0 sockets, proto=IPPROTO_TCP, family=AF_INET6, states=14
08-26 12:02:23.317   577   749 D InetDiagMessage: Destroyed live tcp sockets for uids={10137} in 25ms
08-26 12:02:40.651   577   676 I UsageStatsService: User[0] Flushing usage stats to disk
08-26 12:02:42.266   577   975 D WifiNl80211Manager: Scan result ready event
08-26 12:02:42.266   577   975 D WifiNative: Scan result ready event
08-26 12:02:42.299   577   742 I HalDevMgr: bestIfaceCreationProposal is null, requestIface=STA, existingIface=[name=wlan0 type=STA]
08-26 12:02:52.508   577   749 W IPCThreadState: Sending oneway calls to frozen process.
08-26 12:02:52.510   577   749 W IPCThreadState: Sending oneway calls to frozen process.
08-26 12:02:52.510   577   749 W IPCThreadState: Sending oneway calls to frozen process.
08-26 12:02:52.511   577   749 W IPCThreadState: Sending oneway calls to frozen process.
08-26 12:02:55.280  1061 16636 I FrewleTileCacheManagerV: (REDACTED) Fetched %d AP models from cache
08-26 12:02:55.328  1061  1561 I FusedLocation: (REDACTED) location delivery to %s blocked - too close
08-26 12:02:55.810   577   894 W AppOps  : Noting op not finished: uid 10144 pkg com.google.android.gms code 79 startTime of in progress event=1756186988712
08-26 12:02:55.825   577   894 W AppOps  : Noting op not finished: uid 10144 pkg com.google.android.gms code 113 startTime of in progress event=1756186955940
08-26 12:02:55.855   577   894 W AppOps  : Noting op not finished: uid 10144 pkg com.google.android.gms code 113 startTime of in progress event=1756186955940
08-26 12:02:55.870   577   975 W AppOps  : Noting op not finished: uid 10144 pkg com.google.android.gms code 113 startTime of in progress event=1756186955940
08-26 12:02:55.908  1061  1648 I ActivityScheduler: nextTriggerTime: 48270911, in 238100ms, detectorType: 39, FULL_TYPE alarmWindowMillis: 80000
08-26 12:03:00.004  1346  1504 I AiAiEcho: Predicting[0]:  [CONTEXT sampling_count=5 ]
08-26 12:03:00.004  1346  1504 I AiAiEcho: EchoTargets: 
08-26 12:03:00.004  1346  1504 I AiAiEcho: Filtered by AiAi flag check: 
08-26 12:03:00.004  1346  1504 I AiAiEcho: [CONTEXT ratelimit_period="10 SECONDS" ]
08-26 12:03:00.004  1346  1504 I AiAiEcho: Ranked targets strategy: SORT, count: 0, ranking metadata:  [CONTEXT ratelimit_period="10 SECONDS" ]
08-26 12:03:00.005  1346  1504 I AiAiEcho: #remoteViewsTwiddler: feature disabled.
08-26 12:03:00.005  1346  1504 I AiAiEcho: Predicting[0]:  [CONTEXT sampling_count=5 ]
08-26 12:03:00.005  1346  1504 I AiAiEcho: EchoTargets: 
08-26 12:03:00.005  1346  1504 I AiAiEcho: Filtered by AiAi flag check: 
08-26 12:03:00.005  1346  1504 I AiAiEcho: [CONTEXT ratelimit_period="10 SECONDS" ]
08-26 12:03:00.005  1346  1504 I AiAiEcho: Ranked targets strategy: SORT, count: 0, ranking metadata:  [CONTEXT ratelimit_period="10 SECONDS" ]
08-26 12:03:00.005  1346  1504 I AiAiEcho: #remoteViewsTwiddler: feature disabled.
08-26 12:03:00.008  1346  1504 I AiAiEcho: #postPredictionTargets: Sending updates to UISurface lockscreen with targets# 0 (types=[])
08-26 12:03:00.012  1346  1504 I AiAiEcho: #postPredictionTargets: Sending updates to UISurface home with targets# 0 (types=[])
08-26 12:03:00.016  1107  1107 D SsBaseTemplateCard: No text view can be set up
08-26 12:03:00.016  1107  1107 D SsBaseTemplateCard: Passed-in item info is null
08-26 12:03:00.016  1107  1107 D SsBaseTemplateCard: Passed-in item info is null
08-26 12:03:00.021  1107  1107 D SsBaseTemplateCard: Passed-in item info is null
08-26 12:03:00.022  1107  1107 I SsBaseTemplateCard: Secondary card pane is null
08-26 12:03:00.030 13925 13925 W PageIndicator: Total number of pages invalid: 0. Assuming 1 page.
08-26 12:03:00.061 13925 13963 D EGL_emulation: app_time_stats: avg=29992.72ms min=884.56ms max=59100.89ms count=2
08-26 12:03:12.971   577  1668 W BatteryExternalStatsWorker: error reading Bluetooth stats: 11
08-26 12:03:13.267   577   808 E ClipboardService: Denying clipboard access to com.android.chrome, application is not in focus nor is it a system service for user 0
08-26 12:03:13.277  1346  1551 I AiAiTranslate: C2T - not in a conversation
08-26 12:03:13.288 13925 13925 I ClipboardListener: Clipboard overlay suppressed.
08-26 12:03:13.306  1346  1582 I AiAiTextClassifier: GenerateLinks did not find valid links, returning empty result
08-26 12:03:30.703   577   808 D androidtc: Initializing SystemTextClassifier, type = System
08-26 12:03:30.724  1346  1346 I AiAiTextClassifier: onCreateTextClassificationSession = TextClassificationSessionId {2e214c19-42fc-481d-a2a6-f16cbc70613f}
08-26 12:03:30.724   577   808 E ClipboardService: Denying clipboard access to com.android.chrome, application is not in focus nor is it a system service for user 0
08-26 12:03:30.743  1346  1582 I AiAiTextClassifier: GenerateLinks did not find valid links, returning empty result
08-26 12:03:30.747   577   809 E ClipboardService: Denying clipboard access to com.android.chrome, application is not in focus nor is it a system service for user 0
08-26 12:03:30.762  1346  1551 I AiAiTranslate: C2T - not in a conversation
08-26 12:03:30.762 13925 13925 I ClipboardListener: Clipboard overlay suppressed.
08-26 12:03:30.783  1346  1582 I AiAiTextClassifier: GenerateLinks did not find valid links, returning empty result
08-26 12:03:30.783 13925 13925 I ClipboardListener: Clipboard overlay suppressed.
08-26 12:03:42.370   577   808 E ClipboardService: Denying clipboard access to com.android.chrome, application is not in focus nor is it a system service for user 0
08-26 12:03:42.391  1346  1551 I AiAiTranslate: C2T - not in a conversation
08-26 12:03:42.396 13925 13925 I ClipboardListener: Clipboard overlay suppressed.
08-26 12:03:42.416  1346  1582 I AiAiTextClassifier: GenerateLinks did not find valid links, returning empty result
08-26 12:03:53.599  1393  2177 I BugleRcsEngine: handleMessage processing message:[NOTIFY_UPTIME_IGNORE_STATE_CHANGED] with [non-null]:RcsEngineImpl reference [CONTEXT log_prefix="RcsEngineImpl[DUAL_REG]:[bba92579-0eec]>Handler" thread_id=64 ]
08-26 12:03:53.599  1393  1970 I BugleRcsEngine: Connected state: [1], networkType: [WIFI] [CONTEXT thread_id=58 ]
08-26 12:03:53.599  2196  2417 D WM-NetworkStateTracker: Network capabilities changed: [ Transports: WIFI Capabilities: NOT_METERED&INTERNET&NOT_RESTRICTED&TRUSTED&NOT_VPN&VALIDATED&NOT_ROAMING&FOREGROUND&NOT_CONGESTED&NOT_SUSPENDED&NOT_VCN_MANAGED&NOT_BANDWIDTH_CONSTRAINED LinkUpBandwidth>=12000Kbps LinkDnBandwidth>=30000Kbps TransportInfo: <SSID: <unknown ssid>, BSSID: 02:00:00:00:00:00, MAC: 02:00:00:00:00:00, IP: /10.0.2.16, Security type: 0, Supplicant state: COMPLETED, Wi-Fi standard: legacy, RSSI: -50, Link speed: 2Mbps, Tx Link speed: 2Mbps, Max Supported Tx Link speed: 11Mbps, Rx Link speed: 2Mbps, Max Supported Rx Link speed: 11Mbps, Frequency: 2447MHz, Net ID: -1, Metered hint: false, score: 60, isUsable: true, CarrierMerged: false, SubscriptionId: -1, IsPrimary: -1, Trusted: true, Restricted: false, Ephemeral: false, OEM paid: false, OEM private: false, OSU AP: false, FQDN: <none>, Provider friendly name: <none>, Requesting package name: <none><none>MLO Information: , Is TID-To-Link negotiation supported by the AP: false, AP MLD Address: <none>, AP MLO Link Id: <none>, AP MLO Affiliated links: <none>, Vendor Data: <none>> SignalStrength: -50 UnderlyingNetworks: Null]
08-26 12:03:53.603   577   749 W IPCThreadState: Sending oneway calls to frozen process.
08-26 12:03:53.603   577   749 W IPCThreadState: Sending oneway calls to frozen process.
08-26 12:03:53.604   577   749 W IPCThreadState: Sending oneway calls to frozen process.
08-26 12:03:53.604   577   749 W IPCThreadState: Sending oneway calls to frozen process.
08-26 12:03:53.609   577   749 W IPCThreadState: Sending oneway calls to frozen process.
08-26 12:03:53.609   577   749 W IPCThreadState: Sending oneway calls to frozen process.
08-26 12:03:53.609   577   749 W IPCThreadState: Sending oneway calls to frozen process.
08-26 12:03:53.609   577   749 W IPCThreadState: Sending oneway calls to frozen process.
08-26 12:03:53.609   577   749 W IPCThreadState: Sending oneway calls to frozen process.
08-26 12:03:53.610   577   749 W IPCThreadState: Sending oneway calls to frozen process.
08-26 12:03:53.610   577   749 W IPCThreadState: Sending oneway calls to frozen process.
08-26 12:03:53.610   577   749 W IPCThreadState: Sending oneway calls to frozen process.
08-26 12:03:53.614  1393  2177 I BugleRcsEngine: No RCS Configuration was found in Bugle for simID: redacted-pii:sim_id[chars:20,last3:897] [CONTEXT log_prefix="ProvisioningEngineDataRetriever" thread_id=64 ]
08-26 12:03:53.619  1061  1410 I NullBinder: NullBinder for android.net.action.RECOMMEND_NETWORKS triggering remote TransactionTooLargeException due to Service without Chimera impl, calling uid: 1000, calling pid: 0
08-26 12:03:53.619  1061  1410 W .gms.persistent: Large reply transaction of 1056768 bytes, interface descriptor , code 1
08-26 12:03:56.609  2196  2417 D WM-NetworkStateTracker: Network capabilities changed: [ Transports: WIFI Capabilities: NOT_METERED&INTERNET&NOT_RESTRICTED&TRUSTED&NOT_VPN&VALIDATED&NOT_ROAMING&FOREGROUND&NOT_CONGESTED&NOT_SUSPENDED&NOT_VCN_MANAGED&NOT_BANDWIDTH_CONSTRAINED LinkUpBandwidth>=12000Kbps LinkDnBandwidth>=30000Kbps TransportInfo: <SSID: <unknown ssid>, BSSID: 02:00:00:00:00:00, MAC: 02:00:00:00:00:00, IP: /10.0.2.16, Security type: 0, Supplicant state: COMPLETED, Wi-Fi standard: legacy, RSSI: -50, Link speed: 1Mbps, Tx Link speed: 1Mbps, Max Supported Tx Link speed: 11Mbps, Rx Link speed: 2Mbps, Max Supported Rx Link speed: 11Mbps, Frequency: 2447MHz, Net ID: -1, Metered hint: false, score: 60, isUsable: true, CarrierMerged: false, SubscriptionId: -1, IsPrimary: -1, Trusted: true, Restricted: false, Ephemeral: false, OEM paid: false, OEM private: false, OSU AP: false, FQDN: <none>, Provider friendly name: <none>, Requesting package name: <none><none>MLO Information: , Is TID-To-Link negotiation supported by the AP: false, AP MLD Address: <none>, AP MLO Link Id: <none>, AP MLO Affiliated links: <none>, Vendor Data: <none>> SignalStrength: -50 UnderlyingNetworks: Null]
08-26 12:03:56.610  1393  1970 I BugleRcsEngine: Connected state: [1], networkType: [WIFI] [CONTEXT thread_id=58 ]
08-26 12:03:56.610  1393  2177 I BugleRcsEngine: handleMessage processing message:[NOTIFY_UPTIME_IGNORE_STATE_CHANGED] with [non-null]:RcsEngineImpl reference [CONTEXT log_prefix="RcsEngineImpl[DUAL_REG]:[bba92579-0eec]>Handler" thread_id=64 ]
08-26 12:03:56.637  1393  2177 I BugleRcsEngine: No RCS Configuration was found in Bugle for simID: redacted-pii:sim_id[chars:20,last3:897] [CONTEXT log_prefix="ProvisioningEngineDataRetriever" thread_id=64 ]
08-26 12:03:56.638   577   749 W IPCThreadState: Sending oneway calls to frozen process.
08-26 12:03:56.639   577   749 W IPCThreadState: Sending oneway calls to frozen process.
08-26 12:03:56.640   577   749 W IPCThreadState: Sending oneway calls to frozen process.
08-26 12:03:56.641   577   749 W IPCThreadState: Sending oneway calls to frozen process.
08-26 12:03:56.655   577   749 W IPCThreadState: Sending oneway calls to frozen process.
08-26 12:03:56.660   577   749 W IPCThreadState: Sending oneway calls to frozen process.
08-26 12:03:56.665   577   749 W IPCThreadState: Sending oneway calls to frozen process.
08-26 12:03:56.665   577   749 W IPCThreadState: Sending oneway calls to frozen process.
08-26 12:03:56.665   577   749 W IPCThreadState: Sending oneway calls to frozen process.
08-26 12:03:56.665   577   749 W IPCThreadState: Sending oneway calls to frozen process.
08-26 12:03:56.665   577   749 W IPCThreadState: Sending oneway calls to frozen process.
08-26 12:03:56.666   577   749 W IPCThreadState: Sending oneway calls to frozen process.
08-26 12:03:56.679  1061  1410 I NullBinder: NullBinder for android.net.action.RECOMMEND_NETWORKS triggering remote TransactionTooLargeException due to Service without Chimera impl, calling uid: 1000, calling pid: 0
08-26 12:03:56.679  1061  1410 W .gms.persistent: Large reply transaction of 1056768 bytes, interface descriptor , code 1
08-26 12:04:00.006  1346  1504 I AiAiEcho: Predicting[0]:  [CONTEXT sampling_count=5 ]
08-26 12:04:00.006  1346  1504 I AiAiEcho: EchoTargets: 
08-26 12:04:00.006  1346  1504 I AiAiEcho: Filtered by AiAi flag check: 
08-26 12:04:00.006  1346  1504 I AiAiEcho: [CONTEXT ratelimit_period="10 SECONDS" ]
08-26 12:04:00.007  1346  1504 I AiAiEcho: Ranked targets strategy: SORT, count: 0, ranking metadata:  [CONTEXT ratelimit_period="10 SECONDS" ]
08-26 12:04:00.007  1346  1504 I AiAiEcho: #remoteViewsTwiddler: feature disabled.
08-26 12:04:00.007  1346  1504 I AiAiEcho: Predicting[0]:  [CONTEXT sampling_count=5 ]
08-26 12:04:00.007  1346  1504 I AiAiEcho: EchoTargets: 
08-26 12:04:00.007  1346  1504 I AiAiEcho: Filtered by AiAi flag check: 
08-26 12:04:00.007  1346  1504 I AiAiEcho: [CONTEXT ratelimit_period="10 SECONDS" ]
08-26 12:04:00.007  1346  1504 I AiAiEcho: Ranked targets strategy: SORT, count: 0, ranking metadata:  [CONTEXT ratelimit_period="10 SECONDS" ]
08-26 12:04:00.007  1346  1504 I AiAiEcho: #remoteViewsTwiddler: feature disabled.
08-26 12:04:00.007  1346  1504 I AiAiEcho: #postPredictionTargets: Sending updates to UISurface lockscreen with targets# 0 (types=[])
08-26 12:04:00.007  1346  1504 I AiAiEcho: #postPredictionTargets: Sending updates to UISurface home with targets# 0 (types=[])
08-26 12:04:00.016  1107  1107 D SsBaseTemplateCard: No text view can be set up
08-26 12:04:00.016  1107  1107 D SsBaseTemplateCard: Passed-in item info is null
08-26 12:04:00.016  1107  1107 D SsBaseTemplateCard: Passed-in item info is null
08-26 12:04:00.016  1107  1107 D SsBaseTemplateCard: Passed-in item info is null
08-26 12:04:00.016  1107  1107 I SsBaseTemplateCard: Secondary card pane is null
08-26 12:04:00.049 13925 13925 W PageIndicator: Total number of pages invalid: 0. Assuming 1 page.
08-26 12:04:00.078 13925 13963 D EGL_emulation: app_time_stats: avg=60017.07ms min=60017.07ms max=60017.07ms count=1
08-26 12:04:16.364   577   808 D androidtc: Initializing SystemTextClassifier, type = System
08-26 12:04:16.373  1346  1346 I AiAiTextClassifier: onCreateTextClassificationSession = TextClassificationSessionId {5f105c86-7c86-46f8-83bb-ca89d9f44529}
08-26 12:04:16.383   577   808 E ClipboardService: Denying clipboard access to com.android.chrome, application is not in focus nor is it a system service for user 0
08-26 12:04:16.423  1346  1551 I AiAiTranslate: C2T - not in a conversation
08-26 12:04:16.428 13925 13925 I ClipboardListener: Clipboard overlay suppressed.
08-26 12:04:16.468  1346  1582 I AiAiTextClassifier: GenerateLinks did not find valid links, returning empty result
08-26 12:04:16.482   577   809 E ClipboardService: Denying clipboard access to com.android.chrome, application is not in focus nor is it a system service for user 0
08-26 12:04:16.535 13925 13925 I ClipboardListener: Clipboard overlay suppressed.
08-26 12:04:16.584  1346  1582 I AiAiTextClassifier: GenerateLinks did not find valid links, returning empty result
08-26 12:04:20.944 13925 13963 D EGL_emulation: app_time_stats: avg=10432.37ms min=879.46ms max=19985.27ms count=2
08-26 12:04:30.872   577   808 D androidtc: Initializing SystemTextClassifier, type = System
08-26 12:04:30.874  1346  1346 I AiAiTextClassifier: onCreateTextClassificationSession = TextClassificationSessionId {e8bc9d2d-4f0c-44de-934e-77acb1333de3}
08-26 12:04:30.874   577   808 E ClipboardService: Denying clipboard access to com.android.chrome, application is not in focus nor is it a system service for user 0
08-26 12:04:30.886  1346  1551 I AiAiTranslate: C2T - not in a conversation
08-26 12:04:30.892 13925 13925 I ClipboardListener: Clipboard overlay suppressed.
08-26 12:04:30.906  1346  1582 I AiAiTextClassifier: GenerateLinks did not find valid links, returning empty result
08-26 12:04:30.915   577   809 E ClipboardService: Denying clipboard access to com.android.chrome, application is not in focus nor is it a system service for user 0
08-26 12:04:30.925  1346  1582 I AiAiTextClassifier: GenerateLinks did not find valid links, returning empty result
08-26 12:04:30.961 13925 13925 I ClipboardListener: Clipboard overlay suppressed.
08-26 12:04:40.940 13925 13963 D EGL_emulation: app_time_stats: avg=19996.15ms min=19996.15ms max=19996.15ms count=1
08-26 12:04:50.832   577   749 W IPCThreadState: Sending oneway calls to frozen process.
08-26 12:04:50.832  2196  2417 D WM-NetworkStateTracker: Network capabilities changed: [ Transports: WIFI Capabilities: NOT_METERED&INTERNET&NOT_RESTRICTED&TRUSTED&NOT_VPN&VALIDATED&NOT_ROAMING&FOREGROUND&NOT_CONGESTED&NOT_SUSPENDED&NOT_VCN_MANAGED&NOT_BANDWIDTH_CONSTRAINED LinkUpBandwidth>=12000Kbps LinkDnBandwidth>=30000Kbps TransportInfo: <SSID: <unknown ssid>, BSSID: 02:00:00:00:00:00, MAC: 02:00:00:00:00:00, IP: /10.0.2.16, Security type: 0, Supplicant state: COMPLETED, Wi-Fi standard: legacy, RSSI: -50, Link speed: 2Mbps, Tx Link speed: 2Mbps, Max Supported Tx Link speed: 11Mbps, Rx Link speed: 2Mbps, Max Supported Rx Link speed: 11Mbps, Frequency: 2447MHz, Net ID: -1, Metered hint: false, score: 60, isUsable: true, CarrierMerged: false, SubscriptionId: -1, IsPrimary: -1, Trusted: true, Restricted: false, Ephemeral: false, OEM paid: false, OEM private: false, OSU AP: false, FQDN: <none>, Provider friendly name: <none>, Requesting package name: <none><none>MLO Information: , Is TID-To-Link negotiation supported by the AP: false, AP MLD Address: <none>, AP MLO Link Id: <none>, AP MLO Affiliated links: <none>, Vendor Data: <none>> SignalStrength: -50 UnderlyingNetworks: Null]
08-26 12:04:50.832   577   749 W IPCThreadState: Sending oneway calls to frozen process.
08-26 12:04:50.832   577   749 W IPCThreadState: Sending oneway calls to frozen process.
08-26 12:04:50.832   577   749 W IPCThreadState: Sending oneway calls to frozen process.
08-26 12:04:50.841  1393  2177 I BugleRcsEngine: handleMessage processing message:[NOTIFY_UPTIME_IGNORE_STATE_CHANGED] with [non-null]:RcsEngineImpl reference [CONTEXT log_prefix="RcsEngineImpl[DUAL_REG]:[bba92579-0eec]>Handler" thread_id=64 ]
08-26 12:04:50.842   577   749 W IPCThreadState: Sending oneway calls to frozen process.
08-26 12:04:50.842   577   749 W IPCThreadState: Sending oneway calls to frozen process.
08-26 12:04:50.842   577   749 W IPCThreadState: Sending oneway calls to frozen process.
08-26 12:04:50.842   577   749 W IPCThreadState: Sending oneway calls to frozen process.
08-26 12:04:50.842   577   749 W IPCThreadState: Sending oneway calls to frozen process.
08-26 12:04:50.842   577   749 W IPCThreadState: Sending oneway calls to frozen process.
08-26 12:04:50.842   577   749 W IPCThreadState: Sending oneway calls to frozen process.
08-26 12:04:50.842   577   749 W IPCThreadState: Sending oneway calls to frozen process.
08-26 12:04:50.843  1393  1970 I BugleRcsEngine: Connected state: [1], networkType: [WIFI] [CONTEXT thread_id=58 ]
08-26 12:04:50.856  1061  1889 I NullBinder: NullBinder for android.net.action.RECOMMEND_NETWORKS triggering remote TransactionTooLargeException due to Service without Chimera impl, calling uid: 1000, calling pid: 0
08-26 12:04:50.860  1061  1889 W .gms.persistent: Large reply transaction of 1056768 bytes, interface descriptor , code 1
08-26 12:04:50.875  1393  2177 I BugleRcsEngine: No RCS Configuration was found in Bugle for simID: redacted-pii:sim_id[chars:20,last3:897] [CONTEXT log_prefix="ProvisioningEngineDataRetriever" thread_id=64 ]
08-26 12:04:53.843  2196  2417 D WM-NetworkStateTracker: Network capabilities changed: [ Transports: WIFI Capabilities: NOT_METERED&INTERNET&NOT_RESTRICTED&TRUSTED&NOT_VPN&VALIDATED&NOT_ROAMING&FOREGROUND&NOT_CONGESTED&NOT_SUSPENDED&NOT_VCN_MANAGED&NOT_BANDWIDTH_CONSTRAINED LinkUpBandwidth>=12000Kbps LinkDnBandwidth>=30000Kbps TransportInfo: <SSID: <unknown ssid>, BSSID: 02:00:00:00:00:00, MAC: 02:00:00:00:00:00, IP: /10.0.2.16, Security type: 0, Supplicant state: COMPLETED, Wi-Fi standard: legacy, RSSI: -50, Link speed: 1Mbps, Tx Link speed: 1Mbps, Max Supported Tx Link speed: 11Mbps, Rx Link speed: 2Mbps, Max Supported Rx Link speed: 11Mbps, Frequency: 2447MHz, Net ID: -1, Metered hint: false, score: 60, isUsable: true, CarrierMerged: false, SubscriptionId: -1, IsPrimary: -1, Trusted: true, Restricted: false, Ephemeral: false, OEM paid: false, OEM private: false, OSU AP: false, FQDN: <none>, Provider friendly name: <none>, Requesting package name: <none><none>MLO Information: , Is TID-To-Link negotiation supported by the AP: false, AP MLD Address: <none>, AP MLO Link Id: <none>, AP MLO Affiliated links: <none>, Vendor Data: <none>> SignalStrength: -50 UnderlyingNetworks: Null]
08-26 12:04:53.844   577   749 W IPCThreadState: Sending oneway calls to frozen process.
08-26 12:04:53.844   577   749 W IPCThreadState: Sending oneway calls to frozen process.
08-26 12:04:53.844   577   749 W IPCThreadState: Sending oneway calls to frozen process.
08-26 12:04:53.844   577   749 W IPCThreadState: Sending oneway calls to frozen process.
08-26 12:04:53.845   577   749 W IPCThreadState: Sending oneway calls to frozen process.
08-26 12:04:53.845   577   749 W IPCThreadState: Sending oneway calls to frozen process.
08-26 12:04:53.845   577   749 W IPCThreadState: Sending oneway calls to frozen process.
08-26 12:04:53.845   577   749 W IPCThreadState: Sending oneway calls to frozen process.
08-26 12:04:53.845   577   749 W IPCThreadState: Sending oneway calls to frozen process.
08-26 12:04:53.845   577   749 W IPCThreadState: Sending oneway calls to frozen process.
08-26 12:04:53.845   577   749 W IPCThreadState: Sending oneway calls to frozen process.
08-26 12:04:53.845   577   749 W IPCThreadState: Sending oneway calls to frozen process.
08-26 12:04:53.850  1393  2177 I BugleRcsEngine: handleMessage processing message:[NOTIFY_UPTIME_IGNORE_STATE_CHANGED] with [non-null]:RcsEngineImpl reference [CONTEXT log_prefix="RcsEngineImpl[DUAL_REG]:[bba92579-0eec]>Handler" thread_id=64 ]
08-26 12:04:53.852  1393  1970 I BugleRcsEngine: Connected state: [1], networkType: [WIFI] [CONTEXT thread_id=58 ]
08-26 12:04:53.860  1061  1889 I NullBinder: NullBinder for android.net.action.RECOMMEND_NETWORKS triggering remote TransactionTooLargeException due to Service without Chimera impl, calling uid: 1000, calling pid: 0
08-26 12:04:53.860  1061  1889 W .gms.persistent: Large reply transaction of 1056768 bytes, interface descriptor , code 1
08-26 12:04:53.878  1393  2177 I BugleRcsEngine: No RCS Configuration was found in Bugle for simID: redacted-pii:sim_id[chars:20,last3:897] [CONTEXT log_prefix="ProvisioningEngineDataRetriever" thread_id=64 ]
08-26 12:05:00.003  1346  1504 I AiAiEcho: Predicting[0]:  [CONTEXT sampling_count=5 ]
08-26 12:05:00.003  1346  1504 I AiAiEcho: EchoTargets: 
08-26 12:05:00.003  1346  1504 I AiAiEcho: Filtered by AiAi flag check: 
08-26 12:05:00.003  1346  1504 I AiAiEcho: [CONTEXT ratelimit_period="10 SECONDS" ]
08-26 12:05:00.003  1346  1504 I AiAiEcho: Ranked targets strategy: SORT, count: 0, ranking metadata:  [CONTEXT ratelimit_period="10 SECONDS" ]
08-26 12:05:00.004  1346  1504 I AiAiEcho: #remoteViewsTwiddler: feature disabled.
08-26 12:05:00.005  1346  1504 I AiAiEcho: Predicting[0]:  [CONTEXT sampling_count=5 ]
08-26 12:05:00.007  1346  1504 I AiAiEcho: EchoTargets: 
08-26 12:05:00.007  1346  1504 I AiAiEcho: Filtered by AiAi flag check: 
08-26 12:05:00.007  1346  1504 I AiAiEcho: [CONTEXT ratelimit_period="10 SECONDS" ]
08-26 12:05:00.008  1346  1504 I AiAiEcho: Ranked targets strategy: SORT, count: 0, ranking metadata:  [CONTEXT ratelimit_period="10 SECONDS" ]
08-26 12:05:00.008  1346  1504 I AiAiEcho: #remoteViewsTwiddler: feature disabled.
08-26 12:05:00.008  1346  1504 I AiAiEcho: #postPredictionTargets: Sending updates to UISurface lockscreen with targets# 0 (types=[])
08-26 12:05:00.008  1346  1504 I AiAiEcho: #postPredictionTargets: Sending updates to UISurface home with targets# 0 (types=[])
08-26 12:05:00.027  1107  1107 D SsBaseTemplateCard: No text view can be set up
08-26 12:05:00.027  1107  1107 D SsBaseTemplateCard: Passed-in item info is null
08-26 12:05:00.027  1107  1107 D SsBaseTemplateCard: Passed-in item info is null
08-26 12:05:00.027  1107  1107 D SsBaseTemplateCard: Passed-in item info is null
08-26 12:05:00.027  1107  1107 I SsBaseTemplateCard: Secondary card pane is null
08-26 12:05:00.038 13925 13925 W PageIndicator: Total number of pages invalid: 0. Assuming 1 page.
08-26 12:05:00.076 13925 13963 D EGL_emulation: app_time_stats: avg=19135.33ms min=19135.33ms max=19135.33ms count=1
08-26 12:05:20.948  2196  2417 D WM-NetworkStateTracker: Network capabilities changed: [ Transports: WIFI Capabilities: NOT_METERED&INTERNET&NOT_RESTRICTED&TRUSTED&NOT_VPN&VALIDATED&NOT_ROAMING&FOREGROUND&NOT_CONGESTED&NOT_SUSPENDED&NOT_VCN_MANAGED&NOT_BANDWIDTH_CONSTRAINED LinkUpBandwidth>=12000Kbps LinkDnBandwidth>=30000Kbps TransportInfo: <SSID: <unknown ssid>, BSSID: 02:00:00:00:00:00, MAC: 02:00:00:00:00:00, IP: /10.0.2.16, Security type: 0, Supplicant state: COMPLETED, Wi-Fi standard: legacy, RSSI: -50, Link speed: 5Mbps, Tx Link speed: 5Mbps, Max Supported Tx Link speed: 11Mbps, Rx Link speed: 2Mbps, Max Supported Rx Link speed: 11Mbps, Frequency: 2447MHz, Net ID: -1, Metered hint: false, score: 60, isUsable: true, CarrierMerged: false, SubscriptionId: -1, IsPrimary: -1, Trusted: true, Restricted: false, Ephemeral: false, OEM paid: false, OEM private: false, OSU AP: false, FQDN: <none>, Provider friendly name: <none>, Requesting package name: <none><none>MLO Information: , Is TID-To-Link negotiation supported by the AP: false, AP MLD Address: <none>, AP MLO Link Id: <none>, AP MLO Affiliated links: <none>, Vendor Data: <none>> SignalStrength: -50 UnderlyingNetworks: Null]
08-26 12:05:20.950  1393  1970 I BugleRcsEngine: Connected state: [1], networkType: [WIFI] [CONTEXT thread_id=58 ]
08-26 12:05:20.952  1393  2177 I BugleRcsEngine: handleMessage processing message:[NOTIFY_UPTIME_IGNORE_STATE_CHANGED] with [non-null]:RcsEngineImpl reference [CONTEXT log_prefix="RcsEngineImpl[DUAL_REG]:[bba92579-0eec]>Handler" thread_id=64 ]
08-26 12:05:20.962   577   749 W IPCThreadState: Sending oneway calls to frozen process.
08-26 12:05:20.962   577   749 W IPCThreadState: Sending oneway calls to frozen process.
08-26 12:05:20.962   577   749 W IPCThreadState: Sending oneway calls to frozen process.
08-26 12:05:20.966   577   749 W IPCThreadState: Sending oneway calls to frozen process.
08-26 12:05:20.968   577   749 W IPCThreadState: Sending oneway calls to frozen process.
08-26 12:05:20.976   577   749 W IPCThreadState: Sending oneway calls to frozen process.
08-26 12:05:20.976   577   749 W IPCThreadState: Sending oneway calls to frozen process.
08-26 12:05:20.976   577   749 W IPCThreadState: Sending oneway calls to frozen process.
08-26 12:05:20.996  1061  1410 I NullBinder: NullBinder for android.net.action.RECOMMEND_NETWORKS triggering remote TransactionTooLargeException due to Service without Chimera impl, calling uid: 1000, calling pid: 0
08-26 12:05:21.003  1061  1410 W .gms.persistent: Large reply transaction of 1056768 bytes, interface descriptor , code 1
08-26 12:05:21.008   577   749 W IPCThreadState: Sending oneway calls to frozen process.
08-26 12:05:21.020   577   749 W IPCThreadState: Sending oneway calls to frozen process.
08-26 12:05:21.020  1393  2177 I BugleRcsEngine: No RCS Configuration was found in Bugle for simID: redacted-pii:sim_id[chars:20,last3:897] [CONTEXT log_prefix="ProvisioningEngineDataRetriever" thread_id=64 ]
08-26 12:05:21.020   577   749 W IPCThreadState: Sending oneway calls to frozen process.
08-26 12:05:21.024   577   749 W IPCThreadState: Sending oneway calls to frozen process.
08-26 12:05:22.271   577  1668 D WifiNl80211Manager: Scan result ready event
08-26 12:05:22.271   577  1668 D WifiNative: Scan result ready event
08-26 12:05:22.291   577   742 I HalDevMgr: bestIfaceCreationProposal is null, requestIface=STA, existingIface=[name=wlan0 type=STA]
08-26 12:05:23.957  2196  2417 D WM-NetworkStateTracker: Network capabilities changed: [ Transports: WIFI Capabilities: NOT_METERED&INTERNET&NOT_RESTRICTED&TRUSTED&NOT_VPN&VALIDATED&NOT_ROAMING&FOREGROUND&NOT_CONGESTED&NOT_SUSPENDED&NOT_VCN_MANAGED&NOT_BANDWIDTH_CONSTRAINED LinkUpBandwidth>=12000Kbps LinkDnBandwidth>=30000Kbps TransportInfo: <SSID: <unknown ssid>, BSSID: 02:00:00:00:00:00, MAC: 02:00:00:00:00:00, IP: /10.0.2.16, Security type: 0, Supplicant state: COMPLETED, Wi-Fi standard: legacy, RSSI: -50, Link speed: 2Mbps, Tx Link speed: 2Mbps, Max Supported Tx Link speed: 11Mbps, Rx Link speed: 2Mbps, Max Supported Rx Link speed: 11Mbps, Frequency: 2447MHz, Net ID: -1, Metered hint: false, score: 60, isUsable: true, CarrierMerged: false, SubscriptionId: -1, IsPrimary: -1, Trusted: true, Restricted: false, Ephemeral: false, OEM paid: false, OEM private: false, OSU AP: false, FQDN: <none>, Provider friendly name: <none>, Requesting package name: <none><none>MLO Information: , Is TID-To-Link negotiation supported by the AP: false, AP MLD Address: <none>, AP MLO Link Id: <none>, AP MLO Affiliated links: <none>, Vendor Data: <none>> SignalStrength: -50 UnderlyingNetworks: Null]
08-26 12:05:23.963   577   749 W IPCThreadState: Sending oneway calls to frozen process.
08-26 12:05:23.964   577   749 W IPCThreadState: Sending oneway calls to frozen process.
08-26 12:05:23.964   577   749 W IPCThreadState: Sending oneway calls to frozen process.
08-26 12:05:23.964   577   749 W IPCThreadState: Sending oneway calls to frozen process.
08-26 12:05:23.964  1393  1970 I BugleRcsEngine: Connected state: [1], networkType: [WIFI] [CONTEXT thread_id=58 ]
08-26 12:05:23.964  1393  2177 I BugleRcsEngine: handleMessage processing message:[NOTIFY_UPTIME_IGNORE_STATE_CHANGED] with [non-null]:RcsEngineImpl reference [CONTEXT log_prefix="RcsEngineImpl[DUAL_REG]:[bba92579-0eec]>Handler" thread_id=64 ]
08-26 12:05:23.975  1393  2177 I BugleRcsEngine: No RCS Configuration was found in Bugle for simID: redacted-pii:sim_id[chars:20,last3:897] [CONTEXT log_prefix="ProvisioningEngineDataRetriever" thread_id=64 ]
08-26 12:05:24.004   577   749 W IPCThreadState: Sending oneway calls to frozen process.
08-26 12:05:24.006  1061  1411 I NullBinder: NullBinder for android.net.action.RECOMMEND_NETWORKS triggering remote TransactionTooLargeException due to Service without Chimera impl, calling uid: 1000, calling pid: 0
08-26 12:05:24.008  1061  1411 W .gms.persistent: Large reply transaction of 1056768 bytes, interface descriptor , code 1
08-26 12:05:24.027   577   749 W IPCThreadState: Sending oneway calls to frozen process.
08-26 12:05:24.028   577   749 W IPCThreadState: Sending oneway calls to frozen process.
08-26 12:05:24.028   577   749 W IPCThreadState: Sending oneway calls to frozen process.
08-26 12:05:24.039   577   749 W IPCThreadState: Sending oneway calls to frozen process.
08-26 12:05:24.047   577   749 W IPCThreadState: Sending oneway calls to frozen process.
08-26 12:05:24.053   577   749 W IPCThreadState: Sending oneway calls to frozen process.
08-26 12:05:24.053   577   749 W IPCThreadState: Sending oneway calls to frozen process.
08-26 12:05:26.972  2196  2417 D WM-NetworkStateTracker: Network capabilities changed: [ Transports: WIFI Capabilities: NOT_METERED&INTERNET&NOT_RESTRICTED&TRUSTED&NOT_VPN&VALIDATED&NOT_ROAMING&FOREGROUND&NOT_CONGESTED&NOT_SUSPENDED&NOT_VCN_MANAGED&NOT_BANDWIDTH_CONSTRAINED LinkUpBandwidth>=12000Kbps LinkDnBandwidth>=30000Kbps TransportInfo: <SSID: <unknown ssid>, BSSID: 02:00:00:00:00:00, MAC: 02:00:00:00:00:00, IP: /10.0.2.16, Security type: 0, Supplicant state: COMPLETED, Wi-Fi standard: legacy, RSSI: -50, Link speed: 1Mbps, Tx Link speed: 1Mbps, Max Supported Tx Link speed: 11Mbps, Rx Link speed: 2Mbps, Max Supported Rx Link speed: 11Mbps, Frequency: 2447MHz, Net ID: -1, Metered hint: false, score: 60, isUsable: true, CarrierMerged: false, SubscriptionId: -1, IsPrimary: -1, Trusted: true, Restricted: false, Ephemeral: false, OEM paid: false, OEM private: false, OSU AP: false, FQDN: <none>, Provider friendly name: <none>, Requesting package name: <none><none>MLO Information: , Is TID-To-Link negotiation supported by the AP: false, AP MLD Address: <none>, AP MLO Link Id: <none>, AP MLO Affiliated links: <none>, Vendor Data: <none>> SignalStrength: -50 UnderlyingNetworks: Null]
08-26 12:05:26.972  1393  2177 I BugleRcsEngine: handleMessage processing message:[NOTIFY_UPTIME_IGNORE_STATE_CHANGED] with [non-null]:RcsEngineImpl reference [CONTEXT log_prefix="RcsEngineImpl[DUAL_REG]:[bba92579-0eec]>Handler" thread_id=64 ]
08-26 12:05:26.973   577   749 W IPCThreadState: Sending oneway calls to frozen process.
08-26 12:05:26.973   577   749 W IPCThreadState: Sending oneway calls to frozen process.
08-26 12:05:26.973   577   749 W IPCThreadState: Sending oneway calls to frozen process.
08-26 12:05:26.973   577   749 W IPCThreadState: Sending oneway calls to frozen process.
08-26 12:05:26.974  1393  1970 I BugleRcsEngine: Connected state: [1], networkType: [WIFI] [CONTEXT thread_id=58 ]
08-26 12:05:26.978   577   749 W IPCThreadState: Sending oneway calls to frozen process.
08-26 12:05:26.983   577   749 W IPCThreadState: Sending oneway calls to frozen process.
08-26 12:05:26.983   577   749 W IPCThreadState: Sending oneway calls to frozen process.
08-26 12:05:26.984   577   749 W IPCThreadState: Sending oneway calls to frozen process.
08-26 12:05:26.990  1061  1889 I NullBinder: NullBinder for android.net.action.RECOMMEND_NETWORKS triggering remote TransactionTooLargeException due to Service without Chimera impl, calling uid: 1000, calling pid: 0
08-26 12:05:26.990  1061  1889 W .gms.persistent: Large reply transaction of 1056768 bytes, interface descriptor , code 1
08-26 12:05:26.999   577   749 W IPCThreadState: Sending oneway calls to frozen process.
08-26 12:05:27.004   577   749 W IPCThreadState: Sending oneway calls to frozen process.
08-26 12:05:27.005   577   749 W IPCThreadState: Sending oneway calls to frozen process.
08-26 12:05:27.005   577   749 W IPCThreadState: Sending oneway calls to frozen process.
08-26 12:05:27.024  1393  2177 I BugleRcsEngine: No RCS Configuration was found in Bugle for simID: redacted-pii:sim_id[chars:20,last3:897] [CONTEXT log_prefix="ProvisioningEngineDataRetriever" thread_id=64 ]
08-26 12:05:27.137   577   596 I system_server: Background concurrent mark compact GC freed 15MB AllocSpace bytes, 73(8388KB) LOS objects, 42% free, 32MB/56MB, paused 1.008ms,3.237ms total 153.634ms
08-26 12:05:27.148  1346  1346 I AiAiTextClassifier: onDestroyTextClassificationSession = TextClassificationSessionId {2e214c19-42fc-481d-a2a6-f16cbc70613f}
08-26 12:05:27.148   577   598 W system_server: ApkAssets: Deleting an ApkAssets object '<empty> and /data/app/~~JLLeSoxFH9gn-ejMFmU1hQ==/com.google.android.gms-6a32bMNWqYYlAuqwqAAiQw==/base.apk' with 1 weak references
08-26 12:05:27.148  1346  1346 I AiAiTextClassifier: onDestroyTextClassificationSession = TextClassificationSessionId {5f105c86-7c86-46f8-83bb-ca89d9f44529}
08-26 12:05:27.148   577   598 W system_server: ApkAssets: Deleting an ApkAssets object '<empty> and /data/app/~~JLLeSoxFH9gn-ejMFmU1hQ==/com.google.android.gms-6a32bMNWqYYlAuqwqAAiQw==/split_AdsDynamite_installtime.apk' with 1 weak references
08-26 12:05:27.148   577   598 W system_server: ApkAssets: Deleting an ApkAssets object '<empty> and /data/app/~~JLLeSoxFH9gn-ejMFmU1hQ==/com.google.android.gms-6a32bMNWqYYlAuqwqAAiQw==/split_CronetDynamite_installtime.apk' with 1 weak references
08-26 12:05:27.148  1346  1346 I AiAiTextClassifier: onDestroyTextClassificationSession = TextClassificationSessionId {49af616b-1eec-4738-91ff-28b83ad2dd41}
08-26 12:05:27.148   577   598 W system_server: ApkAssets: Deleting an ApkAssets object '<empty> and /data/app/~~JLLeSoxFH9gn-ejMFmU1hQ==/com.google.android.gms-6a32bMNWqYYlAuqwqAAiQw==/split_DynamiteLoader_installtime.apk' with 1 weak references
08-26 12:05:27.148   577   598 W system_server: ApkAssets: Deleting an ApkAssets object '<empty> and /data/app/~~JLLeSoxFH9gn-ejMFmU1hQ==/com.google.android.gms-6a32bMNWqYYlAuqwqAAiQw==/split_DynamiteModulesA_installtime.apk' with 1 weak references
08-26 12:05:27.153   577   598 W system_server: ApkAssets: Deleting an ApkAssets object '<empty> and /data/app/~~JLLeSoxFH9gn-ejMFmU1hQ==/com.google.android.gms-6a32bMNWqYYlAuqwqAAiQw==/split_DynamiteModulesC_installtime.apk' with 1 weak references
08-26 12:05:27.153   577   598 W system_server: ApkAssets: Deleting an ApkAssets object '<empty> and /data/app/~~JLLeSoxFH9gn-ejMFmU1hQ==/com.google.android.gms-6a32bMNWqYYlAuqwqAAiQw==/split_GoogleCertificates_installtime.apk' with 1 weak references
08-26 12:05:27.153   577   598 W system_server: ApkAssets: Deleting an ApkAssets object '<empty> and /data/app/~~JLLeSoxFH9gn-ejMFmU1hQ==/com.google.android.gms-6a32bMNWqYYlAuqwqAAiQw==/split_MapsDynamite_installtime.apk' with 1 weak references
08-26 12:05:27.153   577   598 W system_server: ApkAssets: Deleting an ApkAssets object '<empty> and /data/app/~~JLLeSoxFH9gn-ejMFmU1hQ==/com.google.android.gms-6a32bMNWqYYlAuqwqAAiQw==/split_MeasurementDynamite_installtime.apk' with 1 weak references
08-26 12:05:27.154   577   598 W system_server: ApkAssets: Deleting an ApkAssets object '<empty> and /data/app/~~JLLeSoxFH9gn-ejMFmU1hQ==/com.google.android.gms-6a32bMNWqYYlAuqwqAAiQw==/split_all_locale_splits.apk' with 1 weak references
08-26 12:05:27.154   577   598 W system_server: ApkAssets: Deleting an ApkAssets object '<empty> and /data/app/~~JLLeSoxFH9gn-ejMFmU1hQ==/com.google.android.gms-6a32bMNWqYYlAuqwqAAiQw==/split_config.en.apk' with 1 weak references
08-26 12:05:27.154   577   598 W system_server: ApkAssets: Deleting an ApkAssets object '<empty> and /data/app/~~JLLeSoxFH9gn-ejMFmU1hQ==/com.google.android.gms-6a32bMNWqYYlAuqwqAAiQw==/split_config.xxhdpi.apk' with 1 weak references
08-26 12:05:32.123   577   808 D androidtc: Initializing SystemTextClassifier, type = System
08-26 12:05:32.126   577   808 E ClipboardService: Denying clipboard access to com.android.chrome, application is not in focus nor is it a system service for user 0
08-26 12:05:32.127  1346  1346 I AiAiTextClassifier: onCreateTextClassificationSession = TextClassificationSessionId {84c4cded-ab56-44ed-8247-faa3ec1bfcad}
08-26 12:05:32.140  1346  1551 I AiAiTranslate: C2T - not in a conversation
08-26 12:05:32.143 13925 13925 I ClipboardListener: Clipboard overlay suppressed.
08-26 12:05:32.156  1346  1582 I AiAiTextClassifier: GenerateLinks did not find valid links, returning empty result
08-26 12:05:32.163   577   809 E ClipboardService: Denying clipboard access to com.android.chrome, application is not in focus nor is it a system service for user 0
08-26 12:05:32.172  1346  1582 I AiAiTextClassifier: GenerateLinks did not find valid links, returning empty result
08-26 12:05:32.180 13925 13925 I ClipboardListener: Clipboard overlay suppressed.
08-26 12:05:55.091   577   808 D androidtc: Initializing SystemTextClassifier, type = System
08-26 12:05:55.095  1346  1346 I AiAiTextClassifier: onCreateTextClassificationSession = TextClassificationSessionId {15298501-a7fe-4722-9bb3-92c5a60572d4}
08-26 12:05:55.097   577   808 E ClipboardService: Denying clipboard access to com.android.chrome, application is not in focus nor is it a system service for user 0
08-26 12:05:55.105 13925 13925 I ClipboardListener: Clipboard overlay suppressed.
08-26 12:05:55.111  1346  1551 I AiAiTranslate: C2T - not in a conversation
08-26 12:05:55.126  1346  1582 I AiAiTextClassifier: GenerateLinks did not find valid links, returning empty result
08-26 12:05:55.130   577   809 E ClipboardService: Denying clipboard access to com.android.chrome, application is not in focus nor is it a system service for user 0
08-26 12:05:55.137  1346  1582 I AiAiTextClassifier: GenerateLinks did not find valid links, returning empty result
08-26 12:05:55.173 13925 13925 I ClipboardListener: Clipboard overlay suppressed.
08-26 12:05:57.080   577   749 W IPCThreadState: Sending oneway calls to frozen process.
08-26 12:05:57.080   577   749 W IPCThreadState: Sending oneway calls to frozen process.
08-26 12:05:57.081  2196  2417 D WM-NetworkStateTracker: Network capabilities changed: [ Transports: WIFI Capabilities: NOT_METERED&INTERNET&NOT_RESTRICTED&TRUSTED&NOT_VPN&VALIDATED&NOT_ROAMING&FOREGROUND&NOT_CONGESTED&NOT_SUSPENDED&NOT_VCN_MANAGED&NOT_BANDWIDTH_CONSTRAINED LinkUpBandwidth>=12000Kbps LinkDnBandwidth>=30000Kbps TransportInfo: <SSID: <unknown ssid>, BSSID: 02:00:00:00:00:00, MAC: 02:00:00:00:00:00, IP: /10.0.2.16, Security type: 0, Supplicant state: COMPLETED, Wi-Fi standard: legacy, RSSI: -50, Link speed: 5Mbps, Tx Link speed: 5Mbps, Max Supported Tx Link speed: 11Mbps, Rx Link speed: 2Mbps, Max Supported Rx Link speed: 11Mbps, Frequency: 2447MHz, Net ID: -1, Metered hint: false, score: 60, isUsable: true, CarrierMerged: false, SubscriptionId: -1, IsPrimary: -1, Trusted: true, Restricted: false, Ephemeral: false, OEM paid: false, OEM private: false, OSU AP: false, FQDN: <none>, Provider friendly name: <none>, Requesting package name: <none><none>MLO Information: , Is TID-To-Link negotiation supported by the AP: false, AP MLD Address: <none>, AP MLO Link Id: <none>, AP MLO Affiliated links: <none>, Vendor Data: <none>> SignalStrength: -50 UnderlyingNetworks: Null]
08-26 12:05:57.087   577   749 W IPCThreadState: Sending oneway calls to frozen process.
08-26 12:05:57.087   577   749 W IPCThreadState: Sending oneway calls to frozen process.
08-26 12:05:57.094  1393  1970 I BugleRcsEngine: Connected state: [1], networkType: [WIFI] [CONTEXT thread_id=58 ]
08-26 12:05:57.096  1393  2177 I BugleRcsEngine: handleMessage processing message:[NOTIFY_UPTIME_IGNORE_STATE_CHANGED] with [non-null]:RcsEngineImpl reference [CONTEXT log_prefix="RcsEngineImpl[DUAL_REG]:[bba92579-0eec]>Handler" thread_id=64 ]
08-26 12:05:57.093   577   749 W IPCThreadState: Sending oneway calls to frozen process.
08-26 12:05:57.098   577   749 W IPCThreadState: Sending oneway calls to frozen process.
08-26 12:05:57.098   577   749 W IPCThreadState: Sending oneway calls to frozen process.
08-26 12:05:57.098   577   749 W IPCThreadState: Sending oneway calls to frozen process.
08-26 12:05:57.098   577   749 W IPCThreadState: Sending oneway calls to frozen process.
08-26 12:05:57.098   577   749 W IPCThreadState: Sending oneway calls to frozen process.
08-26 12:05:57.099   577   749 W IPCThreadState: Sending oneway calls to frozen process.
08-26 12:05:57.099   577   749 W IPCThreadState: Sending oneway calls to frozen process.
08-26 12:05:57.108  1061  2164 I NullBinder: NullBinder for android.net.action.RECOMMEND_NETWORKS triggering remote TransactionTooLargeException due to Service without Chimera impl, calling uid: 1000, calling pid: 0
