--------- beginning of main
08-26 23:03:12.945  1303  1303 D MediaCodecList: codecHandlesFormat: no format, so no extra checks
08-26 23:03:12.948  1303  1303 D MediaCodecList: codecHandlesFormat: no format, so no extra checks
08-26 23:03:12.953  1483  1483 V GraphicsEnvironment: Currently set values for:
08-26 23:03:12.958  1487  1487 I GmsApplication: Using GservicesReaderQueryDelegate
08-26 23:03:12.963  1487  1487 W SQLiteCompatibilityWalFlags: Cannot read global setting sqlite_compatibility_wal_flags - Application state not available
08-26 23:03:12.963   372   372 D Zygote  : Forked child process 1599
08-26 23:03:12.964  1483  1483 V GraphicsEnvironment:   angle_gl_driver_selection_pkgs=[]
08-26 23:03:12.964  1483  1483 V GraphicsEnvironment:   angle_gl_driver_selection_values=[]
08-26 23:03:12.964  1483  1483 V GraphicsEnvironment: Global.Settings values are invalid: number of packages: 0, number of values: 0
08-26 23:03:12.964  1483  1483 V GraphicsEnvironment: Neither updatable production driver nor prerelease driver is supported.
--------- beginning of system
08-26 23:03:12.974   574   618 I ActivityManager: Start proc 1599:com.google.android.apps.wellbeing/u0a143 for broadcast {com.google.android.apps.wellbeing/com.google.android.apps.wellbeing.common.receiver.coalescedreceivers.LockedBootCompletedCoalescedBroadcast_Receiver}
08-26 23:03:12.975  1599  1599 I .apps.wellbeing: Using CollectorTypeCMC GC.
08-26 23:03:12.975  1435  1435 D CellBroadcastReceiver: onReceive Intent { act=android.telephony.action.DEFAULT_SMS_SUBSCRIPTION_CHANGED flg=0x21000010 cmp=com.google.android.cellbroadcastreceiver/com.android.cellbroadcastreceiver.CellBroadcastReceiver (has extras) }
08-26 23:03:12.976   574   731 D WifiService: Country code changed to :us
08-26 23:03:12.976   574   731 D WifiCountryCode: Set telephony country code to: us
08-26 23:03:12.976   574   731 D WifiCountryCode: updateCountryCode to US
08-26 23:03:12.976   574   731 D WifiCountryCode: setCountryCodeNative: US, isClientModeOnly: false mDriverCountryCode: null
08-26 23:03:12.977  1599  1599 W .apps.wellbeing: Unexpected CPU variant for x86: x86_64.
08-26 23:03:12.977  1599  1599 W .apps.wellbeing: Known variants: atom, sandybridge, silvermont, goldmont, goldmont-plus, goldmont-without-sha-xsaves, tremont, kabylake, default
08-26 23:03:12.978   574   731 D WifiNative: onSetCountryCodeSucceeded: US
08-26 23:03:12.978   574   731 I WifiCountryCode: Receive onSetCountryCodeSucceeded US
08-26 23:03:12.978   574   731 I WifiNl80211Manager: Receive country code change to US
08-26 23:03:12.978   574   731 D WifiScanRequestProxy: Sending scan available broadcast: true
08-26 23:03:12.978   502   502 I wificond: Receive notifyCountryCodeChanged
08-26 23:03:12.979   574   731 I WifiScanRequestProxy: Scanning is enabled
08-26 23:03:12.979   574   731 I WifiScanRequestProxy: Scanning for hidden networks is enabled
08-26 23:03:12.979   502   502 I wificond: UpdateBandInfo
08-26 23:03:12.979   574   731 I WifiService: Receive onDriverCountryCodeChanged to US, update available channel list
08-26 23:03:12.979  1599  1599 E .apps.wellbeing: Not starting debugger since process cannot load the jdwp agent.
08-26 23:03:12.983  1483  1483 I LoadedApk: No resource references to update in package com.google.android.trichromelibrary
08-26 23:03:12.984   574   708 D CompatChangeReporter: Compat change id reported: 297989574; UID 10193; state: ENABLED
08-26 23:03:12.985  1435  1435 D CellBroadcastReceiver: mockmodem is running? = false
08-26 23:03:12.985  1435  1435 D CellBroadcastReceiver: Start Cell Broadcast configuration for intent=ACTION_ENABLE_CHANNELS
08-26 23:03:12.985   506   827 D BufferPoolAccessor2.0: evictor expired: 2, evicted: 0
08-26 23:03:12.986   502   502 I wificond: 2.4Ghz frequencies: 2412 2417 2422 2427 2432 2437 2442 2447 2452 2457 2462 2467 2472 2484
08-26 23:03:12.986   502   502 I wificond: 5Ghz non-DFS frequencies:
08-26 23:03:12.986   502   502 I wificond: 5Ghz DFS frequencies: 5180 5200 5220 5240 5260 5280 5300 5320 5500 5520 5540 5560 5580 5600 5620 5640 5660 5680 5700 5745 5765 5785 5805 5825
08-26 23:03:12.986   502   502 I wificond: 6Ghz frequencies:
08-26 23:03:12.986   502   502 I wificond: 60Ghz frequencies:
08-26 23:03:12.986  1599  1599 D nativeloader: Load libframework-connectivity-tiramisu-jni.so using APEX ns com_android_tethering for caller /apex/com.android.tethering/javalib/framework-connectivity-t.jar: ok
08-26 23:03:12.987  1303  1608 D CCodec  : allocate(c2.goldfish.hevc.decoder)
08-26 23:03:12.990  1303  1608 I Codec2Client: Available Codec2 services: "default" "software"
08-26 23:03:12.993  1303  1608 I CCodec  : setting up 'default' as default (vendor) store
08-26 23:03:12.995   388   439 I GoldfishComponentStore: in init
08-26 23:03:12.995   388   439 I GoldfishComponentStore: loading dll of path libcodec2_goldfish_hevcdec.so
08-26 23:03:12.996   388   439 I GoldfishComponentStore: Create()
08-26 23:03:12.996   388   439 I GoldfishComponentStore: created interface
08-26 23:03:12.996   388   439 I GoldfishComponentStore: created component
08-26 23:03:12.997  1303  1608 I CCodec  : Created component [c2.goldfish.hevc.decoder]
08-26 23:03:12.998  1303  1608 D CCodecConfig: read media type: video/hevc
08-26 23:03:12.998  1303  1608 D ReflectedParamUpdater: extent() != 1 for single value type: algo.buffers.max-count.values
08-26 23:03:12.999  1303  1608 D ReflectedParamUpdater: extent() != 1 for single value type: output.subscribed-indices.values
08-26 23:03:12.999  1303  1608 D ReflectedParamUpdater: extent() != 1 for single value type: input.buffers.allocator-ids.values
08-26 23:03:12.999  1303  1608 D ReflectedParamUpdater: extent() != 1 for single value type: output.buffers.allocator-ids.values
08-26 23:03:12.999  1303  1608 D ReflectedParamUpdater: extent() != 1 for single value type: algo.buffers.allocator-ids.values
08-26 23:03:12.999  1303  1608 D ReflectedParamUpdater: extent() != 1 for single value type: output.buffers.pool-ids.values
08-26 23:03:12.999  1303  1608 D ReflectedParamUpdater: extent() != 1 for single value type: algo.buffers.pool-ids.values
08-26 23:03:12.999  1532  1532 V GraphicsEnvironment: Currently set values for:
08-26 23:03:12.999  1532  1532 V GraphicsEnvironment:   angle_gl_driver_selection_pkgs=[]
08-26 23:03:12.999  1532  1532 V GraphicsEnvironment:   angle_gl_driver_selection_values=[]
08-26 23:03:12.999  1532  1532 V GraphicsEnvironment: Global.Settings values are invalid: number of packages: 0, number of values: 0
08-26 23:03:12.999  1532  1532 V GraphicsEnvironment: Neither updatable production driver nor prerelease driver is supported.
08-26 23:03:13.000  1303  1608 D ReflectedParamUpdater: ignored struct field coded.color-format.locations
08-26 23:03:13.000  1303  1608 D CCodecConfig: ignoring local param raw.size (0xd2001800) as it is already supported
08-26 23:03:13.000  1303  1608 D CCodecConfig: ignoring local param default.color (0x5200180b) as it is already supported
08-26 23:03:13.000  1303  1608 D ReflectedParamUpdater: ignored struct field raw.hdr-static-info.mastering
08-26 23:03:13.001  1303  1608 I CCodecConfig: query failed after returning 12 values (BAD_INDEX)
08-26 23:03:13.002  1303  1608 D CCodecConfig: c2 config diff is Dict {
08-26 23:03:13.002  1303  1608 D CCodecConfig:   c2::u32 coded.pl.level = 24584
08-26 23:03:13.002  1303  1608 D CCodecConfig:   c2::u32 coded.pl.profile = 24576
08-26 23:03:13.002  1303  1608 D CCodecConfig:   c2::u32 coded.vui.color.matrix = 0
08-26 23:03:13.002  1303  1608 D CCodecConfig:   c2::u32 coded.vui.color.primaries = 0
08-26 23:03:13.002  1303  1608 D CCodecConfig:   c2::u32 coded.vui.color.range = 2
08-26 23:03:13.002  1303  1608 D CCodecConfig:   c2::u32 coded.vui.color.transfer = 0
08-26 23:03:13.002  1303  1608 D CCodecConfig:   c2::u32 default.color.matrix = 0
08-26 23:03:13.002  1303  1608 D CCodecConfig:   c2::u32 default.color.primaries = 0
08-26 23:03:13.002  1303  1608 D CCodecConfig:   c2::u32 default.color.range = 0
08-26 23:03:13.002  1303  1608 D CCodecConfig:   c2::u32 default.color.transfer = 0
08-26 23:03:13.002  1303  1608 D CCodecConfig:   c2::u32 input.buffers.max-size.value = 6291456
08-26 23:03:13.002  1303  1608 D CCodecConfig:   c2::u32 input.delay.value = 0
08-26 23:03:13.002  1303  1608 D CCodecConfig:   string input.media-type.value = "video/hevc"
08-26 23:03:13.002  1303  1608 D CCodecConfig:   c2::u32 output.delay.value = 8
08-26 23:03:13.002  1303  1608 D CCodecConfig:   string output.media-type.value = "video/raw"
08-26 23:03:13.002  1303  1608 D CCodecConfig:   c2::u32 raw.color.matrix = 0
08-26 23:03:13.002  1303  1608 D CCodecConfig:   c2::u32 raw.color.primaries = 0
08-26 23:03:13.002  1303  1608 D CCodecConfig:   c2::u32 raw.color.range = 2
08-26 23:03:13.002  1303  1608 D CCodecConfig:   c2::u32 raw.color.transfer = 0
08-26 23:03:13.002  1303  1608 D CCodecConfig:   c2::u32 raw.max-size.height = 240
08-26 23:03:13.002  1303  1608 D CCodecConfig:   c2::u32 raw.max-size.width = 320
08-26 23:03:13.002  1303  1608 D CCodecConfig:   c2::u32 raw.pixel-format.value = 35
08-26 23:03:13.002  1303  1608 D CCodecConfig:   c2::i32 raw.rotation.flip = 0
08-26 23:03:13.002  1303  1608 D CCodecConfig:   c2::i32 raw.rotation.value = 0
08-26 23:03:13.002  1303  1608 D CCodecConfig:   c2::u32 raw.sar.height = 1
08-26 23:03:13.002  1303  1608 D CCodecConfig:   c2::u32 raw.sar.width = 1
08-26 23:03:13.002  1303  1608 D CCodecConfig:   c2::u32 raw.size.height = 240
08-26 23:03:13.002  1303  1608 D CCodecConfig:   c2::u32 raw.size.width = 320
08-26 23:03:13.002  1303  1608 D CCodecConfig:   c2
08-26 23:03:13.002  1303  1608 W ColorUtils: expected specified color aspects (2:0:0:0)
08-26 23:03:13.008   574   741 I WifiScanningService: Received a request to enable scanning, UID = 1000
08-26 23:03:13.009   574   741 I WifiScanningService: scanner impls already exists
08-26 23:03:13.009   574   741 E WifiScanningService: wifi driver loaded received while already loaded
08-26 23:03:13.014  1318  1318 I AiAiNotificationIntelli: Notification Intelligence initialization.
08-26 23:03:13.014  1318  1318 I AiAiNotificationIntelli: Notification Intelligence initialization.
08-26 23:03:13.015   574   731 E WifiChipAidlImpl: getUsableChannels failed with service-specific exception: android.os.ServiceSpecificException:  (code 4)
08-26 23:03:13.027   574   594 D CompatChangeReporter: Compat change id reported: 297989574; UID 10136; state: ENABLED
08-26 23:03:13.032  1318  1619 D CompatChangeReporter: Compat change id reported: 279646685; UID 10136; state: ENABLED
08-26 23:03:13.039  1303  1608 D CCodec  : [c2.goldfish.hevc.decoder] buffers are bound to CCodec for this session
08-26 23:03:13.042  1303  1608 D CCodec  : Client requested ByteBuffer mode decoder w/o color format set: using default planar color format
08-26 23:03:13.042  1303  1608 D CCodecConfig: no c2 equivalents for flags
08-26 23:03:13.042  1303  1608 D CCodecConfig: c2 config diff is   c2::u32 raw.size.height = 1080
08-26 23:03:13.042  1303  1608 D CCodecConfig:   c2::u32 raw.size.width = 1920
08-26 23:03:13.042  1303  1608 W ColorUtils: expected specified color aspects (2:0:0:0)
08-26 23:03:13.043  1303  1608 W Codec2Client: query -- param skipped: index = 1107298332.
08-26 23:03:13.043  1303  1608 D CCodec  : encoding statistics level = 0
08-26 23:03:13.043  1303  1608 D CCodec  : setup formats input: AMessage(what = 0x00000000) = {
08-26 23:03:13.043  1303  1608 D CCodec  :   int32_t height = 1080
08-26 23:03:13.043  1303  1608 D CCodec  :   int32_t level = 65536
08-26 23:03:13.043  1303  1608 D CCodec  :   int32_t max-input-size = 6291456
08-26 23:03:13.043  1303  1608 D CCodec  :   string mime = "video/hevc"
08-26 23:03:13.043  1303  1608 D CCodec  :   int32_t profile = 1
08-26 23:03:13.043  1303  1608 D CCodec  :   int32_t width = 1920
08-26 23:03:13.043  1303  1608 D CCodec  :   Rect crop(0, 0, 1919, 1079)
08-26 23:03:13.043  1303  1608 D CCodec  :   int32_t color-transfer-request = 0
08-26 23:03:13.043  1303  1608 D CCodec  : }
08-26 23:03:13.043  1303  1608 D CCodec  : setup formats output: AMessage(what = 0x00000000) = {
08-26 23:03:13.043  1303  1608 D CCodec  :   int32_t android._color-format = 2135033992
08-26 23:03:13.043  1303  1608 D CCodec  :   int32_t android._video-scaling = 1
08-26 23:03:13.043  1303  1608 D CCodec  :   int32_t rotation-degrees = 0
08-26 23:03:13.043  1303  1608 D CCodec  :   int32_t color-standard = 0
08-26 23:03:13.043  1303  1608 D CCodec  :   int32_t color-range = 2
08-26 23:03:13.043  1303  1608 D CCodec  :   int32_t color-transfer = 0
08-26 23:03:13.043  1303  1608 D CCodec  :   int32_t sar-height = 1
08-26 23:03:13.043  1303  1608 D CCodec  :   int32_t sar-width = 1
08-26 23:03:13.043  1303  1608 D CCodec  :   Rect crop(0, 0, 1919, 1079)
08-26 23:03:13.043  1303  1608 D CCodec  :   int32_t width = 1920
08-26 23:03:13.043  1303  1608 D CCodec  :   int32_t height = 1080
08-26 23:03:13.043  1303  1608 D CCodec  :   int32_t max-height = 240
08-26 23:03:13.043  1303  1608 D CCodec  :   int32_t max-width = 320
08-26 23:03:13.043  1303  1608 D CCodec  :   string mime = "video/raw"
08-26 23:03:13.043  1303  1608 D CCodec  :   int32_t android._dataspace = 268435456
08-26 23:03:13.043  1303  1608 D CCodec  :   int32_t color-format = 19
08-26 23:03:13.043  1303  1608 D CCodec  : }
08-26 23:03:13.043  1303  1608 I CCodecConfig: query failed after returning 12 values (BAD_INDEX)
08-26 23:03:13.043  1303  1608 D CCodecConfig: c2 config diff is   c2::u32 raw.max-size.height = 1080
08-26 23:03:13.043  1303  1608 D CCodecConfig:   c2::u32 raw.max-size.width = 1920
08-26 23:03:13.043  1303  1608 W ColorUtils: expected specified color aspects (2:0:0:0)
08-26 23:03:13.049  1258  1258 D nativeloader: Load /data/app/~~5pL1HSSQTA2wLHh3rrGoPQ==/com.google.android.inputmethod.latin-43cBJddsLg_7n3hu2dL0Og==/base.apk!/lib/x86_64/libintegrated_shared_object.so using ns clns-7 from class loader (caller=/data/app/~~5pL1HSSQTA2wLHh3rrGoPQ==/com.google.android.inputmethod.latin-43cBJddsLg_7n3hu2dL0Og==/base.apk!classes2.dex): ok
08-26 23:03:13.052  1258  1258 I NativeLibHelper: NativeLibHelper.loadLibrary():190 Loaded native library:integrated_shared_object (result=true)
08-26 23:03:13.055   500   527 W ResourceManagerMetrics: notifyClientStopped: Start Config is missing!
08-26 23:03:13.056   574   866 D CompatChangeReporter: Compat change id reported: 311208629; UID 10193; state: ENABLED
08-26 23:03:13.075  1303  1303 I TranscodeHelper: Device HDR Plugin is available: false
08-26 23:03:13.075  1303  1303 I TranscodeHelper: Empty transcode compat stale
08-26 23:03:13.076   388   926 I hw-BpHwBinder: onLastStrongRef automatically unlinking death recipients
08-26 23:03:13.076   388   926 I GoldfishComponentStore: in ~ComponentModule
08-26 23:03:13.076   388   926 I GoldfishComponentStore: unloading dll
08-26 23:03:13.076  1303  1608 I hw-BpHwBinder: onLastStrongRef automatically unlinking death recipients
08-26 23:03:13.077  1303  1303 I TranscodeHelper: Parsed 0 packages from resource
08-26 23:03:13.077  1303  1303 I TranscodeHelper: Parsed 8 packages from device config
08-26 23:03:13.079  1101  1622 W HWUI    : Failed to choose config with EGL_SWAP_BEHAVIOR_PRESERVED, retrying without...
08-26 23:03:13.079  1101  1622 W HWUI    : Failed to initialize 101010-2 format, error = EGL_SUCCESS
08-26 23:03:13.089  1258  1258 I NativeLibHelper: NativeLibHelper.loadLibrary():190 Loaded native library:integrated_shared_object (result=true)
08-26 23:03:13.100   574   929 D BufferPoolAccessor2.0: bufferpool2 0x7de7577b6678 : 0(0 size) total buffers - 0(0 size) used buffers - 1/7 (recycle/alloc) - 6/18 (fetch/transfer)
08-26 23:03:13.100   574   929 D BufferPoolAccessor2.0: evictor expired: 1, evicted: 1
08-26 23:03:13.107   971  1127 D CellBroadcastConfigTracker-0: Failed to set gsm config
08-26 23:03:13.109  1435  1451 E CellBroadcastConfigService: fails to setCellBroadcastRanges, result = 2
08-26 23:03:13.114  1258  1258 I native  : I0000 00:00:1756274593.113940    1258 scoped-profiler.cc:90] signal_log: Initialized signal 41
08-26 23:03:13.114  1258  1258 I native  : I0000 00:00:1756274593.114126    1258 scoped-profiler.cc:90] signal_log: Initialized signal 42
08-26 23:03:13.114  1258  1258 I native  : I0000 00:00:1756274593.114272    1258 scoped-profiler.cc:90] signal_log: Initialized signal 43
08-26 23:03:13.114  1258  1258 I native  : I0000 00:00:1756274593.114666    1258 scoped-profiler.cc:90] signal_log: Initialized signal 44
08-26 23:03:13.115  1258  1258 I native  : I0000 00:00:1756274593.115000    1258 scoped-profiler.cc:90] signal_log: Initialized signal 45
08-26 23:03:13.115  1258  1258 I native  : I0000 00:00:1756274593.115145    1258 scoped-profiler.cc:90] signal_log: Initialized signal 46
08-26 23:03:13.115  1258  1258 I native  : I0000 00:00:1756274593.115201    1258 scoped-profiler.cc:90] signal_log: Initialized signal 47
08-26 23:03:13.115  1258  1258 I native  : I0000 00:00:1756274593.115241    1258 scoped-profiler.cc:90] signal_log: Initialized signal 48
08-26 23:03:13.118  1493  1493 W BatterySettingsContentProvider: create content provider from null
08-26 23:03:13.143  1303  1303 D PickerSyncLockManager: Trying to acquire lock com.android.providers.media.photopicker.sync.CloseableReentrantLock@ca22128[Unlocked]. Lock Name = CLOUD_PROVIDER_LOCK. Threads that may be waiting to acquire this lock = []
08-26 23:03:13.145  1318  1635 I AiAiSpeechRecognition: Found 1 pre-existing WorkInfos for LanguagePacks: [WorkInfo{id='f8e016c6-412c-4290-ab96-25a74fe8f511', state=ENQUEUED, outputData=Data {}, tags=[com.google.android.libraries.speech.modeldownload.languagepacks.backgroundtask.workmanager.LanguagePackAutoUpdateWorker], progress=Data {}, runAttemptCount=0, generation=0, constraints=Constraints{requiredNetworkType=NOT_REQUIRED, requiresCharging=true, requiresDeviceIdle=false, requiresBatteryNotLow=true, requiresStorageNotLow=false, contentTriggerUpdateDelayMillis=-1, contentTriggerMaxDelayMillis=-1, contentUriTriggers=[], }, initialDelayMillis=0, periodicityInfo=PeriodicityInfo{repeatIntervalMillis=14400000, flexIntervalMillis=14400000}, nextScheduleTimeMillis=1756186954878}, stopReason=-256]
08-26 23:03:13.151  1303  1303 D CloseableReentrantLock: Successfully acquired lock com.android.providers.media.photopicker.sync.CloseableReentrantLock@ca22128[Locked by thread main]. Lock Name = CLOUD_PROVIDER_LOCK. Threads that may be waiting to acquire this lock = []
08-26 23:03:13.155  1303  1303 D CloseableReentrantLock: Successfully released lock com.android.providers.media.photopicker.sync.CloseableReentrantLock@ca22128[Unlocked]. Lock Name = CLOUD_PROVIDER_LOCK. Threads that may be waiting to acquire this lock = []
08-26 23:03:13.159  1303  1303 D CompatChangeReporter: Compat change id reported: 312399441; UID 10199; state: ENABLED
08-26 23:03:13.179  1258  1258 I OemConfigs: OemConfigs.<init>():150 OEM configs apply status: 1
08-26 23:03:13.182  1483  1483 I cr_SplitCompatApp: version=139.0.7258.143 (725814338) minSdkVersion=29 processName=com.android.chrome isIsolatedProcess=false splits=chrome,config.en,dev_ui,google3,stack_unwinder,test_dummy
08-26 23:03:13.186  1303  1303 V MediaStore: Examining volume emulated;0 with name external_primary and state checking
08-26 23:03:13.186  1303  1303 V MediaStore: Examining volume public:253,80 with name null and state unmounted
08-26 23:03:13.193  1318  1318 I AiAiVC  : Created AiAiContentCaptureService.
08-26 23:03:13.199  1599  1599 D ApplicationLoaders: Returning zygote-cached class loader: /system/framework/org.apache.http.legacy.jar
08-26 23:03:13.199  1599  1599 D ApplicationLoaders: Returning zygote-cached class loader: /system_ext/framework/androidx.window.extensions.jar
08-26 23:03:13.199  1599  1599 D ApplicationLoaders: Returning zygote-cached class loader: /system_ext/framework/androidx.window.sidecar.jar
08-26 23:03:13.200  1303  1303 V MediaProvider: attachVolume() called for internal with state:null
08-26 23:03:13.202   828   828 I Choreographer: Skipped 30 frames!  The application may be doing too much work on its main thread.
08-26 23:03:13.220  1318  1318 I AiAiCaptions: SystemCaptionsManagerService::onCreate()
08-26 23:03:13.223  1318  1633 I AiAiSuperpacks: Enum name "UNRECOGNIZED" does not exist
08-26 23:03:13.239  1318  1633 I AiAiSuperpacks: Enum name "UNRECOGNIZED" does not exist
08-26 23:03:13.239  1318  1633 I AiAiSuperpacks: Enum name "UNRECOGNIZED" does not exist
08-26 23:03:13.240  1318  1633 I AiAiSuperpacks: Enum name "UNRECOGNIZED" does not exist
08-26 23:03:13.246  1318  1318 I AiAiCaptions: SystemCaptionsManagerService::onBind()
08-26 23:03:13.254  1318  1619 I AiAiSuperpacks: No superpacks to release, will no-op
08-26 23:03:13.261  1493  1493 W PrimesLoggerHolder: Primes not initialized, returning default (no-op) Primes instance which will ignore all calls. Please call Primes.initialize(...) before using any Primes API.
08-26 23:03:13.276  1303  1564 V MediaProvider: onConfigure() for external.db
08-26 23:03:13.279  1303  1564 V MediaProvider: onOpen() for external.db
08-26 23:03:13.290   574   592 E JavaBinder: *** Uncaught remote exception! Exceptions are not yet supported across processes. Client PID 971 UID 1001.
08-26 23:03:13.290   574   592 E JavaBinder: java.lang.ArrayIndexOutOfBoundsException: length=1; index=-1
08-26 23:03:13.290   574   592 E JavaBinder: 	at com.android.server.TelephonyRegistry.notifyCarrierRoamingNtnModeChanged(TelephonyRegistry.java:3524)
08-26 23:03:13.290   574   592 E JavaBinder: 	at com.android.internal.telephony.ITelephonyRegistry$Stub.onTransact(ITelephonyRegistry.java:1127)
08-26 23:03:13.290   574   592 E JavaBinder: 	at android.os.Binder.execTransactInternal(Binder.java:1500)
08-26 23:03:13.290   574   592 E JavaBinder: 	at android.os.Binder.execTransact(Binder.java:1444)
08-26 23:03:13.293   574   592 W ActivityManager: pid 971 com.android.phone sent binder code 54 with flags 2 to frozen apps and got error -74
08-26 23:03:13.298  1318  1619 D androidtc: Initializing SystemTextClassifier, type = System
08-26 23:03:13.301  1493  1493 D CompatChangeReporter: Compat change id reported: 311402873; UID 10141; state: ENABLED
08-26 23:03:13.301  1493  1493 D CompatChangeReporter: Compat change id reported: 323349338; UID 10141; state: ENABLED
08-26 23:03:13.302  1493  1493 W JobInfo : Job 'com.google.android.settings.intelligence/.modules.routines.impl.RoutinesJobIntentService#1728' has a deadline with no functional constraints. The deadline won't improve job execution latency. Consider removing the deadline.
08-26 23:03:13.302   574  1481 W ContextImpl: Calling a method in the system process without a qualified user: android.app.ContextImpl.sendBroadcastMultiplePermissions:1299 android.content.Context.sendBroadcastMultiplePermissions:2522 com.android.server.TelephonyRegistry.broadcastServiceStateChanged:3697 com.android.server.TelephonyRegistry.notifyServiceStateForPhoneId:1759 com.android.internal.telephony.ITelephonyRegistry$Stub.onTransact:546 
08-26 23:03:13.306  1487  1487 W ProviderHelper: Unknown dynamite feature providerinstaller.dynamite
08-26 23:03:13.306  1487  1487 I DynamiteModule: Considering local module com.google.android.gms.providerinstaller.dynamite:1 and remote module com.google.android.gms.providerinstaller.dynamite:0
08-26 23:03:13.306  1487  1487 I DynamiteModule: Selected local version of com.google.android.gms.providerinstaller.dynamite
08-26 23:03:13.310  1303  1564 I MediaProvider: No database change across sequential open calls for external.db.
08-26 23:03:13.312   574  1481 W ContextImpl: Calling a method in the system process without a qualified user: android.app.ContextImpl.sendBroadcastMultiplePermissions:1332 com.android.server.TelephonyRegistry.broadcastServiceStateChanged:3702 com.android.server.TelephonyRegistry.notifyServiceStateForPhoneId:1759 com.android.internal.telephony.ITelephonyRegistry$Stub.onTransact:546 android.os.Binder.execTransactInternal:1500 
08-26 23:03:13.314  1318  1619 W SystemServiceRegistry: No service published for: persistent_data_block
08-26 23:03:13.318  1303  1303 I MediaProvider: Changed PhotoPickerActivity component state to STATE_ENABLED ( 1 )
08-26 23:03:13.324  1303  1564 D MediaProvider: xattr set to e83d04cd-2e2f-48e2-862f-59befe5aec02 for key:user.extdbsessionid0 on path: /data/user/0/com.google.android.providers.media.module/databases/external.db.
08-26 23:03:13.333   574  1481 W ContextImpl: Calling a method in the system process without a qualified user: android.app.ContextImpl.sendBroadcastMultiplePermissions:1332 com.android.server.TelephonyRegistry.broadcastServiceStateChanged:3711 com.android.server.TelephonyRegistry.notifyServiceStateForPhoneId:1759 com.android.internal.telephony.ITelephonyRegistry$Stub.onTransact:546 android.os.Binder.execTransactInternal:1500 
08-26 23:03:13.335   574  1481 W ContextImpl: Calling a method in the system process without a qualified user: android.app.ContextImpl.sendBroadcastMultiplePermissions:1332 com.android.server.TelephonyRegistry.broadcastServiceStateChanged:3717 com.android.server.TelephonyRegistry.notifyServiceStateForPhoneId:1759 com.android.internal.telephony.ITelephonyRegistry$Stub.onTransact:546 android.os.Binder.execTransactInternal:1500 
08-26 23:03:13.336  1303  1564 D MediaProvider: xattr set to e83d04cd-2e2f-48e2-862f-59befe5aec02 for key:user.extdbsessionid0 on path: /data/media/0.
08-26 23:03:13.338  1303  1564 I MediaProvider: SessionId set to e83d04cd-2e2f-48e2-862f-59befe5aec02 on paths /data/user/0/com.google.android.providers.media.module/databases/external.db and /data/media/0.
08-26 23:03:13.343  1303  1564 V MediaProvider: onOpen() finished for external.db
08-26 23:03:13.346   574   592 D CompatChangeReporter: Compat change id reported: 311402873; UID 10141; state: ENABLED
08-26 23:03:13.347   574   592 D CompatChangeReporter: Compat change id reported: 323349338; UID 10141; state: ENABLED
08-26 23:03:13.347   574   592 W JobInfo : Job 'com.google.android.settings.intelligence/.modules.routines.impl.RoutinesJobIntentService#1728' has a deadline with no functional constraints. The deadline won't improve job execution latency. Consider removing the deadline.
08-26 23:03:13.352   828   828 D DefaultDeviceEntrySection: isUdfpsSupported=false
08-26 23:03:13.354   971   971 D ServiceStateProvider: subId=-1
08-26 23:03:13.357  1303  1303 I MediaProvider: Changed PhotoPickerGetContentActivity component state to STATE_ENABLED ( 1 )
08-26 23:03:13.361   574  1481 D SystemServerTiming: getUserSwitchability-0
08-26 23:03:13.362   574  1481 D SystemServerTiming: TM.isInCall
08-26 23:03:13.362   574  1481 D SystemServerTiming: hasUserRestriction-DISALLOW_USER_SWITCH
08-26 23:03:13.363  1349  1349 I cmnc    : Initializing GMS Compliance Client Library...
08-26 23:03:13.363  1349  1349 I cmnc    : Checking for device compliance...
08-26 23:03:13.363  1349  1349 I cmnc    : Feature is disabled!
08-26 23:03:13.364   574  1481 D SystemServerTiming: getInt-ALLOW_USER_SWITCHING_WHEN_SYSTEM_USER_LOCKED
08-26 23:03:13.365   574  1481 D SystemServerTiming: isUserUnlocked-USER_SYSTEM
08-26 23:03:13.372  1349  1349 I cmnc    : Completed library init.
08-26 23:03:13.375  1303  1303 I MediaProvider: Changed PhotoPickerUserSelectActivity component state to STATE_ENABLED ( 1 )
08-26 23:03:13.376  1435  1435 D CellBroadcastReceiver: onReceive Intent { act=android.intent.action.SERVICE_STATE flg=0x1000010 cmp=com.google.android.cellbroadcastreceiver/com.android.cellbroadcastreceiver.CellBroadcastReceiver (has extras) }
08-26 23:03:13.378  1435  1435 D CellBroadcastReceiver: onServiceStateChanged, ss: 3
08-26 23:03:13.381  1303  1303 D PulledMetrics: Registering callback with StatsManager
08-26 23:03:13.390  1258  1258 I ModuleManager: ModuleManager.<init>():164 ModuleManager is created on process com.google.android.inputmethod.latin
08-26 23:03:13.394  1423  1423 I cmnc    : Initializing GMS Compliance Client Library...
08-26 23:03:13.394  1423  1423 I cmnc    : Checking for device compliance...
08-26 23:03:13.395  1423  1423 I cmnc    : Completed library init.
08-26 23:03:13.402   574   925 D FileUtils: Rounded bytes from 15917400064 to 16000000000
08-26 23:03:13.433   574   616 D CompatChangeReporter: Compat change id reported: 311208629; UID 1000; state: ENABLED
08-26 23:03:13.464   503   503 W libgoldfish-rild: Multi-element reporting criteria are not supported with HIDL HAL
08-26 23:03:13.477   574  1481 D SystemServerTiming: getUserSwitchability-0
08-26 23:03:13.477   574  1481 D SystemServerTiming: TM.isInCall
08-26 23:03:13.477   574  1481 D SystemServerTiming: hasUserRestriction-DISALLOW_USER_SWITCH
08-26 23:03:13.477   574  1481 D SystemServerTiming: getInt-ALLOW_USER_SWITCHING_WHEN_SYSTEM_USER_LOCKED
08-26 23:03:13.478   574  1481 D SystemServerTiming: isUserUnlocked-USER_SYSTEM
08-26 23:03:13.478   574  1053 D SystemServerTiming: getUserSwitchability-0
08-26 23:03:13.478   574  1053 D SystemServerTiming: TM.isInCall
08-26 23:03:13.478  1033  1041 I DynamiteModule: Considering local module com.google.android.gms.googlecertificates:7 and remote module com.google.android.gms.googlecertificates:7
08-26 23:03:13.478  1033  1041 I DynamiteModule: Selected local version of com.google.android.gms.googlecertificates
08-26 23:03:13.478   574  1053 D SystemServerTiming: hasUserRestriction-DISALLOW_USER_SWITCH
08-26 23:03:13.478   574  1053 D SystemServerTiming: getInt-ALLOW_USER_SWITCHING_WHEN_SYSTEM_USER_LOCKED
08-26 23:03:13.478   574  1053 D SystemServerTiming: isUserUnlocked-USER_SYSTEM
08-26 23:03:13.481   574  1478 W JobInfo : Job 'com.google.android.settings.intelligence/.modules.routines.impl.RoutinesJobIntentService#1728' has a deadline with no functional constraints. The deadline won't improve job execution latency. Consider removing the deadline.
08-26 23:03:13.482  1487  1487 D nativeloader: Load /data/app/~~JLLeSoxFH9gn-ejMFmU1hQ==/com.google.android.gms-6a32bMNWqYYlAuqwqAAiQw==/base.apk!/lib/x86_64/libconscrypt_gmscore_jni.so using ns clns-9 from class loader (caller=/data/app/~~JLLeSoxFH9gn-ejMFmU1hQ==/com.google.android.gms-6a32bMNWqYYlAuqwqAAiQw==/base.apk): ok
08-26 23:03:13.482  1487  1487 V NativeCrypto: Registering com/google/android/gms/org/conscrypt/NativeCrypto's 316 native methods...
08-26 23:03:13.485  1303  1303 I MediaApplication: PhotoPickerSettingsActivity is now enabled
08-26 23:03:13.486  1318  1654 I TrainerClient: Preparing to schedule training for population:aiai/playstore/pecanconversationfragmentevents session_name:pecanconversationfragmentevents
08-26 23:03:13.487   574  1481 W JobInfo : Job 'com.google.android.settings.intelligence/.modules.routines.impl.RoutinesJobIntentService#1728' has a deadline with no functional constraints. The deadline won't improve job execution latency. Consider removing the deadline.
08-26 23:03:13.498  1487  1487 I ProviderInstaller: Installed default security provider GmsCore_OpenSSL
08-26 23:03:13.513   828   828 D ZenModeController: Added callback class com.android.systemui.qs.tiles.DndTile$3
08-26 23:03:13.514   574   750 E AppOps  : attributionTag VCN not declared in manifest of android
08-26 23:03:13.515   574   729 W BestClock: java.time.DateTimeException: Missing network time fix
08-26 23:03:13.520   971   971 V SimultaneousCallingTracker: Received EVENT 102
08-26 23:03:13.533  1349  1349 I GsaVoiceInteractionSrv: onCreate
08-26 23:03:13.547  1423  1423 I eshh    : (REDACTED) Scoped context discovery schemas: %s.
08-26 23:03:13.566  1362  1362 I Bugle   : BugleApplicationBase: Bugle version: messages.android_20250803_01_rc01.phone_dynamic , Bugle version code: 285663063
08-26 23:03:13.572  1423  1423 I cfep    : Creating Amp configuration from performer module
08-26 23:03:13.578   574  1481 W ActivityManager: Slow operation: 74ms so far, now at finishAttachApplicationInner: after mServices.attachApplicationLocked
08-26 23:03:13.579   574  1481 W ActivityManager: Slow operation: 75ms so far, now at finishAttachApplicationInner: after dispatching broadcasts
08-26 23:03:13.599   574   866 W ActivityManager: Slow operation: 94ms so far, now at finishAttachApplicationInner: after mServices.attachApplicationLocked
08-26 23:03:13.599   574   866 W ActivityManager: Slow operation: 94ms so far, now at finishAttachApplicationInner: after dispatching broadcasts
08-26 23:03:13.617  1258  1258 I DeviceModeNotification: DeviceModeNotification.getCurrentDeviceMode():75 device mode is unknown before initializing the notification.
08-26 23:03:13.625  1258  1258 I DeviceModeNotification: DeviceModeNotification.getCurrentDeviceMode():75 device mode is unknown before initializing the notification.
08-26 23:03:13.629  1599  1599 W ziparchive: Unable to open '/data/app/~~22gHf9xQKo9JlRAXikjaYg==/com.google.android.apps.wellbeing-S-hAf0ntjhubdr5_UV284Q==/split_config.xxhdpi.dm': No such file or directory
08-26 23:03:13.671  1349  1349 I GsaVoiceInteractionSrv: onReady
08-26 23:03:13.675   574  1478 D CompatChangeReporter: Compat change id reported: 151861875; UID 10129; state: ENABLED
08-26 23:03:13.675   574  1478 V GrammaticalInflectionUtils: AttributionSource: android.content.AttributionSource@885b1ee does not have READ_SYSTEM_GRAMMATICAL_GENDER permission.
08-26 23:03:13.696   828  1148 D LocalImageResolver: Couldn't use ImageDecoder for drawable, falling back to non-resized load.
08-26 23:03:13.730  1483  1674 I cr_LibraryLoader: Loading monochrome_64 from within /data/app/~~Oyl_BV3E0sgLQ2wgvb5zuA==/com.android.chrome-9GSvXWPRr8Gni-zV6RvNsg==/base.apk
08-26 23:03:13.745  1599  1599 W ziparchive: Unable to open '/data/app/~~22gHf9xQKo9JlRAXikjaYg==/com.google.android.apps.wellbeing-S-hAf0ntjhubdr5_UV284Q==/split_config.xxhdpi.dm': No such file or directory
08-26 23:03:13.760  1483  1674 D nativeloader: Load /data/app/~~Oyl_BV3E0sgLQ2wgvb5zuA==/com.android.chrome-9GSvXWPRr8Gni-zV6RvNsg==/base.apk!/lib/x86_64/libchromium_android_linker.so using ns clns-8 from class loader (caller=/data/app/~~Oyl_BV3E0sgLQ2wgvb5zuA==/com.android.chrome-9GSvXWPRr8Gni-zV6RvNsg==/base.apk): ok
08-26 23:03:13.761  1483  1674 I cr_Linker: loadLibraryImplLocked: monochrome_64, relroMode=1
08-26 23:03:13.764   574  1478 W ActivityManager: Slow operation: 89ms so far, now at startProcess: done starting proc!
08-26 23:03:13.770   574   618 W ActivityManager: Slow operation: 94ms so far, now at startProcess: asking zygote to start proc
08-26 23:03:13.789  1599  1599 W .apps.wellbeing: Entry not found
08-26 23:03:13.790  1483  1674 E cr_ChromiumAndroidLinker: AndroidDlopenExt: android_dlopen_ext: dlopen failed: reserved address space 7622656 smaller than 208949248 bytes needed for "/data/app/~~Apj48RmtujST320ssPbB0Q==/com.google.android.trichromelibrary_725814338-Mc-HAI33_o62ErAXBkBiEw==/base.apk!/lib/x86_64/libmonochrome_64.so"
08-26 23:03:13.790  1483  1674 E cr_ChromiumAndroidLinker: LoadWithDlopenExt: android_dlopen_ext() error
08-26 23:03:13.790  1483  1674 E cr_ChromiumAndroidLinker: LoadLibrary: Failed to load native library: libmonochrome_64.so
08-26 23:03:13.790  1483  1674 E cr_Linker: Unable to load with Linker, using the system linker instead
08-26 23:03:13.798  1349  1349 I deny    : (REDACTED) Registered VIS lifecycle listeners: %s.
08-26 23:03:13.831   372   372 D Zygote  : Forked child process 1680
08-26 23:03:13.835   574   618 W ActivityManager: Slow operation: 159ms so far, now at startProcess: returned from zygote!
08-26 23:03:13.839  1599  1599 D nativeloader: Configuring clns-7 for other apk /data/app/~~22gHf9xQKo9JlRAXikjaYg==/com.google.android.apps.wellbeing-S-hAf0ntjhubdr5_UV284Q==/base.apk:/data/app/~~22gHf9xQKo9JlRAXikjaYg==/com.google.android.apps.wellbeing-S-hAf0ntjhubdr5_UV284Q==/split_config.xxhdpi.apk. target_sdk_version=36, uses_libraries=, library_path=/data/app/~~22gHf9xQKo9JlRAXikjaYg==/com.google.android.apps.wellbeing-S-hAf0ntjhubdr5_UV284Q==/lib/x86_64:/data/app/~~22gHf9xQKo9JlRAXikjaYg==/com.google.android.apps.wellbeing-S-hAf0ntjhubdr5_UV284Q==/base.apk!/lib/x86_64:/data/app/~~22gHf9xQKo9JlRAXikjaYg==/com.google.android.apps.wellbeing-S-hAf0ntjhubdr5_UV284Q==/split_config.xxhdpi.apk!/lib/x86_64, permitted_path=/data:/mnt/expand:/data/user/0/com.google.android.apps.wellbeing
08-26 23:03:13.851  1318  1318 D nativeloader: Load /product/priv-app/DevicePersonalizationPrebuiltPixel2021-aiai_20240329.00_RC16/DevicePersonalizationPrebuiltPixel2021-aiai_20240329.00_RC16.apk!/lib/x86_64/libaiai_native.so using ns product-clns-7 from class loader (caller=/product/priv-app/DevicePersonalizationPrebuiltPixel2021-aiai_20240329.00_RC16/DevicePersonalizationPrebuiltPixel2021-aiai_20240329.00_RC16.apk): ok
08-26 23:03:13.853   574   616 D CompatChangeReporter: Compat change id reported: 311208629; UID 10126; state: ENABLED
08-26 23:03:13.856  1318  1635 I AiAiSpeechRecognition: Finished deleting old background tasks.
08-26 23:03:13.863  1680  1680 I .android.as.oss: Using CollectorTypeCMC GC.
08-26 23:03:13.867  1680  1680 W .android.as.oss: Unexpected CPU variant for x86: x86_64.
08-26 23:03:13.867  1680  1680 W .android.as.oss: Known variants: atom, sandybridge, silvermont, goldmont, goldmont-plus, goldmont-without-sha-xsaves, tremont, kabylake, default
08-26 23:03:13.946   574  1450 W ActivityManager: Slow operation: 366ms so far, now at finishAttachApplicationInner: after mServices.attachApplicationLocked
08-26 23:03:13.946   574  1450 W ActivityManager: Slow operation: 367ms so far, now at finishAttachApplicationInner: after dispatching broadcasts
08-26 23:03:13.948  1349  1349 I eshh    : (REDACTED) Scoped context discovery schemas: %s.
08-26 23:03:13.950   574   597 I ServiceWatcher: [GeofenceProxy] connected to {com.google.android.gms/com.google.android.location.internal.GoogleLocationManagerService}
08-26 23:03:13.965   574   593 D CompatChangeReporter: Compat change id reported: 151861875; UID 10092; state: ENABLED
08-26 23:03:13.969  1487  1672 I Watchcat: Started
08-26 23:03:13.970  1487  1672 I GMS_MM_Logger: (REDACTED) Start time: %s
08-26 23:03:13.971  1487  1672 I GMS_MM_Logger: Started.
08-26 23:03:13.974   574   593 V GrammaticalInflectionUtils: AttributionSource: android.content.AttributionSource@c96262f3 does not have READ_SYSTEM_GRAMMATICAL_GENDER permission.
08-26 23:03:13.975  1101  1157 D LoaderTask: loadWorkspace
08-26 23:03:13.986   828   828 D ZenModeController: Removed callback class com.android.systemui.qs.tiles.DndTile$3
08-26 23:03:13.987  1349  1349 I deny    : (REDACTED) #onReady(%s)
08-26 23:03:13.989   574   901 D ShortcutService: Getting shortcuts for launcher= com.google.android.apps.nexuslauncheruser=0 pkg=null
08-26 23:03:13.991  1349  1349 I deny    : (REDACTED) Running action(%s) over listeners(%s).
08-26 23:03:13.995   506   827 D BufferPoolAccessor2.0: bufferpool2 0x795ecccd5a08 : 0(0 size) total buffers - 0(0 size) used buffers - 13/15 (recycle/alloc) - 2/14 (fetch/transfer)
08-26 23:03:13.995   506   827 D BufferPoolAccessor2.0: bufferpool2 0x795ecccd75c8 : 0(0 size) total buffers - 0(0 size) used buffers - 8/10 (recycle/alloc) - 2/9 (fetch/transfer)
08-26 23:03:13.995   506   827 D BufferPoolAccessor2.0: bufferpool2 0x795ecccd5ea8 : 0(0 size) total buffers - 0(0 size) used buffers - 5/7 (recycle/alloc) - 2/6 (fetch/transfer)
08-26 23:03:13.995   506   827 D BufferPoolAccessor2.0: bufferpool2 0x795ecccd6598 : 0(0 size) total buffers - 0(0 size) used buffers - 8/10 (recycle/alloc) - 2/9 (fetch/transfer)
08-26 23:03:13.996   506   827 D BufferPoolAccessor2.0: bufferpool2 0x795ecccd9628 : 0(0 size) total buffers - 0(0 size) used buffers - 8/11 (recycle/alloc) - 2/10 (fetch/transfer)
08-26 23:03:13.996   506   827 D BufferPoolAccessor2.0: bufferpool2 0x795ecccd8f38 : 0(0 size) total buffers - 0(0 size) used buffers - 12/15 (recycle/alloc) - 3/14 (fetch/transfer)
08-26 23:03:13.996   506   827 D BufferPoolAccessor2.0: evictor expired: 10, evicted: 6
08-26 23:03:13.998  1101  1157 D LoaderTask: sanitizeData
08-26 23:03:13.998   828  1148 D LocalImageResolver: Couldn't use ImageDecoder for drawable, falling back to non-resized load.
08-26 23:03:14.000  1101  1157 D LoaderTask: bindWorkspace
08-26 23:03:14.007   574   593 W ActivityManager: Slow operation: 54ms so far, now at startProcess: done starting proc!
08-26 23:03:14.007   574   593 W ContentProviderHelper: Slow operation: 55ms so far, now at getContentProviderImpl: after start process
08-26 23:03:14.009  1318  1654 I TrainerClient: Preparing to schedule training for population:aiai/playstore/pecanconversationsessionevents session_name:pecanconversationsessionevents
08-26 23:03:14.009   574   593 W ContentProviderHelper: Slow operation: 57ms so far, now at getContentProviderImpl: updating data structures
08-26 23:03:14.009   574   593 W ContentProviderHelper: Slow operation: 57ms so far, now at getContentProviderImpl: done!
08-26 23:03:14.010  1318  1654 I TrainerClient: Preparing to schedule training for population:aiai/playstore/pecanconversationthreadevents session_name:pecanconversationthreadevents
08-26 23:03:14.010  1318  1654 I TrainerClient: Preparing to schedule training for population:aiai/playstore/ambientcontext session_name:ambientcontext
08-26 23:03:14.010  1318  1654 I TrainerClient: Preparing to schedule training for population:aiai/playstore/pecanmessageevents session_name:pecanmessageevents
08-26 23:03:14.011  1318  1654 I TrainerClient: Preparing to schedule training for population:aiai/playstore/search session_name:search
08-26 23:03:14.011  1318  1654 I TrainerClient: Preparing to schedule training for population:aiai/playstore/pecansearchqueryevents session_name:pecansearchqueryevents
08-26 23:03:14.011  1318  1654 I TrainerClient: Preparing to schedule training for population:aiai/playstore/toastquery session_name:toastquery
08-26 23:03:14.015  1362  1362 I CarrierServices: SystemBindingService onCreate
08-26 23:03:14.017  1423  1423 I cfck    : onCreate()
08-26 23:03:14.020   574  1479 W ActivityManager: Slow operation: 223ms so far, now at finishAttachApplicationInner: after mServices.attachApplicationLocked
08-26 23:03:14.021   574  1479 W ActivityManager: Slow operation: 224ms so far, now at finishAttachApplicationInner: after dispatching broadcasts
08-26 23:03:14.029   574  1479 W ActivityManager: Slow operation: 232ms so far, now at finishAttachApplicationInner: after updateOomAdjLocked
08-26 23:03:14.032  1258  1258 I ModuleManager: ModuleManager.initModules():263 GenAiDelegate is forbidden to run on current process
08-26 23:03:14.034   503   503 E RIL     : Error 0 opening logical channel: 0
08-26 23:03:14.043   574  1371 W AppSearchIcing: icing-search-engine.cc:321: Error: 5, Message: Document (VS#Pkg$VS#AndroidVDb/androidVOverlay, com.google.android.calendar$Task_com.google.android.calendar/builtin:Account) not found.
08-26 23:03:14.045   574  1371 W AppSearchIcing: icing-search-engine.cc:321: Error: 5, Message: Document (VS#Pkg$VS#AndroidVDb/androidVOverlay, com.google.android.calendar$Task_com.google.android.calendar/Task) not found.
08-26 23:03:14.045   574  1371 W AppSearchIcing: icing-search-engine.cc:321: Error: 5, Message: Document (VS#Pkg$VS#AndroidVDb/androidVOverlay, com.google.android.deskclock$com.google.android.deskclock/RegistrationDocument) not found.
08-26 23:03:14.046   574  1371 W AppSearchIcing: icing-search-engine.cc:321: Error: 5, Message: Document (VS#Pkg$VS#AndroidVDb/androidVOverlay, com.google.android.deskclock$com.google.android.deskclock/LocationDocument) not found.
08-26 23:03:14.046   574  1371 W AppSearchIcing: icing-search-engine.cc:321: Error: 5, Message: Document (VS#Pkg$VS#AndroidVDb/androidVOverlay, android$contacts/builtin:ContactPoint) not found.
08-26 23:03:14.047   574  1371 W AppSearchIcing: icing-search-engine.cc:321: Error: 5, Message: Document (VS#Pkg$VS#AndroidVDb/androidVOverlay, android$contacts/builtin:Person) not found.
08-26 23:03:14.047   574  1371 W AppSearchIcing: icing-search-engine.cc:321: Error: 5, Message: Document (VS#Pkg$VS#AndroidVDb/androidVOverlay, com.google.android.settings.intelligence$settings/SettingsAppSearchDocument) not found.
08-26 23:03:14.047   574  1371 W AppSearchIcing: icing-search-engine.cc:321: Error: 5, Message: Document (VS#Pkg$VS#AndroidVDb/androidVOverlay, com.google.android.gms$cpg/cpg:GroupContactOrder) not found.
08-26 23:03:14.048   574  1371 W AppSearchIcing: icing-search-engine.cc:321: Error: 5, Message: Document (VS#Pkg$VS#AndroidVDb/androidVOverlay, com.google.android.gms$cpg/cpg:ActionPreference) not found.
08-26 23:03:14.048   574  1371 W AppSearchIcing: icing-search-engine.cc:321: Error: 5, Message: Document (VS#Pkg$VS#AndroidVDb/androidVOverlay, com.google.android.deskclock$clock/builtin:AlarmInstance) not found.
08-26 23:03:14.049   574  1371 W AppSearchIcing: icing-search-engine.cc:321: Error: 5, Message: Document (VS#Pkg$VS#AndroidVDb/androidVOverlay, com.google.android.deskclock$clock/builtin:StopwatchLap) not found.
08-26 23:03:14.049   574  1371 W AppSearchIcing: icing-search-engine.cc:321: Error: 5, Message: Document (VS#Pkg$VS#AndroidVDb/androidVOverlay, com.google.android.deskclock$clock/builtin:PotentialAction) not found.
08-26 23:03:14.049   574  1371 W AppSearchIcing: icing-search-engine.cc:321: Error: 5, Message: Document (VS#Pkg$VS#AndroidVDb/androidVOverlay, com.google.android.deskclock$clock/builtin:Stopwatch) not found.
08-26 23:03:14.049   574  1371 W AppSearchIcing: icing-search-engine.cc:321: Error: 5, Message: Document (VS#Pkg$VS#AndroidVDb/androidVOverlay, com.google.android.deskclock$clock/builtin:Alarm) not found.
08-26 23:03:14.050   574  1371 W AppSearchIcing: icing-search-engine.cc:321: Error: 5, Message: Document (VS#Pkg$VS#AndroidVDb/androidVOverlay, com.google.android.deskclock$clock/builtin:Timer) not found.
08-26 23:03:14.060   971   971 I ImsExternalCallTracker: handleVideoCapabilitiesChanged : isVideoCapable = false
08-26 23:03:14.060   971   971 D ImsExternalCallTracker: refreshCallPullState
08-26 23:03:14.062   971   971 I Telephony: handleVideoCapabilitesChanged. Video capability - false
08-26 23:03:14.063   971   971 V SimultaneousCallingTracker: Received EVENT 101
08-26 23:03:14.067   574  1371 E AppSearchManagerService: Unable to schedule fully persist job for 0
08-26 23:03:14.067   574  1371 E AppSearchManagerService: java.lang.IllegalArgumentException: Tried to schedule job for non-existent component: ComponentInfo{android/com.android.server.appsearch.AppSearchMaintenanceService}
08-26 23:03:14.067   574  1371 E AppSearchManagerService: 	at com.android.server.job.JobSchedulerService$JobSchedulerStub.enforceValidJobRequest(JobSchedulerService.java:4756)
08-26 23:03:14.067   574  1371 E AppSearchManagerService: 	at com.android.server.job.JobSchedulerService$JobSchedulerStub.schedule(JobSchedulerService.java:4969)
08-26 23:03:14.067   574  1371 E AppSearchManagerService: 	at android.app.JobSchedulerImpl.schedule(JobSchedulerImpl.java:87)
08-26 23:03:14.067   574  1371 E AppSearchManagerService: 	at com.android.server.appsearch.AppSearchMaintenanceService.scheduleFullyPersistJob(AppSearchMaintenanceService.java:91)
08-26 23:03:14.067   574  1371 E AppSearchManagerService: 	at com.android.server.appsearch.AppSearchManagerService.lambda$onUserUnlocking$1(AppSearchManagerService.java:381)
08-26 23:03:14.067   574  1371 E AppSearchManagerService: 	at com.android.server.appsearch.AppSearchManagerService.$r8$lambda$7li-QUZvrsDk5ZvsFzpgCXuGV7s(AppSearchManagerService.java:0)
08-26 23:03:14.067   574  1371 E AppSearchManagerService: 	at com.android.server.appsearch.AppSearchManagerService$$ExternalSyntheticLambda3.run(R8$$SyntheticClass:0)
08-26 23:03:14.067   574  1371 E AppSearchManagerService: 	at java.util.concurrent.ThreadPoolExecutor.runWorker(ThreadPoolExecutor.java:1145)
08-26 23:03:14.067   574  1371 E AppSearchManagerService: 	at java.util.concurrent.ThreadPoolExecutor$Worker.run(ThreadPoolExecutor.java:644)
08-26 23:03:14.067   574  1371 E AppSearchManagerService: 	at java.lang.Thread.run(Thread.java:1012)
08-26 23:03:14.072  1318  1456 I AiAiWallpaperEffectsGen: load models from mdd and update ItpCache, isForegroundPath = false
08-26 23:03:14.074  1318  1456 I AiAiWallpaperEffectsGen: Flag off, skip loading mdd models
08-26 23:03:14.074   971   971 D SimultaneousCallingTracker: Ignoring updatePhoneMapAndSimultaneousCallSupportMap since device is not DSDA capable.
08-26 23:03:14.075   971   971 I ImsExternalCallTracker: handleVideoCapabilitiesChanged : isVideoCapable = false
08-26 23:03:14.075   971   971 D ImsExternalCallTracker: refreshCallPullState
08-26 23:03:14.075   971   971 I Telephony: handleVideoCapabilitesChanged. Video capability - false
08-26 23:03:14.077   574  1371 W AppSearchIcing: icing-search-engine.cc:321: Error: 5, Message: Document (com.google.android.googlequicksearchbox$OneSearchZeroStateGoogleSuggestions/default, zp) not found.
08-26 23:03:14.079   574  1478 D OomAdjuster: Not killing cached processes
08-26 23:03:14.083  1101  1469 D OneSearchSuggestProvider: AppSearch 0-state cache not available, fallback to AGA
08-26 23:03:14.083  1101  1469 D OneSearchSuggestProvider: java.util.concurrent.CompletionException: java.util.NoSuchElementException: No value present
08-26 23:03:14.083  1101  1469 D OneSearchSuggestProvider: 	at java.util.concurrent.CompletableFuture.encodeThrowable(CompletableFuture.java:308)
08-26 23:03:14.083  1101  1469 D OneSearchSuggestProvider: 	at java.util.concurrent.CompletableFuture.completeThrowable(CompletableFuture.java:323)
08-26 23:03:14.083  1101  1469 D OneSearchSuggestProvider: 	at java.util.concurrent.CompletableFuture$UniAccept.tryFire(CompletableFuture.java:684)
