08-27 21:42:40.115 21787 21793 W .apps.wellbeing: ApkAssets: Deleting an ApkAssets object '<empty> and /product/overlay/DisplayCutoutEmulationTall/DisplayCutoutEmulationTallOverlay.apk' with 1 weak references
08-27 21:42:40.115 21787 21793 W .apps.wellbeing: ApkAssets: Deleting an ApkAssets object '<empty> and /system/app/CertInstaller/CertInstaller.apk' with 1 weak references
08-27 21:42:40.115 21787 21793 W .apps.wellbeing: ApkAssets: Deleting an ApkAssets object '<empty> and /product/app/talkback/talkback.apk' with 1 weak references
08-27 21:42:40.116 21787 21793 W .apps.wellbeing: ApkAssets: Deleting an ApkAssets object '/vendor/overlay/EmulatorTalkBackOverlay/EmulatorTalkBackOverlay.apk' with 1 weak references
08-27 21:42:40.116 21787 21793 W .apps.wellbeing: ApkAssets: Deleting an ApkAssets object '<empty> and /product/overlay/NavigationBarMode3Button/NavigationBarMode3ButtonOverlay.apk' with 1 weak references
08-27 21:42:40.116 21787 21793 W .apps.wellbeing: ApkAssets: Deleting an ApkAssets object '<empty> and /product/app/Camera2/Camera2.apk' with 1 weak references
08-27 21:42:40.116 21787 21793 W .apps.wellbeing: ApkAssets: Deleting an ApkAssets object '<empty> and /system/app/EasterEgg/EasterEgg.apk' with 1 weak references
08-27 21:42:40.117 21787 21793 W .apps.wellbeing: ApkAssets: Deleting an ApkAssets object '<empty> and /system/priv-app/MtpService/MtpService.apk' with 1 weak references
08-27 21:42:40.117 21787 21793 W .apps.wellbeing: ApkAssets: Deleting an ApkAssets object '<empty> and /apex/com.android.nfcservices/priv-app/NfcNciApexGoogle@AE3A.240806.005/NfcNciApexGoogle.apk' with 1 weak references
08-27 21:42:40.117 21787 21793 W .apps.wellbeing: ApkAssets: Deleting an ApkAssets object '<empty> and /system/app/Stk/Stk.apk' with 1 weak references
08-27 21:42:40.117 21787 21793 W .apps.wellbeing: ApkAssets: Deleting an ApkAssets object '<empty> and /data/app/~~YomyGU7PwxBgz11z6qDQFA==/com.google.android.deskclock-qYX0_dFkTPlU93QHwcWuqw==/base.apk' with 1 weak references
08-27 21:42:40.117 21787 21793 W .apps.wellbeing: ApkAssets: Deleting an ApkAssets object '<empty> and /data/app/~~YomyGU7PwxBgz11z6qDQFA==/com.google.android.deskclock-qYX0_dFkTPlU93QHwcWuqw==/split_config.xxhdpi.apk' with 1 weak references
08-27 21:42:40.117 21787 21793 W .apps.wellbeing: ApkAssets: Deleting an ApkAssets object '<empty> and /product/overlay/NavigationBarMode2Button/NavigationBarMode2ButtonOverlay.apk' with 1 weak references
08-27 21:42:40.117 21787 21793 W .apps.wellbeing: ApkAssets: Deleting an ApkAssets object '<empty> and /product/priv-app/DevicePersonalizationPrebuiltPixel2021-aiai_20240329.00_RC16/DevicePersonalizationPrebuiltPixel2021-aiai_20240329.00_RC16.apk' with 1 weak references
08-27 21:42:40.117 21787 21793 W .apps.wellbeing: ApkAssets: Deleting an ApkAssets object '<empty> and /data/app/~~LmB0AnPRAyhy9qJKJmzWrA==/com.google.android.gm-MoT-taBAQP5_WazzpONDzw==/base.apk' with 1 weak references
08-27 21:42:40.118 21787 21793 W .apps.wellbeing: ApkAssets: Deleting an ApkAssets object '<empty> and /data/app/~~LmB0AnPRAyhy9qJKJmzWrA==/com.google.android.gm-MoT-taBAQP5_WazzpONDzw==/split_config.en.apk' with 1 weak references
08-27 21:42:40.118 21787 21793 W .apps.wellbeing: ApkAssets: Deleting an ApkAssets object '<empty> and /data/app/~~LmB0AnPRAyhy9qJKJmzWrA==/com.google.android.gm-MoT-taBAQP5_WazzpONDzw==/split_config.x86_64.apk' with 1 weak references
08-27 21:42:40.118 21787 21793 W .apps.wellbeing: ApkAssets: Deleting an ApkAssets object '<empty> and /data/app/~~LmB0AnPRAyhy9qJKJmzWrA==/com.google.android.gm-MoT-taBAQP5_WazzpONDzw==/split_config.xxhdpi.apk' with 1 weak references
08-27 21:42:40.118 21787 21793 W .apps.wellbeing: ApkAssets: Deleting an ApkAssets object '<empty> and /apex/com.android.permission/priv-app/GooglePermissionController@350820360/GooglePermissionController.apk' with 1 weak references
08-27 21:42:40.118 21787 21793 W .apps.wellbeing: ApkAssets: Deleting an ApkAssets object '/product/overlay/GooglePermissionControllerOverlay.apk' with 1 weak references
08-27 21:42:40.118 21787 21793 W .apps.wellbeing: ApkAssets: Deleting an ApkAssets object '<empty> and /apex/com.android.btservices/app/BluetoothGoogle@342010060/BluetoothGoogle.apk' with 1 weak references
08-27 21:42:40.118 21787 21793 W .apps.wellbeing: ApkAssets: Deleting an ApkAssets object '<empty> and /system/priv-app/SettingsProvider/SettingsProvider.apk' with 1 weak references
08-27 21:42:40.118 21787 21793 W .apps.wellbeing: ApkAssets: Deleting an ApkAssets object '/product/overlay/LargeScreenSettingsProviderOverlay.apk' with 1 weak references
08-27 21:42:40.119 21787 21793 W .apps.wellbeing: ApkAssets: Deleting an ApkAssets object '/product/overlay/SettingsProvider__sdk_gphone64_x86_64__auto_generated_rro_product.apk' with 1 weak references
08-27 21:42:40.119 21787 21793 W .apps.wellbeing: ApkAssets: Deleting an ApkAssets object '<empty> and /system/app/PrintSpooler/PrintSpooler.apk' with 1 weak references
08-27 21:42:40.119 21787 21793 W .apps.wellbeing: ApkAssets: Deleting an ApkAssets object '<empty> and /system/app/BasicDreams/BasicDreams.apk' with 1 weak references
08-27 21:42:40.119 21787 21793 W .apps.wellbeing: ApkAssets: Deleting an ApkAssets object '<empty> and /data/app/~~gwaVcBU3-8VRYlG11lWaJQ==/com.google.android.as.oss-CgXu0n1hpucVdbO7MbI0rQ==/base.apk' with 1 weak references
08-27 21:42:40.119 21787 21793 W .apps.wellbeing: ApkAssets: Deleting an ApkAssets object '<empty> and /data/app/~~gwaVcBU3-8VRYlG11lWaJQ==/com.google.android.as.oss-CgXu0n1hpucVdbO7MbI0rQ==/split_config.arm64_v8a.apk' with 1 weak references
08-27 21:42:40.119 21787 21793 W .apps.wellbeing: ApkAssets: Deleting an ApkAssets object '<empty> and /data/app/~~gwaVcBU3-8VRYlG11lWaJQ==/com.google.android.as.oss-CgXu0n1hpucVdbO7MbI0rQ==/split_config.en.apk' with 1 weak references
08-27 21:42:40.119 21787 21793 W .apps.wellbeing: ApkAssets: Deleting an ApkAssets object '<empty> and /data/app/~~gwaVcBU3-8VRYlG11lWaJQ==/com.google.android.as.oss-CgXu0n1hpucVdbO7MbI0rQ==/split_config.xxhdpi.apk' with 1 weak references
08-27 21:42:40.119 21787 21793 W .apps.wellbeing: ApkAssets: Deleting an ApkAssets object '<empty> and /system/priv-app/InputDevices/InputDevices.apk' with 1 weak references
08-27 21:42:40.119 21787 21793 W .apps.wellbeing: ApkAssets: Deleting an ApkAssets object '<empty> and /apex/com.android.devicelock/priv-app/DeviceLockControllerGoogle@AE3A.240806.005/DeviceLockControllerGoogle.apk' with 1 weak references
08-27 21:42:40.119 21787 21793 W .apps.wellbeing: ApkAssets: Deleting an ApkAssets object '<empty> and /data/app/~~dPesJoVH9EE7KfKUm0najA==/com.google.android.dialer-rBst2tvEew2IKcXBcQQATQ==/base.apk' with 1 weak references
08-27 21:42:40.119 21787 21793 W .apps.wellbeing: ApkAssets: Deleting an ApkAssets object '<empty> and /system/priv-app/BuiltInPrintService/BuiltInPrintService.apk' with 1 weak references
08-27 21:42:40.119 21787 21793 W .apps.wellbeing: ApkAssets: Deleting an ApkAssets object '/product/overlay/BuiltInPrintService__sdk_gphone64_x86_64__auto_generated_rro_product.apk' with 1 weak references
08-27 21:42:40.120 21787 21793 W .apps.wellbeing: ApkAssets: Deleting an ApkAssets object '<empty> and /system/app/CaptivePortalLoginGoogle/CaptivePortalLoginGoogle.apk' with 1 weak references
08-27 21:42:40.120 21787 21793 W .apps.wellbeing: ApkAssets: Deleting an ApkAssets object '<empty> and /system/priv-app/MusicFX/MusicFX.apk' with 1 weak references
08-27 21:42:40.120 21787 21793 W .apps.wellbeing: ApkAssets: Deleting an ApkAssets object '<empty> and /data/app/~~mSC8mEa8x1IXKRfJ84zreA==/com.google.android.apps.docs-i-V493zMLWctA29D556Qpw==/base.apk' with 1 weak references
08-27 21:42:40.120 21787 21793 W .apps.wellbeing: ApkAssets: Deleting an ApkAssets object '<empty> and /data/app/~~mSC8mEa8x1IXKRfJ84zreA==/com.google.android.apps.docs-i-V493zMLWctA29D556Qpw==/split_config.en.apk' with 1 weak references
08-27 21:42:40.120 21787 21793 W .apps.wellbeing: ApkAssets: Deleting an ApkAssets object '<empty> and /data/app/~~mSC8mEa8x1IXKRfJ84zreA==/com.google.android.apps.docs-i-V493zMLWctA29D556Qpw==/split_config.x86_64.apk' with 1 weak references
08-27 21:42:40.120 21787 21793 W .apps.wellbeing: ApkAssets: Deleting an ApkAssets object '<empty> and /data/app/~~mSC8mEa8x1IXKRfJ84zreA==/com.google.android.apps.docs-i-V493zMLWctA29D556Qpw==/split_config.xxhdpi.apk' with 1 weak references
08-27 21:42:40.120 21787 21793 W .apps.wellbeing: ApkAssets: Deleting an ApkAssets object '<empty> and /data/app/~~mdtcrdGhSn-XdpRBeI7ZzA==/com.google.android.apps.maps-LBUPeGLWPZ-WC3KflHIrxw==/base.apk' with 1 weak references
08-27 21:42:40.120 21787 21793 W .apps.wellbeing: ApkAssets: Deleting an ApkAssets object '<empty> and /data/app/~~mdtcrdGhSn-XdpRBeI7ZzA==/com.google.android.apps.maps-LBUPeGLWPZ-WC3KflHIrxw==/split_config.en.apk' with 1 weak references
08-27 21:42:40.120 21787 21793 W .apps.wellbeing: ApkAssets: Deleting an ApkAssets object '<empty> and /data/app/~~mdtcrdGhSn-XdpRBeI7ZzA==/com.google.android.apps.maps-LBUPeGLWPZ-WC3KflHIrxw==/split_config.x86_64.apk' with 1 weak references
08-27 21:42:40.120 21787 21793 W .apps.wellbeing: ApkAssets: Deleting an ApkAssets object '<empty> and /data/app/~~mdtcrdGhSn-XdpRBeI7ZzA==/com.google.android.apps.maps-LBUPeGLWPZ-WC3KflHIrxw==/split_config.xxhdpi.apk' with 1 weak references
08-27 21:42:40.120 21787 21793 W .apps.wellbeing: ApkAssets: Deleting an ApkAssets object '<empty> and /product/app/ModuleMetadataGoogle/ModuleMetadataGoogle.apk' with 1 weak references
08-27 21:42:40.120 21787 21793 W .apps.wellbeing: ApkAssets: Deleting an ApkAssets object '<empty> and /product/overlay/DisplayCutoutEmulationEmu01/DisplayCutoutEmulationEmu01Overlay.apk' with 1 weak references
08-27 21:42:40.121 21787 21793 W .apps.wellbeing: ApkAssets: Deleting an ApkAssets object '<empty> and /system_ext/priv-app/AvatarPickerGoogle/AvatarPickerGoogle.apk' with 1 weak references
08-27 21:42:40.121 21787 21793 W .apps.wellbeing: ApkAssets: Deleting an ApkAssets object '<empty> and /product/app/MarkupGoogle_v2/MarkupGoogle_v2.apk' with 1 weak references
08-27 21:42:40.121 21787 21793 W .apps.wellbeing: ApkAssets: Deleting an ApkAssets object '<empty> and /system/priv-app/NetworkStackGoogle/NetworkStackGoogle.apk' with 1 weak references
08-27 21:42:40.121 21787 21793 W .apps.wellbeing: ApkAssets: Deleting an ApkAssets object '<empty> and /apex/com.android.rkpd/priv-app/rkpdapp.google@350820300/rkpdapp.google.apk' with 1 weak references
08-27 21:42:40.121 21787 21793 W .apps.wellbeing: ApkAssets: Deleting an ApkAssets object '<empty> and /data/app/~~wjJZid8_TisxyHCSMf5dQQ==/com.google.android.contacts-UWYtWz0eBhGMZJcpcgR9UA==/base.apk' with 1 weak references
08-27 21:42:40.121 21787 21793 W .apps.wellbeing: ApkAssets: Deleting an ApkAssets object '<empty> and /data/app/~~wjJZid8_TisxyHCSMf5dQQ==/com.google.android.contacts-UWYtWz0eBhGMZJcpcgR9UA==/split_config.en.apk' with 1 weak references
08-27 21:42:40.121 21787 21793 W .apps.wellbeing: ApkAssets: Deleting an ApkAssets object '<empty> and /data/app/~~wjJZid8_TisxyHCSMf5dQQ==/com.google.android.contacts-UWYtWz0eBhGMZJcpcgR9UA==/split_config.x86_64.apk' with 1 weak references
08-27 21:42:40.121 21787 21793 W .apps.wellbeing: ApkAssets: Deleting an ApkAssets object '<empty> and /data/app/~~wjJZid8_TisxyHCSMf5dQQ==/com.google.android.contacts-UWYtWz0eBhGMZJcpcgR9UA==/split_config.xxhdpi.apk' with 1 weak references
08-27 21:42:40.132 21787 21793 W .apps.wellbeing: ApkAssets: Deleting an ApkAssets object '<empty> and /system/priv-app/Telecom/Telecom.apk' with 1 weak references
08-27 21:42:40.132 21787 21793 W .apps.wellbeing: ApkAssets: Deleting an ApkAssets object '/product/overlay/Telecom__sdk_gphone64_x86_64__auto_generated_rro_product.apk' with 1 weak references
08-27 21:42:40.133 21787 21793 W .apps.wellbeing: ApkAssets: Deleting an ApkAssets object '<empty> and /system/app/KeyChain/KeyChain.apk' with 1 weak references
08-27 21:42:40.133 21787 21793 W .apps.wellbeing: ApkAssets: Deleting an ApkAssets object '<empty> and /data/app/~~Oyl_BV3E0sgLQ2wgvb5zuA==/com.android.chrome-9GSvXWPRr8Gni-zV6RvNsg==/base.apk' with 1 weak references
08-27 21:42:40.136 21787 21793 W .apps.wellbeing: ApkAssets: Deleting an ApkAssets object '<empty> and /data/app/~~Oyl_BV3E0sgLQ2wgvb5zuA==/com.android.chrome-9GSvXWPRr8Gni-zV6RvNsg==/split_chrome.apk' with 1 weak references
08-27 21:42:40.143 21787 21793 W .apps.wellbeing: ApkAssets: Deleting an ApkAssets object '<empty> and /data/app/~~Oyl_BV3E0sgLQ2wgvb5zuA==/com.android.chrome-9GSvXWPRr8Gni-zV6RvNsg==/split_config.en.apk' with 1 weak references
08-27 21:42:40.144 21787 21793 W .apps.wellbeing: ApkAssets: Deleting an ApkAssets object '<empty> and /data/app/~~Oyl_BV3E0sgLQ2wgvb5zuA==/com.android.chrome-9GSvXWPRr8Gni-zV6RvNsg==/split_dev_ui.apk' with 1 weak references
08-27 21:42:40.144 21787 21793 W .apps.wellbeing: ApkAssets: Deleting an ApkAssets object '<empty> and /data/app/~~Oyl_BV3E0sgLQ2wgvb5zuA==/com.android.chrome-9GSvXWPRr8Gni-zV6RvNsg==/split_google3.apk' with 1 weak references
08-27 21:42:40.144 21787 21793 W .apps.wellbeing: ApkAssets: Deleting an ApkAssets object '<empty> and /data/app/~~Oyl_BV3E0sgLQ2wgvb5zuA==/com.android.chrome-9GSvXWPRr8Gni-zV6RvNsg==/split_stack_unwinder.apk' with 1 weak references
08-27 21:42:40.144 21787 21793 W .apps.wellbeing: ApkAssets: Deleting an ApkAssets object '<empty> and /data/app/~~Oyl_BV3E0sgLQ2wgvb5zuA==/com.android.chrome-9GSvXWPRr8Gni-zV6RvNsg==/split_test_dummy.apk' with 1 weak references
08-27 21:42:40.144 21787 21793 W .apps.wellbeing: ApkAssets: Deleting an ApkAssets object '<empty> and /data/app/~~Apj48RmtujST320ssPbB0Q==/com.google.android.trichromelibrary_725814338-Mc-HAI33_o62ErAXBkBiEw==/base.apk' with 1 weak references
08-27 21:42:40.144 21787 21793 W .apps.wellbeing: ApkAssets: Deleting an ApkAssets object '<empty> and /system/priv-app/GooglePackageInstaller/GooglePackageInstaller.apk' with 1 weak references
08-27 21:42:40.144 21787 21793 W .apps.wellbeing: ApkAssets: Deleting an ApkAssets object '<empty> and /product/app/PixelThemesStub/PixelThemesStub.apk' with 1 weak references
08-27 21:42:40.145 21787 21793 W .apps.wellbeing: ApkAssets: Deleting an ApkAssets object '<empty> and /system_ext/priv-app/GoogleServicesFramework/GoogleServicesFramework.apk' with 1 weak references
08-27 21:42:40.145 21787 21793 W .apps.wellbeing: ApkAssets: Deleting an ApkAssets object '<empty> and /system/priv-app/TagGoogle/TagGoogle.apk' with 1 weak references
08-27 21:42:40.160 21578 23247 I Finsky  : [240] Completed 0 account content syncs with 0 successful.
08-27 21:42:40.160 21578 21578 I Finsky  : [2] [ContentSync] Installation state replication succeeded.
08-27 21:42:40.160 21578 21578 I Finsky  : [2] SCH: jobFinished: 12-1. TimeElapsed: 465ms.
08-27 21:42:40.160 21578 21578 I Finsky  : [2] WM::SCH: Logging work end for 12-1
08-27 21:42:40.181 21787 21793 W .apps.wellbeing: ApkAssets: Deleting an ApkAssets object '<empty> and /data/app/~~c7nS3Ddu1rkEZ2R7zNW08Q==/com.google.android.tts-fsizE8orgcZdIbAyc6Vc5A==/base.apk' with 1 weak references
08-27 21:42:40.182 21787 21793 W .apps.wellbeing: ApkAssets: Deleting an ApkAssets object '<empty> and /data/app/~~c7nS3Ddu1rkEZ2R7zNW08Q==/com.google.android.tts-fsizE8orgcZdIbAyc6Vc5A==/split_config.en.apk' with 1 weak references
08-27 21:42:40.182 21787 21793 W .apps.wellbeing: ApkAssets: Deleting an ApkAssets object '<empty> and /data/app/~~c7nS3Ddu1rkEZ2R7zNW08Q==/com.google.android.tts-fsizE8orgcZdIbAyc6Vc5A==/split_config.x86_64.apk' with 1 weak references
08-27 21:42:40.182 21787 21793 W .apps.wellbeing: ApkAssets: Deleting an ApkAssets object '<empty> and /data/app/~~c7nS3Ddu1rkEZ2R7zNW08Q==/com.google.android.tts-fsizE8orgcZdIbAyc6Vc5A==/split_config.xxhdpi.apk' with 1 weak references
08-27 21:42:40.182 21787 21793 W .apps.wellbeing: ApkAssets: Deleting an ApkAssets object '<empty> and /system/priv-app/CallLogBackup/CallLogBackup.apk' with 1 weak references
08-27 21:42:40.182 21787 21793 W .apps.wellbeing: ApkAssets: Deleting an ApkAssets object '<empty> and /data/app/~~6-FdvYFD325l_YhkcQ7GPA==/com.google.android.partnersetup-KVct0bue5NsIT2NsfzIk_Q==/base.apk' with 1 weak references
08-27 21:42:40.182 21787 21793 W .apps.wellbeing: ApkAssets: Deleting an ApkAssets object '<empty> and /data/app/~~6-FdvYFD325l_YhkcQ7GPA==/com.google.android.partnersetup-KVct0bue5NsIT2NsfzIk_Q==/split_config.en.apk' with 1 weak references
08-27 21:42:40.182 21787 21793 W .apps.wellbeing: ApkAssets: Deleting an ApkAssets object '<empty> and /data/app/~~6-FdvYFD325l_YhkcQ7GPA==/com.google.android.partnersetup-KVct0bue5NsIT2NsfzIk_Q==/split_config.es.apk' with 1 weak references
08-27 21:42:40.182 21787 21793 W .apps.wellbeing: ApkAssets: Deleting an ApkAssets object '<empty> and /data/app/~~6-FdvYFD325l_YhkcQ7GPA==/com.google.android.partnersetup-KVct0bue5NsIT2NsfzIk_Q==/split_config.xxhdpi.apk' with 1 weak references
08-27 21:42:40.182 21787 21793 W .apps.wellbeing: ApkAssets: Deleting an ApkAssets object '<empty> and /system/app/CameraExtensionsProxy/CameraExtensionsProxy.apk' with 1 weak references
08-27 21:42:40.183 21787 21793 W .apps.wellbeing: ApkAssets: Deleting an ApkAssets object '<empty> and /product/app/NexusWallpapersStubPrebuilt2018/NexusWallpapersStubPrebuilt2018.apk' with 1 weak references
08-27 21:42:40.183 21787 21793 W .apps.wellbeing: ApkAssets: Deleting an ApkAssets object '<empty> and /system_ext/priv-app/NexusLauncherRelease/NexusLauncherRelease.apk' with 1 weak references
08-27 21:42:40.183 21787 21793 W .apps.wellbeing: ApkAssets: Deleting an ApkAssets object '<empty> and /system/app/CarrierDefaultApp/CarrierDefaultApp.apk' with 1 weak references
08-27 21:42:40.183 21787 21793 W .apps.wellbeing: ApkAssets: Deleting an ApkAssets object '<empty> and /system/priv-app/CredentialManager/CredentialManager.apk' with 1 weak references
08-27 21:42:40.184 21787 21793 W .apps.wellbeing: ApkAssets: Deleting an ApkAssets object '<empty> and /product/overlay/FontNotoSerifSource/FontNotoSerifSourceOverlay.apk' with 1 weak references
08-27 21:42:40.184 21787 21793 W .apps.wellbeing: ApkAssets: Deleting an ApkAssets object '<empty> and /system/priv-app/DeviceAsWebcam/DeviceAsWebcam.apk' with 1 weak references
08-27 21:42:40.201 21787 21793 W .apps.wellbeing: ApkAssets: Deleting an ApkAssets object '<empty> and /system/priv-app/ProxyHandler/ProxyHandler.apk' with 1 weak references
08-27 21:42:40.202 21787 21793 W .apps.wellbeing: ApkAssets: Deleting an ApkAssets object '<empty> and /apex/com.android.permission/priv-app/GoogleSafetyCenterResources@350820360/GoogleSafetyCenterResources.apk' with 1 weak references
08-27 21:42:40.207 21787 21793 W .apps.wellbeing: ApkAssets: Deleting an ApkAssets object '<empty> and /product/overlay/DisplayCutoutEmulationWaterfall/DisplayCutoutEmulationWaterfallOverlay.apk' with 1 weak references
08-27 21:42:40.207 21787 21793 W .apps.wellbeing: ApkAssets: Deleting an ApkAssets object '<empty> and /system/priv-app/IntentResolver/IntentResolver.apk' with 1 weak references
08-27 21:42:40.207 21787 21793 W .apps.wellbeing: ApkAssets: Deleting an ApkAssets object '<empty> and /product/overlay/TransparentNavigationBar/TransparentNavigationBarOverlay.apk' with 1 weak references
08-27 21:42:40.207 21787 21793 W .apps.wellbeing: ApkAssets: Deleting an ApkAssets object '<empty> and /system/priv-app/E2eeContactKeysProvider/E2eeContactKeysProvider.apk' with 1 weak references
08-27 21:42:40.208 21787 21793 W .apps.wellbeing: ApkAssets: Deleting an ApkAssets object '<empty> and /apex/com.android.tethering/priv-app/ServiceConnectivityResourcesGoogle@350820300/ServiceConnectivityResourcesGoogle.apk' with 1 weak references
08-27 21:42:40.208 21787 21793 W .apps.wellbeing: ApkAssets: Deleting an ApkAssets object '/vendor/overlay/goldfish_overlay_connectivity_google.apk' with 1 weak references
08-27 21:42:40.209 21787 21793 W .apps.wellbeing: ApkAssets: Deleting an ApkAssets object '<empty> and /system_ext/priv-app/GoogleFeedback/GoogleFeedback.apk' with 1 weak references
08-27 21:42:40.209 21787 21793 W .apps.wellbeing: ApkAssets: Deleting an ApkAssets object '<empty> and /system/app/GooglePrintRecommendationService/GooglePrintRecommendationService.apk' with 1 weak references
08-27 21:42:40.209 21787 21793 W .apps.wellbeing: ApkAssets: Deleting an ApkAssets object '<empty> and /data/app/~~N9G4j2jIx_KoVjRfseLBgQ==/com.google.android.apps.photos-GbJzMMIMXrr0DdUXtvWFZQ==/base.apk' with 1 weak references
08-27 21:42:40.261 21787 21793 W .apps.wellbeing: ApkAssets: Deleting an ApkAssets object '<empty> and /data/app/~~N9G4j2jIx_KoVjRfseLBgQ==/com.google.android.apps.photos-GbJzMMIMXrr0DdUXtvWFZQ==/split_config.en.apk' with 1 weak references
08-27 21:42:40.261 21787 21793 W .apps.wellbeing: ApkAssets: Deleting an ApkAssets object '<empty> and /data/app/~~N9G4j2jIx_KoVjRfseLBgQ==/com.google.android.apps.photos-GbJzMMIMXrr0DdUXtvWFZQ==/split_config.x86_64.apk' with 1 weak references
08-27 21:42:40.261 21787 21793 W .apps.wellbeing: ApkAssets: Deleting an ApkAssets object '<empty> and /data/app/~~N9G4j2jIx_KoVjRfseLBgQ==/com.google.android.apps.photos-GbJzMMIMXrr0DdUXtvWFZQ==/split_config.xxhdpi.apk' with 1 weak references
08-27 21:42:40.261 21787 21793 W .apps.wellbeing: ApkAssets: Deleting an ApkAssets object '<empty> and /data/app/~~gIlSqoJmZzmNeMFcOlJ_bA==/com.google.android.calendar-7MS3_UUho3WLBQzC7dwIGw==/base.apk' with 1 weak references
08-27 21:42:40.262 21787 21793 W .apps.wellbeing: ApkAssets: Deleting an ApkAssets object '<empty> and /data/app/~~gIlSqoJmZzmNeMFcOlJ_bA==/com.google.android.calendar-7MS3_UUho3WLBQzC7dwIGw==/split_config.en.apk' with 1 weak references
08-27 21:42:40.262 21787 21793 W .apps.wellbeing: ApkAssets: Deleting an ApkAssets object '<empty> and /data/app/~~gIlSqoJmZzmNeMFcOlJ_bA==/com.google.android.calendar-7MS3_UUho3WLBQzC7dwIGw==/split_config.x86_64.apk' with 1 weak references
08-27 21:42:40.262 21787 21793 W .apps.wellbeing: ApkAssets: Deleting an ApkAssets object '<empty> and /data/app/~~gIlSqoJmZzmNeMFcOlJ_bA==/com.google.android.calendar-7MS3_UUho3WLBQzC7dwIGw==/split_config.xxhdpi.apk' with 1 weak references
08-27 21:42:40.262 21787 21793 W .apps.wellbeing: ApkAssets: Deleting an ApkAssets object '<empty> and /system/priv-app/ManagedProvisioning/ManagedProvisioning.apk' with 1 weak references
08-27 21:42:40.262 21787 21793 W .apps.wellbeing: ApkAssets: Deleting an ApkAssets object '<empty> and /system/priv-app/SoundPicker/SoundPicker.apk' with 1 weak references
08-27 21:42:40.262 21787 21793 W .apps.wellbeing: ApkAssets: Deleting an ApkAssets object '<empty> and /system/priv-app/DocumentsUIGoogle/DocumentsUIGoogle.apk' with 1 weak references
08-27 21:42:40.262 21787 21793 W .apps.wellbeing: ApkAssets: Deleting an ApkAssets object '<empty> and /product/app/PrebuiltGoogleTelemetryTvp/PrebuiltGoogleTelemetryTvp.apk' with 1 weak references
08-27 21:42:40.262 21787 21793 W .apps.wellbeing: ApkAssets: Deleting an ApkAssets object '<empty> and /system_ext/priv-app/MultiDisplayProvider/MultiDisplayProvider.apk' with 1 weak references
08-27 21:42:40.262 21787 21793 W .apps.wellbeing: ApkAssets: Deleting an ApkAssets object '<empty> and /system/priv-app/DeviceDiagnostics/DeviceDiagnostics.apk' with 1 weak references
08-27 21:42:40.263 21787 21793 W .apps.wellbeing: ApkAssets: Deleting an ApkAssets object '/product/overlay/DeviceDiagnostics__sdk_gphone64_x86_64__auto_generated_rro_product.apk' with 1 weak references
08-27 21:42:40.263 21787 21793 W .apps.wellbeing: ApkAssets: Deleting an ApkAssets object '<empty> and /product/overlay/NotesRoleEnabled/NotesRoleEnabledOverlay.apk' with 1 weak references
08-27 21:42:40.263 21787 21793 W .apps.wellbeing: ApkAssets: Deleting an ApkAssets object '<empty> and /system/priv-app/LiveWallpapersPicker/LiveWallpapersPicker.apk' with 1 weak references
08-27 21:42:40.293 21787 21793 W .apps.wellbeing: ApkAssets: Deleting an ApkAssets object '<empty> and /product/app/PrebuiltGoogleAdservicesTvp/PrebuiltGoogleAdservicesTvp.apk' with 1 weak references
08-27 21:42:40.294 21787 21793 W .apps.wellbeing: ApkAssets: Deleting an ApkAssets object '<empty> and /apex/com.android.healthfitness/priv-app/HealthConnectControllerGoogle@350820300/HealthConnectControllerGoogle.apk' with 1 weak references
08-27 21:42:40.299 21787 21793 W .apps.wellbeing: ApkAssets: Deleting an ApkAssets object '<empty> and /product/priv-app/KidsSupervisionStub/KidsSupervisionStub.apk' with 1 weak references
08-27 21:42:40.299 21787 21793 W .apps.wellbeing: ApkAssets: Deleting an ApkAssets object '<empty> and /system_ext/priv-app/StorageManager/StorageManager.apk' with 1 weak references
08-27 21:42:40.300 21787 21793 W .apps.wellbeing: ApkAssets: Deleting an ApkAssets object '/product/overlay/StorageManager__sdk_gphone64_x86_64__auto_generated_rro_product.apk' with 1 weak references
08-27 21:42:40.306 21787 21793 W .apps.wellbeing: ApkAssets: Deleting an ApkAssets object '<empty> and /system/app/BookmarkProvider/BookmarkProvider.apk' with 1 weak references
08-27 21:42:40.306 21787 21793 W .apps.wellbeing: ApkAssets: Deleting an ApkAssets object '<empty> and /system_ext/priv-app/SettingsGoogle/SettingsGoogle.apk' with 1 weak references
08-27 21:42:40.358 21787 21793 W .apps.wellbeing: ApkAssets: Deleting an ApkAssets object '/product/overlay/SettingsGoogle__sdk_gphone64_x86_64__auto_generated_rro_product.apk' with 1 weak references
08-27 21:42:40.359 21787 21793 W .apps.wellbeing: ApkAssets: Deleting an ApkAssets object '<empty> and /product/priv-app/SettingsIntelligenceGooglePrebuilt/SettingsIntelligenceGooglePrebuilt.apk' with 1 weak references
08-27 21:42:40.412 21787 21793 W .apps.wellbeing: ApkAssets: Deleting an ApkAssets object '<empty> and /apex/com.android.uwb/priv-app/ServiceUwbResourcesGoogle@350820300/ServiceUwbResourcesGoogle.apk' with 1 weak references
08-27 21:42:40.412 21787 21793 W .apps.wellbeing: ApkAssets: Deleting an ApkAssets object '<empty> and /apex/com.android.wifi/priv-app/ServiceWifiResourcesGoogle@350820300/ServiceWifiResourcesGoogle.apk' with 1 weak references
08-27 21:42:40.412 21787 21793 W .apps.wellbeing: ApkAssets: Deleting an ApkAssets object '<empty> and /system_ext/priv-app/ThemePicker/ThemePicker.apk' with 1 weak references
08-27 21:42:40.412 21787 21793 W .apps.wellbeing: ApkAssets: Deleting an ApkAssets object '<empty> and /system_ext/priv-app/WallpaperPickerGoogleRelease/WallpaperPickerGoogleRelease.apk' with 1 weak references
08-27 21:42:40.530 21787 21793 W .apps.wellbeing: ApkAssets: Deleting an ApkAssets object '<empty> and /product/priv-app/OdadPrebuilt/OdadPrebuilt.apk' with 1 weak references
08-27 21:42:40.575 21787 21793 W .apps.wellbeing: ApkAssets: Deleting an ApkAssets object '<empty> and /system/priv-app/TeleService/TeleService.apk' with 1 weak references
08-27 21:42:40.575 21787 21793 W .apps.wellbeing: ApkAssets: Deleting an ApkAssets object '/vendor/overlay/TeleService__sdk_gphone64_x86_64__auto_generated_rro_vendor.apk' with 1 weak references
08-27 21:42:40.576 21787 21793 W .apps.wellbeing: ApkAssets: Deleting an ApkAssets object '/product/overlay/TeleService__sdk_gphone64_x86_64__auto_generated_rro_product.apk' with 1 weak references
08-27 21:42:40.576 21787 21793 W .apps.wellbeing: ApkAssets: Deleting an ApkAssets object '<empty> and /system/priv-app/Shell/Shell.apk' with 1 weak references
08-27 21:42:40.576 21787 21793 W .apps.wellbeing: ApkAssets: Deleting an ApkAssets object '<empty> and /system/priv-app/BlockedNumberProvider/BlockedNumberProvider.apk' with 1 weak references
08-27 21:42:40.576 21787 21793 W .apps.wellbeing: ApkAssets: Deleting an ApkAssets object '<empty> and /system/priv-app/UserDictionaryProvider/UserDictionaryProvider.apk' with 1 weak references
08-27 21:42:40.576 21787 21793 W .apps.wellbeing: ApkAssets: Deleting an ApkAssets object '<empty> and /product/overlay/NavigationBarModeGestural/NavigationBarModeGesturalOverlay.apk' with 1 weak references
08-27 21:42:40.576 21787 21793 W .apps.wellbeing: ApkAssets: Deleting an ApkAssets object '<empty> and /system/priv-app/FusedLocation/FusedLocation.apk' with 1 weak references
08-27 21:42:40.576 21787 21793 W .apps.wellbeing: ApkAssets: Deleting an ApkAssets object '<empty> and /system_ext/priv-app/SystemUIGoogle/SystemUIGoogle.apk' with 1 weak references
08-27 21:42:40.576 21787 21793 W .apps.wellbeing: ApkAssets: Deleting an ApkAssets object '/vendor/overlay/SystemUIGoogle__sdk_gphone64_x86_64__auto_generated_rro_vendor.apk' with 1 weak references
08-27 21:42:40.576 21787 21793 W .apps.wellbeing: ApkAssets: Deleting an ApkAssets object '/product/overlay/SystemUIGoogle__sdk_gphone64_x86_64__auto_generated_rro_product.apk' with 1 weak references
08-27 21:42:40.576 21787 21793 W .apps.wellbeing: ApkAssets: Deleting an ApkAssets object '/product/overlay/SystemUIEmulationPixel9ProXL/SystemUIEmulationPixel9ProXLOverlay.apk' with 1 weak references
08-27 21:42:40.576 21787 21793 W .apps.wellbeing: ApkAssets: Deleting an ApkAssets object '<empty> and /data/app/~~eTHBHHGBBXIae5eJrxSlzg==/com.google.android.apps.youtube.music-3lZZNxXhQHXZnfy4siLuGw==/base.apk' with 1 weak references
08-27 21:42:40.577 21787 21793 W .apps.wellbeing: ApkAssets: Deleting an ApkAssets object '<empty> and /data/app/~~eTHBHHGBBXIae5eJrxSlzg==/com.google.android.apps.youtube.music-3lZZNxXhQHXZnfy4siLuGw==/split_config.en.apk' with 1 weak references
08-27 21:42:40.577 21787 21793 W .apps.wellbeing: ApkAssets: Deleting an ApkAssets object '<empty> and /data/app/~~eTHBHHGBBXIae5eJrxSlzg==/com.google.android.apps.youtube.music-3lZZNxXhQHXZnfy4siLuGw==/split_config.xxhdpi.apk' with 1 weak references
08-27 21:42:40.577 21787 21793 W .apps.wellbeing: ApkAssets: Deleting an ApkAssets object '<empty> and /system/app/BluetoothMidiService/BluetoothMidiService.apk' with 1 weak references
08-27 21:42:40.577 21787 21793 W .apps.wellbeing: ApkAssets: Deleting an ApkAssets object '<empty> and /system/app/Traceur/Traceur.apk' with 1 weak references
08-27 21:42:40.578 21787 21793 W .apps.wellbeing: ApkAssets: Deleting an ApkAssets object '<empty> and /apex/com.android.cellbroadcast/priv-app/GoogleCellBroadcastApp@350820300/GoogleCellBroadcastApp.apk' with 1 weak references
08-27 21:42:40.578 21787 21793 W .apps.wellbeing: ApkAssets: Deleting an ApkAssets object '<empty> and /data/app/~~mQPE456zcBOYMBjUG9_Fvw==/com.skyfire.solarapp-xEjCY4iZJIrVYb-hhn-V6w==/base.apk' with 1 weak references
08-27 21:42:40.579 21787 21793 W .apps.wellbeing: ApkAssets: Deleting an ApkAssets object '<empty> and /system/priv-app/ContactsProvider/ContactsProvider.apk' with 1 weak references
08-27 21:42:40.579 21787 21793 W .apps.wellbeing: ApkAssets: Deleting an ApkAssets object '/product/overlay/ContactsProvider__sdk_gphone64_x86_64__auto_generated_rro_product.apk' with 1 weak references
08-27 21:42:40.579 21787 21793 W .apps.wellbeing: ApkAssets: Deleting an ApkAssets object '<empty> and /data/app/~~5pL1HSSQTA2wLHh3rrGoPQ==/com.google.android.inputmethod.latin-43cBJddsLg_7n3hu2dL0Og==/base.apk' with 1 weak references
08-27 21:42:40.580 21787 21793 W .apps.wellbeing: ApkAssets: Deleting an ApkAssets object '<empty> and /data/app/~~5pL1HSSQTA2wLHh3rrGoPQ==/com.google.android.inputmethod.latin-43cBJddsLg_7n3hu2dL0Og==/split_brella_feature_split.apk' with 1 weak references
08-27 21:42:40.580 21787 21793 W .apps.wellbeing: ApkAssets: Deleting an ApkAssets object '<empty> and /data/app/~~5pL1HSSQTA2wLHh3rrGoPQ==/com.google.android.inputmethod.latin-43cBJddsLg_7n3hu2dL0Og==/split_config.xxhdpi.apk' with 1 weak references
08-27 21:42:40.580 21787 21793 W .apps.wellbeing: ApkAssets: Deleting an ApkAssets object '<empty> and /data/app/~~5pL1HSSQTA2wLHh3rrGoPQ==/com.google.android.inputmethod.latin-43cBJddsLg_7n3hu2dL0Og==/split_dictation_feature_split.apk' with 1 weak references
08-27 21:42:40.580 21787 21793 W .apps.wellbeing: ApkAssets: Deleting an ApkAssets object '<empty> and /data/app/~~5pL1HSSQTA2wLHh3rrGoPQ==/com.google.android.inputmethod.latin-43cBJddsLg_7n3hu2dL0Og==/split_tenoranimation_feature_split.apk' with 1 weak references
08-27 21:42:40.580 21787 21793 W .apps.wellbeing: ApkAssets: Deleting an ApkAssets object '<empty> and /data/app/~~9Z983EHudeelYYVCA_474w==/com.google.android.apps.restore-RUQcBUL80ZRIyg-DxHnAzA==/base.apk' with 1 weak references
08-27 21:42:40.580 21787 21793 W .apps.wellbeing: ApkAssets: Deleting an ApkAssets object '<empty> and /data/app/~~9Z983EHudeelYYVCA_474w==/com.google.android.apps.restore-RUQcBUL80ZRIyg-DxHnAzA==/split_config.en.apk' with 1 weak references
08-27 21:42:40.580 21787 21793 W .apps.wellbeing: ApkAssets: Deleting an ApkAssets object '<empty> and /data/app/~~9Z983EHudeelYYVCA_474w==/com.google.android.apps.restore-RUQcBUL80ZRIyg-DxHnAzA==/split_config.xxhdpi.apk' with 1 weak references
08-27 21:42:40.588  2240  2349 D WM-NetworkStateTracker: Network capabilities changed: [ Transports: WIFI Capabilities: NOT_METERED&INTERNET&NOT_RESTRICTED&TRUSTED&NOT_VPN&VALIDATED&NOT_ROAMING&FOREGROUND&NOT_CONGESTED&NOT_SUSPENDED&NOT_VCN_MANAGED&NOT_BANDWIDTH_CONSTRAINED LinkUpBandwidth>=12000Kbps LinkDnBandwidth>=30000Kbps TransportInfo: <SSID: <unknown ssid>, BSSID: 02:00:00:00:00:00, MAC: 02:00:00:00:00:00, IP: /10.0.2.16, Security type: 0, Supplicant state: COMPLETED, Wi-Fi standard: legacy, RSSI: -50, Link speed: 1Mbps, Tx Link speed: 1Mbps, Max Supported Tx Link speed: 11Mbps, Rx Link speed: 2Mbps, Max Supported Rx Link speed: 11Mbps, Frequency: 2447MHz, Net ID: -1, Metered hint: false, score: 60, isUsable: true, CarrierMerged: false, SubscriptionId: -1, IsPrimary: -1, Trusted: true, Restricted: false, Ephemeral: false, OEM paid: false, OEM private: false, OSU AP: false, FQDN: <none>, Provider friendly name: <none>, Requesting package name: <none><none>MLO Information: , Is TID-To-Link negotiation supported by the AP: false, AP MLD Address: <none>, AP MLO Link Id: <none>, AP MLO Affiliated links: <none>, Vendor Data: <none>> SignalStrength: -50 UnderlyingNetworks: Null]
08-27 21:42:40.590 21578 21582 I android.vending: Background concurrent mark compact GC freed 5808KB AllocSpace bytes, 12(240KB) LOS objects, 49% free, 5908KB/11MB, paused 24.289ms,21.756ms total 430.109ms
08-27 21:42:40.676 21578 21578 W JobService: onNetworkChanged() not implemented in com.google.android.finsky.scheduler.process.mainimpl.PhoneskyJobServiceMain. Must override in a subclass.
08-27 21:42:40.685  1360  1889 I BugleRcsEngine: Connected state: [1], networkType: [WIFI] [CONTEXT thread_id=57 ]
08-27 21:42:40.704  1360  2196 I BugleRcsEngine: handleMessage processing message:[NOTIFY_UPTIME_IGNORE_STATE_CHANGED] with [non-null]:RcsEngineImpl reference [CONTEXT log_prefix="RcsEngineImpl[DUAL_REG]:[3f97ef73-e7a4]>Handler" thread_id=65 ]
08-27 21:42:40.713   576   734 W IPCThreadState: Sending oneway calls to frozen process.
08-27 21:42:40.713   576   734 W IPCThreadState: Sending oneway calls to frozen process.
08-27 21:42:40.713   576   734 W IPCThreadState: Sending oneway calls to frozen process.
08-27 21:42:40.713   576   734 W IPCThreadState: Sending oneway calls to frozen process.
08-27 21:42:40.713   576   734 W IPCThreadState: Sending oneway calls to frozen process.
08-27 21:42:40.762   576   734 W IPCThreadState: Sending oneway calls to frozen process.
08-27 21:42:40.763   576   734 W IPCThreadState: Sending oneway calls to frozen process.
08-27 21:42:40.763   576   734 W IPCThreadState: Sending oneway calls to frozen process.
08-27 21:42:40.763   576   734 W IPCThreadState: Sending oneway calls to frozen process.
08-27 21:42:40.763   576   734 W IPCThreadState: Sending oneway calls to frozen process.
08-27 21:42:40.763   576   734 W IPCThreadState: Sending oneway calls to frozen process.
08-27 21:42:40.787 21578 21614 I Finsky  : [97] SCH: Scheduling phonesky job Id: 1-1337, CT: 1756331746338, Constraints: [{ L: 43191371, D: 86391371, C: CHARGING_NONE, I: IDLE_NONE, N: NET_ANY, B: BATTERY_ANY }]
08-27 21:42:40.790  1056  1078 I NullBinder: NullBinder for android.net.action.RECOMMEND_NETWORKS triggering remote TransactionTooLargeException due to Service without Chimera impl, calling uid: 1000, calling pid: 0
08-27 21:42:40.790  1056  1078 W .gms.persistent: Large reply transaction of 1056768 bytes, interface descriptor , code 1
08-27 21:42:40.808   576   734 W IPCThreadState: Sending oneway calls to frozen process.
08-27 21:42:40.808   576   734 W IPCThreadState: Sending oneway calls to frozen process.
08-27 21:42:40.815  1360  2196 I BugleRcsEngine: No RCS Configuration was found in Bugle for simID: redacted-pii:sim_id[chars:20,last3:897] [CONTEXT log_prefix="ProvisioningEngineDataRetriever" thread_id=65 ]
08-27 21:42:40.875 21578 21625 I Finsky  : [107] SCH: Scheduling 1 system job(s)
08-27 21:42:40.888 21578 21625 I Finsky  : [107] SCH: Scheduling system job Id: 9403, L: 18776834, D: 61976834, C: false, I: false, N: 1
08-27 21:42:41.000 21578 23216 I Finsky  : [238] SCH: job service finished with id 9398.
08-27 21:42:41.062 21578 21578 I Finsky  : [2] Memory trim requested to level 40
08-27 21:42:41.062 21578 21578 I Finsky  : [2] Flushing in-memory image cache
08-27 21:42:41.861 23180 23185 I kyfire.solarapp: Compiler allocated 5174KB to compile void android.view.ViewRootImpl.performTraversals()
08-27 21:42:43.064 23180 23185 I kyfire.solarapp: Compiler allocated 4219KB to compile void android.widget.TextView.<init>(android.content.Context, android.util.AttributeSet, int, int)
08-27 21:42:44.017 23180 23218 D EGL_emulation: app_time_stats: avg=1430.20ms min=12.26ms max=5447.61ms count=4
08-27 21:42:46.091 23180 23218 D EGL_emulation: app_time_stats: avg=2074.47ms min=2074.47ms max=2074.47ms count=1
08-27 21:42:46.651 11516 11522 W gle.android.gms: ApkAssets: Deleting an ApkAssets object '<empty> and /data/app/~~mQPE456zcBOYMBjUG9_Fvw==/com.skyfire.solarapp-xEjCY4iZJIrVYb-hhn-V6w==/base.apk' with 1 weak references
08-27 21:42:47.320 23180 23218 D EGL_emulation: app_time_stats: avg=204.52ms min=35.22ms max=467.53ms count=6
08-27 21:42:50.158 23180 23218 D EGL_emulation: app_time_stats: avg=472.85ms min=104.74ms max=1954.16ms count=6
08-27 21:42:50.324   576   734 D InetDiagMessage: Destroyed 0 sockets, proto=IPPROTO_TCP, family=AF_INET, states=14
08-27 21:42:50.327   576   734 D InetDiagMessage: Destroyed 0 sockets, proto=IPPROTO_TCP, family=AF_INET6, states=14
08-27 21:42:50.327   576   734 D InetDiagMessage: Destroyed live tcp sockets for uids={10143} in 8ms
08-27 21:42:50.331   576   734 D InetDiagMessage: Destroyed 0 sockets, proto=IPPROTO_TCP, family=AF_INET, states=14
08-27 21:42:50.351   576   734 D InetDiagMessage: Destroyed 0 sockets, proto=IPPROTO_TCP, family=AF_INET6, states=14
08-27 21:42:50.355   576   734 D InetDiagMessage: Destroyed live tcp sockets for uids={20143} in 28ms
08-27 21:42:51.116   576   676 D ActivityManager: freezing 21578 com.android.vending
08-27 21:42:51.147   576   734 D InetDiagMessage: Destroyed 0 sockets, proto=IPPROTO_TCP, family=AF_INET, states=14
08-27 21:42:51.171 23180 23218 D EGL_emulation: app_time_stats: avg=165.45ms min=56.08ms max=436.79ms count=6
08-27 21:42:51.193   576   734 D InetDiagMessage: Destroyed 2 sockets, proto=IPPROTO_TCP, family=AF_INET6, states=14
08-27 21:42:51.196   576   734 D InetDiagMessage: Destroyed live tcp sockets for uids={10142} in 56ms
08-27 21:42:52.051   576   676 D ActivityManager: freezing 8616 com.google.android.permissioncontroller
08-27 21:42:52.070   576   734 D InetDiagMessage: Destroyed 0 sockets, proto=IPPROTO_TCP, family=AF_INET, states=14
08-27 21:42:52.083   576   734 D InetDiagMessage: Destroyed 0 sockets, proto=IPPROTO_TCP, family=AF_INET6, states=14
08-27 21:42:52.085   576   734 D InetDiagMessage: Destroyed live tcp sockets for uids={10207} in 16ms
08-27 21:42:52.749  1360  2196 I BugleRcsEngine: handleMessage processing message:[NOTIFY_UPTIME_IGNORE_STATE_CHANGED] with [non-null]:RcsEngineImpl reference [CONTEXT log_prefix="RcsEngineImpl[DUAL_REG]:[3f97ef73-e7a4]>Handler" thread_id=65 ]
08-27 21:42:52.749  2240  2349 D WM-NetworkStateTracker: Network capabilities changed: [ Transports: WIFI Capabilities: NOT_METERED&INTERNET&NOT_RESTRICTED&TRUSTED&NOT_VPN&VALIDATED&NOT_ROAMING&FOREGROUND&NOT_CONGESTED&NOT_SUSPENDED&NOT_VCN_MANAGED&NOT_BANDWIDTH_CONSTRAINED LinkUpBandwidth>=12000Kbps LinkDnBandwidth>=30000Kbps TransportInfo: <SSID: <unknown ssid>, BSSID: 02:00:00:00:00:00, MAC: 02:00:00:00:00:00, IP: /10.0.2.16, Security type: 0, Supplicant state: COMPLETED, Wi-Fi standard: legacy, RSSI: -50, Link speed: 2Mbps, Tx Link speed: 2Mbps, Max Supported Tx Link speed: 11Mbps, Rx Link speed: 2Mbps, Max Supported Rx Link speed: 11Mbps, Frequency: 2447MHz, Net ID: -1, Metered hint: false, score: 60, isUsable: true, CarrierMerged: false, SubscriptionId: -1, IsPrimary: -1, Trusted: true, Restricted: false, Ephemeral: false, OEM paid: false, OEM private: false, OSU AP: false, FQDN: <none>, Provider friendly name: <none>, Requesting package name: <none><none>MLO Information: , Is TID-To-Link negotiation supported by the AP: false, AP MLD Address: <none>, AP MLO Link Id: <none>, AP MLO Affiliated links: <none>, Vendor Data: <none>> SignalStrength: -50 UnderlyingNetworks: Null]
08-27 21:42:52.750  1360  1889 I BugleRcsEngine: Connected state: [1], networkType: [WIFI] [CONTEXT thread_id=57 ]
08-27 21:42:52.803   576   734 W IPCThreadState: Sending oneway calls to frozen process.
08-27 21:42:52.803   576   734 W IPCThreadState: Sending oneway calls to frozen process.
08-27 21:42:52.803  1056  1495 I NullBinder: NullBinder for android.net.action.RECOMMEND_NETWORKS triggering remote TransactionTooLargeException due to Service without Chimera impl, calling uid: 1000, calling pid: 0
08-27 21:42:52.803  1056  1495 W .gms.persistent: Large reply transaction of 1056768 bytes, interface descriptor , code 1
08-27 21:42:52.803   576   734 W IPCThreadState: Sending oneway calls to frozen process.
08-27 21:42:52.803   576   734 W IPCThreadState: Sending oneway calls to frozen process.
08-27 21:42:52.803   576   734 W IPCThreadState: Sending oneway calls to frozen process.
08-27 21:42:52.803   576   734 W IPCThreadState: Sending oneway calls to frozen process.
08-27 21:42:52.803   576   734 W IPCThreadState: Sending oneway calls to frozen process.
08-27 21:42:52.804   576   734 W IPCThreadState: Sending oneway calls to frozen process.
08-27 21:42:52.804   576   734 W IPCThreadState: Sending oneway calls to frozen process.
08-27 21:42:52.804   576   734 W IPCThreadState: Sending oneway calls to frozen process.
08-27 21:42:52.804   576   734 W IPCThreadState: Sending oneway calls to frozen process.
08-27 21:42:52.804   576   734 W IPCThreadState: Sending oneway calls to frozen process.
08-27 21:42:52.864   576   592 W ContentProviderHelper: Slow operation: 80ms so far, now at getContentProviderImpl: after updateOomAdj
08-27 21:42:52.923   576   734 W IPCThreadState: Sending oneway calls to frozen process.
08-27 21:42:52.948   576   734 W IPCThreadState: Sending oneway calls to frozen process.
08-27 21:42:52.948   576   734 W IPCThreadState: Sending oneway calls to frozen process.
08-27 21:42:52.948   576   592 W ContentProviderHelper: Slow operation: 173ms so far, now at getContentProviderImpl: done!
08-27 21:42:53.063  1360  2196 I BugleRcsEngine: No RCS Configuration was found in Bugle for simID: redacted-pii:sim_id[chars:20,last3:897] [CONTEXT log_prefix="ProvisioningEngineDataRetriever" thread_id=65 ]
08-27 21:42:55.768  1056  1069 I NullBinder: NullBinder for android.net.action.RECOMMEND_NETWORKS triggering remote TransactionTooLargeException due to Service without Chimera impl, calling uid: 1000, calling pid: 0
08-27 21:42:55.768  1056  1069 W .gms.persistent: Large reply transaction of 1056768 bytes, interface descriptor , code 1
08-27 21:42:55.787  2240  2349 D WM-NetworkStateTracker: Network capabilities changed: [ Transports: WIFI Capabilities: NOT_METERED&INTERNET&NOT_RESTRICTED&TRUSTED&NOT_VPN&VALIDATED&NOT_ROAMING&FOREGROUND&NOT_CONGESTED&NOT_SUSPENDED&NOT_VCN_MANAGED&NOT_BANDWIDTH_CONSTRAINED LinkUpBandwidth>=12000Kbps LinkDnBandwidth>=30000Kbps TransportInfo: <SSID: <unknown ssid>, BSSID: 02:00:00:00:00:00, MAC: 02:00:00:00:00:00, IP: /10.0.2.16, Security type: 0, Supplicant state: COMPLETED, Wi-Fi standard: legacy, RSSI: -50, Link speed: 5Mbps, Tx Link speed: 5Mbps, Max Supported Tx Link speed: 11Mbps, Rx Link speed: 2Mbps, Max Supported Rx Link speed: 11Mbps, Frequency: 2447MHz, Net ID: -1, Metered hint: false, score: 60, isUsable: true, CarrierMerged: false, SubscriptionId: -1, IsPrimary: -1, Trusted: true, Restricted: false, Ephemeral: false, OEM paid: false, OEM private: false, OSU AP: false, FQDN: <none>, Provider friendly name: <none>, Requesting package name: <none><none>MLO Information: , Is TID-To-Link negotiation supported by the AP: false, AP MLD Address: <none>, AP MLO Link Id: <none>, AP MLO Affiliated links: <none>, Vendor Data: <none>> SignalStrength: -50 UnderlyingNetworks: Null]
08-27 21:42:55.788  1360  2196 I BugleRcsEngine: handleMessage processing message:[NOTIFY_UPTIME_IGNORE_STATE_CHANGED] with [non-null]:RcsEngineImpl reference [CONTEXT log_prefix="RcsEngineImpl[DUAL_REG]:[3f97ef73-e7a4]>Handler" thread_id=65 ]
08-27 21:42:55.804  1360  1889 I BugleRcsEngine: Connected state: [1], networkType: [WIFI] [CONTEXT thread_id=57 ]
08-27 21:42:55.859   576   734 W IPCThreadState: Sending oneway calls to frozen process.
08-27 21:42:55.875   576   734 W IPCThreadState: Sending oneway calls to frozen process.
08-27 21:42:55.902   576   734 W IPCThreadState: Sending oneway calls to frozen process.
08-27 21:42:55.903 23180 23218 D EGL_emulation: app_time_stats: avg=1561.26ms min=106.38ms max=4327.24ms count=3
08-27 21:42:55.903   576   734 W IPCThreadState: Sending oneway calls to frozen process.
08-27 21:42:55.903   576   734 W IPCThreadState: Sending oneway calls to frozen process.
08-27 21:42:55.903   576   734 W IPCThreadState: Sending oneway calls to frozen process.
08-27 21:42:55.903   576   734 W IPCThreadState: Sending oneway calls to frozen process.
08-27 21:42:55.951  1360  2196 I BugleRcsEngine: No RCS Configuration was found in Bugle for simID: redacted-pii:sim_id[chars:20,last3:897] [CONTEXT log_prefix="ProvisioningEngineDataRetriever" thread_id=65 ]
08-27 21:42:55.952   576   734 W IPCThreadState: Sending oneway calls to frozen process.
08-27 21:42:55.953   576   734 W IPCThreadState: Sending oneway calls to frozen process.
08-27 21:42:55.953   576   734 W IPCThreadState: Sending oneway calls to frozen process.
08-27 21:42:55.953   576   734 W IPCThreadState: Sending oneway calls to frozen process.
08-27 21:42:55.953   576   960 D WifiNl80211Manager: Scan result ready event
08-27 21:42:55.957   576   960 D WifiNative: Scan result ready event
08-27 21:42:55.958   576   734 W IPCThreadState: Sending oneway calls to frozen process.
08-27 21:42:55.959   576   734 W IPCThreadState: Sending oneway calls to frozen process.
08-27 21:42:55.959   576   734 W IPCThreadState: Sending oneway calls to frozen process.
08-27 21:42:55.959   576   734 W IPCThreadState: Sending oneway calls to frozen process.
08-27 21:42:56.116   576   727 I HalDevMgr: bestIfaceCreationProposal is null, requestIface=STA, existingIface=[name=wlan0 type=STA]
08-27 21:42:57.141 23180 23218 D EGL_emulation: app_time_stats: avg=247.58ms min=132.41ms max=416.96ms count=5
08-27 21:42:57.759   576   676 D ActivityManager: freezing 11516 com.google.android.gms
08-27 21:42:58.576 23180 23218 D EGL_emulation: app_time_stats: avg=717.32ms min=413.55ms max=1021.08ms count=2
08-27 21:42:58.806  1360  1889 I BugleRcsEngine: Connected state: [1], networkType: [WIFI] [CONTEXT thread_id=57 ]
08-27 21:42:58.807   576   734 W IPCThreadState: Sending oneway calls to frozen process.
08-27 21:42:58.807   576   734 W IPCThreadState: Sending oneway calls to frozen process.
08-27 21:42:58.807   576   734 W IPCThreadState: Sending oneway calls to frozen process.
08-27 21:42:58.807   576   734 W IPCThreadState: Sending oneway calls to frozen process.
08-27 21:42:58.807   576   734 W IPCThreadState: Sending oneway calls to frozen process.
08-27 21:42:58.807   576   734 W IPCThreadState: Sending oneway calls to frozen process.
08-27 21:42:58.807   576   734 W IPCThreadState: Sending oneway calls to frozen process.
08-27 21:42:58.808   576   734 W IPCThreadState: Sending oneway calls to frozen process.
08-27 21:42:58.808   576   734 W IPCThreadState: Sending oneway calls to frozen process.
08-27 21:42:58.808   576   734 W IPCThreadState: Sending oneway calls to frozen process.
08-27 21:42:58.808   576   734 W IPCThreadState: Sending oneway calls to frozen process.
08-27 21:42:58.808   576   734 W IPCThreadState: Sending oneway calls to frozen process.
08-27 21:42:58.808   576   734 W IPCThreadState: Sending oneway calls to frozen process.
08-27 21:42:58.808   576   734 W IPCThreadState: Sending oneway calls to frozen process.
08-27 21:42:58.809   576   734 W IPCThreadState: Sending oneway calls to frozen process.
08-27 21:42:58.809   576   734 W IPCThreadState: Sending oneway calls to frozen process.
08-27 21:42:58.809   576   734 W IPCThreadState: Sending oneway calls to frozen process.
